2026-04-11 19:09:53.345  4772-4772  JobService              system_server                        W  onNetworkChanged() not implemented in com.android.server.content.SyncJobService. Must override in a subclass.
2026-04-11 19:09:53.346  4772-6231  OplusSlaFastSwitch      system_server                        D  Network Capabiliteis changed 134
2026-04-11 19:09:53.347  6596-6700  OPLUS_LOG_LOAD          com.android.systemui                 W  ==LOGS PROG INFO, prog(com.android.systemui) ==
2026-04-11 19:09:53.347  6596-6700  WifiStatusTracker       com.android.systemui                 D  mNetworkCallback onCapabilitiesChanged network:134 mPrimaryNetworkId:134
2026-04-11 19:09:53.347  6930-6930  SubsysEven...nerManager com.oplus.subsys                     D  onCapabilitiesChanged
2026-04-11 19:09:53.347  6930-6930  DataStateTracker        com.oplus.subsys                     D  getCurDataChannel, channel:1
2026-04-11 19:09:53.349  4772-6231  OplusSlaNetworkManager  system_server                        D  isPrimaryWifi:true network:134
2026-04-11 19:09:53.350  6596-6783  WifiPickerTracker       com.android.systemui                 D  handleNetworkCapabilitiesChanged network:134
2026-04-11 19:09:53.351  4772-5803  CwbClient               system_server                        D  LECENT_AI::CwbClient::RGB||16||25||38, timestamp=390837378732695
2026-04-11 19:09:53.352  6874-8149  QCNEJ/Nati...lConnector .qtidataservices                     D  -> SND notifyDefaultNetworkChanged(1)
2026-04-11 19:09:53.352  6874-8149  cneJni                  .qtidataservices                     D  sendDefaultNwMsg start
2026-04-11 19:09:53.352  6763-7504  SmartDataS...hValidator com.oplus.nas                        I  unexpected network onCapabilitiesChanged
2026-04-11 19:09:53.352 10403-30848 PTC.DISC.W...tyObserver com.heytap.accessory                 I  Receive NetworkCapabilitiesChanged.
2026-04-11 19:09:53.352  6874-8149  cneJni                  .qtidataservices                     D  sendWifiStatus start
2026-04-11 19:09:53.353  6596-6783  WifiPickerTracker       com.android.systemui                 I  wifi connected status realConnectedWifiEntry not null: true
2026-04-11 19:09:53.353  6797-8138  txpwrJni                .qms                                 D  sendNetworkInfo start
2026-04-11 19:09:53.353  6797-8138  txpwrJni                .qms                                 D  sendNetworkInfo RatType 0
2026-04-11 19:09:53.353  6596-6700  WifiStatusTracker       com.android.systemui                 D  mNetworkCallback onCapabilitiesChanged network:134 mPrimaryNetworkId:134
2026-04-11 19:09:53.354  6930-6930  SubsysEven...nerManager com.oplus.subsys                     D  mDefaultNetworkCb onCapabilitiesChanged
2026-04-11 19:09:53.354  6930-6930  NetworkService[0]       com.oplus.subsys                     D  default onCapabilitiesChanged
2026-04-11 19:09:53.354  6930-6930  VendorWifiService       com.oplus.subsys                     D  onEvent event:9,action:1
2026-04-11 19:09:53.355 27536-27600 Track.TrackUpload       com.oplus.aiunit                     D  onCapabilitiesChanged is calling.
2026-04-11 19:09:53.355 27536-27600 AIUnit-NetworkPublisher com.oplus.aiunit                     I  onNetworkChanged [onCapabilitiesChanged, 134]
2026-04-11 19:09:53.355 10403-30848 PTC.DISC.N...terCentral com.heytap.accessory                 W  registerLanInfo failed. msg=Account not logged in desc=wlanAvailable(repeat=0)
2026-04-11 19:09:53.355  4772-6188  MultiNetwo...atsMonitor system_server                        D  wifi network 134 nc changed, primary=true, iface=wlan0
2026-04-11 19:09:53.356  4772-6188  OplusInterfaceMonitor   system_server                        D  interface:wlan0 primary:true
2026-04-11 19:09:53.356 22398-22476 BugleRcsEngine          com...le.android.apps.messaging:rcs  I  Connected state: [1], networkType: [WIFI] [CONTEXT thread_id=377 ]
2026-04-11 19:09:53.356 22398-22480 BugleRcsEngine          com...le.android.apps.messaging:rcs  I  handleMessage processing message:[NOTIFY_UPTIME_IGNORE_STATE_CHANGED] with [non-null]:RcsEngineImpl reference [CONTEXT log_prefix="RcsEngineImpl[DUAL_REG]:[8eb55363-6712]>Handler" thread_id=380 ]
2026-04-11 19:09:53.356  4772-6188  ScorerUtils             system_server                        D  isLowTraffic: txTputKBps=0, rxTputKBps=0
2026-04-11 19:09:53.357 22398-22480 BugleRcsEngine          com...le.android.apps.messaging:rcs  I  Cannot use CS.apk as it's battery optimized [CONTEXT thread_id=380 ]
2026-04-11 19:09:53.357  4772-6188  OplusWifiP...ggerCenter system_server                        D  mComponentCallback: wifistat
2026-04-11 19:09:53.357  6596-6700  SystemUi--Statusbar     com.android.systemui                 I  NetworkController.WifiSignalController-->handleStatusUpdated state=3 enabled=true connected=true isDefaultNetwork=true rssi=-45 level=4 statusLabel=null isDirty=false
2026-04-11 19:09:53.358 18478-18558 AIUnit-NetworkPublisher com.oplus.aiunit:worker84            I  onNetworkChanged [onCapabilitiesChanged, 134]
2026-04-11 19:09:53.358  6596-6700  SystemUi--Statusbar     com.android.systemui                 I  NetworkController.WifiSignalController-->handleStatusUpdated state=3 enabled=true connected=true isDefaultNetwork=true rssi=-45 level=4 statusLabel=null isDirty=false
2026-04-11 19:09:53.358  6596-6700  SystemUi--Statusbar     com.android.systemui                 I  NetworkController.WifiSignalController-->handleStatusUpdated state=3 enabled=true connected=true isDefaultNetwork=true rssi=-45 level=4 statusLabel=null isDirty=false
2026-04-11 19:09:53.358  9865-9948  AIUnit-NetworkPublisher com.oplus.aiunit:worker73            I  onNetworkChanged [onCapabilitiesChanged, 134]
2026-04-11 19:09:53.358 30685-30717 AIUnit-NetworkPublisher com.oplus.aiunit:worker53            I  onNetworkChanged [onCapabilitiesChanged, 134]
2026-04-11 19:09:53.359  9687-9732  AIUnit-NetworkPublisher com.oplus.aiunit:worker74            I  onNetworkChanged [onCapabilitiesChanged, 134]
2026-04-11 19:09:53.361  4687-4792  NetWorkMonitor          com.heytap.mydevices:cards           D  postOnNetStateChange : old state =WIFI,new state =WIFI
2026-04-11 19:09:53.361  4605-4652  NetWorkMonitor          com.heytap.mydevices                 D  postOnNetStateChange : old state =WIFI,new state =WIFI
2026-04-11 19:09:53.362 22398-22480 BugleRcsEngine          com...le.android.apps.messaging:rcs  I  Rcs is enabled from user settings: true [CONTEXT log_prefix="ProvisioningEngineDataRetriever" thread_id=380 ]
2026-04-11 19:09:53.374  4772-5626  FlexibleTaskController  system_server                        D  check task which not have enough child, isInSingleWhiteList:false isCloneTask:false
2026-04-11 19:09:53.374 21904-21925 SmartSideb...ValueProxy com.coloros.smartsidebar:ui          D  (main)getOverlayShowVideoAssistant edge_panel_video_assistant =-1
2026-04-11 19:09:53.374 21904-21904 VideoAssistantUtils     com.coloros.smartsidebar:ui          D  isInSplitScreenMode  === :false
2026-04-11 19:09:53.374  4772-5626  FlexibleTaskController  system_server                        D  check task which not have enough child, isInSingleWhiteList:false isCloneTask:false
2026-04-11 19:09:53.375 21904-21925 SmartSideb...PanelUtils com.coloros.smartsidebar:ui          D  (main)getTopAppInfo() result: ApplicationInfo{39bdceb com.max.aiassistant}
2026-04-11 19:09:53.375 21904-21925 SmartSideb...PanelUtils com.coloros.smartsidebar:ui          D  (main)getTopPkg() pkg: com.*****.aiassistant
2026-04-11 19:09:53.375  4772-5626  ContentService          system_server                        W  Observer is already registered. Pid is 21904
2026-04-11 19:09:53.375 21904-21925 SmartSideb...tPanelView com.coloros.smartsidebar:ui          D  (main)Registered app status observer for: com.max.aiassistant
2026-04-11 19:09:53.375 21904-21925 SmartSideb...tusManager com.coloros.smartsidebar:ui          D  (main)isAppEnabled: com.max.aiassistant = true
2026-04-11 19:09:53.422  4772-5803  CwbClient               system_server                        D  LECENT_AI::CwbClient::RGB||16||25||38, timestamp=390837450676288
2026-04-11 19:09:53.437  2885-2790  sensors-hal             and...ware.sensors-service.multihal  I  handle_oplus_wise_rgb_event:191, wise_rgb: (r, g, b, c)[2672.42, 1429.00, 860.81, 3792.48],(r2,g2,b2,c2)[[0.00, 0.00, 0.00, 0.00], algo:2.0, flag :0
2026-04-11 19:09:53.498  4772-5803  CwbClient               system_server                        D  LECENT_AI::CwbClient::RGB||16||25||38, timestamp=390837526150663
2026-04-11 19:09:53.573  4772-5803  CwbClient               system_server                        D  LECENT_AI::CwbClient::RGB||16||25||38, timestamp=390837601138372
2026-04-11 19:09:53.584  3131-3715  VRR [OTI]               surfaceflinger                       D  handleIdle from 0 to 1
2026-04-11 19:09:53.584  3131-3715  VRR [OTI-HW]            surfaceflinger                       D  isStateReady 0
2026-04-11 19:09:53.584  3131-3715  VRR [OTI-HW]            surfaceflinger                       D  keep rate.
2026-04-11 19:09:53.619  2992-3084  BatteryChargeControl    ven....hardware.charger-V10-service  D  bcc get no support from charging protocol
2026-04-11 19:09:53.642  6637-6785  loros.securepay         com.coloros.securepay                W  userfaultfd: MOVE ioctl seems unsupported: Connection timed out
2026-04-11 19:09:53.646  2885-2790  sensors-hal             and...ware.sensors-service.multihal  I  handle_oplus_wise_rgb_event:191, wise_rgb: (r, g, b, c)[2672.42, 1429.00, 860.81, 3819.76],(r2,g2,b2,c2)[[0.00, 0.00, 0.00, 0.00], algo:2.0, flag :0
2026-04-11 19:09:53.646  4772-5773  AI_FusionLightNextGen   system_server                        D  LECENT_AI::RunArith AVG_RGB:/61/67/77
2026-04-11 19:09:53.646  4772-5773  AI_FusionLightNextGen   system_server                        D  LECENT_AI::RunArith RGB:/16/25/38
2026-04-11 19:09:53.648  4772-5803  CwbClient               system_server                        D  LECENT_AI::CwbClient::RGB||16||25||38, timestamp=390837676167695
2026-04-11 19:09:53.649  4772-5773  FusionLightNextGen      system_server                        D  calculate_silibals_compensation_value: comped_ir_ratio =  0.190881 comped_lux = 11.42860
2026-04-11 19:09:53.649  4772-5773  FusionLightNextGen      system_server                        D  LECENT_AI::raw_lux -1.0, raw_cct -1.0, r/g/b/c: 2672.4/1429.0/860.8/3819.8, compensate r/g/b/c: 1822.54/801.30/609.52/2340.03 bri 697.0, lux: 11.428596, cct: -1.0, comped_lux:11.429 comped_cct:-1 ir: 0.190881, cnt: 0
2026-04-11 19:09:53.649  4772-5773  CwbClient               system_server                        I  setCWBDisplayType set mFeatureID = CWB_RGB_VALUE
2026-04-11 19:09:53.676 21904-21925 SmartSideb...ValueProxy com.coloros.smartsidebar:ui          D  (main)getOverlayShowVideoAssistant edge_panel_video_assistant =-1
2026-04-11 19:09:53.677  4772-6571  FlexibleTaskController  system_server                        D  check task which not have enough child, isInSingleWhiteList:false isCloneTask:false
2026-04-11 19:09:53.677 21904-21904 VideoAssistantUtils     com.coloros.smartsidebar:ui          D  isInSplitScreenMode  === :false
2026-04-11 19:09:53.678  4772-6571  FlexibleTaskController  system_server                        D  check task which not have enough child, isInSingleWhiteList:false isCloneTask:false
2026-04-11 19:09:53.678 21904-21925 SmartSideb...PanelUtils com.coloros.smartsidebar:ui          D  (main)getTopAppInfo() result: ApplicationInfo{f6eda48 com.max.aiassistant}
2026-04-11 19:09:53.678 21904-21925 SmartSideb...PanelUtils com.coloros.smartsidebar:ui          D  (main)getTopPkg() pkg: com.*****.aiassistant
2026-04-11 19:09:53.678  4772-6571  ContentService          system_server                        W  Observer is already registered. Pid is 21904
2026-04-11 19:09:53.679 21904-21925 SmartSideb...tPanelView com.coloros.smartsidebar:ui          D  (main)Registered app status observer for: com.max.aiassistant
2026-04-11 19:09:53.679 21904-21925 SmartSideb...tusManager com.coloros.smartsidebar:ui          D  (main)isAppEnabled: com.max.aiassistant = true
2026-04-11 19:09:53.723  4772-5803  CwbClient               system_server                        D  LECENT_AI::CwbClient::RGB||16||25||38, timestamp=390837751048111
2026-04-11 19:09:53.730  2912-3098  PERFHAL-PERFCTRL        ven...ti.hardware.perf2-hal-service  E  PERFHAL-PERFCTRL: chk_core_online_poll_loop() 747: poll() has timed out for /sys/kernel/msm_performance/events/cpu_hotplug
2026-04-11 19:09:53.730  2912-3098  PERFHAL-PERFCTRL        ven...ti.hardware.perf2-hal-service  E  PERFHAL-PERFCTRL: chk_core_online_poll_loop() 742: Block on poll()
2026-04-11 19:09:53.769  4132-4162  .oplus.pscanvas         com.oplus.pscanvas                   W  userfaultfd: MOVE ioctl seems unsupported: Connection timed out
2026-04-11 19:09:53.798  4772-5803  CwbClient               system_server                        D  LECENT_AI::CwbClient::RGB||16||25||38, timestamp=390837826061757
2026-04-11 19:09:53.831  6930-9360  CommonApp-134-10514     com.oplus.subsys                     D  transport layer data is invalid
2026-04-11 19:09:53.831  6930-9360  ScorePolicy             com.oplus.subsys                     D  handleScoreChanged: []
2026-04-11 19:09:53.831  6930-9360  ScorePolicy             com.oplus.subsys                     D  handleScoreChanged: []
2026-04-11 19:09:53.831  6930-9360  ScorePolicy             com.oplus.subsys                     D  handleScoreChanged: []
2026-04-11 19:09:53.853  2885-2790  sensors-hal             and...ware.sensors-service.multihal  I  handle_oplus_wise_rgb_event:191, wise_rgb: (r, g, b, c)[2672.42, 1429.00, 860.81, 3819.76],(r2,g2,b2,c2)[[0.00, 0.00, 0.00, 0.00], algo:2.0, flag :0
2026-04-11 19:09:53.859 11693-2766  NearbySharing           com.google.android.gms.persistent    I  Network state changed: NetworkState(isRestricted=false, isOnline=true, isCongested=false, isMetered=false, isWifiConnected=true)
2026-04-11 19:09:53.872  4772-5803  CwbClient               system_server                        D  LECENT_AI::CwbClient::RGB||16||25||38, timestamp=390837900967695
2026-04-11 19:09:53.947  4772-5803  CwbClient               system_server                        D  LECENT_AI::CwbClient::RGB||16||25||38, timestamp=390837976059934
2026-04-11 19:09:53.980 21904-21925 SmartSideb...ValueProxy com.coloros.smartsidebar:ui          D  (main)getOverlayShowVideoAssistant edge_panel_video_assistant =-1
2026-04-11 19:09:53.980  4772-5626  FlexibleTaskController  system_server                        D  check task which not have enough child, isInSingleWhiteList:false isCloneTask:false
2026-04-11 19:09:53.981 21904-21904 VideoAssistantUtils     com.coloros.smartsidebar:ui          D  isInSplitScreenMode  === :false
2026-04-11 19:09:53.981  4772-5626  FlexibleTaskController  system_server                        D  check task which not have enough child, isInSingleWhiteList:false isCloneTask:false
2026-04-11 19:09:53.982 21904-21925 SmartSideb...PanelUtils com.coloros.smartsidebar:ui          D  (main)getTopAppInfo() result: ApplicationInfo{46510e1 com.max.aiassistant}
2026-04-11 19:09:53.982 21904-21925 SmartSideb...PanelUtils com.coloros.smartsidebar:ui          D  (main)getTopPkg() pkg: com.*****.aiassistant
2026-04-11 19:09:53.983  4772-5626  ContentService          system_server                        W  Observer is already registered. Pid is 21904
2026-04-11 19:09:53.983 21904-21925 SmartSideb...tPanelView com.coloros.smartsidebar:ui          D  (main)Registered app status observer for: com.max.aiassistant
2026-04-11 19:09:53.983 21904-21925 SmartSideb...tusManager com.coloros.smartsidebar:ui          D  (main)isAppEnabled: com.max.aiassistant = true
2026-04-11 19:09:54.009  2872-14043 vendor.qti...bs_handler and...re.bluetooth@aidl-service-qti  I  ProcessIbsCmd: Received IBS_WAKE_IND: 0xFD
2026-04-11 19:09:54.009  2872-14043 vendor.qti...bs_handler and...re.bluetooth@aidl-service-qti  D  SerialClockVote: vote for UART CLK ON
2026-04-11 19:09:54.009  2872-14043 vendor.qti...-wake_lock and...re.bluetooth@aidl-service-qti  D  Acquire wakelock is acquired 
2026-04-11 19:09:54.009  2872-14043 vendor.qti...bs_handler and...re.bluetooth@aidl-service-qti  I  ProcessIbsCmd: Writing IBS_WAKE_ACK
2026-04-11 19:09:54.023  4772-5803  CwbClient               system_server                        D  LECENT_AI::CwbClient::RGB||16||25||38, timestamp=390838051133215
2026-04-11 19:09:54.050  2872-14043 vendor.qti...bs_handler and...re.bluetooth@aidl-service-qti  I  ProcessIbsCmd: Received IBS_SLEEP_IND: 0xFE
2026-04-11 19:09:54.050  2872-14043 vendor.qti...bs_handler and...re.bluetooth@aidl-service-qti  D  SerialClockVote: vote for UART CLK OFF
2026-04-11 19:09:54.061  2885-2790  sensors-hal             and...ware.sensors-service.multihal  I  handle_oplus_wise_rgb_event:191, wise_rgb: (r, g, b, c)[2699.15, 1429.00, 860.81, 3819.76],(r2,g2,b2,c2)[[0.00, 0.00, 0.00, 0.00], algo:2.0, flag :0
2026-04-11 19:09:54.062  4772-5773  AI_FusionLightNextGen   system_server                        D  LECENT_AI::RunArith AVG_RGB:/61/67/77
2026-04-11 19:09:54.062  4772-5773  AI_FusionLightNextGen   system_server                        D  LECENT_AI::RunArith RGB:/16/25/38
2026-04-11 19:09:54.066  4772-5773  FusionLightNextGen      system_server                        D  calculate_silibals_compensation_value: comped_ir_ratio =  0.196650 comped_lux = 10.89953
2026-04-11 19:09:54.066  4772-5773  FusionLightNextGen      system_server                        D  LECENT_AI::raw_lux -1.0, raw_cct -1.0, r/g/b/c: 2699.1/1429.0/860.8/3819.8, compensate r/g/b/c: 1849.54/801.30/609.52/2340.03 bri 697.0, lux: 10.899527, cct: -1.0, comped_lux:10.900 comped_cct:-1 ir: 0.196650, cnt: 0
2026-04-11 19:09:54.066  4772-5773  CwbClient               system_server                        I  setCWBDisplayType set mFeatureID = CWB_RGB_VALUE
2026-04-11 19:09:54.078  4772-5780  AlarmManager            system_server                        V  sending alarm Alarm{2ff4e10 type 1 origWhen 1775927394078 whenElapsed 390838106 android} uid 1000 whenElapsed 390838106 windowLength 0 maxWhenElapsed 390838106 repeatInterval 0 action null component null tag StorgaeBandInfoAlarmTag flags 0x9 procName system_server
2026-04-11 19:09:54.078  4772-2488  OplusStora...SBandwidth system_server                        E  storage_io_metrics_path is /proc/oplus_storage/io_metrics/forever/
2026-04-11 19:09:54.079  4772-2488  OplusStora...SBandwidth system_server                        E  Bandwidth - Read: 0,00 MB/s, Write: 0,50 MB/s
2026-04-11 19:09:54.079  4772-2488  OplusStora...SBandwidth system_server                        E  Task time: 1ms
2026-04-11 19:09:54.081  4772-2488  OplusStora...SBandwidth system_server                        E  Alarm set to trigger in 10 seconds
2026-04-11 19:09:54.097  4772-5803  CwbClient               system_server                        D  LECENT_AI::CwbClient::RGB||16||25||38, timestamp=390838126034413
2026-04-11 19:09:54.172  4772-5803  CwbClient               system_server                        D  LECENT_AI::CwbClient::RGB||16||25||38, timestamp=390838200965715
2026-04-11 19:09:54.200  2872-14035 vendor.qti...-wake_lock and...re.bluetooth@aidl-service-qti  D  Release wakelock is released 
2026-04-11 19:09:54.247  4772-5803  CwbClient               system_server                        D  LECENT_AI::CwbClient::RGB||16||25||38, timestamp=390838275858892
2026-04-11 19:09:54.269  2885-2790  sensors-hal             and...ware.sensors-service.multihal  I  handle_oplus_wise_rgb_event:191, wise_rgb: (r, g, b, c)[2725.87, 1457.02, 890.49, 3847.04],(r2,g2,b2,c2)[[0.00, 0.00, 0.00, 0.00], algo:2.0, flag :0
2026-04-11 19:09:54.284 21904-21925 SmartSideb...ValueProxy com.coloros.smartsidebar:ui          D  (main)getOverlayShowVideoAssistant edge_panel_video_assistant =-1
2026-04-11 19:09:54.284  4772-6571  FlexibleTaskController  system_server                        D  check task which not have enough child, isInSingleWhiteList:false isCloneTask:false
2026-04-11 19:09:54.285 21904-21904 VideoAssistantUtils     com.coloros.smartsidebar:ui          D  isInSplitScreenMode  === :false
2026-04-11 19:09:54.285  4772-5626  FlexibleTaskController  system_server                        D  check task which not have enough child, isInSingleWhiteList:false isCloneTask:false
2026-04-11 19:09:54.286 21904-21925 SmartSideb...PanelUtils com.coloros.smartsidebar:ui          D  (main)getTopAppInfo() result: ApplicationInfo{932ee06 com.max.aiassistant}
2026-04-11 19:09:54.286 21904-21925 SmartSideb...PanelUtils com.coloros.smartsidebar:ui          D  (main)getTopPkg() pkg: com.*****.aiassistant
2026-04-11 19:09:54.286  4772-5626  ContentService          system_server                        W  Observer is already registered. Pid is 21904
2026-04-11 19:09:54.287 21904-21925 SmartSideb...tPanelView com.coloros.smartsidebar:ui          D  (main)Registered app status observer for: com.max.aiassistant
2026-04-11 19:09:54.287 21904-21925 SmartSideb...tusManager com.coloros.smartsidebar:ui          D  (main)isAppEnabled: com.max.aiassistant = true
2026-04-11 19:09:54.322  4772-5803  CwbClient               system_server                        D  LECENT_AI::CwbClient::RGB||16||25||38, timestamp=390838350958476
2026-04-11 19:09:54.397  4772-5803  CwbClient               system_server                        D  LECENT_AI::CwbClient::RGB||16||25||38, timestamp=390838425927434
2026-04-11 19:09:54.472  4772-5803  CwbClient               system_server                        D  LECENT_AI::CwbClient::RGB||16||25||38, timestamp=390838501039517
2026-04-11 19:09:54.477  2885-2790  sensors-hal             and...ware.sensors-service.multihal  I  handle_oplus_wise_rgb_event:191, wise_rgb: (r, g, b, c)[2725.87, 1457.02, 890.49, 3847.04],(r2,g2,b2,c2)[[0.00, 0.00, 0.00, 0.00], algo:2.0, flag :0
2026-04-11 19:09:54.477  2885-2790  sensors-hal             and...ware.sensors-service.multihal  I  handle_oplus_wise_rgb_event:217, high_pwm_light:lux 21.2,cct 5300.0,brl/algo/ir 697.0/2.0/159.4,pwm/dc 0.0/0.0,rgbc 2725.872559/1457.022827/890.488159/3847.043213,ts 390838501335993,cnt 16324,flag 0
2026-04-11 19:09:54.477  4772-5773  AI_FusionLightNextGen   system_server                        D  LECENT_AI::RunArith AVG_RGB:/61/67/77
2026-04-11 19:09:54.477  4772-5773  AI_FusionLightNextGen   system_server                        D  LECENT_AI::RunArith RGB:/16/25/38
2026-04-11 19:09:54.481  4772-5773  FusionLightNextGen      system_server                        D  calculate_silibals_compensation_value: comped_ir_ratio =  0.206149 comped_lux = 10.56135
2026-04-11 19:09:54.482  4772-5773  FusionLightNextGen      system_server                        D  LECENT_AI::raw_lux -1.0, raw_cct -1.0, r/g/b/c: 2725.9/1457.0/890.5/3847.0, compensate r/g/b/c: 1875.54/829.30/639.52/2368.03 bri 697.0, lux: 10.561346, cct: -1.0, comped_lux:10.561 comped_cct:-1 ir: 0.206149, cnt: 0
2026-04-11 19:09:54.482  4772-5773  CwbClient               system_server                        I  setCWBDisplayType set mFeatureID = CWB_RGB_VALUE
2026-04-11 19:09:54.496  2992-3077  vendor.opl...10-service ven....hardware.charger-V10-service  D  ret_value:127, read content:,286,286,4091,4091,-66,67,69,1,1,0,494,5072,69,1,4530,300,500,0,0,11000,0,0,1,0,2,0,0,0,1,6944,98,10928,4298,6510,0,0,0,0,0,71
2026-04-11 19:09:54.496  2992-3077  vendor.opl...10-service ven....hardware.charger-V10-service  D  gmtime: 2026-04-11-19-09-54
2026-04-11 19:09:54.496  2992-3077  vendor.opl...10-service ven....hardware.charger-V10-service  D  usb_online:1, ac_online:-2147483648, wireless_online:0
2026-04-11 19:09:54.547  4772-5803  CwbClient               system_server                        D  LECENT_AI::CwbClient::RGB||16||25||38, timestamp=390838575944986
2026-04-11 19:09:54.587 21904-21925 SmartSideb...ValueProxy com.coloros.smartsidebar:ui          D  (main)getOverlayShowVideoAssistant edge_panel_video_assistant =-1
2026-04-11 19:09:54.587  4772-5626  FlexibleTaskController  system_server                        D  check task which not have enough child, isInSingleWhiteList:false isCloneTask:false
2026-04-11 19:09:54.588 21904-21904 VideoAssistantUtils     com.coloros.smartsidebar:ui          D  isInSplitScreenMode  === :false
2026-04-11 19:09:54.588  4772-5626  FlexibleTaskController  system_server                        D  check task which not have enough child, isInSingleWhiteList:false isCloneTask:false
2026-04-11 19:09:54.589 21904-21925 SmartSideb...PanelUtils com.coloros.smartsidebar:ui          D  (main)getTopAppInfo() result: ApplicationInfo{dd95cc7 com.max.aiassistant}
2026-04-11 19:09:54.589 21904-21925 SmartSideb...PanelUtils com.coloros.smartsidebar:ui          D  (main)getTopPkg() pkg: com.*****.aiassistant
2026-04-11 19:09:54.589  4772-5626  ContentService          system_server                        W  Observer is already registered. Pid is 21904
2026-04-11 19:09:54.590 21904-21925 SmartSideb...tPanelView com.coloros.smartsidebar:ui          D  (main)Registered app status observer for: com.max.aiassistant
2026-04-11 19:09:54.590 21904-21925 SmartSideb...tusManager com.coloros.smartsidebar:ui          D  (main)isAppEnabled: com.max.aiassistant = true
2026-04-11 19:09:54.619  2992-3084  BatteryChargeControl    ven....hardware.charger-V10-service  D  bcc get no support from charging protocol
2026-04-11 19:09:54.622  4772-5803  CwbClient               system_server                        D  LECENT_AI::CwbClient::RGB||16||25||38, timestamp=390838650848267
2026-04-11 19:09:54.686  2885-2790  sensors-hal             and...ware.sensors-service.multihal  I  handle_oplus_wise_rgb_event:191, wise_rgb: (r, g, b, c)[2725.87, 1457.02, 920.17, 3874.33],(r2,g2,b2,c2)[[0.00, 0.00, 0.00, 0.00], algo:2.0, flag :0
2026-04-11 19:09:54.697  4772-5803  CwbClient               system_server                        D  LECENT_AI::CwbClient::RGB||16||25||38, timestamp=390838725976236
2026-04-11 19:09:54.772  4772-5803  CwbClient               system_server                        D  LECENT_AI::CwbClient::RGB||16||25||38, timestamp=390838801026965
2026-04-11 19:09:54.833  2872-14043 vendor.qti...bs_handler and...re.bluetooth@aidl-service-qti  I  ProcessIbsCmd: Received IBS_WAKE_IND: 0xFD
2026-04-11 19:09:54.833  2872-14043 vendor.qti...bs_handler and...re.bluetooth@aidl-service-qti  D  SerialClockVote: vote for UART CLK ON
2026-04-11 19:09:54.833  2872-14043 vendor.qti...-wake_lock and...re.bluetooth@aidl-service-qti  D  Acquire wakelock is acquired 
2026-04-11 19:09:54.833  2872-14043 vendor.qti...bs_handler and...re.bluetooth@aidl-service-qti  I  ProcessIbsCmd: Writing IBS_WAKE_ACK
2026-04-11 19:09:54.848  4772-5803  CwbClient               system_server                        D  LECENT_AI::CwbClient::RGB||16||25||38, timestamp=390838876235767
2026-04-11 19:09:54.855  6930-9360  CommonApp-134-10514     com.oplus.subsys                     D  transport layer data is invalid
2026-04-11 19:09:54.856  6930-9360  ScorePolicy             com.oplus.subsys                     D  handleScoreChanged: []
2026-04-11 19:09:54.856  6930-9360  ScorePolicy             com.oplus.subsys                     D  handleScoreChanged: []
2026-04-11 19:09:54.856  6930-9360  ScorePolicy             com.oplus.subsys                     D  handleScoreChanged: []
2026-04-11 19:09:54.874  2872-14043 vendor.qti...bs_handler and...re.bluetooth@aidl-service-qti  I  ProcessIbsCmd: Received IBS_SLEEP_IND: 0xFE
2026-04-11 19:09:54.874  2872-14043 vendor.qti...bs_handler and...re.bluetooth@aidl-service-qti  D  SerialClockVote: vote for UART CLK OFF
2026-04-11 19:09:54.877  5853-5891  phone:satellite         com.android.phone:satellite          W  userfaultfd: MOVE ioctl seems unsupported: Connection timed out
2026-04-11 19:09:54.890 21904-21925 SmartSideb...ValueProxy com.coloros.smartsidebar:ui          D  (main)getOverlayShowVideoAssistant edge_panel_video_assistant =-1
2026-04-11 19:09:54.891  4772-4843  FlexibleTaskController  system_server                        D  check task which not have enough child, isInSingleWhiteList:false isCloneTask:false
2026-04-11 19:09:54.892 21904-21904 VideoAssistantUtils     com.coloros.smartsidebar:ui          D  isInSplitScreenMode  === :false
2026-04-11 19:09:54.892  4772-4843  FlexibleTaskController  system_server                        D  check task which not have enough child, isInSingleWhiteList:false isCloneTask:false
2026-04-11 19:09:54.893 21904-21925 SmartSideb...PanelUtils com.coloros.smartsidebar:ui          D  (main)getTopAppInfo() result: ApplicationInfo{8bb52f4 com.max.aiassistant}
2026-04-11 19:09:54.893 21904-21925 SmartSideb...PanelUtils com.coloros.smartsidebar:ui          D  (main)getTopPkg() pkg: com.*****.aiassistant
2026-04-11 19:09:54.893  4772-4843  ContentService          system_server                        W  Observer is already registered. Pid is 21904
2026-04-11 19:09:54.893  2885-2790  sensors-hal             and...ware.sensors-service.multihal  I  handle_oplus_wise_rgb_event:191, wise_rgb: (r, g, b, c)[2725.87, 1429.00, 890.49, 3874.33],(r2,g2,b2,c2)[[0.00, 0.00, 0.00, 0.00], algo:2.0, flag :0
2026-04-11 19:09:54.893 21904-21925 SmartSideb...tPanelView com.coloros.smartsidebar:ui          D  (main)Registered app status observer for: com.max.aiassistant
2026-04-11 19:09:54.893  4772-5773  AI_FusionLightNextGen   system_server                        D  LECENT_AI::RunArith AVG_RGB:/61/67/77
2026-04-11 19:09:54.893  4772-5773  AI_FusionLightNextGen   system_server                        D  LECENT_AI::RunArith RGB:/16/25/38
2026-04-11 19:09:54.893 21904-21925 SmartSideb...tusManager com.coloros.smartsidebar:ui          D  (main)isAppEnabled: com.max.aiassistant = true
2026-04-11 19:09:54.897  4772-5773  FusionLightNextGen      system_server                        D  calculate_silibals_compensation_value: comped_ir_ratio =  0.192343 comped_lux = 11.59136
2026-04-11 19:09:54.897  4772-5773  FusionLightNextGen      system_server                        D  LECENT_AI::raw_lux -1.0, raw_cct -1.0, r/g/b/c: 2725.9/1429.0/890.5/3874.3, compensate r/g/b/c: 1875.54/801.30/639.52/2395.03 bri 697.0, lux: 11.591356, cct: -1.0, comped_lux:11.591 comped_cct:-1 ir: 0.192343, cnt: 0
2026-04-11 19:09:54.897  4772-5773  CwbClient               system_server                        I  setCWBDisplayType set mFeatureID = CWB_RGB_VALUE
2026-04-11 19:09:54.913  4772-4928  ActivityManager         system_server                        I  Killing 30124:com.google.android.apps.tachyon/u0a202 (adj 995): empty #65
2026-04-11 19:09:54.922  4772-5803  CwbClient               system_server                        D  LECENT_AI::CwbClient::RGB||16||25||38, timestamp=390838951014205
2026-04-11 19:09:54.959  9777-9777  adbd                    adbd                                 I  Remote process closed the socket (on MSG_PEEK)
2026-04-11 19:09:54.959  4772-4930  libprocessgroup         system_server                        I  Removed cgroup /sys/fs/cgroup/apps/uid_10202/pid_30124
2026-04-11 19:09:54.959  2734-2734  Zygote                  zygote64                             I  Process 30124 exited due to signal 9 (Killed)
2026-04-11 19:09:54.960  4772-5627  ActivityManager         system_server                        I  Death received, pid = 30124, processName = com.google.android.apps.tachyon for thread android.os.BinderProxy@9a8bb0e
2026-04-11 19:09:54.961  4772-6080  ConnectivityService     system_server                        D  releasing NetworkRequest [ REQUEST id=20332, [ Capabilities: INTERNET&NOT_RESTRICTED&TRUSTED&NOT_VCN_MANAGED&NOT_BANDWIDTH_CONSTRAINED Uid: 10202 RequestorUid: 10202 RequestorPkg: com.google.android.apps.tachyon UnderlyingNetworks: Null] ] (release request)
2026-04-11 19:09:54.961  2912-3016  PERFHAL-BOOSTCONFIG     ven...ti.hardware.perf2-hal-service  E  PERFHAL-BOOSTCONFIG: GetBoostConfig() 1872: Not able to fetch object
2026-04-11 19:09:54.962  4772-7313  Athena                  system_server                        W  athena_optimize: recordTime, mLastDeathTime: 389281
2026-04-11 19:09:54.962  4772-7313  Athena                  system_server                        W  athena_optimize: recordInterval,  intervalTime: 1146
2026-04-11 19:09:54.962  4772-6503  WindowProc...lerExtImpl system_server                        E  shouldMakeAbnormalActivityFinishing, list may empty, mHasActivities: false
2026-04-11 19:09:54.962  4772-7313  Athena                  system_server                        E  athena_optimize: pkg: com.google.android.apps.tachyon, processName: com.google.android.apps.tachyongetPercentage: 10
2026-04-11 19:09:54.963  4772-4895  IModule                 system_server                        D  notifyEvent: GAME_PROCESS_DIE
2026-04-11 19:09:54.963  4772-8124  OStatsMana...atsManager system_server                        I  updateStateTime: PkgName = com.google.android.apps.tachyon, uid = 10202, state to em, mForegroundCnt = 0, isFg = false
2026-04-11 19:09:54.964  3520-3520  HoloAudio:...rvice_Aidl atlasservice                         D  callClient:clientID:1 exist:1, event:18, isOneWay:0
2026-04-11 19:09:54.964  3520-3520  HoloAudio:...rvice_Aidl atlasservice                         D  getMssEnable --- com.google.android.apps.tachyon[0]
2026-04-11 19:09:54.964  6930-9383  ActivityAdapter         com.oplus.subsys                     D  ugc uid gone, uid=10202
2026-04-11 19:09:54.965  6763-7494  OplusLinkB...eneManager com.oplus.nas                        D  sceneStateUpdate: 5023,com.google.android.apps.tachyon,switch:[false, true, true, false]
2026-04-11 19:09:54.965  6763-7494  OplusLinkBoostCommon    com.oplus.nas                        D  onSceneUpdated: 5023,com.google.android.apps.tachyon
2026-04-11 19:09:54.965  6582-8129  OsAgent                 com.qualcomm.location                V  broadcastSystemEvent - 7
2026-04-11 19:09:54.967 22870-22892 APS_ALOG                com.oplus.camera                     I  flushRoutine g_immediateFlush=0 g_pendingCount=0 g_oobCount=0
2026-04-11 19:09:54.979  3850-3850  cnss-daemon             cnss-daemon                          I  nl80211 response handler invoked
2026-04-11 19:09:54.979  2888-3015  WifiHAL                 android.hardware.wifi-service        I  event received NL80211_CMD_VENDOR, vendor_id = 0x1374, subcmd = 0xb6
2026-04-11 19:09:54.979  3850-3850  cnss-daemon             cnss-daemon                          I  nl80211_response_handler: cmd 103, vendorID 4980, subcmd 182  received
2026-04-11 19:09:54.998  4772-5803  CwbClient               system_server                        D  LECENT_AI::CwbClient::RGB||16||25||38, timestamp=390839026371861
2026-04-11 19:09:55.025  2872-14035 vendor.qti...-wake_lock and...re.bluetooth@aidl-service-qti  D  Release wakelock is released 
2026-04-11 19:09:55.073  4772-5803  CwbClient               system_server                        D  LECENT_AI::CwbClient::RGB||16||25||38, timestamp=390839101046132
2026-04-11 19:09:55.101  2885-2790  sensors-hal             and...ware.sensors-service.multihal  I  handle_oplus_wise_rgb_event:191, wise_rgb: (r, g, b, c)[2832.77, 1485.04, 920.17, 4010.75],(r2,g2,b2,c2)[[0.00, 0.00, 0.00, 0.00], algo:2.0, flag :0
2026-04-11 19:09:55.145  2888-3015  WifiHAL                 android.hardware.wifi-service        I  event received NL80211_CMD_VENDOR, vendor_id = 0x1374, subcmd = 0xd
2026-04-11 19:09:55.145  3850-3850  cnss-daemon             cnss-daemon                          I  nl80211 response handler invoked
2026-04-11 19:09:55.145  3850-3850  cnss-daemon             cnss-daemon                          I  nl80211_response_handler: cmd 103, vendorID 4980, subcmd 13  received
2026-04-11 19:09:55.147  4772-5803  CwbClient               system_server                        D  LECENT_AI::CwbClient::RGB||16||25||38, timestamp=390839175905402
2026-04-11 19:09:55.194 21904-21925 SmartSideb...ValueProxy com.coloros.smartsidebar:ui          D  (main)getOverlayShowVideoAssistant edge_panel_video_assistant =-1
2026-04-11 19:09:55.195  4772-7308  FlexibleTaskController  system_server                        D  check task which not have enough child, isInSingleWhiteList:false isCloneTask:false
2026-04-11 19:09:55.196 21904-21904 VideoAssistantUtils     com.coloros.smartsidebar:ui          D  isInSplitScreenMode  === :false
2026-04-11 19:09:55.196  4772-5627  FlexibleTaskController  system_server                        D  check task which not have enough child, isInSingleWhiteList:false isCloneTask:false
2026-04-11 19:09:55.197 21904-21925 SmartSideb...PanelUtils com.coloros.smartsidebar:ui          D  (main)getTopAppInfo() result: ApplicationInfo{7c0da1d com.max.aiassistant}
2026-04-11 19:09:55.197 21904-21925 SmartSideb...PanelUtils com.coloros.smartsidebar:ui          D  (main)getTopPkg() pkg: com.*****.aiassistant
2026-04-11 19:09:55.197  4772-5627  ContentService          system_server                        W  Observer is already registered. Pid is 21904
2026-04-11 19:09:55.198 21904-21925 SmartSideb...tPanelView com.coloros.smartsidebar:ui          D  (main)Registered app status observer for: com.max.aiassistant
2026-04-11 19:09:55.198 21904-21925 SmartSideb...tusManager com.coloros.smartsidebar:ui          D  (main)isAppEnabled: com.max.aiassistant = true
2026-04-11 19:09:55.223  4772-5803  CwbClient               system_server                        D  LECENT_AI::CwbClient::RGB||16||25||38, timestamp=390839251100819
2026-04-11 19:09:55.297  4772-5803  CwbClient               system_server                        D  LECENT_AI::CwbClient::RGB||16||25||38, timestamp=390839326021548
2026-04-11 19:09:55.308  2885-2790  sensors-hal             and...ware.sensors-service.multihal  I  handle_oplus_wise_rgb_event:191, wise_rgb: (r, g, b, c)[2886.22, 1513.06, 949.85, 4092.60],(r2,g2,b2,c2)[[0.00, 0.00, 0.00, 0.00], algo:2.0, flag :0
2026-04-11 19:09:55.308  4772-5773  AI_FusionLightNextGen   system_server                        D  LECENT_AI::RunArith AVG_RGB:/61/67/77
2026-04-11 19:09:55.308  4772-5773  AI_FusionLightNextGen   system_server                        D  LECENT_AI::RunArith RGB:/16/25/38
2026-04-11 19:09:55.312  4772-5773  FusionLightNextGen      system_server                        D  calculate_silibals_compensation_value: comped_ir_ratio =  0.192752 comped_lux = 12.70271
2026-04-11 19:09:55.312  4772-5773  FusionLightNextGen      system_server                        D  LECENT_AI::raw_lux -1.0, raw_cct -1.0, r/g/b/c: 2886.2/1513.1/949.9/4092.6, compensate r/g/b/c: 2036.54/885.30/698.52/2613.03 bri 697.0, lux: 12.702706, cct: -1.0, comped_lux:12.703 comped_cct:-1 ir: 0.192752, cnt: 0
2026-04-11 19:09:55.312  4772-5773  CwbClient               system_server                        I  setCWBDisplayType set mFeatureID = CWB_RGB_VALUE
2026-04-11 19:09:55.372  4772-5803  CwbClient               system_server                        D  LECENT_AI::CwbClient::RGB||16||25||38, timestamp=390839401023631
2026-04-11 19:09:55.447  4772-5803  CwbClient               system_server                        D  LECENT_AI::CwbClient::RGB||16||25||38, timestamp=390839475922538
2026-04-11 19:09:55.499 21904-21925 SmartSideb...ValueProxy com.coloros.smartsidebar:ui          D  (main)getOverlayShowVideoAssistant edge_panel_video_assistant =-1
2026-04-11 19:09:55.500  4772-5627  FlexibleTaskController  system_server                        D  check task which not have enough child, isInSingleWhiteList:false isCloneTask:false
2026-04-11 19:09:55.500 21904-21904 VideoAssistantUtils     com.coloros.smartsidebar:ui          D  isInSplitScreenMode  === :false
2026-04-11 19:09:55.501  4772-5627  FlexibleTaskController  system_server                        D  check task which not have enough child, isInSingleWhiteList:false isCloneTask:false
2026-04-11 19:09:55.501 21904-21925 SmartSideb...PanelUtils com.coloros.smartsidebar:ui          D  (main)getTopAppInfo() result: ApplicationInfo{effe492 com.max.aiassistant}
2026-04-11 19:09:55.501 21904-21925 SmartSideb...PanelUtils com.coloros.smartsidebar:ui          D  (main)getTopPkg() pkg: com.*****.aiassistant
2026-04-11 19:09:55.502  4772-5627  ContentService          system_server                        W  Observer is already registered. Pid is 21904
2026-04-11 19:09:55.502 21904-21925 SmartSideb...tPanelView com.coloros.smartsidebar:ui          D  (main)Registered app status observer for: com.max.aiassistant
2026-04-11 19:09:55.502 21904-21925 SmartSideb...tusManager com.coloros.smartsidebar:ui          D  (main)isAppEnabled: com.max.aiassistant = true
2026-04-11 19:09:55.516  2885-2790  sensors-hal             and...ware.sensors-service.multihal  I  handle_oplus_wise_rgb_event:191, wise_rgb: (r, g, b, c)[2806.05, 1485.04, 890.49, 3983.46],(r2,g2,b2,c2)[[0.00, 0.00, 0.00, 0.00], algo:2.0, flag :0
2026-04-11 19:09:55.523  4772-5803  CwbClient               system_server                        D  LECENT_AI::CwbClient::RGB||16||25||38, timestamp=390839550982329
2026-04-11 19:09:55.560  2872-14043 vendor.qti...bs_handler and...re.bluetooth@aidl-service-qti  I  ProcessIbsCmd: Received IBS_WAKE_IND: 0xFD
2026-04-11 19:09:55.560  2872-14043 vendor.qti...bs_handler and...re.bluetooth@aidl-service-qti  D  SerialClockVote: vote for UART CLK ON
2026-04-11 19:09:55.560  2872-14043 vendor.qti...-wake_lock and...re.bluetooth@aidl-service-qti  D  Acquire wakelock is acquired 
2026-04-11 19:09:55.561  2872-14043 vendor.qti...bs_handler and...re.bluetooth@aidl-service-qti  I  ProcessIbsCmd: Writing IBS_WAKE_ACK
2026-04-11 19:09:55.597  4772-5803  CwbClient               system_server                        D  LECENT_AI::CwbClient::RGB||16||25||38, timestamp=390839625906027
2026-04-11 19:09:55.601  2872-14043 vendor.qti...bs_handler and...re.bluetooth@aidl-service-qti  I  ProcessIbsCmd: Received IBS_SLEEP_IND: 0xFE
2026-04-11 19:09:55.601  2872-14043 vendor.qti...bs_handler and...re.bluetooth@aidl-service-qti  D  SerialClockVote: vote for UART CLK OFF
2026-04-11 19:09:55.619  2992-3084  BatteryChargeControl    ven....hardware.charger-V10-service  D  bcc get no support from charging protocol
2026-04-11 19:09:55.672  4772-5803  CwbClient               system_server                        D  LECENT_AI::CwbClient::RGB||16||25||38, timestamp=390839700976808
2026-04-11 19:09:55.724  2885-2790  sensors-hal             and...ware.sensors-service.multihal  I  handle_oplus_wise_rgb_event:191, wise_rgb: (r, g, b, c)[2725.87, 1429.00, 890.49, 3874.33],(r2,g2,b2,c2)[[0.00, 0.00, 0.00, 0.00], algo:2.0, flag :0
2026-04-11 19:09:55.724  4772-5773  AI_FusionLightNextGen   system_server                        D  LECENT_AI::RunArith AVG_RGB:/61/67/77
2026-04-11 19:09:55.724  4772-5773  AI_FusionLightNextGen   system_server                        D  LECENT_AI::RunArith RGB:/16/25/38
2026-04-11 19:09:55.728  4772-5773  FusionLightNextGen      system_server                        D  calculate_silibals_compensation_value: comped_ir_ratio =  0.192343 comped_lux = 11.59136
2026-04-11 19:09:55.728  4772-5773  FusionLightNextGen      system_server                        D  LECENT_AI::raw_lux -1.0, raw_cct -1.0, r/g/b/c: 2725.9/1429.0/890.5/3874.3, compensate r/g/b/c: 1875.54/801.30/639.52/2395.03 bri 697.0, lux: 11.591356, cct: -1.0, comped_lux:11.591 comped_cct:-1 ir: 0.192343, cnt: 0
2026-04-11 19:09:55.728  4772-5773  CwbClient               system_server                        I  setCWBDisplayType set mFeatureID = CWB_RGB_VALUE
2026-04-11 19:09:55.747  4772-5803  CwbClient               system_server                        D  LECENT_AI::CwbClient::RGB||16||25||38, timestamp=390839775878683
2026-04-11 19:09:55.752  2872-14035 vendor.qti...-wake_lock and...re.bluetooth@aidl-service-qti  D  Release wakelock is released 
2026-04-11 19:09:55.802 21904-21925 SmartSideb...ValueProxy com.coloros.smartsidebar:ui          D  (main)getOverlayShowVideoAssistant edge_panel_video_assistant =-1
2026-04-11 19:09:55.803  4772-5627  FlexibleTaskController  system_server                        D  check task which not have enough child, isInSingleWhiteList:false isCloneTask:false
2026-04-11 19:09:55.804 21904-21904 VideoAssistantUtils     com.coloros.smartsidebar:ui          D  isInSplitScreenMode  === :false
2026-04-11 19:09:55.804  4772-5627  FlexibleTaskController  system_server                        D  check task which not have enough child, isInSingleWhiteList:false isCloneTask:false
2026-04-11 19:09:55.805 21904-21925 SmartSideb...PanelUtils com.coloros.smartsidebar:ui          D  (main)getTopAppInfo() result: ApplicationInfo{584fe63 com.max.aiassistant}
2026-04-11 19:09:55.805 21904-21925 SmartSideb...PanelUtils com.coloros.smartsidebar:ui          D  (main)getTopPkg() pkg: com.*****.aiassistant
2026-04-11 19:09:55.805  4772-5627  ContentService          system_server                        W  Observer is already registered. Pid is 21904
2026-04-11 19:09:55.806 21904-21925 SmartSideb...tPanelView com.coloros.smartsidebar:ui          D  (main)Registered app status observer for: com.max.aiassistant
2026-04-11 19:09:55.806 21904-21925 SmartSideb...tusManager com.coloros.smartsidebar:ui          D  (main)isAppEnabled: com.max.aiassistant = true
2026-04-11 19:09:55.822  4772-5803  CwbClient               system_server                        D  LECENT_AI::CwbClient::RGB||16||25||38, timestamp=390839850971079
2026-04-11 19:09:55.879  6930-9360  CommonApp-134-10514     com.oplus.subsys                     D  transport layer data is invalid
2026-04-11 19:09:55.880  6930-9360  ScorePolicy             com.oplus.subsys                     D  handleScoreChanged: []
2026-04-11 19:09:55.880  6930-9360  ScorePolicy             com.oplus.subsys                     D  handleScoreChanged: []
2026-04-11 19:09:55.880  6930-9360  ScorePolicy             com.oplus.subsys                     D  handleScoreChanged: []
2026-04-11 19:09:55.897  4772-5803  CwbClient               system_server                        D  LECENT_AI::CwbClient::RGB||16||25||38, timestamp=390839925579152
2026-04-11 19:09:55.916  4772-4928  ActivityManager         system_server                        I  Killing 13065:com.google.android.gms.unstable/u0a147 (adj 985): empty #65
2026-04-11 19:09:55.918  4772-4928  ActivityManager         system_server                        I  Killing 30280:com.google.android.projection.gearhead:provider/u0a120 (adj 985): empty #66
2026-04-11 19:09:55.919  2912-3016  PERF_APPCLASSIFIER      ven...ti.hardware.perf2-hal-service  E  PERF_APPCLASSIFIER: getData() 195: DBQuery failed for appName:com.google.android.gms.unstable
2026-04-11 19:09:55.921  2912-3016  PERF_APPCLASSIFIER      ven...ti.hardware.perf2-hal-service  E  PERF_APPCLASSIFIER: getData() 195: DBQuery failed for appName:com.google.android.projection.gearhead:provider
2026-04-11 19:09:55.931  2885-2790  sensors-hal             and...ware.sensors-service.multihal  I  handle_oplus_wise_rgb_event:191, wise_rgb: (r, g, b, c)[2752.60, 1457.02, 920.17, 3901.61],(r2,g2,b2,c2)[[0.00, 0.00, 0.00, 0.00], algo:2.0, flag :0
2026-04-11 19:09:55.939  4772-5632  resRelease              system_server                        I  policy type is 1
2026-04-11 19:09:55.949  9777-9777  adbd                    adbd                                 I  Remote process closed the socket (on MSG_PEEK)
2026-04-11 19:09:55.950  4772-5627  ActivityManager         system_server                        I  Death received, pid = 30280, processName = com.google.android.projection.gearhead:provider for thread android.os.BinderProxy@aa192f
2026-04-11 19:09:55.950  2734-2734  Zygote                  zygote64                             I  Process 30280 exited due to signal 9 (Killed)
2026-04-11 19:09:55.950  2912-3016  PERF_APPCLASSIFIER      ven...ti.hardware.perf2-hal-service  E  PERF_APPCLASSIFIER: getData() 195: DBQuery failed for appName:com.google.android.projection.gearhead:provider
2026-04-11 19:09:55.950  2912-3016  PERFHAL-BOOSTCONFIG     ven...ti.hardware.perf2-hal-service  E  PERFHAL-BOOSTCONFIG: GetBoostConfig() 1872: Not able to fetch object
2026-04-11 19:09:55.952  4772-9629  WindowProc...lerExtImpl system_server                        E  shouldMakeAbnormalActivityFinishing, list may empty, mHasActivities: false
2026-04-11 19:09:55.952  4772-7313  Athena                  system_server                        W  athena_optimize: recordTime, mLastDeathTime: 389276
2026-04-11 19:09:55.952  4772-7313  Athena                  system_server                        W  athena_optimize: recordInterval,  intervalTime: 1151
2026-04-11 19:09:55.952  4772-7313  Athena                  system_server                        E  athena_optimize: pkg: com.google.android.projection.gearhead, processName: com.google.android.projection.gearhead:providergetPercentage: 6
2026-04-11 19:09:55.952  4772-4895  IModule                 system_server                        D  notifyEvent: GAME_PROCESS_DIE
2026-04-11 19:09:55.953  3520-3520  HoloAudio:...rvice_Aidl atlasservice                         D  callClient:clientID:1 exist:1, event:18, isOneWay:0
2026-04-11 19:09:55.953  3520-3520  HoloAudio:...rvice_Aidl atlasservice                         D  getMssEnable --- com.google.android.projection.gearhead[0]
2026-04-11 19:09:55.962  4772-4930  libprocessgroup         system_server                        I  Removed cgroup /sys/fs/cgroup/apps/uid_10147/pid_13065
2026-04-11 19:09:55.962  2734-2734  Zygote                  zygote64                             I  Process 13065 exited due to signal 9 (Killed)
2026-04-11 19:09:55.962  4772-7315  ActivityManager         system_server                        I  Death received, pid = 13065, processName = com.google.android.gms.unstable for thread android.os.BinderProxy@5733b3c
2026-04-11 19:09:55.962  4772-4930  libprocessgroup         system_server                        I  Removed cgroup /sys/fs/cgroup/apps/uid_10120/pid_30280
