2026-04-16 21:30:39.892  9994-10254 FinalS3RespProcessor    com.google.android.tts               I  Received the final result for the recognition
2026-04-16 21:30:39.892  9994-10265 RecognitionClient       com.google.android.tts               I  #onResults withSpeech: true
2026-04-16 21:30:39.892  9994-8166  cn_CronetU...estContext com.google.android.tts               I  destroyNativeStreamLocked org.chromium.net.impl.CronetBidirectionalStream@c9c0345
2026-04-16 21:30:39.892  9994-10265 RecognitionClient       com.google.android.tts               I  #onRecognitionFinished
2026-04-16 21:30:39.892  9994-10265 RecognitionServiceImpl  com.google.android.tts               I  RecognitionService#onEndRecognitionSession
2026-04-16 21:30:39.893  9994-10021 SodaSpeechRecognizer    com.google.android.tts               I  Offline recognizer - stop detection
2026-04-16 21:30:39.893  9994-10021 ConcurrentSodaManager   com.google.android.tts               I  #stopDetection
2026-04-16 21:30:39.893  4037-4037  OplusTouchDaemon        touchDaemon                          E  [prevent][curved_large_handle_V2][3082]: up id(0) status: 1, 1, 1, 0.
2026-04-16 21:30:39.893  9994-8101  AudioTrack              com.google.android.tts               I  set(): type=audio,case=1,attributes=1,content_type=2,usage=10,source=-1,flags=0x800
2026-04-16 21:30:39.893  9994-8101  AudioTrackExtImpl       com.google.android.tts               D  AudioTrackExtImpl init
2026-04-16 21:30:39.893  9994-8101  AudioTrack              com.google.android.tts               D  set(): streamType -1, sampleRate 16000, format 0x1, channelMask 0x1, frameCount 6788, flags #0, notificationFrames 0, sessionId 0, transferType 3, uid 10205, pid 9994
2026-04-16 21:30:39.893  9994-8101  AudioTrack              com.google.android.tts               I  set(): 0xb400007296909400, Create AudioTrackThread, tid = 9463
2026-04-16 21:30:39.893  4772-6489  UAH-UahAdaptHelper      system_server                        D  adaptSetNotification identity = OplusUAwareInputHelpersrc = 1000 , type 1 ,p1 = -1 ,p2 = -1 ,p3 = -1 ,p4 =
2026-04-16 21:30:39.893  4772-6489  [UAH_CLIENT]            system_server                        I  uahRuleCtl, ruleId:1000, status:1
2026-04-16 21:30:39.893  9994-8101  AudioTrackExtImpl       com.google.android.tts               D  doSchedBoost, set audioapp task boost, pid=9994, tid=8101, enable=1, ret=0
2026-04-16 21:30:39.893  3102-7293  AudioBoost              audioserver                          D  audioSchedBoost, pid=3102, tid=7293, enable=1, ret=0
2026-04-16 21:30:39.894  3102-7293  AudioFlingerExtImpl     audioserver                          D  addActiveAudioSession, add 80353, uid 10205, map size 3
2026-04-16 21:30:39.894  3102-7293  AudioFlingerExtImpl     audioserver                          D  updateSelectDevByRedirectSetting: clientUid=10205, pid=9994
2026-04-16 21:30:39.894  3102-7293  AudioFlingerExtImpl     audioserver                          D  updateSelectDevByRedirectSetting: mOplusRedirectOutputSupport=1, mOplusRedirectOutputEnable=0
2026-04-16 21:30:39.894  7773-7773  DynamicFra...peedAware] com.max.aiassistant                  I  onEventHandled: info: InputEventInfo: mX = 0, mY = 0, mAction = 1, mVsyncTime = 233390332, mIsMoving = false, mUpdated = true
2026-04-16 21:30:39.894  3102-7293  NativePerm...Controller audioserver                          D  checkPermission: missing 1 for 10205
2026-04-16 21:30:39.894  3102-7293  NativePerm...Controller audioserver                          D  checkPermission: missing 3 for 10205
2026-04-16 21:30:39.894  3102-7293  NativePerm...Controller audioserver                          D  checkPermission: missing 5 for 10205
2026-04-16 21:30:39.895  3102-7293  AudioPolic...gerExtImpl audioserver                          D  oplusForceSpatialized return false; spatial not support current device
2026-04-16 21:30:39.895  3102-7293  APM_AudioPolicyManager  audioserver                          D  mSpatializerOutput is not null, canBeSpatializedInt=0, forceSpatialized:0 forceMss 0 forceMeta 0
2026-04-16 21:30:39.895  3102-7293  AudioBoost              audioserver                          D  audioSchedBoost, pid=3102, tid=7293, enable=1, ret=0
2026-04-16 21:30:39.895  3102-7293  AudioFlinger            audioserver                          D  createTrack_l output(21) original frameCount 6788  mNormalFrameCount 960 mFrameCount(hal) 192 minFrameCount 972 notificationsPerBuffer 0 mSampleRate 48000 halLatencyMs 61
2026-04-16 21:30:39.895  3102-7293  AudioFlinger            audioserver                          D  Client defaulted notificationFrames to 3394 for frameCount 6788
2026-04-16 21:30:39.895  3102-7293  AudioFlinger            audioserver                          D  createTrack_l output(21) final frameCount 6788 for track session 80353 , mFrameCount 192, mNormalFrameCount 960, notificationFrameCount 3394
2026-04-16 21:30:39.895  3102-7293  AF::PthrPatchRecord     audioserver                          I  creating track with enforcement level 0
2026-04-16 21:30:39.896  3102-7293  AudioFling...ackExtImpl audioserver                          D  HoloAudio, create track pkg name:com.google.android.tts
2026-04-16 21:30:39.896  3520-3543  HoloAudio:...rvice_Aidl atlasservice                         D  getMetaInfoByPkgName, 
2026-04-16 21:30:39.896  3102-7293  AudioFlingerExtImpl     audioserver                          D  HoloAudio: audioFlingerExt getMetaInfo valueis:
2026-04-16 21:30:39.896  3102-7293  AudioFling...ackExtImpl audioserver                          D  HoloAudio, there is no policy for this pkg:com.google.android.tts
2026-04-16 21:30:39.896  7773-7773  ViewRootImplExtImpl     com.max.aiassistant                  D  the up motion event handled by client, just return
2026-04-16 21:30:39.896  3102-7293  AF::Track               audioserver                          I  Track, track(0xb400007785ee0400): mFastIndex -1, mStreamType 5, mId 7403, mPortId 7406, mFrameCount 6788, mSampleRate 16000, mFormat 1, mChannelCount 1, thread 0xb4000077744a2f00, sessionId 80353, AudioOut_15, primary-6
2026-04-16 21:30:39.897  3102-7293  AudioBoost              audioserver                          D  audioSchedBoost, pid=3102, tid=7293, enable=0, ret=0
2026-04-16 21:30:39.897  3102-7293  AudioBoost              audioserver                          D  audioSchedBoost, pid=3102, tid=7293, enable=0, ret=0
2026-04-16 21:30:39.897  9994-8101  AudioTrack              com.google.android.tts               D  createTrack state 0 output.outputId=21
2026-04-16 21:30:39.898  3102-7293  AudioFlingerExtImpl     audioserver                          D  oplusGetParametersBypassLock:only system or list app is allowed to get oplus parameters:is_direct_pcm_track, uid:10205
2026-04-16 21:30:39.898  3102-7293  AudioFlingerExtImpl     audioserver                          D  oplusGetParameters:only system or list app is allowed to get oplus parameters:is_direct_pcm_track, uid:10205
2026-04-16 21:30:39.898  3102-7293  ConversionHelperAidl    audioserver                          E  Function: parseAndGetVendorParameters Line: 55 Failed 
2026-04-16 21:30:39.898  9994-8101  AudioTrack              com.google.android.tts               I  createTrack_l(7406) on outputId(21) : 0xb400007296909400, mCblk = 0x73fb270000,  mLatency = 485, mAfLatency = 61, frameCount = 6788, mSampleRate = 16000, mFlags = 0, mReqFrameCount = 6788, mNotificationFramesAct = 3394
2026-04-16 21:30:39.898  9994-8101  AudioTrackExtImpl       com.google.android.tts               D  doSchedBoost, set audioapp task boost, pid=9994, tid=8101, enable=0, ret=0
2026-04-16 21:30:39.899  9994-8101  AudioTrackExtImpl       com.google.android.tts               E  get fade type, but return null, pid 9994, uid 10205
2026-04-16 21:30:39.899  9994-8101  AudioTrackExtImpl       com.google.android.tts               D  getPopOptimizeFlush 1
2026-04-16 21:30:39.899  9994-8101  AudioTrack              com.google.android.tts               D  set: pop_optimize mIsPopOptimizeSupport:1, mIsPopOptimizeFlush:1
2026-04-16 21:30:39.899  9994-8101  AudioTrackExtImpl       com.google.android.tts               D  doSchedBoost, set audioapp task boost, pid=9994, tid=8101, enable=1, ret=0
2026-04-16 21:30:39.899  3102-7293  AudioBoost              audioserver                          D  audioAppKeyThreadReport() pid 9994, tid 8101, enable 1, inUid 0, eventIt -1, threadType 1, id 7403
2026-04-16 21:30:39.899  9994-8101  AudioTrack              com.google.android.tts               I  setMarkerPosition(7406): 0xb400007296909400, marker = 6788
2026-04-16 21:30:39.899  9994-8101  AudioPlayer             com.google.android.tts               I  Playing beep com.google.android.tts:raw/success (size 13576 bytes)
2026-04-16 21:30:39.900  3102-4548  AudioFlinger            audioserver                          D  updateWakeLockUids_l AudioOut_D uids:
2026-04-16 21:30:39.900  3102-4601  AudioFlinger            audioserver                          D  updateWakeLockUids_l AudioOut_15 uids:
2026-04-16 21:30:39.900  3102-4612  AudioFlinger            audioserver                          D  updateWakeLockUids_l AudioOut_1D uids:
2026-04-16 21:30:39.900  3102-4625  AudioFlinger            audioserver                          D  updateWakeLockUids_l AudioOut_25 uids:
2026-04-16 21:30:39.900  3102-4640  AudioFlinger            audioserver                          D  updateWakeLockUids_l AudioOut_2D uids:
2026-04-16 21:30:39.900  3102-4748  AudioFlinger            audioserver                          D  updateWakeLockUids_l AudioOut_55 uids:
2026-04-16 21:30:39.900  3102-4707  AudioFlinger            audioserver                          D  updateWakeLockUids_l AudioOut_4D uids:
2026-04-16 21:30:39.900  3102-4757  AudioFlinger            audioserver                          D  updateWakeLockUids_l AudioOut_5D uids:
2026-04-16 21:30:39.900  3102-10260 AudioFlinger            audioserver                          D  updateWakeLockUids_l AudioOut_475 uids:
2026-04-16 21:30:39.900  9994-8101  AudioTrack              com.google.android.tts               D  start(7406): prior state:STATE_STOPPED output 21 stream 5 session 80353
2026-04-16 21:30:39.900  3102-7293  AF::Track               audioserver                          D  start(7403): calling pid 9994 portId 7406 session 80353 thresholdFrames 6788 mFrameCount 6788
2026-04-16 21:30:39.900  3102-7293  AudioFlingerExtImpl     audioserver                          D  AudioFlingerExtImpl oplusSetParameters: keyvalue RingTrack=1
2026-04-16 21:30:39.900  3102-7293  DeviceHalAidl           audioserver                          D  [default] setParameters: parameters: "RingTrack=1"
2026-04-16 21:30:39.900  2889-4692  PAL_OplusS...Protection audiohalservice.qti                  D  setParameters: 669: set RingTrack flag 1
2026-04-16 21:30:39.900  2889-4692  AHAL_Modul...mary_OPLUS audiohalservice.qti                  D  processSetVendorParameters: kvpairs: RingTrack=1;
2026-04-16 21:30:39.900  3102-7293  DeviceHalAidl           audioserver                          D  [usb] setParameters: parameters: "RingTrack=1"
2026-04-16 21:30:39.900  3102-7293  ConversionHelperAidl    audioserver                          E  Function: parseAndSetVendorParameters Line: 94 Failed 
2026-04-16 21:30:39.900  3102-7293  DeviceHalAidl           audioserver                          D  [r_submix] setParameters: parameters: "RingTrack=1"
2026-04-16 21:30:39.900  2889-4692  AHAL_ModuleRemoteSubmix audiohalservice.qti                  D  setVendorParameters: parameter count 1, async: 0
2026-04-16 21:30:39.901  3102-7293  DeviceHalAidl           audioserver                          D  [bluetooth] setParameters: parameters: "RingTrack=1"
2026-04-16 21:30:39.901  3102-7293  ConversionHelperAidl    audioserver                          E  Function: parseAndSetVendorParameters Line: 94 Failed 
2026-04-16 21:30:39.901  3102-7293  DeviceHalAidl           audioserver                          D  [binaural_record] setParameters: parameters: "RingTrack=1"
2026-04-16 21:30:39.901  3102-7293  DeviceHalAidl           audioserver                          D  [virtual] setParameters: parameters: "RingTrack=1"
2026-04-16 21:30:39.901  3102-7293  ConversionHelperAidl    audioserver                          E  Function: parseAndSetVendorParameters Line: 94 Failed 
2026-04-16 21:30:39.901  3102-7293  AudioBoost              audioserver                          D  audioSchedBoost, pid=3102, tid=7293, enable=1, ret=0
2026-04-16 21:30:39.901  3102-7293  AudioBoost              audioserver                          D  AudioUclampBoost: set invalid schedMinValue: 1025, ignored
2026-04-16 21:30:39.901  3102-7293  AudioBoost              audioserver                          D  AudioUclampBoost: sched_setattr success. attr(flags 120, min 1024, max 1024, tid 7293, enable 1)
2026-04-16 21:30:39.901  3102-7293  AudioBoost              audioserver                          E  start  AudioUclampBoost pid:3102 tid:7293 sucess
2026-04-16 21:30:39.901  3102-4528  AudioPolicyEffects      audioserver                          D  addOutputSessionEffects(): no output processing needed for this stream
2026-04-16 21:30:39.901  3102-4528  APM_AudioPolicyManager  audioserver                          D  startOutput() output 21, stream 5, portId 7406, session 80353
2026-04-16 21:30:39.901  3102-4527  AudioFlingerExtImpl     audioserver                          D  AudioFlingerExtImpl oplusSetParameters: keyvalue volumeStreamAction=start;volumeStreamType=5
2026-04-16 21:30:39.901  3102-4527  DeviceHalAidl           audioserver                          D  [default] setParameters: parameters: "volumeStreamAction=start;volumeStreamType=5"
2026-04-16 21:30:39.901  7773-7890  native                  com.max.aiassistant                  I  I0000 00:00:1776367839.901726    7890 session_basic.cc:312] RunPrefill: 
2026-04-16 21:30:39.901  7773-7890  native                  com.max.aiassistant                  I  I0000 00:00:1776367839.901890    7890 session_basic.cc:314] <|turn>user
                                                                                                    est-ce que tu m'entends<turn|>
                                                                                                    <|turn>model
2026-04-16 21:30:39.901  2889-4692  AHAL_Modul...mary_OPLUS audiohalservice.qti                  D  processSetVendorParameters: kvpairs: volumeStreamAction=start;volumeStreamType=5;
2026-04-16 21:30:39.901  3102-4527  DeviceHalAidl           audioserver                          D  [usb] setParameters: parameters: "volumeStreamAction=start;volumeStreamType=5"
2026-04-16 21:30:39.902  3102-4527  ConversionHelperAidl    audioserver                          E  Function: parseAndSetVendorParameters Line: 94 Failed 
2026-04-16 21:30:39.902  3102-4527  DeviceHalAidl           audioserver                          D  [r_submix] setParameters: parameters: "volumeStreamAction=start;volumeStreamType=5"
2026-04-16 21:30:39.902  2889-4692  AHAL_ModuleRemoteSubmix audiohalservice.qti                  D  setVendorParameters: parameter count 2, async: 0
2026-04-16 21:30:39.902  3102-4527  DeviceHalAidl           audioserver                          D  [bluetooth] setParameters: parameters: "volumeStreamAction=start;volumeStreamType=5"
2026-04-16 21:30:39.902  3102-4527  ConversionHelperAidl    audioserver                          E  Function: parseAndSetVendorParameters Line: 94 Failed 
2026-04-16 21:30:39.902  3102-4527  DeviceHalAidl           audioserver                          D  [binaural_record] setParameters: parameters: "volumeStreamAction=start;volumeStreamType=5"
2026-04-16 21:30:39.902  3102-4527  DeviceHalAidl           audioserver                          D  [virtual] setParameters: parameters: "volumeStreamAction=start;volumeStreamType=5"
2026-04-16 21:30:39.902  3102-4527  ConversionHelperAidl    audioserver                          E  Function: parseAndSetVendorParameters Line: 94 Failed 
2026-04-16 21:30:39.902  7407-7697  Battery                 com.oplus.battery                    W  Thermal.LowVoltageScene: onStateChanged mAudioPlaying=true
2026-04-16 21:30:39.902  7407-7697  Battery                 com.oplus.battery                    W  Thermal.LowVoltageScene: isCurrentLowVoltageScene 01000 bat=77, mLowVoltageConfigList=[11000, 10110, 10100, 10001, 01110, 01011]
2026-04-16 21:30:39.902  3102-4528  APM_AudioPolicyManager  audioserver                          D  setOutputDevice() output 21 device {AUDIO_DEVICE_OUT_SPEAKER, @:} force 1 delayMs 0
2026-04-16 21:30:39.902  3102-4528  APM_AudioPolicyManager  audioserver                          D  FastGameEffect output 21 device {AUDIO_DEVICE_OUT_SPEAKER, @:}
2026-04-16 21:30:39.902  3102-4528  OplusFastGameEffect     audioserver                          D  FastGameSetOutputDevices set same device, no need update
2026-04-16 21:30:39.902  3102-4528  AtlasEventUploadUtils   audioserver                          D  setEvent event:atlas_event_audio_device_route_changed
2026-04-16 21:30:39.903  8135-11782 OplusAtlas...ionManager com.oplus.persist.multimedia         D  callback success event:atlas_event_audio_device_route_changed eventInfo:DeviceId:2
2026-04-16 21:30:39.903  8135-13262 OplusAtlas...ionManager com.oplus.persist.multimedia         W  unexpected message !
2026-04-16 21:30:39.904  4772-5625  AS.AudioService         system_server                        D  uid 1000, callingApp = android.uid.system:1000
2026-04-16 21:30:39.906  4772-4772  OplusWifiB...Dispatcher system_server                        D  mBroadcastReceiver: onReceiver  action=android.media.ACTION_AUDIO_DEVICE_ROUTE_CHANGED
2026-04-16 21:30:39.906  6930-6930  SubsysBroadcastManager  com.oplus.subsys                     D  onReceive action:android.media.ACTION_AUDIO_DEVICE_ROUTE_CHANGED
2026-04-16 21:30:39.906  6930-6930  HeadNearEvent           com.oplus.subsys                     D  Recevice audioDeviceRoute status:2
2026-04-16 21:30:39.906  4772-6188  OplusWifiSarManager     system_server                        I  Received action: android.media.ACTION_AUDIO_DEVICE_ROUTE_CHANGED
2026-04-16 21:30:39.906  4772-6188  OplusWifiSarManager     system_server                        I  onAudioDeviceRouteStateChanged: 2
2026-04-16 21:30:39.906  4772-6188  OplusWifiSarManager     system_server                        I  mWifiConnected: true mWifiState: true
2026-04-16 21:30:39.906  4772-6188  OplusWifiSarManager     system_server                        D  set wifi_dbs_enable to false
2026-04-16 21:30:39.906  4772-6188  OplusWifiSarManager     system_server                        D  wifiBand mWifi2gState:false mWifi5gState: true mWifi5gBand:WIFI_5G_BAND1 mWifi6gBand:WIFI_5G_DISABLE
2026-04-16 21:30:39.906  4772-6188  OplusWifiSarManager     system_server                        I  sar sensor state:
2026-04-16 21:30:39.906  4772-6188  OplusWifiSarManager     system_server                        I  sensor index: 0, state: null
2026-04-16 21:30:39.906  4772-6188  OplusWifiSarManager     system_server                        I  sensor index: 1, state: null
2026-04-16 21:30:39.906  4772-6188  OplusWifiSarManager     system_server                        I  sensor index: 2, state: null
2026-04-16 21:30:39.906  4772-6188  OplusWifiSarManager     system_server                        I  sensor index: 3, state: null
2026-04-16 21:30:39.906  4772-6188  OplusWifiSarManager     system_server                        I  sensor index: 4, state: null
2026-04-16 21:30:39.906  4772-6188  OplusWifiSarManager     system_server                        I  sensor index: 5, state: null
2026-04-16 21:30:39.906  4772-6188  OplusWifiSarManager     system_server                        I  sensor index: 6, state: null
2026-04-16 21:30:39.907  4772-6188  OplusWifiSarManager     system_server                        I  sensor index: 7, state: null
2026-04-16 21:30:39.907  4772-6188  OplusWifiSarManager     system_server                        I  sensor index: 8, state: null
2026-04-16 21:30:39.907  4772-6188  OplusWifiSarManager     system_server                        I  sensor index: 9, state: null
2026-04-16 21:30:39.907  4772-6188  OplusWifiSarManager     system_server                        I  sensor index: 10, state: null
2026-04-16 21:30:39.907  4772-6188  OplusWifiSarManager     system_server                        I  sensor index: 11, state: null
2026-04-16 21:30:39.907  4772-6188  OplusWifiSarManager     system_server                        I  sensor index: 12, state: null
2026-04-16 21:30:39.907  4772-6188  OplusWifiSarManager     system_server                        I  sensor index: 13, state: null
2026-04-16 21:30:39.907  4772-6188  OplusWifiSarManager     system_server                        I  sensor index: 14, state: null
2026-04-16 21:30:39.907  4772-6188  OplusWifiSarManager     system_server                        I  sensor index: 15, state: null
2026-04-16 21:30:39.907  4772-6188  OplusWifiSarManager     system_server                        I  project: 24776, country: FR
2026-04-16 21:30:39.907  4772-6188  OplusWifiSarManager     system_server                        I  sensor state: earpiece: 2, sensor: null, isScreenOn: true
2026-04-16 21:30:39.907  4772-6188  OplusWifiSarManager     system_server                        I  modem state: mCellOn: false mDataOn: false mData5gOn: true
2026-04-16 21:30:39.907  4772-6188  OplusWifiSarManager     system_server                        I  wifi state: mWifiConnected: true mWifiSapEnabled: false mWifiP2pConnected: false mWifi2gState: false mWifi5gState: true mWifi5gBand: WIFI_5G_BAND1 mWifi6gBand: WIFI_5G_DISABLE mIsBluetoothTxOn: false
2026-04-16 21:30:39.907  4772-6188  OplusWifiSarManager     system_server                        I  mSta5gBand: WIFI_5G_BAND1 , mP2p5gBand: WIFI_5G_DISABLE , mSap5gBand: WIFI_5G_DISABLE , mSta6gBand: WIFI_5G_DISABLE , mP2p6gBand: WIFI_5G_DISABLE , mSap6gBand: WIFI_5G_DISABLE , wifiBand5g: WIFI_5G_BAND1 , wifiBand6g: WIFI_5G_DISABLE
2026-04-16 21:30:39.907  4772-6188  OplusWifiSarManager     system_server                        I  wifisar engineerMode state: enable: false, Regdomain: , modemWorkType(2:4G, 3:5G): -1, sensorWorkType: -1, wifiChannel2.4G: -1, wifiChannel5G: -1, wifiChannel6G: -1 mWifiSarTestFoldWorkType((1=unfold,0=fold)):-1, bt work type: -1, hotspot work type: -1
2026-04-16 21:30:39.907  4772-6188  OplusWifiSarManager     system_server                        I  sensor index: 13, max: 16
2026-04-16 21:30:39.907  4772-6188  OplusWifiSarManager     system_server                        D  is countrylist Country FR
2026-04-16 21:30:39.907  4772-6188  OplusWifiSarManager     system_server                        I  no change: stateindex: 11111000001100010 isWifi2g: false wifiBand5g: WIFI_5G_BAND1 wifiBand6g: WIFI_5G_DISABLE
2026-04-16 21:30:39.910  4772-5803  CwbClient               system_server                        D  LECENT_AI::CwbClient::RGB||15||24||38, timestamp=831284981159120
2026-04-16 21:30:39.910  3102-4518  AudioBoost              audioserver                          D  doStopBoostForWake id 7401 +++
2026-04-16 21:30:39.910  3102-4518  AudioBoost              audioserver                          E  id 7401 not boost.
2026-04-16 21:30:39.933  3102-4527  AudioFling...PatchPanel audioserver                          V  createAudioPatch_l() num_sources 1 num_sinks 1 handle 17284
2026-04-16 21:30:39.933  3102-4527  AudioFling...PatchPanel audioserver                          V  createAudioPatch_l() removing patch handle 17284
2026-04-16 21:30:39.933  3102-4601  DeviceHalAidl           audioserver                          D  [default] createAudioPatch: sources: 1 sinks 1
2026-04-16 21:30:39.933  3102-4601  Hal2AidlMapper          audioserver                          D  [default] findOrCreatePortConfig: device port config does not have audio or gain config specified
2026-04-16 21:30:39.933  2889-4692  AHAL_Module_QTI         audiohalservice.qti                  I  setAudioPatch: requested patch AudioPatch{id: 293, sourcePortConfigIds: [61], sinkPortConfigIds: [59], minimumStreamBufferSizeFrames: 192, latenciesMs: [10]}
2026-04-16 21:30:39.933  2889-4692  AHAL_StreamIn_QTI       audiohalservice.qti                  D  ~StreamInPrimary : usecase: PCM_RECORD, mix port config id:668, IoHandle:830 
2026-04-16 21:30:39.933  2889-4692  AHAL_OplusStreamInExt   audiohalservice.qti                  I  ~OplusStreamInExt: usecase: PCM_RECORD
2026-04-16 21:30:39.933  2889-4692  AHAL_Module_QTI         audiohalservice.qti                  I  setAudioPatch: updated from [low_latency_out  -> speaker  ] AudioPatch{id: 293, sourcePortConfigIds: [61], sinkPortConfigIds: [59], minimumStreamBufferSizeFrames: 192, latenciesMs: [10]} to [low_latency_out  -> speaker  ] AudioPatch{id: 293, sourcePortConfigIds: [61], sinkPortConfigIds: [59], minimumStreamBufferSizeFrames: 192, latenciesMs: [10]}
2026-04-16 21:30:39.933  3102-4601  StreamHalAidl           audioserver                          E  Function: getRecommendedLatencyModes Line: 1343 Failed 
2026-04-16 21:30:39.933  3102-4527  AudioFling...PatchPanel audioserver                          V  createAudioPatch_l() status 0
2026-04-16 21:30:39.933  3102-4527  AudioFling...PatchPanel audioserver                          V  -createAudioPatch_l() status 0
2026-04-16 21:30:39.934  3102-4528  AudioPolic...erfaceImpl audioserver                          D  mSessionLatestHandleList add Item on session 80353, port = 7406
2026-04-16 21:30:39.934  3102-3226  NativePerm...Controller audioserver                          D  checkPermission: missing 13 for 10164
2026-04-16 21:30:39.934  3102-15169 NativePerm...Controller audioserver                          D  checkPermission: missing 13 for 10195
2026-04-16 21:30:39.934  3102-6102  NativePerm...Controller audioserver                          D  checkPermission: missing 13 for 10214
2026-04-16 21:30:39.934  3102-7293  AudioFlingerExtImpl     audioserver                          D  updateMetaScenes mMetaScenesOwnerMap[4]=[0,-1]
2026-04-16 21:30:39.934  3102-7293  AudioFlingerExtImpl     audioserver                          D  updateMetaScenes mMetaScenesOwnerMap[5]=[0,-1]
2026-04-16 21:30:39.934  3102-4705  NativePerm...Controller audioserver                          D  checkPermission: missing 13 for 10401
2026-04-16 21:30:39.934  3102-7293  AudioFlingerExtImpl     audioserver                          D  recordRecentPlayAppsInfo:add com.google.android.tts to mRecentPlayAppsInfoDeque, size=10
2026-04-16 21:30:39.934  3102-7293  AudioFling...eadExtImpl audioserver                          D  FastGameEffect: checkFastEffectServType has appeared uid 10205, check by persist map, pkgName = com.google.android.tts, use count = 16, map size = 9
2026-04-16 21:30:39.934  3102-7293  AudioFling...eadExtImpl audioserver                          D  FastGameEffect: checkFastEffectServType has appeared uid 10205, check by binder: 0, pkgName = com.google.android.tts, use count = 16, map size = 9, servType = 0
2026-04-16 21:30:39.934  3102-7293  AudioFling...eadExtImpl audioserver                          D  HoloAudio:addActiveTrack,isSpatialzierTrackPlaying:0 isMetaTrackPlaying:0 isMetaTrack:0
2026-04-16 21:30:39.934  3102-7293  AudioFlingerExtImpl     audioserver                          D  getSplitScreenSwitch: screenSwitch = 0
2026-04-16 21:30:39.934  3102-7293  AudioFling...eadExtImpl audioserver                          D  notifyAudioTrackCreate event:atlas_event_audio_track_create info:pid:9994,sessionId:80353,streamType:5,sampleRate:16000,format:1,startvl:1.000,startvr:1.000,balance:0.000,channelcount:1,flags:6,deviceTypes:2,hasFastMixer:1,isOffloadThread:0,isSpatialized:0,id:21,effectChains:0,frameCount:6788,requestFC:6788,minFC:972,metaAudioScene:0,metaAudioPos:[0.0|0.0|0.0],window_rendering:0
2026-04-16 21:30:39.934  3102-7293  AtlasEventUploadUtils   audioserver                          D  setEvent event:atlas_event_audio_track_create
2026-04-16 21:30:39.934  3102-15169 NativePerm...Controller audioserver                          D  checkPermission: missing 13 for 10195
2026-04-16 21:30:39.934  4772-4923  QosScheduler            system_server                        W  getScenario failed! scenarios is null, mask=32
2026-04-16 21:30:39.934  4772-4923  QosScheduler            system_server                        W  executeSceneQosStrategy get scenario failed! scenario is null
2026-04-16 21:30:39.934  3102-7293  AudioFling...eadExtImpl audioserver                          D  FastGameEffect: checkFastEffectServType has appeared uid 10205, check by persist map, pkgName = com.google.android.tts, use count = 17, map size = 9
2026-04-16 21:30:39.934  3102-7293  AudioFling...eadExtImpl audioserver                          D  FastGameEffect: checkFastEffectServType has appeared uid 10205, check by binder: 0, pkgName = com.google.android.tts, use count = 17, map size = 9, servType = 0
2026-04-16 21:30:39.934  3102-7293  AudioTrack...oxyExtImpl audioserver                          D  AudioTrackServerProxyExtImpl init
2026-04-16 21:30:39.934  3102-7293  AudioTrack...oxyExtImpl audioserver                          D  audioTrackServerProxyTest
2026-04-16 21:30:39.934  3102-7293  AudioTrack...oxyExtImpl audioserver                          D  audioTrackServerProxy, initialize
2026-04-16 21:30:39.934  3102-7293  AudioTrack...oxyExtImpl audioserver                          D  initSupportAudioRamp ,  mIsSupport = 0.
2026-04-16 21:30:39.934  3520-3542  EventTest               atlasservice                         D  handleEvent atlas_event_audio_track_create pid:9994,sessionId:80353,streamType:5,flags:6,deviceTypes:2,hasFastMixer:1
2026-04-16 21:30:39.934  3102-4601  AudioMixer              audioserver                          D  create mTempOutMetaAudio.get() 0xb40000776220d0c0, pTempOutMetaAudio 0x0 track id 7403
2026-04-16 21:30:39.934  3102-4601  AudioFlinger            audioserver                          D  prepareTracks_l: track 7403 sid 80353 s=00000000 [OK] on thread 21, framesReady=6788, minFrames=1, isReady=1, isTerminated=0, isShare=1, Ignor=0, desirFs=324
2026-04-16 21:30:39.934  3102-10289 NativePerm...Controller audioserver                          D  checkPermission: missing 13 for 10164
2026-04-16 21:30:39.934  3102-4601  AF::PthrPatchRecord     audioserver                          I  processMuteEvent(7403): processed mute state for port ID 7406 from 0 to 0x42
2026-04-16 21:30:39.935  4772-4844  AppOps                  system_server                        E  attributionTag  not declared in manifest of com.google.android.tts
2026-04-16 21:30:39.935  3102-4601  AudioFlinger            audioserver                          D  updateWakeLockUids_l AudioOut_15 uids:10205 
2026-04-16 21:30:39.935  3102-15169 NativePerm...Controller audioserver                          D  checkPermission: missing 13 for 10401
2026-04-16 21:30:39.935  3102-4601  AFExtImpl               audioserver                          D  checkTrackBuffer1() track 0xb400007785ee0b18 get INFO from NEW, channelCount 1, pid 9994
2026-04-16 21:30:39.935  4772-4844  AppOps                  system_server                        E  attributionTag  not declared in manifest of com.google.android.tts
2026-04-16 21:30:39.935  3102-7293  AudioBoost              audioserver                          D  audioSchedBoost, pid=3102, tid=7293, enable=0, ret=0
2026-04-16 21:30:39.935  3102-7293  AudioBoost              audioserver                          D  AudioUclampBoost: set invalid schedMinValue: 1025, ignored
2026-04-16 21:30:39.935  3102-4601  AFExtImpl               audioserver                          D  initFromProperty() 0xb40000779f6723c0, sAdSwitch 1, typeCheck 0, logdumpEnable 0, pcmdumpEnable 0, trackPid 9994
2026-04-16 21:30:39.935  3102-7293  AudioBoost              audioserver                          D  AudioUclampBoost: sched_setattr success. attr(flags 120, min 0, max 1024, tid 7293, enable 0)
2026-04-16 21:30:39.935  3102-7293  AudioBoost              audioserver                          E  stop  AudioUclampBoost pid:3102 tid:7293 sucess
2026-04-16 21:30:39.935 20295-20566 AudioSystem-JNI         com.oplus.metis                      W  Unknown native audio format for JAVA API: 503316496
2026-04-16 21:30:39.935 20295-20566 AudioSystem-JNI         com.oplus.metis                      W  Unknown native audio format for JAVA API: 503316736
2026-04-16 21:30:39.935  3102-4705  AudioBoost              audioserver                          D  audioAppKeyThreadReport() pid 9994, tid 8101, enable 1, inUid 0, eventIt -1, threadType 0, id 7403
2026-04-16 21:30:39.935  3102-4705  AudioBoost              audioserver                          D  appThreadInfo update:start 8101, write 8101, cbk 9463 read -1
2026-04-16 21:30:39.935  3102-4705  AudioBoost              audioserver                          D  audioAppKeyThreadReport(), restore boost for threadType 0, tid 8101
2026-04-16 21:30:39.935  3102-4705  AudioBoost              audioserver                          D  audioAppKeyThreadReport(), restore boost for threadType 1, tid 8101
2026-04-16 21:30:39.935  3102-4705  AudioBoost              audioserver                          D  audioAppKeyThreadReport(), restore boost for threadType 2, tid 9463
2026-04-16 21:30:39.935  2889-4598  AHAL_StreamOut_QTI      audiohalservice.qti                  D  start : usecase: LOW_LATENCY_PLAYBACK, mix port config id:61, IoHandle:21 
2026-04-16 21:30:39.935  2889-4598  AHAL_OplusStreamOutExt  audiohalservice.qti                  D  getBypassConfigure : usecase: LOW_LATENCY_PLAYBACK IoHandle: 21  mBypassConfigure: 0
2026-04-16 21:30:39.935  2889-4598  PERFHAL-CLIENT          audiohalservice.qti                  E  PERFHAL-CLIENT: perf_lock_acq() 164: opcode=1077936128 isMvOpcode=0
2026-04-16 21:30:39.935  2889-4598  PERFHAL-CLIENT          audiohalservice.qti                  E  PERFHAL-CLIENT: perf_lock_acq() 164: opcode=1082130432 isMvOpcode=0
2026-04-16 21:30:39.935  4772-8124  OStatsManager_Calc      system_server                        I  noteAudio: uid = 10205, start = true
2026-04-16 21:30:39.936  3102-7293  NativePerm...Controller audioserver                          D  checkPermission: missing 13 for 10164
2026-04-16 21:30:39.936  4772-6427  IPCThreadState          system_server                        I  oneway function results for code 10006 on binder at 0xb4000071b9a90020 will be dropped but finished with status UNKNOWN_TRANSACTION
2026-04-16 21:30:39.936  2889-4598  PAL: API                audiohalservice.qti                  I  pal_stream_open: 315: Enter, stream type:1
2026-04-16 21:30:39.936  2889-4598  PAL: Stream             audiohalservice.qti                  D  create: 142: Enter.
2026-04-16 21:30:39.936  3102-4705  NativePerm...Controller audioserver                          D  checkPermission: missing 13 for 10205
2026-04-16 21:30:39.936  2889-4598  PAL: ResourceManager    audiohalservice.qti                  D  getDeviceConfig: 2757: device id 0x3 channels 2 samplerate 48000, bitwidth 24 format 22 SndDev speaker priority 0x3
2026-04-16 21:30:39.936  2889-4598  PAL: Stream             audiohalservice.qti                  D  create: 253: stream type 0x1
2026-04-16 21:30:39.936  2889-4598  PAL: PluginManager      audiohalservice.qti                  D  openPlugin: 174: Opening lib libstream_pcm.so
2026-04-16 21:30:39.936  3102-4705  NativePerm...Controller audioserver                          D  checkPermission: missing 13 for 10205
2026-04-16 21:30:39.937  2912-3011  [UAH_CLIENT]            ven...ti.hardware.perf2-hal-service  I  UahPlatformResAcquire
2026-04-16 21:30:39.937  2912-3011  [UAH_CLIENT]            ven...ti.hardware.perf2-hal-service  I  UahEventAcquire, cmdid:-3, pkg:2889 4598, identity:qcom-perfd
2026-04-16 21:30:39.937  8787-29974 AudioSystem-JNI         com.android.chrome                   W  Unknown native audio format for JAVA API: 503316496
2026-04-16 21:30:39.937  8787-29974 AudioSystem-JNI         com.android.chrome                   W  Unknown native audio format for JAVA API: 503316736
2026-04-16 21:30:39.937  2889-4598  PAL: StreamPCM          audiohalservice.qti                  D  StreamPCM: 93: Enter
2026-04-16 21:30:39.937  2889-4598  PAL: SessionAR          audiohalservice.qti                  I  SessionAR: 72: usecase manager xml parsing successful
2026-04-16 21:30:39.937  2889-4598  PAL: Device             audiohalservice.qti                  D  insertStreamDeviceAttr: 766: insert the first device attribute
2026-04-16 21:30:39.937  2889-4598  PAL: Device             audiohalservice.qti                  D  insertStreamDeviceAttr: 819: dev: 3 attr inserted are: priority: 0x3, stream type: 1, ch: 2, sr: 48000, bit_width: 24, fmt: 22, sndDev: speaker, custom_key: 
2026-04-16 21:30:39.937  2889-4598  PAL: ResourceManager    audiohalservice.qti                  D  registerStream: 2829: Enter. stream 0xb4000072d6cb23c0K
2026-04-16 21:30:39.937  2889-4598  PAL: ResourceManager    audiohalservice.qti                  D  registerStream: 2837: stream type 1
2026-04-16 21:30:39.937  2889-4598  PAL: ResourceManager    audiohalservice.qti                  D  registerStream: 2860: Exit. ret 0
2026-04-16 21:30:39.937  2889-4598  PAL: ResourceManager    audiohalservice.qti                  D  updateDeviceConfig: 6698: Enter
2026-04-16 21:30:39.937  2889-4598  PAL: ResourceManager    audiohalservice.qti                  D  getSharedBEActiveStreamDevs: 5891: got dev 2 active streams on dev is 0
2026-04-16 21:30:39.937  2889-4598  PAL: ResourceManager    audiohalservice.qti                  D  getSharedBEActiveStreamDevs: 5891: got dev 3 active streams on dev is 0
2026-04-16 21:30:39.937  2889-4598  PAL: Device             audiohalservice.qti                  I  setDeviceAttributes: 237: DeviceAttributes for Device Id 3 updated
2026-04-16 21:30:39.937  2889-4598  PAL: ResourceManager    audiohalservice.qti                  D  updateDeviceConfig: 6809: Exit
2026-04-16 21:30:39.937  2889-4598  PAL: StreamPCM          audiohalservice.qti                  D  StreamPCM: 211: Exit. state 0
2026-04-16 21:30:39.937  2889-4598  PAL: ResourceManager    audiohalservice.qti                  D  isStreamSupported: 2794: Enter. type 1
2026-04-16 21:30:39.937  2889-4598  PAL: Stream             audiohalservice.qti                  D  isStreamSupported: 2078: Enter
2026-04-16 21:30:39.937  2889-4598  PAL: StreamPCM          audiohalservice.qti                  D  isBitWidthSupported: 1457: bitWidth 24
2026-04-16 21:30:39.937  2889-4598  PAL: StreamPCM          audiohalservice.qti                  D  isSampleRateSupported: 1412: sampleRate 48000
2026-04-16 21:30:39.937  2889-4598  PAL: StreamPCM          audiohalservice.qti                  D  isChannelSupported: 1435: numChannels 2
2026-04-16 21:30:39.937  2889-4598  PAL: Stream             audiohalservice.qti                  D  isStreamSupported: 2101: Exit. rc 0
2026-04-16 21:30:39.937  2889-4598  PAL: ResourceManager    audiohalservice.qti                  D  isStreamSupported: 2821: Exit. result 1
2026-04-16 21:30:39.937  2889-4598  PAL: Stream             audiohalservice.qti                  D  create: 337: Exit stream 0xb4000072d6cb23c0K create successful
2026-04-16 21:30:39.937  2912-3011  PERFHAL-RESOURCEQS      ven...ti.hardware.perf2-hal-service  E  PERFHAL-RESOURCEQS: AddAndApply() 130: Resource with major=18, minor=0 not supported
2026-04-16 21:30:39.937  2889-4598  PAL: StreamPCM          audiohalservice.qti                  D  open: 221: Enter. session handle - 0xb4000072a9774000K device count - 1
2026-04-16 21:30:39.937  2889-4598  PAL: ResourceManager    audiohalservice.qti                  D  getPALDeviceName: 6969: id 3
2026-04-16 21:30:39.937  2889-4598  PAL: Device             audiohalservice.qti                  I  open: 324: Enter. deviceCount 0 for device id 3 (PAL_DEVICE_OUT_SPEAKER)
2026-04-16 21:30:39.937  2889-4598  PAL: Device             audiohalservice.qti                  D  getBeMixerControl: 993: mixer control MI2S-LPAIF-RX-PRIMARY rate ch fmt
2026-04-16 21:30:39.937  2889-4598  PAL: Device             audiohalservice.qti                  I  setMediaConfig: 1095: MI2S-LPAIF-RX-PRIMARY rate ch fmt data_fmt 48000 2 6 1
2026-04-16 21:30:39.937  2889-4598  PAL: Device             audiohalservice.qti                  D  open: 348: audio_route 0xb4000072b94f5ea0K SND device name speaker
2026-04-16 21:30:39.937  2889-4598  audio_route             audiohalservice.qti                  D  Apply path: speaker
2026-04-16 21:30:39.937  2889-4598  PAL: Device             audiohalservice.qti                  I  open: 370: Exit. deviceCount 1 for device id 3 (PAL_DEVICE_OUT_SPEAKER), exit status: 0
2026-04-16 21:30:39.937  2889-4598  PAL: SessionAlsaPcm     audiohalservice.qti                  D  open: 181: Enter
2026-04-16 21:30:39.937 12023-13618 AudioSystem-JNI         com...ooglequicksearchbox:googleapp  W  Unknown native audio format for JAVA API: 503316496
2026-04-16 21:30:39.937  2889-4598  PAL: ResourceManager    audiohalservice.qti                  D  getBackEndNames: 6143: getBackEndNames (RX): MI2S-LPAIF-RX-PRIMARY
2026-04-16 21:30:39.937 12023-13618 AudioSystem-JNI         com...ooglequicksearchbox:googleapp  W  Unknown native audio format for JAVA API: 503316736
2026-04-16 21:30:39.937  2889-4598  PAL: ResourceManager    audiohalservice.qti                  I  allocateFrontEndIds: 5458: allocateFrontEndIds: front end 126
2026-04-16 21:30:39.937  2889-4598  PAL: SessionAlsaUtils   audiohalservice.qti                  D  open: 386: Entry 
2026-04-16 21:30:39.937  2889-4598  PAL: PayloadBuilder     audiohalservice.qti                  I  populateStreamKV: 3178: stream type 1
2026-04-16 21:30:39.937  2889-4598  PAL: PayloadBuilder     audiohalservice.qti                  I  getSelectorValues: 2986: Direction: 1
2026-04-16 21:30:39.937  2889-4598  PAL: PayloadBuilder     audiohalservice.qti                  I  getSelectorValues: 3002: Instance: 1
2026-04-16 21:30:39.938  2889-4598  PAL: PayloadBuilder     audiohalservice.qti                  I  findKVs: 2868: key: 0xa1000000 value: 0xa100000e
2026-04-16 21:30:39.938  2889-4598  PAL: PayloadBuilder     audiohalservice.qti                  I  findKVs: 2868: key: 0xab000000 value: 0x1
2026-04-16 21:30:39.938  2889-4598  PAL: SessionAlsaUtils   audiohalservice.qti                  D  getFeMixerControl: 316: mixer control PCM126 control
2026-04-16 21:30:39.938  2889-4598  PAL: Stream             audiohalservice.qti                  D  getSoundCardId: 637: sound card id = 0x0
2026-04-16 21:30:39.938  2889-4598  PAL: PayloadBuilder     audiohalservice.qti                  I  populateDeviceKV: 3310: Enter device id:3
2026-04-16 21:30:39.938  2889-4598  PAL: PayloadBuilder     audiohalservice.qti                  I  findKVs: 2881: key: 0xa2000000 value: 0xa2000001
2026-04-16 21:30:39.938  2889-4598  PAL: PayloadBuilder     audiohalservice.qti                  I  populateDeviceKV: 3337: Exit device id:3, status 0
2026-04-16 21:30:39.938  2889-4598  PAL: SessionAlsaUtils   audiohalservice.qti                  D  open: 488: is Bitperfect 0 stream type 1
2026-04-16 21:30:39.938  2889-4598  PAL: PayloadBuilder     audiohalservice.qti                  I  populateDevicePPKV: 3450: Rx device id:3
2026-04-16 21:30:39.938  2889-4598  PAL: PayloadBuilder     audiohalservice.qti                  I  getSelectorValues: 3068: stream type: 1
2026-04-16 21:30:39.938  2889-4598  PAL: PayloadBuilder     audiohalservice.qti                  I  findKVs: 2868: key: 0xa2000000 value: 0xa2000001
2026-04-16 21:30:39.938  2889-4598  PAL: PayloadBuilder     audiohalservice.qti                  I  findKVs: 2868: key: 0xac000000 value: 0xac000002
2026-04-16 21:30:39.938  2889-4598  PAL: PayloadBuilder     audiohalservice.qti                  I  populateDevicePPCkv: 3638: SpeakerProt Status[1], RAS Status[0]
2026-04-16 21:30:39.938  2889-4598  PAL: SessionAlsaUtils   audiohalservice.qti                  D  open: 530: Speaker protection enabled
2026-04-16 21:30:39.938  2889-4598  PAL_OplusS...Protection audiohalservice.qti                  I  getSpeakerScence: 2307: Mode 0 select ringtone playback parame
2026-04-16 21:30:39.938  2889-4598  PAL_OplusS...Protection audiohalservice.qti                  I  populateSpeakerCKV: 2363: scence: 4
2026-04-16 21:30:39.938  2889-4598  PAL_OplusS...Protection audiohalservice.qti                  D  setSpeakerCKV: 2173: mSpkScence 4
2026-04-16 21:30:39.938  2889-4598  AGM: session            audiohalservice.qti                  I  session_obj_set_sess_aif_metadata: 2020 Exit
2026-04-16 21:30:39.938  2889-4598  AgmIpc::Server          audiohalservice.qti                  I  SessionInfo created for session 126
2026-04-16 21:30:39.938  2889-4598  AGM: API                audiohalservice.qti                  I  agm_session_aif_connect: 629 connecting aifid:14 with session id=126
2026-04-16 21:30:39.938  2889-4598  PAL: SessionAlsaUtils   audiohalservice.qti                  D  open: 624: Exit, status 0
2026-04-16 21:30:39.938  2889-4598  PAL: SessionAlsaPcm     audiohalservice.qti                  D  open: 470: Exit status: 0
2026-04-16 21:30:39.938  2889-4598  PAL: StreamPCM          audiohalservice.qti                  D  open: 279: stream pcm opened. state 1
2026-04-16 21:30:39.938  2889-4598  PAL: memLoggerBuilder   audiohalservice.qti                  D  palStateQueueBuilder: 85: TIME IS:1776367839938
2026-04-16 21:30:39.938  2889-4598  PAL: StreamPCM          audiohalservice.qti                  D  open: 301: Exit ret 0
2026-04-16 21:30:39.938  2889-4598  PAL: API                audiohalservice.qti                  D  notify_concurrent_stream: 95: Notify concurrent stream: 0xb4000072d6cb23c0K, active 1
2026-04-16 21:30:39.938  2889-4598  PAL: STUtils            audiohalservice.qti                  D  HandleConcurrencyForSoundTriggerStreams: 1248: Enter, stream: 0xb4000072d6cb23c0K, active 1
2026-04-16 21:30:39.938  2889-4598  PAL: STUtils            audiohalservice.qti                  I  GetConcurrencyInfo: 950: stream type 1 Tx conc 0, Rx conc 0, concurrency allowed
2026-04-16 21:30:39.938  2889-4598  PAL: STUtils            audiohalservice.qti                  D  HandleConcurrencyForSoundTriggerStreams: 1322: Exit
2026-04-16 21:30:39.938  2889-4598  PAL_OplusPalFb          audiohalservice.qti                  I  oplus_feedback_add_info: 882: add stream device = 3
2026-04-16 21:30:39.938  2889-4598  PAL_OplusPalFb          audiohalservice.qti                  I  oplus_feedback_add_info: 904: add info stream 0xb4000072d6cb23c0K, type = 1
2026-04-16 21:30:39.938  2889-4598  PAL: API                audiohalservice.qti                  I  pal_stream_open: 389: Exit. Value of stream_handle 0xb4000072d6cb23c0K, status 0
2026-04-16 21:30:39.938  2912-3011  PERFHAL-OPTSHANDLER     ven...ti.hardware.perf2-hal-service  E  PERFHAL-OPTSHANDLER: unsupported() 942: Error: This resource is not supported
2026-04-16 21:30:39.938  2912-3011  PERFHAL-RESOURCEQS      ven...ti.hardware.perf2-hal-service  E  PERFHAL-RESOURCEQS: RemoveAndApply() 292: Failed to reset optimization here [18, 0]
2026-04-16 21:30:39.938  2912-3011  [UAH_CLIENT]            ven...ti.hardware.perf2-hal-service  I  UahRelease, handle:181639
2026-04-16 21:30:39.938  2889-4598  AHAL_StreamOut_QTI      audiohalservice.qti                  D  configure : usecase: LOW_LATENCY_PLAYBACK, mix port config id:61, IoHandle:21 set pal_stream_set_buffer_size to 1152 with count 2
2026-04-16 21:30:39.938  2889-4598  PAL: API                audiohalservice.qti                  D  pal_stream_set_buffer_size: 1117: Enter. Stream handle :0xb4000072d6cb23c0K
2026-04-16 21:30:39.938  2889-4598  PAL: Stream             audiohalservice.qti                  D  setBufInfo: 722: Out Buffer size 1152 and Out Buffer count 2 metaData sz 0
2026-04-16 21:30:39.938  2889-4598  PAL: API                audiohalservice.qti                  D  pal_stream_set_buffer_size: 1127: Exit. status 0
2026-04-16 21:30:39.938  2889-4598  PERFHAL-CLIENT          audiohalservice.qti                  E  PERFHAL-CLIENT: perf_lock_acq() 164: opcode=1077936128 isMvOpcode=0
2026-04-16 21:30:39.938  2889-4598  PERFHAL-CLIENT          audiohalservice.qti                  E  PERFHAL-CLIENT: perf_lock_acq() 164: opcode=1082130432 isMvOpcode=0
2026-04-16 21:30:39.938  2889-4598  PAL: API                audiohalservice.qti                  I  pal_stream_start: 478: Enter. Stream handle 0xb4000072d6cb23c0K
2026-04-16 21:30:39.938  2889-4598  PAL: StreamPCM          audiohalservice.qti                  D  start: 411: Enter. session handle - 0xb4000072a9774000K mStreamAttr->direction - 1 state 1
2026-04-16 21:30:39.938  2889-4598  PAL_OplusS...Protection audiohalservice.qti                  I  start: 2844: Inside Speaker Protection start, mDeviceStartCount: 0
2026-04-16 21:30:39.938  2889-4598  PAL_OplusSpeakerTfa98xx audiohalservice.qti                  D  payloadSPConfig: 1287: i[0], dev_idx[0], dsp_imp: 0x5fced
2026-04-16 21:30:39.938  2889-4598  PAL_OplusSpeakerTfa98xx audiohalservice.qti                  D  payloadSPConfig: 1287: i[1], dev_idx[1], dsp_imp: 0x68d91
2026-04-16 21:30:39.938  2889-4598  PAL_OplusSpeakerTfa98xx audiohalservice.qti                  I  payloadMultiCmd: 1191: f0Value: 0x183000
2026-04-16 21:30:39.938  2889-4598  PAL: Device             audiohalservice.qti                  I  updateCustomPayload: 270: customPayloadSize = 48
2026-04-16 21:30:39.938  2889-4598  PAL_OplusSpeakerTfa98xx audiohalservice.qti                  I  payloadRotationConfig: 1153: mRotation 0
2026-04-16 21:30:39.938  2889-4598  PAL_OplusSpeakerTfa98xx audiohalservice.qti                  E  payloadRotationConfig: 1167: dsp[4] = 01
