2026-04-13 20:19:56.763  4772-6188  OplusWifiP...ggerCenter system_server                        D  mComponentCallback: wifistat
2026-04-13 20:19:56.764  4772-5803  CwbClient               system_server                        D  LECENT_AI::CwbClient::RGB||19||26||38, timestamp=567840792590258
2026-04-13 20:19:56.783  6930-9360  CommonApp-164-10518     com.oplus.subsys                     D  transport layer data is invalid
2026-04-13 20:19:56.784  6930-9360  ScorePolicy             com.oplus.subsys                     D  handleScoreChanged: []
2026-04-13 20:19:56.784  6930-9360  ScorePolicy             com.oplus.subsys                     D  handleScoreChanged: []
2026-04-13 20:19:56.784  6930-9360  ScorePolicy             com.oplus.subsys                     D  handleScoreChanged: []
2026-04-13 20:19:56.792  2885-5756  sensors-hal             and...ware.sensors-service.multihal  I  handle_oplus_wise_rgb_event:191, wise_rgb: (r, g, b, c)[881.90, 616.43, 267.15, 1418.77],(r2,g2,b2,c2)[[0.00, 0.00, 0.00, 0.00], algo:2.0, flag :0
2026-04-13 20:19:56.792  2885-5756  sensors-hal             and...ware.sensors-service.multihal  I  handle_oplus_wise_rgb_event:217, high_pwm_light:lux 11.2,cct 5300.0,brl/algo/ir 583.0/2.0/122.2,pwm/dc 0.0/0.0,rgbc 881.899963/616.432739/267.146423/1418.767700,ts 567840815692874,cnt 12785,flag 0
2026-04-13 20:19:56.792  4772-5773  AI_FusionLightNextGen   system_server                        D  LECENT_AI::RunArith AVG_RGB:/63/69/78
2026-04-13 20:19:56.792  4772-5773  AI_FusionLightNextGen   system_server                        D  LECENT_AI::RunArith RGB:/19/26/38
2026-04-13 20:19:56.797  4772-5773  FusionLightNextGen      system_server                        D  calculate_silibals_compensation_value: comped_ir_ratio =  0.319201 comped_lux = 0.32168
2026-04-13 20:19:56.797  4772-5773  FusionLightNextGen      system_server                        D  LECENT_AI::raw_lux -1.0, raw_cct -1.0, r/g/b/c: 881.9/616.4/267.1/1418.8, compensate r/g/b/c: 143.55/74.49/63.76/172.00 bri 583.0, lux: 0.000000, cct: -1.0, comped_lux:0.000 comped_cct:-1 ir: 0.319201, cnt: 0
2026-04-13 20:19:56.797  4772-5773  CwbClient               system_server                        I  setCWBDisplayType set mFeatureID = CWB_RGB_VALUE
2026-04-13 20:19:56.839  4772-5803  CwbClient               system_server                        D  LECENT_AI::CwbClient::RGB||6||7||11, timestamp=567840867822237
2026-04-13 20:19:56.914  4772-5803  CwbClient               system_server                        D  LECENT_AI::CwbClient::RGB||6||8||12, timestamp=567840942572133
2026-04-13 20:19:56.954  4037-4037  synaLib                 touchDaemon                          I  tcm: STATUS: Enter DOZE mode
2026-04-13 20:19:56.989  4772-5803  CwbClient               system_server                        D  LECENT_AI::CwbClient::RGB||6||8||12, timestamp=567841017337602
2026-04-13 20:19:56.997 28915-28934 SmartSideb...ValueProxy com.coloros.smartsidebar:ui          D  (main)getOverlayShowVideoAssistant edge_panel_video_assistant =-1
2026-04-13 20:19:56.999  2885-5756  sensors-hal             and...ware.sensors-service.multihal  I  handle_oplus_wise_rgb_event:191, wise_rgb: (r, g, b, c)[828.45, 532.37, 237.46, 1282.35],(r2,g2,b2,c2)[[0.00, 0.00, 0.00, 0.00], algo:2.0, flag :0
2026-04-13 20:19:56.999  4772-7312  FlexibleTaskController  system_server                        D  check task which not have enough child, isInSingleWhiteList:false isCloneTask:false
2026-04-13 20:19:57.000 28915-28915 VideoAssistantUtils     com.coloros.smartsidebar:ui          D  isInSplitScreenMode  === :false
2026-04-13 20:19:57.000  4772-7312  FlexibleTaskController  system_server                        D  check task which not have enough child, isInSingleWhiteList:false isCloneTask:false
2026-04-13 20:19:57.001 28915-28934 SmartSideb...PanelUtils com.coloros.smartsidebar:ui          D  (main)getTopAppInfo() result: ApplicationInfo{9d566e1 com.max.aiassistant}
2026-04-13 20:19:57.001 28915-28934 SmartSideb...PanelUtils com.coloros.smartsidebar:ui          D  (main)getTopPkg() pkg: com.*****.aiassistant
2026-04-13 20:19:57.001  4772-7312  ContentService          system_server                        W  Observer is already registered. Pid is 28915
2026-04-13 20:19:57.002 28915-28934 SmartSideb...tPanelView com.coloros.smartsidebar:ui          D  (main)Registered app status observer for: com.max.aiassistant
2026-04-13 20:19:57.002 28915-28934 SmartSideb...tusManager com.coloros.smartsidebar:ui          D  (main)isAppEnabled: com.max.aiassistant = true
2026-04-13 20:19:57.025  2992-3084  BatteryChargeControl    ven....hardware.charger-V10-service  D  bcc get no support from charging protocol
2026-04-13 20:19:57.028  4772-5780  AlarmManager            system_server                        V  sending alarm Alarm{b1d4207 type 1 origWhen 1776104397028 whenElapsed 567841056 android} uid 1000 whenElapsed 567841056 windowLength 0 maxWhenElapsed 567841056 repeatInterval 0 action null component null tag StorgaeBandInfoAlarmTag flags 0x9 procName system_server
2026-04-13 20:19:57.028  4772-14108 OplusStora...SBandwidth system_server                        E  storage_io_metrics_path is /proc/oplus_storage/io_metrics/forever/
2026-04-13 20:19:57.029  4772-14108 OplusStora...SBandwidth system_server                        E  Bandwidth - Read: 2,00 MB/s, Write: 0,50 MB/s
2026-04-13 20:19:57.030  4772-14108 OplusStora...SBandwidth system_server                        E  Task time: 2ms
2026-04-13 20:19:57.032  4772-14108 OplusStora...SBandwidth system_server                        E  Alarm set to trigger in 10 seconds
2026-04-13 20:19:57.064  4772-5803  CwbClient               system_server                        D  LECENT_AI::CwbClient::RGB||6||8||12, timestamp=567841092308852
2026-04-13 20:19:57.139  4772-5803  CwbClient               system_server                        D  LECENT_AI::CwbClient::RGB||6||8||12, timestamp=567841167169321
2026-04-13 20:19:57.189  4772-5803  CwbClient               system_server                        D  LECENT_AI::CwbClient::RGB||6||8||12, timestamp=567841217647341
2026-04-13 20:19:57.206  2885-5756  sensors-hal             and...ware.sensors-service.multihal  I  handle_oplus_wise_rgb_event:191, wise_rgb: (r, g, b, c)[828.45, 560.39, 237.46, 1282.35],(r2,g2,b2,c2)[[0.00, 0.00, 0.00, 0.00], algo:2.0, flag :0
2026-04-13 20:19:57.206  4772-5773  AI_FusionLightNextGen   system_server                        D  LECENT_AI::RunArith AVG_RGB:/52/54/57
2026-04-13 20:19:57.206  4772-5773  AI_FusionLightNextGen   system_server                        D  LECENT_AI::RunArith RGB:/6/8/12
2026-04-13 20:19:57.210  4772-5773  FusionLightNextGen      system_server                        D  calculate_silibals_compensation_value: comped_ir_ratio =  0.271713 comped_lux = 0.61622
2026-04-13 20:19:57.210  4772-5773  FusionLightNextGen      system_server                        D  LECENT_AI::raw_lux -1.0, raw_cct -1.0, r/g/b/c: 828.5/560.4/237.5/1282.3, compensate r/g/b/c: 169.46/89.31/64.43/209.41 bri 583.0, lux: 0.000000, cct: -1.0, comped_lux:0.000 comped_cct:-1 ir: 0.271713, cnt: 0
2026-04-13 20:19:57.210  4772-5773  CwbClient               system_server                        I  setCWBDisplayType set mFeatureID = CWB_RGB_VALUE
2026-04-13 20:19:57.233 23981-23981 BoundBrokerSvc          com.google.android.gms               D  onUnbind: Intent { act=com.google.android.gms.inappreach.service.START dat=chimera-action:/... xflg=0x4 cmp=com.google.android.gms/.chimera.GmsApiService mCallingUid=10152 }
2026-04-13 20:19:57.242  4772-5803  CwbClient               system_server                        D  LECENT_AI::CwbClient::RGB||6||8||12, timestamp=567841270373644
2026-04-13 20:19:57.293  4772-5803  CwbClient               system_server                        D  LECENT_AI::CwbClient::RGB||6||8||12, timestamp=567841321312081
2026-04-13 20:19:57.303 28915-28934 SmartSideb...ValueProxy com.coloros.smartsidebar:ui          D  (main)getOverlayShowVideoAssistant edge_panel_video_assistant =-1
2026-04-13 20:19:57.303  4772-7308  FlexibleTaskController  system_server                        D  check task which not have enough child, isInSingleWhiteList:false isCloneTask:false
2026-04-13 20:19:57.304 28915-28915 VideoAssistantUtils     com.coloros.smartsidebar:ui          D  isInSplitScreenMode  === :false
2026-04-13 20:19:57.304  4772-7308  FlexibleTaskController  system_server                        D  check task which not have enough child, isInSingleWhiteList:false isCloneTask:false
2026-04-13 20:19:57.305 28915-28934 SmartSideb...PanelUtils com.coloros.smartsidebar:ui          D  (main)getTopAppInfo() result: ApplicationInfo{83b8c06 com.max.aiassistant}
2026-04-13 20:19:57.305 28915-28934 SmartSideb...PanelUtils com.coloros.smartsidebar:ui          D  (main)getTopPkg() pkg: com.*****.aiassistant
2026-04-13 20:19:57.305  4772-7308  ContentService          system_server                        W  Observer is already registered. Pid is 28915
2026-04-13 20:19:57.305 28915-28934 SmartSideb...tPanelView com.coloros.smartsidebar:ui          D  (main)Registered app status observer for: com.max.aiassistant
2026-04-13 20:19:57.305 28915-28934 SmartSideb...tusManager com.coloros.smartsidebar:ui          D  (main)isAppEnabled: com.max.aiassistant = true
2026-04-13 20:19:57.344  4772-5803  CwbClient               system_server                        D  LECENT_AI::CwbClient::RGB||6||8||12, timestamp=567841372312550
2026-04-13 20:19:57.394  4772-5803  CwbClient               system_server                        D  LECENT_AI::CwbClient::RGB||6||8||12, timestamp=567841422757550
2026-04-13 20:19:57.413  2885-5756  sensors-hal             and...ware.sensors-service.multihal  I  handle_oplus_wise_rgb_event:191, wise_rgb: (r, g, b, c)[801.73, 532.37, 207.78, 1255.06],(r2,g2,b2,c2)[[0.00, 0.00, 0.00, 0.00], algo:2.0, flag :0
2026-04-13 20:19:57.524  2885-5982  sensors-hal             and...ware.sensors-service.multihal  I  handle_sns_client_event:274, accel_sample: 0: ts=567840533965478 ns; value = [0.778801, 7.719918, 5.998051], status=3
2026-04-13 20:19:57.606 28915-28934 SmartSideb...ValueProxy com.coloros.smartsidebar:ui          D  (main)getOverlayShowVideoAssistant edge_panel_video_assistant =-1
2026-04-13 20:19:57.607  4772-7308  FlexibleTaskController  system_server                        D  check task which not have enough child, isInSingleWhiteList:false isCloneTask:false
2026-04-13 20:19:57.607 28915-28915 VideoAssistantUtils     com.coloros.smartsidebar:ui          D  isInSplitScreenMode  === :false
2026-04-13 20:19:57.608  4772-7308  FlexibleTaskController  system_server                        D  check task which not have enough child, isInSingleWhiteList:false isCloneTask:false
2026-04-13 20:19:57.608 28915-28934 SmartSideb...PanelUtils com.coloros.smartsidebar:ui          D  (main)getTopAppInfo() result: ApplicationInfo{8a8a2c7 com.max.aiassistant}
2026-04-13 20:19:57.608 28915-28934 SmartSideb...PanelUtils com.coloros.smartsidebar:ui          D  (main)getTopPkg() pkg: com.*****.aiassistant
2026-04-13 20:19:57.609  4772-7308  ContentService          system_server                        W  Observer is already registered. Pid is 28915
2026-04-13 20:19:57.609 28915-28934 SmartSideb...tPanelView com.coloros.smartsidebar:ui          D  (main)Registered app status observer for: com.max.aiassistant
2026-04-13 20:19:57.609 28915-28934 SmartSideb...tusManager com.coloros.smartsidebar:ui          D  (main)isAppEnabled: com.max.aiassistant = true
2026-04-13 20:19:57.621  2885-5756  sensors-hal             and...ware.sensors-service.multihal  I  handle_oplus_wise_rgb_event:191, wise_rgb: (r, g, b, c)[801.73, 532.37, 207.78, 1227.78],(r2,g2,b2,c2)[[0.00, 0.00, 0.00, 0.00], algo:2.0, flag :0
2026-04-13 20:19:57.622  4772-5773  AI_FusionLightNextGen   system_server                        D  LECENT_AI::RunArith AVG_RGB:/52/54/57
2026-04-13 20:19:57.622  4772-5773  AI_FusionLightNextGen   system_server                        D  LECENT_AI::RunArith RGB:/6/8/12
2026-04-13 20:19:57.626  4772-5773  FusionLightNextGen      system_server                        D  calculate_silibals_compensation_value: comped_ir_ratio =  0.271351 comped_lux = 0.26747
2026-04-13 20:19:57.626  4772-5773  FusionLightNextGen      system_server                        D  LECENT_AI::raw_lux -1.0, raw_cct -1.0, r/g/b/c: 801.7/532.4/207.8/1227.8, compensate r/g/b/c: 142.46/61.31/34.43/154.41 bri 583.0, lux: 0.000000, cct: -1.0, comped_lux:0.000 comped_cct:-1 ir: 0.271351, cnt: 0
2026-04-13 20:19:57.626  4772-5773  CwbClient               system_server                        I  setCWBDisplayType set mFeatureID = CWB_RGB_VALUE
2026-04-13 20:19:57.653  3131-3715  VRR [OTI]               surfaceflinger                       D  handleIdle from 0 to 1
2026-04-13 20:19:57.653  3131-3715  VRR [OTI-HW]            surfaceflinger                       D  isStateReady 0
2026-04-13 20:19:57.653  3131-3715  VRR [OTI-HW]            surfaceflinger                       D  keep rate.
2026-04-13 20:19:57.807  6930-9360  CommonApp-164-10518     com.oplus.subsys                     D  transport layer data is invalid
2026-04-13 20:19:57.808  6930-9360  ScorePolicy             com.oplus.subsys                     D  handleScoreChanged: []
2026-04-13 20:19:57.808  6930-9360  ScorePolicy             com.oplus.subsys                     D  handleScoreChanged: []
2026-04-13 20:19:57.808  6930-9360  ScorePolicy             com.oplus.subsys                     D  handleScoreChanged: []
2026-04-13 20:19:57.828  2885-5756  sensors-hal             and...ware.sensors-service.multihal  I  handle_oplus_wise_rgb_event:191, wise_rgb: (r, g, b, c)[801.73, 504.35, 207.78, 1227.78],(r2,g2,b2,c2)[[0.00, 0.00, 0.00, 0.00], algo:2.0, flag :0
2026-04-13 20:19:57.909 28915-28934 SmartSideb...ValueProxy com.coloros.smartsidebar:ui          D  (main)getOverlayShowVideoAssistant edge_panel_video_assistant =-1
2026-04-13 20:19:57.910  4772-7308  FlexibleTaskController  system_server                        D  check task which not have enough child, isInSingleWhiteList:false isCloneTask:false
2026-04-13 20:19:57.910 28915-28915 VideoAssistantUtils     com.coloros.smartsidebar:ui          D  isInSplitScreenMode  === :false
2026-04-13 20:19:57.910  4772-7308  FlexibleTaskController  system_server                        D  check task which not have enough child, isInSingleWhiteList:false isCloneTask:false
2026-04-13 20:19:57.911 28915-28934 SmartSideb...PanelUtils com.coloros.smartsidebar:ui          D  (main)getTopAppInfo() result: ApplicationInfo{e5020f4 com.max.aiassistant}
2026-04-13 20:19:57.911 28915-28934 SmartSideb...PanelUtils com.coloros.smartsidebar:ui          D  (main)getTopPkg() pkg: com.*****.aiassistant
2026-04-13 20:19:57.911  4772-7308  ContentService          system_server                        W  Observer is already registered. Pid is 28915
2026-04-13 20:19:57.911 28915-28934 SmartSideb...tPanelView com.coloros.smartsidebar:ui          D  (main)Registered app status observer for: com.max.aiassistant
2026-04-13 20:19:57.911 28915-28934 SmartSideb...tusManager com.coloros.smartsidebar:ui          D  (main)isAppEnabled: com.max.aiassistant = true
2026-04-13 20:19:57.967  4037-4037  OplusTouchDaemon        touchDaemon                          I  ts_run_service: shellback temperature updated 31 (31763)
2026-04-13 20:19:57.974  3850-3850  cnss-daemon             cnss-daemon                          I  nl80211 response handler invoked
2026-04-13 20:19:57.974  3850-3850  cnss-daemon             cnss-daemon                          I  nl80211_response_handler: cmd 103, vendorID 4980, subcmd 182  received
2026-04-13 20:19:57.974  2888-3927  WifiHAL                 android.hardware.wifi-service        I  event received NL80211_CMD_VENDOR, vendor_id = 0x1374, subcmd = 0xb6
2026-04-13 20:19:57.982  2888-3927  WifiHAL                 android.hardware.wifi-service        I  event received NL80211_CMD_VENDOR, vendor_id = 0x1374, subcmd = 0xd
2026-04-13 20:19:57.982  3850-3850  cnss-daemon             cnss-daemon                          I  nl80211 response handler invoked
2026-04-13 20:19:57.983  3850-3850  cnss-daemon             cnss-daemon                          I  nl80211_response_handler: cmd 103, vendorID 4980, subcmd 13  received
2026-04-13 20:19:58.025  2992-3084  BatteryChargeControl    ven....hardware.charger-V10-service  D  bcc get no support from charging protocol
2026-04-13 20:19:58.035  2885-5756  sensors-hal             and...ware.sensors-service.multihal  I  handle_oplus_wise_rgb_event:191, wise_rgb: (r, g, b, c)[801.73, 504.35, 207.78, 1227.78],(r2,g2,b2,c2)[[0.00, 0.00, 0.00, 0.00], algo:2.0, flag :0
2026-04-13 20:19:58.036  4772-5773  AI_FusionLightNextGen   system_server                        D  LECENT_AI::RunArith AVG_RGB:/52/54/57
2026-04-13 20:19:58.036  4772-5773  AI_FusionLightNextGen   system_server                        D  LECENT_AI::RunArith RGB:/6/8/12
2026-04-13 20:19:58.037  4772-5773  FusionLightNextGen      system_server                        D  calculate_silibals_compensation_value: comped_ir_ratio =  0.180681 comped_lux = 0.59096
2026-04-13 20:19:58.038  4772-5773  FusionLightNextGen      system_server                        D  LECENT_AI::raw_lux -1.0, raw_cct -1.0, r/g/b/c: 801.7/504.4/207.8/1227.8, compensate r/g/b/c: 142.46/33.31/34.43/154.41 bri 583.0, lux: 0.000000, cct: -1.0, comped_lux:0.000 comped_cct:-1 ir: 0.180681, cnt: 0
2026-04-13 20:19:58.038  4772-5773  CwbClient               system_server                        I  setCWBDisplayType set mFeatureID = CWB_RGB_VALUE
2026-04-13 20:19:58.151  2912-3098  PERFHAL-PERFCTRL        ven...ti.hardware.perf2-hal-service  E  PERFHAL-PERFCTRL: chk_core_online_poll_loop() 747: poll() has timed out for /sys/kernel/msm_performance/events/cpu_hotplug
2026-04-13 20:19:58.151  2912-3098  PERFHAL-PERFCTRL        ven...ti.hardware.perf2-hal-service  E  PERFHAL-PERFCTRL: chk_core_online_poll_loop() 742: Block on poll()
2026-04-13 20:19:58.169  4037-4037  synaLib                 touchDaemon                          I  tcm: STATUS: Exit DOZE mode
2026-04-13 20:19:58.170  4037-4037  OplusTouchDaemon        touchDaemon                          E  [prevent][curved_large_handle_V2][3008]: id:0 pos:1 center_down:1 (5702 11557)(0 0 0 0) 
2026-04-13 20:19:58.170  4037-4037  OplusTouchDaemon        touchDaemon                          E  [touchEvent][ts_report_touch_data][649]: first touch point id 0 [5702 11557    5    0    0    0    0]
2026-04-13 20:19:58.171  3131-3715  VRR [OTI]               surfaceflinger                       D  handleIdle from 1 to 0
2026-04-13 20:19:58.171  3131-3715  VRR [OTI-HW]            surfaceflinger                       D  isStateReady 0
2026-04-13 20:19:58.171  3131-3715  VRR [OTI-HW]            surfaceflinger                       D  keep rate.
2026-04-13 20:19:58.171  4772-6213  GestureLog...erDetector system_server                        D  onTouchEvent------>start, mCurNumPointers=1, mCurrStatus=0 mIsDownIntervalTimeout=true, action=0 downTime=158868713 deviceId=6
2026-04-13 20:19:58.172  4772-6489  [UAH_CLIENT]            system_server                        I  UahEventAcquire, cmdid:37, pkg:none, identity:OplusUAwareInputHelper
2026-04-13 20:19:58.172  4772-4954  PowerManagerService     system_server                        D  userActivityNoUpdateLocked: groupId=0, eventTime=158868713, event=touch, flags=0x0, uid=1000
2026-04-13 20:19:58.172  4772-4954  PowerManagerService     system_server                        D  userActivityNoUpdateLocked: groupId=0, eventTime=158868713, event=touch, flags=0x0, uid=1000
2026-04-13 20:19:58.173  7575-7575  DynamicFra...peedAware] com.max.aiassistant                  I  onEventHandled: info: InputEventInfo: mX = 0, mY = 0, mAction = 0, mVsyncTime = 158868718, mIsMoving = true, mUpdated = true
2026-04-13 20:19:58.174  7575-7575  IJankManager            com.max.aiassistant                  E  slideSceneEnd unknown scene 1000 mScene:-1
2026-04-13 20:19:58.174  7575-7575  AutofillManager         com.max.aiassistant                  V  requestHideFillUi(null): anchor = null
2026-04-13 20:19:58.212 28915-28934 SmartSideb...ValueProxy com.coloros.smartsidebar:ui          D  (main)getOverlayShowVideoAssistant edge_panel_video_assistant =-1
2026-04-13 20:19:58.212  4772-7308  FlexibleTaskController  system_server                        D  check task which not have enough child, isInSingleWhiteList:false isCloneTask:false
2026-04-13 20:19:58.213 28915-28915 VideoAssistantUtils     com.coloros.smartsidebar:ui          D  isInSplitScreenMode  === :false
2026-04-13 20:19:58.213  4772-7308  FlexibleTaskController  system_server                        D  check task which not have enough child, isInSingleWhiteList:false isCloneTask:false
2026-04-13 20:19:58.214 28915-28934 SmartSideb...PanelUtils com.coloros.smartsidebar:ui          D  (main)getTopAppInfo() result: ApplicationInfo{2e0901d com.max.aiassistant}
2026-04-13 20:19:58.214 28915-28934 SmartSideb...PanelUtils com.coloros.smartsidebar:ui          D  (main)getTopPkg() pkg: com.*****.aiassistant
2026-04-13 20:19:58.214  4772-7308  ContentService          system_server                        W  Observer is already registered. Pid is 28915
2026-04-13 20:19:58.214 28915-28934 SmartSideb...tPanelView com.coloros.smartsidebar:ui          D  (main)Registered app status observer for: com.max.aiassistant
2026-04-13 20:19:58.214 28915-28934 SmartSideb...tusManager com.coloros.smartsidebar:ui          D  (main)isAppEnabled: com.max.aiassistant = true
2026-04-13 20:19:58.243  2885-5756  sensors-hal             and...ware.sensors-service.multihal  I  handle_oplus_wise_rgb_event:191, wise_rgb: (r, g, b, c)[801.73, 504.35, 207.78, 1227.78],(r2,g2,b2,c2)[[0.00, 0.00, 0.00, 0.00], algo:2.0, flag :0
2026-04-13 20:19:58.281  4772-4954  PowerManagerService     system_server                        D  userActivityNoUpdateLocked: groupId=0, eventTime=158868824, event=touch, flags=0x0, uid=1000
2026-04-13 20:19:58.282  4772-4954  PowerManagerService     system_server                        D  userActivityNoUpdateLocked: groupId=0, eventTime=158868824, event=touch, flags=0x0, uid=1000
2026-04-13 20:19:58.401  4772-4954  PowerManagerService     system_server                        D  userActivityNoUpdateLocked: groupId=0, eventTime=158868944, event=touch, flags=0x0, uid=1000
2026-04-13 20:19:58.402  4772-4954  PowerManagerService     system_server                        D  userActivityNoUpdateLocked: groupId=0, eventTime=158868944, event=touch, flags=0x0, uid=1000
2026-04-13 20:19:58.408  4037-4037  OplusTouchDaemon        touchDaemon                          E  [touchEvent][ts_report_touch_data][660]:Touchpanel id 0 :Down[5705 11546   19    0    0    0    0]K0 A0 D0
2026-04-13 20:19:58.431  6763-7494  DnsDomainBlock          com.oplus.nas                        D  onDnsEvent: latencyMs=0, returnCode=4, uid=10374
2026-04-13 20:19:58.450  2885-5756  sensors-hal             and...ware.sensors-service.multihal  I  handle_oplus_wise_rgb_event:191, wise_rgb: (r, g, b, c)[801.73, 504.35, 207.78, 1227.78],(r2,g2,b2,c2)[[0.00, 0.00, 0.00, 0.00], algo:2.0, flag :0
2026-04-13 20:19:58.450  4772-5773  AI_FusionLightNextGen   system_server                        D  LECENT_AI::RunArith AVG_RGB:/52/54/57
2026-04-13 20:19:58.450  4772-5773  AI_FusionLightNextGen   system_server                        D  LECENT_AI::RunArith RGB:/6/8/12
2026-04-13 20:19:58.452  4772-5773  FusionLightNextGen      system_server                        D  calculate_silibals_compensation_value: comped_ir_ratio =  0.180681 comped_lux = 0.59096
2026-04-13 20:19:58.452  4772-5773  FusionLightNextGen      system_server                        D  LECENT_AI::raw_lux -1.0, raw_cct -1.0, r/g/b/c: 801.7/504.4/207.8/1227.8, compensate r/g/b/c: 142.46/33.31/34.43/154.41 bri 583.0, lux: 0.000000, cct: -1.0, comped_lux:0.000 comped_cct:-1 ir: 0.180681, cnt: 0
2026-04-13 20:19:58.452  4772-5773  CwbClient               system_server                        I  setCWBDisplayType set mFeatureID = CWB_RGB_VALUE
2026-04-13 20:19:58.504  4772-4954  PowerManagerService     system_server                        D  userActivityNoUpdateLocked: groupId=0, eventTime=158869048, event=touch, flags=0x0, uid=1000
2026-04-13 20:19:58.504  4772-4954  PowerManagerService     system_server                        D  userActivityNoUpdateLocked: groupId=0, eventTime=158869048, event=touch, flags=0x0, uid=1000
2026-04-13 20:19:58.515 28915-28934 SmartSideb...ValueProxy com.coloros.smartsidebar:ui          D  (main)getOverlayShowVideoAssistant edge_panel_video_assistant =-1
2026-04-13 20:19:58.515  4772-7312  FlexibleTaskController  system_server                        D  check task which not have enough child, isInSingleWhiteList:false isCloneTask:false
2026-04-13 20:19:58.516 28915-28915 VideoAssistantUtils     com.coloros.smartsidebar:ui          D  isInSplitScreenMode  === :false
2026-04-13 20:19:58.516  4772-7312  FlexibleTaskController  system_server                        D  check task which not have enough child, isInSingleWhiteList:false isCloneTask:false
2026-04-13 20:19:58.516 28915-28934 SmartSideb...PanelUtils com.coloros.smartsidebar:ui          D  (main)getTopAppInfo() result: ApplicationInfo{8f46292 com.max.aiassistant}
2026-04-13 20:19:58.516 28915-28934 SmartSideb...PanelUtils com.coloros.smartsidebar:ui          D  (main)getTopPkg() pkg: com.*****.aiassistant
2026-04-13 20:19:58.516  4772-7312  ContentService          system_server                        W  Observer is already registered. Pid is 28915
2026-04-13 20:19:58.516 28915-28934 SmartSideb...tPanelView com.coloros.smartsidebar:ui          D  (main)Registered app status observer for: com.max.aiassistant
2026-04-13 20:19:58.516 28915-28934 SmartSideb...tusManager com.coloros.smartsidebar:ui          D  (main)isAppEnabled: com.max.aiassistant = true
2026-04-13 20:19:58.587  7575-7575  Vibrator                com.max.aiassistant                  D  SystemVibrator Created
2026-04-13 20:19:58.606  7575-7575  WindowManager           com.max.aiassistant                  D  Add to mViews: androidx.compose.ui.window.PopupLayout{e50cb27 V.E...... ......I. 0,0-0,0 #1020002 android:id/content alpha=1.0 viewInfo = },pkg= com.max.aiassistant
2026-04-13 20:19:58.607  7575-7676  skia                    com.max.aiassistant                  D  setRusSupported enable 1
2026-04-13 20:19:58.610  4772-7312  WindowManager           system_server                        I  addWindow: New client android.os.BinderProxy@c9bfad2 : window=Window{541f7a3 u0 Fenêtre pop-up}
2026-04-13 20:19:58.611  7575-7575  ViewRootImplExtImpl     com.max.aiassistant                  D  onDisplayChanged -1 for VRI android.view.ViewRootImpl@d5f6e72
2026-04-13 20:19:58.612  7575-7575  WindowManager           com.max.aiassistant                  D  Add to mViews: androidx.compose.ui.window.PopupLayout{94f740 V.E...... ......I. 0,0-0,0 #1020002 android:id/content alpha=1.0 viewInfo = },pkg= com.max.aiassistant
2026-04-13 20:19:58.612  7575-7676  skia                    com.max.aiassistant                  D  setRusSupported enable 1
2026-04-13 20:19:58.614  4772-7312  WindowManager           system_server                        I  addWindow: New client android.os.BinderProxy@608b659 : window=Window{b1af21e u0 Fenêtre pop-up}
2026-04-13 20:19:58.615  7575-7575  ViewRootImplExtImpl     com.max.aiassistant                  D  onDisplayChanged -1 for VRI android.view.ViewRootImpl@29f81f
2026-04-13 20:19:58.625  3131-3766  SurfaceFlinger          surfaceflinger                       I  [SF client] NEW(0xb4000073f9eb8560) for (7575:com.max.aiassistant)
2026-04-13 20:19:58.625  7575-7575  BufferQueueConsumer     com.max.aiassistant                  D  [](id:1d9700000001,api:0,p:-1,c:7575) connect: controlledByApp=false
2026-04-13 20:19:58.626  7575-7575  BufferQueueConsumer     com.max.aiassistant                  D  [magnifier surface#1(BLAST Consumer)1](id:1d9700000001,api:0,p:-1,c:7575) setMaxAcquiredBufferCount: 2
2026-04-13 20:19:58.626  7575-7676  skia                    com.max.aiassistant                  D  setRusSupported enable 1
2026-04-13 20:19:58.626  7575-7676  BufferQueueProducer     com.max.aiassistant                  D  [magnifier surface#1(BLAST Consumer)1](id:1d9700000001,api:1,p:7575,c:7575) connect: api=1 producerControlledByApp=true
2026-04-13 20:19:58.630  7575-7575  OplusBracketLog         com.max.aiassistant                  E  [OplusViewMirrorManager] updateHostViewRootIfNeeded, not support android.view.ViewRootImpl@d5f6e72
2026-04-13 20:19:58.632  4772-4954  PowerManagerService     system_server                        D  userActivityNoUpdateLocked: groupId=0, eventTime=158869175, event=touch, flags=0x0, uid=1000
2026-04-13 20:19:58.632  4772-4954  PowerManagerService     system_server                        D  userActivityNoUpdateLocked: groupId=0, eventTime=158869175, event=touch, flags=0x0, uid=1000
2026-04-13 20:19:58.633  7575-7575  WindowOnBackDispatcher  com.max.aiassistant                  D   predictive settings is disabled for com.max.aiassistant
2026-04-13 20:19:58.633  7575-7575  WindowOnBackDispatcher  com.max.aiassistant                  W  OnBackInvokedCallback is not enabled for the application.
                                                                                                    Set 'android:enableOnBackInvokedCallback="true"' in the application manifest.
2026-04-13 20:19:58.640  7575-7575  WindowOnBackDispatcher  com.max.aiassistant                  D   predictive settings is disabled for com.max.aiassistant
2026-04-13 20:19:58.640  7575-7575  WindowOnBackDispatcher  com.max.aiassistant                  D   predictive settings is disabled for com.max.aiassistant
2026-04-13 20:19:58.641  4772-7312  CoreBackPreview         system_server                        D  Window{541f7a3 u0 Fenêtre pop-up}: Setting back callback OnBackInvokedCallbackInfo{mCallback=android.window.IOnBackInvokedCallback$Stub$Proxy@3855f15, mPriority=0, mIsAnimationCallback=false, mOverrideBehavior=0}
2026-04-13 20:19:58.641  7575-7575  VRI[Fenêtre pop-up]     com.max.aiassistant                  D  setLayoutParams: x = 111, y = 550
2026-04-13 20:19:58.642  4772-7312  WindowManager           system_server                        V  Relayout Window{541f7a3 u0 Fenêtre pop-up}: viewVisibility=0, oldvis=0, req=75x75 , apr = 0, vsysui=, x=111, y=550
2026-04-13 20:19:58.642  4772-7312  WindowManager           system_server                        I  Window{541f7a3 u0 Fenêtre pop-up} state from NO_SURFACE to DRAW_PENDING; reason: resetDrawState
2026-04-13 20:19:58.642  4772-4923  SmartWindowScene        system_server                        W  updateWindowState fail! invalid window type: -1
2026-04-13 20:19:58.642  4772-4923  SmartWindowScene        system_server                        W  updateWindowState fail! invalid window type: -1
2026-04-13 20:19:58.644  4772-7312  WindowManager           system_server                        D  NFW_findFocusedWindowIfNeeded:Window{6f50016 u0 com.max.aiassistant/com.max.aiassistant.MainActivity} mCurrentFocus:Window{6f50016 u0 com.max.aiassistant/com.max.aiassistant.MainActivity}
2026-04-13 20:19:58.646  7575-7575  BufferQueueConsumer     com.max.aiassistant                  D  [](id:1d9700000002,api:0,p:-1,c:7575) connect: controlledByApp=false
2026-04-13 20:19:58.647  7575-7575  BufferQueueConsumer     com.max.aiassistant                  D  [VRI[Fenêtre pop-up]#2(BLAST Consumer)2](id:1d9700000002,api:0,p:-1,c:7575) setMaxAcquiredBufferCount: 2
2026-04-13 20:19:58.648  7575-7676  BufferQueueProducer     com.max.aiassistant                  D  [VRI[Fenêtre pop-up]#2(BLAST Consumer)2](id:1d9700000002,api:1,p:7575,c:7575) connect: api=1 producerControlledByApp=true
2026-04-13 20:19:58.650  7575-7575  SurfaceControl          com.max.aiassistant                  I   setExtendedRangeBrightness sc=Surface(name=Fenêtre pop-up)/@0x40b5685,currentBufferRatio=1.0,desiredRatio=1.0
2026-04-13 20:19:58.652  7575-7676  BLASTBufferQueue        com.max.aiassistant                  D  [VRI[Fenêtre pop-up]#2](f:0,a:1) acquireNextBufferLocked size=171x171 mFrameNumber=1 applyTransaction=true mTimestamp=158869197406269(auto) mPendingTransactions.size=0 graphicBufferId=32534377267207 transform=0
2026-04-13 20:19:58.652  7575-7676  VRI[Fenêtre pop-up]     com.max.aiassistant                  D  Received frameCommittedCallback lastAttemptedDrawFrameNum=1 didProduceBuffer=true syncBuffer=false
2026-04-13 20:19:58.653  7575-7575  VRI[Fenêtre pop-up]     com.max.aiassistant                  D  draw finished. seqId=0
2026-04-13 20:19:58.653  7575-7575  OplusBracketLog         com.max.aiassistant                  E  [OplusViewMirrorManager] updateHostViewRootIfNeeded, not support android.view.ViewRootImpl@29f81f
2026-04-13 20:19:58.654  4772-7312  WindowManager           system_server                        I  Window{541f7a3 u0 Fenêtre pop-up} state from DRAW_PENDING to COMMIT_DRAW_PENDING; reason: finishDrawingLocked
2026-04-13 20:19:58.654  4772-4898  WindowManager           system_server                        I  Window{541f7a3 u0 Fenêtre pop-up} state from COMMIT_DRAW_PENDING to READY_TO_SHOW; reason: commitFinishDrawingLocked
2026-04-13 20:19:58.654  4772-4898  CoreBackPreview         system_server                        D   return markWindowHasDrawn mComposed: false  mWaitTransition: false
2026-04-13 20:19:58.654  4772-4898  ActivityTaskManager     system_server                        D  Clearing startingData for activity=ActivityRecord{77495093 u0 com.max.aiassistant/.MainActivity t5068} mStartingData=null mStartingSurface=null
2026-04-13 20:19:58.656  4772-4898  WindowManager           system_server                        I  Window{541f7a3 u0 Fenêtre pop-up} state from READY_TO_SHOW to HAS_DRAWN; reason: performShowLocked
2026-04-13 20:19:58.656  7575-7575  WindowOnBackDispatcher  com.max.aiassistant                  D   predictive settings is disabled for com.max.aiassistant
2026-04-13 20:19:58.656  7575-7575  WindowOnBackDispatcher  com.max.aiassistant                  W  OnBackInvokedCallback is not enabled for the application.
                                                                                                    Set 'android:enableOnBackInvokedCallback="true"' in the application manifest.
2026-04-13 20:19:58.657  2885-5756  sensors-hal             and...ware.sensors-service.multihal  I  handle_oplus_wise_rgb_event:191, wise_rgb: (r, g, b, c)[801.73, 532.37, 207.78, 1255.06],(r2,g2,b2,c2)[[0.00, 0.00, 0.00, 0.00], algo:2.0, flag :0
2026-04-13 20:19:58.661  7575-7575  WindowOnBackDispatcher  com.max.aiassistant                  D   predictive settings is disabled for com.max.aiassistant
2026-04-13 20:19:58.661  7575-7575  WindowOnBackDispatcher  com.max.aiassistant                  D   predictive settings is disabled for com.max.aiassistant
2026-04-13 20:19:58.661  4772-4898  CoreBackPreview         system_server                        D   return markWindowHasDrawn mComposed: false  mWaitTransition: false
2026-04-13 20:19:58.661  4772-7312  CoreBackPreview         system_server                        D  Window{b1af21e u0 Fenêtre pop-up}: Setting back callback OnBackInvokedCallbackInfo{mCallback=android.window.IOnBackInvokedCallback$Stub$Proxy@364cdb8, mPriority=0, mIsAnimationCallback=false, mOverrideBehavior=0}
2026-04-13 20:19:58.662  7575-7575  VRI[Fenêtre pop-up]     com.max.aiassistant                  D  setLayoutParams: x = 415, y = 550
2026-04-13 20:19:58.662  4772-7312  WindowManager           system_server                        V  Relayout Window{b1af21e u0 Fenêtre pop-up}: viewVisibility=0, oldvis=0, req=75x75 , apr = 0, vsysui=, x=415, y=550
2026-04-13 20:19:58.662  4772-7312  WindowManager           system_server                        I  Window{b1af21e u0 Fenêtre pop-up} state from NO_SURFACE to DRAW_PENDING; reason: resetDrawState
2026-04-13 20:19:58.662  4772-4923  SmartWindowScene        system_server                        W  updateWindowState fail! invalid window type: -1
2026-04-13 20:19:58.663  4772-4923  SmartWindowScene        system_server                        W  updateWindowState fail! invalid window type: -1
2026-04-13 20:19:58.664  4772-7312  WindowManager           system_server                        D  NFW_findFocusedWindowIfNeeded:Window{6f50016 u0 com.max.aiassistant/com.max.aiassistant.MainActivity} mCurrentFocus:Window{6f50016 u0 com.max.aiassistant/com.max.aiassistant.MainActivity}
2026-04-13 20:19:58.664  7575-7575  BufferQueueConsumer     com.max.aiassistant                  D  [](id:1d9700000003,api:0,p:-1,c:7575) connect: controlledByApp=false
2026-04-13 20:19:58.664  7575-7575  BufferQueueConsumer     com.max.aiassistant                  D  [VRI[Fenêtre pop-up]#3(BLAST Consumer)3](id:1d9700000003,api:0,p:-1,c:7575) setMaxAcquiredBufferCount: 2
2026-04-13 20:19:58.665  7575-7676  BufferQueueProducer     com.max.aiassistant                  D  [VRI[Fenêtre pop-up]#3(BLAST Consumer)3](id:1d9700000003,api:1,p:7575,c:7575) connect: api=1 producerControlledByApp=true
2026-04-13 20:19:58.667  7575-7575  SurfaceControl          com.max.aiassistant                  I   setExtendedRangeBrightness sc=Surface(name=Fenêtre pop-up)/@0x7216260,currentBufferRatio=1.0,desiredRatio=1.0
2026-04-13 20:19:58.668  7575-7676  BLASTBufferQueue        com.max.aiassistant                  D  [VRI[Fenêtre pop-up]#3](f:0,a:1) acquireNextBufferLocked size=171x171 mFrameNumber=1 applyTransaction=true mTimestamp=158869213781009(auto) mPendingTransactions.size=0 graphicBufferId=32534377267211 transform=0
2026-04-13 20:19:58.668  7575-7676  VRI[Fenêtre pop-up]     com.max.aiassistant                  D  Received frameCommittedCallback lastAttemptedDrawFrameNum=1 didProduceBuffer=true syncBuffer=false
2026-04-13 20:19:58.669  7575-7575  VRI[Fenêtre pop-up]     com.max.aiassistant                  D  draw finished. seqId=0
2026-04-13 20:19:58.669  4772-7312  WindowManager           system_server                        I  Window{b1af21e u0 Fenêtre pop-up} state from DRAW_PENDING to COMMIT_DRAW_PENDING; reason: finishDrawingLocked
2026-04-13 20:19:58.669  4772-4898  WindowManager           system_server                        I  Window{b1af21e u0 Fenêtre pop-up} state from COMMIT_DRAW_PENDING to READY_TO_SHOW; reason: commitFinishDrawingLocked
2026-04-13 20:19:58.669  4772-4898  CoreBackPreview         system_server                        D   return markWindowHasDrawn mComposed: false  mWaitTransition: false
2026-04-13 20:19:58.669  4772-4898  ActivityTaskManager     system_server                        D  Clearing startingData for activity=ActivityRecord{77495093 u0 com.max.aiassistant/.MainActivity t5068} mStartingData=null mStartingSurface=null
2026-04-13 20:19:58.670  4772-4898  WindowManager           system_server                        I  Window{b1af21e u0 Fenêtre pop-up} state from READY_TO_SHOW to HAS_DRAWN; reason: performShowLocked
2026-04-13 20:19:58.671  4772-4898  CoreBackPreview         system_server                        D   return markWindowHasDrawn mComposed: false  mWaitTransition: false
2026-04-13 20:19:58.673  4772-7308  AutofillIn...estSession system_server                        V  onInputMethodFinishInput() received
2026-04-13 20:19:58.673 10807-10807 GoogleInpu...hodService com...gle.android.inputmethod.latin  I  GoogleInputMethodService.onFinishInput():2159 
2026-04-13 20:19:58.673 10807-10807 Module                  com...gle.android.inputmethod.latin  I  DeviceLockedStatusModuleProvider$Module.updateDeviceLockedStatus():103 repeatCheckTimes = 0, locked = false
2026-04-13 20:19:58.673  4772-7308  AutofillIn...estSession system_server                        V  onInputMethodStartInput() received on 0
2026-04-13 20:19:58.673 10807-10807 GoogleInpu...hodService com...gle.android.inputmethod.latin  I  GoogleInputMethodService.onStartInput():1434 onStartInput(EditorInfo{EditorInfo{packageName=com.max.aiassistant, inputType=0, inputTypeString=NULL, enableLearning=false, autoCorrection=false, autoComplete=false, imeOptions=0, privateImeOptions=null, actionName=UNSPECIFIED, actionLabel=null, initialSelStart=-1, initialSelEnd=-1, initialCapsMode=0, label=null, fieldId=0, fieldName=null, extras=Bundle[{com.oplus.im.WINDOW_MODE=1, com.oplus.im.SCENES=0}], hintText=null, hintLocales=[]}}, false)
2026-04-13 20:19:58.673 10807-10807 AndroidIME              com...gle.android.inputmethod.latin  I  LatinIMEBase.updateInputViewCoverNavigation():312 Update input view padding, isNavbarOverInputWindow=true, bottom inset=132
2026-04-13 20:19:58.673 10807-10807 Module                  com...gle.android.inputmethod.latin  I  DeviceLockedStatusModuleProvider$Module.updateDeviceLockedStatus():103 repeatCheckTimes = 1, locked = false
2026-04-13 20:19:58.674  4772-7308  PackageConfigPersister  system_server                        W  App-specific configuration not found for packageName: com.max.aiassistant and userId: 0
2026-04-13 20:19:58.679  4772-5803  CwbClient               system_server                        D  LECENT_AI::CwbClient::RGB||6||8||12, timestamp=567842707695518
2026-04-13 20:19:58.691  7575-7676  BLASTBufferQueue        com.max.aiassistant                  D  [magnifier surface#1](f:0,a:1) acquireNextBufferLocked size=524x434 mFrameNumber=1 applyTransaction=true mTimestamp=158869235832936(auto) mPendingTransactions.size=0 graphicBufferId=32534377267212 transform=0
2026-04-13 20:19:58.691  4772-7308  WindowManager           system_server                        V  Relayout Window{541f7a3 u0 Fenêtre pop-up}: viewVisibility=0, oldvis=0, req=75x75 , apr = 0, vsysui=, x=111, y=550
2026-04-13 20:19:58.691  7575-7575  SurfaceControl          com.max.aiassistant                  I   setExtendedRangeBrightness sc=Surface(name=Fenêtre pop-up)/@0x40b5685,currentBufferRatio=1.0,desiredRatio=1.0
2026-04-13 20:19:58.692  7575-7575  SurfaceControl          com.max.aiassistant                  I   setExtendedRangeBrightness sc=Surface(name=Fenêtre pop-up)/@0x7216260,currentBufferRatio=1.0,desiredRatio=1.0
2026-04-13 20:19:58.693  4772-7308  WindowManager           system_server                        V  Relayout Window{b1af21e u0 Fenêtre pop-up}: viewVisibility=0, oldvis=0, req=75x75 , apr = 0, vsysui=, x=415, y=550
2026-04-13 20:19:58.698  4772-7308  WindowManager           system_server                        V  Relayout Window{541f7a3 u0 Fenêtre pop-up}: viewVisibility=0, oldvis=0, req=75x75 , apr = 0, vsysui=, x=111, y=550
2026-04-13 20:19:58.698  7575-7575  SurfaceControl          com.max.aiassistant                  I   setExtendedRangeBrightness sc=Surface(name=Fenêtre pop-up)/@0x40b5685,currentBufferRatio=1.0,desiredRatio=1.0
2026-04-13 20:19:58.698  7575-7676  VRI[Fenêtre pop-up]     com.max.aiassistant                  D  Received frameCommittedCallback lastAttemptedDrawFrameNum=3 didProduceBuffer=false syncBuffer=false
2026-04-13 20:19:58.698  2904-5872  SDM                     ven...ware.display.composer-service  I  ClstcAlgorithmAdapter::UcscToneMap():1671 Checksum for layer 15284 is: 0
2026-04-13 20:19:58.699  7575-7575  VRI[Fenêtre pop-up]     com.max.aiassistant                  D  draw finished. seqId=0
2026-04-13 20:19:58.699  7575-7575  SurfaceControl          com.max.aiassistant                  I   setExtendedRangeBrightness sc=Surface(name=Fenêtre pop-up)/@0x7216260,currentBufferRatio=1.0,desiredRatio=1.0
2026-04-13 20:19:58.700  7575-7676  VRI[Fenêtre pop-up]     com.max.aiassistant                  D  Received frameCommittedCallback lastAttemptedDrawFrameNum=3 didProduceBuffer=false syncBuffer=false
2026-04-13 20:19:58.700  7575-7575  VRI[Fenêtre pop-up]     com.max.aiassistant                  D  draw finished. seqId=0
2026-04-13 20:19:58.701  4772-7312  WindowManager           system_server                        V  Relayout Window{b1af21e u0 Fenêtre pop-up}: viewVisibility=0, oldvis=0, req=75x75 , apr = 0, vsysui=, x=415, y=550
2026-04-13 20:19:58.753  4772-5803  CwbClient               system_server                        D  LECENT_AI::CwbClient::RGB||6||8||12, timestamp=567842781212080
2026-04-13 20:19:58.760  4772-4954  PowerManagerService     system_server                        D  userActivityNoUpdateLocked: groupId=0, eventTime=158869303, event=touch, flags=0x0, uid=1000
2026-04-13 20:19:58.761  4772-4954  PowerManagerService     system_server                        D  userActivityNoUpdateLocked: groupId=0, eventTime=158869303, event=touch, flags=0x0, uid=1000
2026-04-13 20:19:58.803  4772-5803  CwbClient               system_server                        D  LECENT_AI::CwbClient::RGB||6||8||12, timestamp=567842831592080
2026-04-13 20:19:58.817 28915-28934 SmartSideb...ValueProxy com.coloros.smartsidebar:ui          D  (main)getOverlayShowVideoAssistant edge_panel_video_assistant =-1
2026-04-13 20:19:58.817  4772-7312  FlexibleTaskController  system_server                        D  check task which not have enough child, isInSingleWhiteList:false isCloneTask:false
2026-04-13 20:19:58.818 28915-28915 VideoAssistantUtils     com.coloros.smartsidebar:ui          D  isInSplitScreenMode  === :false
2026-04-13 20:19:58.818  4772-7312  FlexibleTaskController  system_server                        D  check task which not have enough child, isInSingleWhiteList:false isCloneTask:false
2026-04-13 20:19:58.819 28915-28934 SmartSideb...PanelUtils com.coloros.smartsidebar:ui          D  (main)getTopAppInfo() result: ApplicationInfo{502a463 com.max.aiassistant}
2026-04-13 20:19:58.819 28915-28934 SmartSideb...PanelUtils com.coloros.smartsidebar:ui          D  (main)getTopPkg() pkg: com.*****.aiassistant
2026-04-13 20:19:58.819  4772-7312  ContentService          system_server                        W  Observer is already registered. Pid is 28915
2026-04-13 20:19:58.819 28915-28934 SmartSideb...tPanelView com.coloros.smartsidebar:ui          D  (main)Registered app status observer for: com.max.aiassistant
2026-04-13 20:19:58.819 28915-28934 SmartSideb...tusManager com.coloros.smartsidebar:ui          D  (main)isAppEnabled: com.max.aiassistant = true
2026-04-13 20:19:58.831  6930-9360  CommonApp-164-10518     com.oplus.subsys                     D  commonScoreStrategy scenarios low package
2026-04-13 20:19:58.831  6930-9360  ScorePolicy             com.oplus.subsys                     D  handleScoreChanged: []
2026-04-13 20:19:58.831  6930-9360  ScorePolicy             com.oplus.subsys                     D  handleScoreChanged: []
2026-04-13 20:19:58.831  6930-9360  ScorePolicy             com.oplus.subsys                     D  handleScoreChanged: []
2026-04-13 20:19:58.863  2885-14290 sensors-hal             and...ware.sensors-service.multihal  I  qsh_conn_event_cb:761, event[0] msg_id=1025, ts=10902727111837, sensor_type = pedometer_minute  Wakeup
2026-04-13 20:19:58.863  2885-14290 sensors-hal             and...ware.sensors-service.multihal  E  handle_sns_client_event:98, pedometer_minute: report_ts=9463,counter=16695.000000 move_status =[SNS_CMC_STATIONARY] time_gap = 0 run_counter=11579.000000 walk_counter=2579.000000
2026-04-13 20:19:58.864  4772-4954  PowerManagerService     system_server                        D  userActivityNoUpdateLocked: groupId=0, eventTime=158869407, event=touch, flags=0x0, uid=1000
2026-04-13 20:19:58.864  4772-4954  PowerManagerService     system_server                        D  userActivityNoUpdateLocked: groupId=0, eventTime=158869407, event=touch, flags=0x0, uid=1000
2026-04-13 20:19:58.865  2885-5756  sensors-hal             and...ware.sensors-service.multihal  I  handle_oplus_wise_rgb_event:191, wise_rgb: (r, g, b, c)[828.45, 532.37, 237.46, 1255.06],(r2,g2,b2,c2)[[0.00, 0.00, 0.00, 0.00], algo:2.0, flag :0
2026-04-13 20:19:58.865  2885-5756  sensors-hal             and...ware.sensors-service.multihal  I  handle_oplus_wise_rgb_event:217, high_pwm_light:lux 9.3,cct 5300.0,brl/algo/ir 583.0/2.0/136.7,pwm/dc 0.0/0.0,rgbc 828.451477/532.373718/237.463501/1255.063721,ts 567842888669749,cnt 12795,flag 0
2026-04-13 20:19:58.865  4772-5773  AI_FusionLightNextGen   system_server                        D  LECENT_AI::RunArith AVG_RGB:/52/54/57
2026-04-13 20:19:58.865  4772-5773  AI_FusionLightNextGen   system_server                        D  LECENT_AI::RunArith RGB:/6/8/12
2026-04-13 20:19:58.865  6287-6287  StepApp_St...PreHandler com.oplus.exsystemservice            I  (main)onSensorChanged raw data: step=16695.0 state=3.0 minuteDelta=0.0 timestamp=567842891469541 steprun=11579.0 stepwalk=2579.0 formatted data: step=16695 state=3 timestamp=567842891469541 time=1776104398863 steprun=11579 stepwalk=2579
2026-04-13 20:19:58.866  6287-24929 StepApp_StepDataSaver   com.oplus.exsystemservice            I  (O_dfd_233)getNewFixedOffsetStep type is STEP
2026-04-13 20:19:58.866  6287-24929 StepApp_StepDataSaver   com.oplus.exsystemservice            I  (O_dfd_233)isRebootCountStep:false	 lastRealTimeStamp = 1776104280000	 bootTimestamp = 1775536555972	 mLastModifiedMinuteTime = 2026-04-13-20-18
2026-04-13 20:19:58.866  6287-24929 StepApp_StepDataSaver   com.oplus.exsystemservice            I  (O_dfd_233)calOffSet:sensorStep = 16695	 lastModifiedStep = 16695	 offSet = 0
2026-04-13 20:19:58.866  6287-24929 StepApp_StepDataSaver   com.oplus.exsystemservice            I  (O_dfd_233)getNewFixedOffsetStep type is RUN
2026-04-13 20:19:58.866  6287-24929 StepApp_StepDataSaver   com.oplus.exsystemservice            I  (O_dfd_233)isRebootCountStep:false	 lastRealTimeStamp = 1776104280000	 bootTimestamp = 1775536555972	 mLastModifiedMinuteTime = 2026-04-13-20-18
2026-04-13 20:19:58.866  6287-24929 StepApp_StepDataSaver   com.oplus.exsystemservice            I  (O_dfd_233)calOffSet:sensorStep = 11579	 lastModifiedStep = 11579	 offSet = 0
