2026-04-13 20:19:52.144 28915-28934 SmartSideb...tusManager com.coloros.smartsidebar:ui          D  (main)isAppEnabled: com.max.aiassistant = true
2026-04-13 20:19:52.148  2912-3098  PERFHAL-PERFCTRL        ven...ti.hardware.perf2-hal-service  E  PERFHAL-PERFCTRL: chk_core_online_poll_loop() 747: poll() has timed out for /sys/kernel/msm_performance/events/cpu_hotplug
2026-04-13 20:19:52.148  2912-3098  PERFHAL-PERFCTRL        ven...ti.hardware.perf2-hal-service  E  PERFHAL-PERFCTRL: chk_core_online_poll_loop() 742: Block on poll()
2026-04-13 20:19:52.176  4037-4037  synaLib                 touchDaemon                          I  tcm: STATUS: Exit DOZE mode
2026-04-13 20:19:52.176  4037-4037  OplusTouchDaemon        touchDaemon                          E  [prevent][curved_large_handle_V2][3008]: id:0 pos:1 center_down:1 (18539 5419)(0 0 0 0) 
2026-04-13 20:19:52.176  4037-4037  OplusTouchDaemon        touchDaemon                          E  [touchEvent][ts_report_touch_data][649]: first touch point id 0 [18539 5419   11    0    0    0    0]
2026-04-13 20:19:52.177  3131-3715  VRR [OTI]               surfaceflinger                       D  handleIdle from 1 to 0
2026-04-13 20:19:52.177  3131-3715  VRR [OTI-HW]            surfaceflinger                       D  isStateReady 0
2026-04-13 20:19:52.177  3131-3715  VRR [OTI-HW]            surfaceflinger                       D  keep rate.
2026-04-13 20:19:52.178  4772-6489  [UAH_CLIENT]            system_server                        I  UahEventAcquire, cmdid:37, pkg:none, identity:OplusUAwareInputHelper
2026-04-13 20:19:52.178  7575-7575  DynamicFra...peedAware] com.max.aiassistant                  I  onEventHandled: info: InputEventInfo: mX = 0, mY = 0, mAction = 0, mVsyncTime = 158862723, mIsMoving = true, mUpdated = true
2026-04-13 20:19:52.178  4772-4954  PowerManagerService     system_server                        D  userActivityNoUpdateLocked: groupId=0, eventTime=158862719, event=touch, flags=0x0, uid=1000
2026-04-13 20:19:52.178  7575-7575  IJankManager            com.max.aiassistant                  E  slideSceneEnd unknown scene 1000 mScene:-1
2026-04-13 20:19:52.178  7575-7575  AutofillManager         com.max.aiassistant                  V  requestHideFillUi(null): anchor = null
2026-04-13 20:19:52.178  4772-6213  GestureLog...erDetector system_server                        D  onTouchEvent------>start, mCurNumPointers=1, mCurrStatus=0 mIsDownIntervalTimeout=true, action=0 downTime=158862719 deviceId=6
2026-04-13 20:19:52.179  4772-4954  PowerManagerService     system_server                        D  userActivityNoUpdateLocked: groupId=0, eventTime=158862719, event=touch, flags=0x0, uid=1000
2026-04-13 20:19:52.207  7575-7605  max.aiassistant         com.max.aiassistant                  W  userfaultfd: MOVE ioctl seems unsupported: Connection timed out
2026-04-13 20:19:52.228  2885-5756  sensors-hal             and...ware.sensors-service.multihal  I  handle_oplus_wise_rgb_event:191, wise_rgb: (r, g, b, c)[775.00, 504.35, 207.78, 1227.78],(r2,g2,b2,c2)[[0.00, 0.00, 0.00, 0.00], algo:2.0, flag :0
2026-04-13 20:19:52.228  4772-5773  AI_FusionLightNextGen   system_server                        D  LECENT_AI::RunArith AVG_RGB:/52/54/57
2026-04-13 20:19:52.228  4772-5773  AI_FusionLightNextGen   system_server                        D  LECENT_AI::RunArith RGB:/6/8/12
2026-04-13 20:19:52.229  4772-5803  CwbClient               system_server                        D  LECENT_AI::CwbClient::RGB||6||8||12, timestamp=567836257504583
2026-04-13 20:19:52.230  4772-5773  FusionLightNextGen      system_server                        D  calculate_silibals_compensation_value: comped_ir_ratio =  0.096486 comped_lux = 1.38008
2026-04-13 20:19:52.230  4772-5773  FusionLightNextGen      system_server                        D  LECENT_AI::raw_lux -1.0, raw_cct -1.0, r/g/b/c: 775.0/504.4/207.8/1227.8, compensate r/g/b/c: 116.46/33.31/34.43/154.41 bri 583.0, lux: 0.000000, cct: -1.0, comped_lux:0.000 comped_cct:-1 ir: 0.096486, cnt: 0
2026-04-13 20:19:52.230  4772-5773  CwbClient               system_server                        I  setCWBDisplayType set mFeatureID = CWB_RGB_VALUE
2026-04-13 20:19:52.254  4037-4037  OplusTouchDaemon        touchDaemon                          E  [prevent][curved_large_handle_V2][3082]: up id(0) status: 1, 1, 1, 0.
2026-04-13 20:19:52.255  4772-6489  UAH-UahAdaptHelper      system_server                        D  adaptSetNotification identity = OplusUAwareInputHelpersrc = 1000 , type 1 ,p1 = -1 ,p2 = -1 ,p3 = -1 ,p4 =
2026-04-13 20:19:52.255  4772-6489  [UAH_CLIENT]            system_server                        I  uahRuleCtl, ruleId:1000, status:1
2026-04-13 20:19:52.255  7575-7575  DynamicFra...peedAware] com.max.aiassistant                  I  onEventHandled: info: InputEventInfo: mX = 0, mY = 0, mAction = 1, mVsyncTime = 158862800, mIsMoving = false, mUpdated = true
2026-04-13 20:19:52.258  7575-7575  ViewRootImplExtImpl     com.max.aiassistant                  D  the up motion event handled by client, just return
2026-04-13 20:19:52.304  4772-5803  CwbClient               system_server                        D  LECENT_AI::CwbClient::RGB||6||8||12, timestamp=567836332539791
2026-04-13 20:19:52.379  4772-5803  CwbClient               system_server                        D  LECENT_AI::CwbClient::RGB||6||8||12, timestamp=567836407871354
2026-04-13 20:19:52.437  2885-5756  sensors-hal             and...ware.sensors-service.multihal  I  handle_oplus_wise_rgb_event:191, wise_rgb: (r, g, b, c)[801.73, 504.35, 207.78, 1227.78],(r2,g2,b2,c2)[[0.00, 0.00, 0.00, 0.00], algo:2.0, flag :0
2026-04-13 20:19:52.445 28915-28934 SmartSideb...ValueProxy com.coloros.smartsidebar:ui          D  (main)getOverlayShowVideoAssistant edge_panel_video_assistant =-1
2026-04-13 20:19:52.445  4772-6359  FlexibleTaskController  system_server                        D  check task which not have enough child, isInSingleWhiteList:false isCloneTask:false
2026-04-13 20:19:52.446 28915-28915 VideoAssistantUtils     com.coloros.smartsidebar:ui          D  isInSplitScreenMode  === :false
2026-04-13 20:19:52.446  4772-6359  FlexibleTaskController  system_server                        D  check task which not have enough child, isInSingleWhiteList:false isCloneTask:false
2026-04-13 20:19:52.447 28915-28934 SmartSideb...PanelUtils com.coloros.smartsidebar:ui          D  (main)getTopAppInfo() result: ApplicationInfo{aba2156 com.max.aiassistant}
2026-04-13 20:19:52.447 28915-28934 SmartSideb...PanelUtils com.coloros.smartsidebar:ui          D  (main)getTopPkg() pkg: com.*****.aiassistant
2026-04-13 20:19:52.447  4772-6359  ContentService          system_server                        W  Observer is already registered. Pid is 28915
2026-04-13 20:19:52.447 28915-28934 SmartSideb...tPanelView com.coloros.smartsidebar:ui          D  (main)Registered app status observer for: com.max.aiassistant
2026-04-13 20:19:52.447 28915-28934 SmartSideb...tusManager com.coloros.smartsidebar:ui          D  (main)isAppEnabled: com.max.aiassistant = true
2026-04-13 20:19:52.454  4772-5803  CwbClient               system_server                        D  LECENT_AI::CwbClient::RGB||6||8||12, timestamp=567836482666927
2026-04-13 20:19:52.529  4772-5803  CwbClient               system_server                        D  LECENT_AI::CwbClient::RGB||6||8||12, timestamp=567836557645104
2026-04-13 20:19:52.557  4037-4037  synaLib                 touchDaemon                          I  tcm: STATUS: Enter DOZE mode
2026-04-13 20:19:52.604  4772-5803  CwbClient               system_server                        D  LECENT_AI::CwbClient::RGB||6||8||12, timestamp=567836632586927
2026-04-13 20:19:52.644  2885-5756  sensors-hal             and...ware.sensors-service.multihal  I  handle_oplus_wise_rgb_event:191, wise_rgb: (r, g, b, c)[801.73, 504.35, 207.78, 1255.06],(r2,g2,b2,c2)[[0.00, 0.00, 0.00, 0.00], algo:2.0, flag :0
2026-04-13 20:19:52.644  2885-5756  sensors-hal             and...ware.sensors-service.multihal  I  handle_oplus_wise_rgb_event:217, high_pwm_light:lux 9.6,cct 5300.0,brl/algo/ir 583.0/2.0/103.1,pwm/dc 0.0/0.0,rgbc 801.727234/504.354065/207.780563/1255.063721,ts 567836668091937,cnt 12765,flag 0
2026-04-13 20:19:52.644  4772-5773  AI_FusionLightNextGen   system_server                        D  LECENT_AI::RunArith AVG_RGB:/52/54/57
2026-04-13 20:19:52.644  4772-5773  AI_FusionLightNextGen   system_server                        D  LECENT_AI::RunArith RGB:/6/8/12
2026-04-13 20:19:52.649  4772-5773  FusionLightNextGen      system_server                        D  calculate_silibals_compensation_value: comped_ir_ratio =  0.076193 comped_lux = 1.55826
2026-04-13 20:19:52.649  4772-5773  FusionLightNextGen      system_server                        D  LECENT_AI::raw_lux -1.0, raw_cct -1.0, r/g/b/c: 801.7/504.4/207.8/1255.1, compensate r/g/b/c: 142.46/33.31/34.43/182.41 bri 583.0, lux: 0.000000, cct: -1.0, comped_lux:0.000 comped_cct:-1 ir: 0.076193, cnt: 0
2026-04-13 20:19:52.649  4772-5773  CwbClient               system_server                        I  setCWBDisplayType set mFeatureID = CWB_RGB_VALUE
2026-04-13 20:19:52.687  6930-9360  CommonApp-164-10518     com.oplus.subsys                     D  transport layer data is invalid
2026-04-13 20:19:52.689  6930-9360  ScorePolicy             com.oplus.subsys                     D  handleScoreChanged: []
2026-04-13 20:19:52.689  6930-9360  ScorePolicy             com.oplus.subsys                     D  handleScoreChanged: []
2026-04-13 20:19:52.689  6930-9360  ScorePolicy             com.oplus.subsys                     D  handleScoreChanged: []
2026-04-13 20:19:52.731  6596-6689  OPLUS_LOG_LOAD          com.android.systemui                 W  ==LOGS PROG INFO, prog(com.android.systemui) ==
2026-04-13 20:19:52.731  6596-6689  FrameTracker            com.android.systemui                 E  force finish cuj, time out: J<SPLASHSCREEN_EXIT_ANIM>
2026-04-13 20:19:52.748 28915-28934 SmartSideb...ValueProxy com.coloros.smartsidebar:ui          D  (main)getOverlayShowVideoAssistant edge_panel_video_assistant =-1
2026-04-13 20:19:52.749  4772-6359  FlexibleTaskController  system_server                        D  check task which not have enough child, isInSingleWhiteList:false isCloneTask:false
2026-04-13 20:19:52.749 28915-28915 VideoAssistantUtils     com.coloros.smartsidebar:ui          D  isInSplitScreenMode  === :false
2026-04-13 20:19:52.750  4772-6359  FlexibleTaskController  system_server                        D  check task which not have enough child, isInSingleWhiteList:false isCloneTask:false
2026-04-13 20:19:52.750 28915-28934 SmartSideb...PanelUtils com.coloros.smartsidebar:ui          D  (main)getTopAppInfo() result: ApplicationInfo{5ec95d7 com.max.aiassistant}
2026-04-13 20:19:52.750 28915-28934 SmartSideb...PanelUtils com.coloros.smartsidebar:ui          D  (main)getTopPkg() pkg: com.*****.aiassistant
2026-04-13 20:19:52.751  4772-6359  ContentService          system_server                        W  Observer is already registered. Pid is 28915
2026-04-13 20:19:52.751 28915-28934 SmartSideb...tPanelView com.coloros.smartsidebar:ui          D  (main)Registered app status observer for: com.max.aiassistant
2026-04-13 20:19:52.751 28915-28934 SmartSideb...tusManager com.coloros.smartsidebar:ui          D  (main)isAppEnabled: com.max.aiassistant = true
2026-04-13 20:19:52.796  4772-5803  CwbClient               system_server                        D  LECENT_AI::CwbClient::RGB||6||8||12, timestamp=567836824131145
2026-04-13 20:19:52.851  2885-5756  sensors-hal             and...ware.sensors-service.multihal  I  handle_oplus_wise_rgb_event:191, wise_rgb: (r, g, b, c)[801.73, 532.37, 207.78, 1255.06],(r2,g2,b2,c2)[[0.00, 0.00, 0.00, 0.00], algo:2.0, flag :0
2026-04-13 20:19:52.896  4772-5803  CwbClient               system_server                        D  LECENT_AI::CwbClient::RGB||6||8||12, timestamp=567836924681301
2026-04-13 20:19:52.898  6930-7488  RadioProxyJ[0]          com.oplus.subsys                     D  [37668]> getRRCStatus
2026-04-13 20:19:52.899  3487-3609  QmiNasClient            subsys_daemon                        D  getRRCStatus - enter
2026-04-13 20:19:52.901  3487-5194  QmiNasClient            subsys_daemon                        D  getRRCStatus callback - enter
2026-04-13 20:19:52.901  3487-5194  QmiNasClient            subsys_daemon                        D  getRRCStatus result.rsp.rrcStatusInfo.rrcStatus = 0
2026-04-13 20:19:52.901  3487-3609  NasProxy                subsys_daemon                        D  handleMessage msg is 4001
2026-04-13 20:19:52.901  3487-3609  RadioProxy              subsys_daemon                        D  getRRCStatus : response cb for instance 0
2026-04-13 20:19:52.901  6930-17269 RadioProxyJ[0]          com.oplus.subsys                     D  [37668]< getRRCStatusResponse 0
2026-04-13 20:19:52.902  6930-7488  CoexRfService           com.oplus.subsys                     D  report RRC state:false
2026-04-13 20:19:52.997  4772-5803  CwbClient               system_server                        D  LECENT_AI::CwbClient::RGB||6||8||12, timestamp=567837025814947
2026-04-13 20:19:53.023  2992-3084  BatteryChargeControl    ven....hardware.charger-V10-service  D  bcc get no support from charging protocol
2026-04-13 20:19:53.025  4772-5780  AlarmManager            system_server                        V  sending alarm Alarm{bc4c358 type 1 origWhen 1776104393025 whenElapsed 567837053 android} uid 1000 whenElapsed 567837053 windowLength 0 maxWhenElapsed 567837053 repeatInterval 0 action null component null tag StorgaeBandInfoAlarmTag flags 0x9 procName system_server
2026-04-13 20:19:53.025  4772-14108 OplusStora...SBandwidth system_server                        E  storage_io_metrics_path is /proc/oplus_storage/io_metrics/forever/
2026-04-13 20:19:53.026  4772-14108 OplusStora...SBandwidth system_server                        E  Bandwidth - Read: 0,00 MB/s, Write: 0,00 MB/s
2026-04-13 20:19:53.026  4772-14108 OplusStora...SBandwidth system_server                        E  Task time: 1ms
2026-04-13 20:19:53.029  4772-14108 OplusStora...SBandwidth system_server                        E  Alarm set to trigger in 10 seconds
2026-04-13 20:19:53.052 28915-28934 SmartSideb...ValueProxy com.coloros.smartsidebar:ui          D  (main)getOverlayShowVideoAssistant edge_panel_video_assistant =-1
2026-04-13 20:19:53.052  4772-6359  FlexibleTaskController  system_server                        D  check task which not have enough child, isInSingleWhiteList:false isCloneTask:false
2026-04-13 20:19:53.053 28915-28915 VideoAssistantUtils     com.coloros.smartsidebar:ui          D  isInSplitScreenMode  === :false
2026-04-13 20:19:53.053  4772-6359  FlexibleTaskController  system_server                        D  check task which not have enough child, isInSingleWhiteList:false isCloneTask:false
2026-04-13 20:19:53.053 28915-28934 SmartSideb...PanelUtils com.coloros.smartsidebar:ui          D  (main)getTopAppInfo() result: ApplicationInfo{6ad7ec4 com.max.aiassistant}
2026-04-13 20:19:53.053 28915-28934 SmartSideb...PanelUtils com.coloros.smartsidebar:ui          D  (main)getTopPkg() pkg: com.*****.aiassistant
2026-04-13 20:19:53.053  4772-6359  ContentService          system_server                        W  Observer is already registered. Pid is 28915
2026-04-13 20:19:53.053 28915-28934 SmartSideb...tPanelView com.coloros.smartsidebar:ui          D  (main)Registered app status observer for: com.max.aiassistant
2026-04-13 20:19:53.053 28915-28934 SmartSideb...tusManager com.coloros.smartsidebar:ui          D  (main)isAppEnabled: com.max.aiassistant = true
2026-04-13 20:19:53.058  2885-5756  sensors-hal             and...ware.sensors-service.multihal  I  handle_oplus_wise_rgb_event:191, wise_rgb: (r, g, b, c)[801.73, 504.35, 207.78, 1255.06],(r2,g2,b2,c2)[[0.00, 0.00, 0.00, 0.00], algo:2.0, flag :0
2026-04-13 20:19:53.058  4772-5773  AI_FusionLightNextGen   system_server                        D  LECENT_AI::RunArith AVG_RGB:/52/54/57
2026-04-13 20:19:53.058  4772-5773  AI_FusionLightNextGen   system_server                        D  LECENT_AI::RunArith RGB:/6/8/12
2026-04-13 20:19:53.060  4772-5773  FusionLightNextGen      system_server                        D  calculate_silibals_compensation_value: comped_ir_ratio =  0.076193 comped_lux = 1.55826
2026-04-13 20:19:53.060  4772-5773  FusionLightNextGen      system_server                        D  LECENT_AI::raw_lux -1.0, raw_cct -1.0, r/g/b/c: 801.7/504.4/207.8/1255.1, compensate r/g/b/c: 142.46/33.31/34.43/182.41 bri 583.0, lux: 0.000000, cct: -1.0, comped_lux:0.000 comped_cct:-1 ir: 0.076193, cnt: 0
2026-04-13 20:19:53.060  4772-5773  CwbClient               system_server                        I  setCWBDisplayType set mFeatureID = CWB_RGB_VALUE
2026-04-13 20:19:53.098  4772-5803  CwbClient               system_server                        D  LECENT_AI::CwbClient::RGB||6||8||12, timestamp=567837126793333
2026-04-13 20:19:53.199  4772-5803  CwbClient               system_server                        D  LECENT_AI::CwbClient::RGB||6||8||12, timestamp=567837227977395
2026-04-13 20:19:53.255  3131-3715  VRR [OTI]               surfaceflinger                       D  handleIdle from 0 to 1
2026-04-13 20:19:53.255  3131-3715  VRR [OTI-HW]            surfaceflinger                       D  isStateReady 0
2026-04-13 20:19:53.255  3131-3715  VRR [OTI-HW]            surfaceflinger                       D  keep rate.
2026-04-13 20:19:53.266  2885-5756  sensors-hal             and...ware.sensors-service.multihal  I  handle_oplus_wise_rgb_event:191, wise_rgb: (r, g, b, c)[828.45, 532.37, 237.46, 1282.35],(r2,g2,b2,c2)[[0.00, 0.00, 0.00, 0.00], algo:2.0, flag :0
2026-04-13 20:19:53.301  4772-5803  CwbClient               system_server                        D  LECENT_AI::CwbClient::RGB||6||8||12, timestamp=567837329113280
2026-04-13 20:19:53.315  2888-3927  WifiHAL                 android.hardware.wifi-service        I  event received NL80211_CMD_VENDOR, vendor_id = 0x1374, subcmd = 0xb6
2026-04-13 20:19:53.315  3850-3850  cnss-daemon             cnss-daemon                          I  nl80211 response handler invoked
2026-04-13 20:19:53.315  3850-3850  cnss-daemon             cnss-daemon                          I  nl80211_response_handler: cmd 103, vendorID 4980, subcmd 182  received
2026-04-13 20:19:53.354 28915-28934 SmartSideb...ValueProxy com.coloros.smartsidebar:ui          D  (main)getOverlayShowVideoAssistant edge_panel_video_assistant =-1
2026-04-13 20:19:53.355  4772-7338  FlexibleTaskController  system_server                        D  check task which not have enough child, isInSingleWhiteList:false isCloneTask:false
2026-04-13 20:19:53.356 28915-28915 VideoAssistantUtils     com.coloros.smartsidebar:ui          D  isInSplitScreenMode  === :false
2026-04-13 20:19:53.356  4772-7338  FlexibleTaskController  system_server                        D  check task which not have enough child, isInSingleWhiteList:false isCloneTask:false
2026-04-13 20:19:53.356 28915-28934 SmartSideb...PanelUtils com.coloros.smartsidebar:ui          D  (main)getTopAppInfo() result: ApplicationInfo{416e1ad com.max.aiassistant}
2026-04-13 20:19:53.356 28915-28934 SmartSideb...PanelUtils com.coloros.smartsidebar:ui          D  (main)getTopPkg() pkg: com.*****.aiassistant
2026-04-13 20:19:53.357  4772-7338  ContentService          system_server                        W  Observer is already registered. Pid is 28915
2026-04-13 20:19:53.357 28915-28934 SmartSideb...tPanelView com.coloros.smartsidebar:ui          D  (main)Registered app status observer for: com.max.aiassistant
2026-04-13 20:19:53.357 28915-28934 SmartSideb...tusManager com.coloros.smartsidebar:ui          D  (main)isAppEnabled: com.max.aiassistant = true
2026-04-13 20:19:53.473  2885-5756  sensors-hal             and...ware.sensors-service.multihal  I  handle_oplus_wise_rgb_event:191, wise_rgb: (r, g, b, c)[828.45, 532.37, 237.46, 1282.35],(r2,g2,b2,c2)[[0.00, 0.00, 0.00, 0.00], algo:2.0, flag :0
2026-04-13 20:19:53.474  4772-5773  AI_FusionLightNextGen   system_server                        D  LECENT_AI::RunArith AVG_RGB:/52/54/57
2026-04-13 20:19:53.474  4772-5773  AI_FusionLightNextGen   system_server                        D  LECENT_AI::RunArith RGB:/6/8/12
2026-04-13 20:19:53.478  4772-5773  FusionLightNextGen      system_server                        D  calculate_silibals_compensation_value: comped_ir_ratio =  0.204857 comped_lux = 0.93971
2026-04-13 20:19:53.478  4772-5773  FusionLightNextGen      system_server                        D  LECENT_AI::raw_lux -1.0, raw_cct -1.0, r/g/b/c: 828.5/532.4/237.5/1282.3, compensate r/g/b/c: 169.46/61.31/64.43/209.41 bri 583.0, lux: 0.000000, cct: -1.0, comped_lux:0.000 comped_cct:-1 ir: 0.204857, cnt: 0
2026-04-13 20:19:53.478  4772-5773  CwbClient               system_server                        I  setCWBDisplayType set mFeatureID = CWB_RGB_VALUE
2026-04-13 20:19:53.658 28915-28934 SmartSideb...ValueProxy com.coloros.smartsidebar:ui          D  (main)getOverlayShowVideoAssistant edge_panel_video_assistant =-1
2026-04-13 20:19:53.659  4772-6359  FlexibleTaskController  system_server                        D  check task which not have enough child, isInSingleWhiteList:false isCloneTask:false
2026-04-13 20:19:53.659 28915-28915 VideoAssistantUtils     com.coloros.smartsidebar:ui          D  isInSplitScreenMode  === :false
2026-04-13 20:19:53.660  4772-6359  FlexibleTaskController  system_server                        D  check task which not have enough child, isInSingleWhiteList:false isCloneTask:false
2026-04-13 20:19:53.660 28915-28934 SmartSideb...PanelUtils com.coloros.smartsidebar:ui          D  (main)getTopAppInfo() result: ApplicationInfo{f4efce2 com.max.aiassistant}
2026-04-13 20:19:53.660 28915-28934 SmartSideb...PanelUtils com.coloros.smartsidebar:ui          D  (main)getTopPkg() pkg: com.*****.aiassistant
2026-04-13 20:19:53.661  4772-6359  ContentService          system_server                        W  Observer is already registered. Pid is 28915
2026-04-13 20:19:53.661 28915-28934 SmartSideb...tPanelView com.coloros.smartsidebar:ui          D  (main)Registered app status observer for: com.max.aiassistant
2026-04-13 20:19:53.661 28915-28934 SmartSideb...tusManager com.coloros.smartsidebar:ui          D  (main)isAppEnabled: com.max.aiassistant = true
2026-04-13 20:19:53.681  2885-5756  sensors-hal             and...ware.sensors-service.multihal  I  handle_oplus_wise_rgb_event:191, wise_rgb: (r, g, b, c)[828.45, 532.37, 237.46, 1282.35],(r2,g2,b2,c2)[[0.00, 0.00, 0.00, 0.00], algo:2.0, flag :0
2026-04-13 20:19:53.711  6930-9360  CommonApp-164-10518     com.oplus.subsys                     D  transport layer data is invalid
2026-04-13 20:19:53.712  6930-9360  ScorePolicy             com.oplus.subsys                     D  handleScoreChanged: []
2026-04-13 20:19:53.712  6930-9360  ScorePolicy             com.oplus.subsys                     D  handleScoreChanged: []
2026-04-13 20:19:53.712  6930-9360  ScorePolicy             com.oplus.subsys                     D  handleScoreChanged: []
2026-04-13 20:19:53.735  6930-6930  VendorWifiService       com.oplus.subsys                     D  onEvent event:9,action:1
2026-04-13 20:19:53.741  4772-6188  ScorerUtils             system_server                        D  isLowTraffic: txTputKBps=0, rxTputKBps=0
2026-04-13 20:19:53.741  4772-6188  OplusWifiP...ggerCenter system_server                        D  mComponentCallback: wifistat
2026-04-13 20:19:53.770 10188-10680 gaia-GaiaConnectChecker com.oplus.olc                        D  start connect check++
2026-04-13 20:19:53.888  2885-5756  sensors-hal             and...ware.sensors-service.multihal  I  handle_oplus_wise_rgb_event:191, wise_rgb: (r, g, b, c)[801.73, 504.35, 178.10, 1255.06],(r2,g2,b2,c2)[[0.00, 0.00, 0.00, 0.00], algo:2.0, flag :0
2026-04-13 20:19:53.889  4772-5773  AI_FusionLightNextGen   system_server                        D  LECENT_AI::RunArith AVG_RGB:/52/54/57
2026-04-13 20:19:53.889  4772-5773  AI_FusionLightNextGen   system_server                        D  LECENT_AI::RunArith RGB:/6/8/12
2026-04-13 20:19:53.893  4772-5773  FusionLightNextGen      system_server                        D  calculate_silibals_compensation_value: comped_ir_ratio =  0.000000 comped_lux = 1.07866
2026-04-13 20:19:53.893  4772-5773  FusionLightNextGen      system_server                        D  LECENT_AI::raw_lux -1.0, raw_cct -1.0, r/g/b/c: 801.7/504.4/178.1/1255.1, compensate r/g/b/c: 142.46/33.31/5.43/182.41 bri 583.0, lux: 0.000000, cct: -1.0, comped_lux:0.000 comped_cct:-1 ir: 0.000000, cnt: 0
2026-04-13 20:19:53.893  4772-5773  CwbClient               system_server                        I  setCWBDisplayType set mFeatureID = CWB_RGB_VALUE
2026-04-13 20:19:53.931  2888-3927  WifiHAL                 android.hardware.wifi-service        I  event received NL80211_CMD_VENDOR, vendor_id = 0x1374, subcmd = 0xd
2026-04-13 20:19:53.931  3850-3850  cnss-daemon             cnss-daemon                          I  nl80211 response handler invoked
2026-04-13 20:19:53.931  3850-3850  cnss-daemon             cnss-daemon                          I  nl80211_response_handler: cmd 103, vendorID 4980, subcmd 13  received
2026-04-13 20:19:53.962 28915-28934 SmartSideb...ValueProxy com.coloros.smartsidebar:ui          D  (main)getOverlayShowVideoAssistant edge_panel_video_assistant =-1
2026-04-13 20:19:53.963  4772-6359  FlexibleTaskController  system_server                        D  check task which not have enough child, isInSingleWhiteList:false isCloneTask:false
2026-04-13 20:19:53.963 28915-28915 VideoAssistantUtils     com.coloros.smartsidebar:ui          D  isInSplitScreenMode  === :false
2026-04-13 20:19:53.964  4772-6359  FlexibleTaskController  system_server                        D  check task which not have enough child, isInSingleWhiteList:false isCloneTask:false
2026-04-13 20:19:53.964 28915-28934 SmartSideb...PanelUtils com.coloros.smartsidebar:ui          D  (main)getTopAppInfo() result: ApplicationInfo{e7ab873 com.max.aiassistant}
2026-04-13 20:19:53.964 28915-28934 SmartSideb...PanelUtils com.coloros.smartsidebar:ui          D  (main)getTopPkg() pkg: com.*****.aiassistant
2026-04-13 20:19:53.964  4772-6359  ContentService          system_server                        W  Observer is already registered. Pid is 28915
2026-04-13 20:19:53.965 28915-28934 SmartSideb...tPanelView com.coloros.smartsidebar:ui          D  (main)Registered app status observer for: com.max.aiassistant
2026-04-13 20:19:53.965 28915-28934 SmartSideb...tusManager com.coloros.smartsidebar:ui          D  (main)isAppEnabled: com.max.aiassistant = true
2026-04-13 20:19:54.023  2992-3084  BatteryChargeControl    ven....hardware.charger-V10-service  D  bcc get no support from charging protocol
2026-04-13 20:19:54.095  2885-5756  sensors-hal             and...ware.sensors-service.multihal  I  handle_oplus_wise_rgb_event:191, wise_rgb: (r, g, b, c)[801.73, 504.35, 207.78, 1227.78],(r2,g2,b2,c2)[[0.00, 0.00, 0.00, 0.00], algo:2.0, flag :0
2026-04-13 20:19:54.266 28915-28934 SmartSideb...ValueProxy com.coloros.smartsidebar:ui          D  (main)getOverlayShowVideoAssistant edge_panel_video_assistant =-1
2026-04-13 20:19:54.267  4772-6359  FlexibleTaskController  system_server                        D  check task which not have enough child, isInSingleWhiteList:false isCloneTask:false
2026-04-13 20:19:54.268 28915-28915 VideoAssistantUtils     com.coloros.smartsidebar:ui          D  isInSplitScreenMode  === :false
2026-04-13 20:19:54.268  4772-6359  FlexibleTaskController  system_server                        D  check task which not have enough child, isInSingleWhiteList:false isCloneTask:false
2026-04-13 20:19:54.269 28915-28934 SmartSideb...PanelUtils com.coloros.smartsidebar:ui          D  (main)getTopAppInfo() result: ApplicationInfo{a65c330 com.max.aiassistant}
2026-04-13 20:19:54.269 28915-28934 SmartSideb...PanelUtils com.coloros.smartsidebar:ui          D  (main)getTopPkg() pkg: com.*****.aiassistant
2026-04-13 20:19:54.269  4772-6359  ContentService          system_server                        W  Observer is already registered. Pid is 28915
2026-04-13 20:19:54.269 28915-28934 SmartSideb...tPanelView com.coloros.smartsidebar:ui          D  (main)Registered app status observer for: com.max.aiassistant
2026-04-13 20:19:54.269 28915-28934 SmartSideb...tusManager com.coloros.smartsidebar:ui          D  (main)isAppEnabled: com.max.aiassistant = true
2026-04-13 20:19:54.279  4037-4037  OplusTouchDaemon        touchDaemon                          I  ts_run_service: shellback temperature updated 31 (31763)
2026-04-13 20:19:54.303  2885-5756  sensors-hal             and...ware.sensors-service.multihal  I  handle_oplus_wise_rgb_event:191, wise_rgb: (r, g, b, c)[801.73, 532.37, 207.78, 1255.06],(r2,g2,b2,c2)[[0.00, 0.00, 0.00, 0.00], algo:2.0, flag :0
2026-04-13 20:19:54.303  4772-5773  AI_FusionLightNextGen   system_server                        D  LECENT_AI::RunArith AVG_RGB:/52/54/57
2026-04-13 20:19:54.303  4772-5773  AI_FusionLightNextGen   system_server                        D  LECENT_AI::RunArith RGB:/6/8/12
2026-04-13 20:19:54.307  4772-5773  FusionLightNextGen      system_server                        D  calculate_silibals_compensation_value: comped_ir_ratio =  0.152945 comped_lux = 1.00016
2026-04-13 20:19:54.307  4772-5773  FusionLightNextGen      system_server                        D  LECENT_AI::raw_lux -1.0, raw_cct -1.0, r/g/b/c: 801.7/532.4/207.8/1255.1, compensate r/g/b/c: 142.46/61.31/34.43/182.41 bri 583.0, lux: 0.000000, cct: -1.0, comped_lux:0.000 comped_cct:-1 ir: 0.152945, cnt: 0
2026-04-13 20:19:54.307  4772-5773  CwbClient               system_server                        I  setCWBDisplayType set mFeatureID = CWB_RGB_VALUE
2026-04-13 20:19:54.381  2885-4405  sensors-hal             and...ware.sensors-service.multihal  I  handle_sns_client_event:343, mag_sample: 1: ts=567838312463187 ns; value = [-4.884803, -31.375946, -34.000893], status=3
2026-04-13 20:19:54.510  2885-5756  sensors-hal             and...ware.sensors-service.multihal  I  handle_oplus_wise_rgb_event:191, wise_rgb: (r, g, b, c)[801.73, 532.37, 207.78, 1227.78],(r2,g2,b2,c2)[[0.00, 0.00, 0.00, 0.00], algo:2.0, flag :0
2026-04-13 20:19:54.570 28915-28934 SmartSideb...ValueProxy com.coloros.smartsidebar:ui          D  (main)getOverlayShowVideoAssistant edge_panel_video_assistant =-1
2026-04-13 20:19:54.571  4772-6359  FlexibleTaskController  system_server                        D  check task which not have enough child, isInSingleWhiteList:false isCloneTask:false
2026-04-13 20:19:54.573 28915-28915 VideoAssistantUtils     com.coloros.smartsidebar:ui          D  isInSplitScreenMode  === :false
2026-04-13 20:19:54.574  4772-6359  FlexibleTaskController  system_server                        D  check task which not have enough child, isInSingleWhiteList:false isCloneTask:false
2026-04-13 20:19:54.574 28915-28934 SmartSideb...PanelUtils com.coloros.smartsidebar:ui          D  (main)getTopAppInfo() result: ApplicationInfo{5eceba9 com.max.aiassistant}
2026-04-13 20:19:54.574 28915-28934 SmartSideb...PanelUtils com.coloros.smartsidebar:ui          D  (main)getTopPkg() pkg: com.*****.aiassistant
2026-04-13 20:19:54.575  4772-6359  ContentService          system_server                        W  Observer is already registered. Pid is 28915
2026-04-13 20:19:54.575 28915-28934 SmartSideb...tPanelView com.coloros.smartsidebar:ui          D  (main)Registered app status observer for: com.max.aiassistant
2026-04-13 20:19:54.575 28915-28934 SmartSideb...tusManager com.coloros.smartsidebar:ui          D  (main)isAppEnabled: com.max.aiassistant = true
2026-04-13 20:19:54.576  6763-7494  OplusLinkB...eneManager com.oplus.nas                        D  handleAppSceneChange: live broadcast off
2026-04-13 20:19:54.576  6763-7494  OplusLinkB...eneManager com.oplus.nas                        D  handleAppSceneChange: live broadcast off
2026-04-13 20:19:54.682  6722-6722  OplusTelep...Controller com.android.phone                    D  onSignalStrengthChanged: SignalStrength=SignalStrength:{mCdma=CellSignalStrengthCdma: cdmaDbm=2147483647 cdmaEcio=2147483647 evdoDbm=2147483647 evdoEcio=2147483647 evdoSnr=2147483647 level=0,mGsm=CellSignalStrengthGsm: rssi=2147483647 ber=2147483647 mTa=2147483647 mLevel=0,mWcdma=CellSignalStrengthWcdma: ss=2147483647 ber=2147483647 rscp=2147483647 ecno=2147483647 level=0,mTdscdma=CellSignalStrengthTdscdma: rssi=2147483647 ber=2147483647 rscp=2147483647 level=0,mLte=CellSignalStrengthLte: rssi=-75 rsrp=-105 rsrq=-13 rssnr=4 cqiTableIndex=2147483647 cqi=2147483647 ta=2147483647 level=3 parametersUseForLevel=0,mNr=CellSignalStrengthNr:{ csiRsrp = 2147483647 csiRsrq = 2147483647 csiCqiTableIndex = 2147483647 csiCqiReport = [] ssRsrp = 2147483647 ssRsrq = 2147483647 ssSinr = 2147483647 level = 0 parametersUseForLevel = 0 timingAdvance = 2147483647 },primary=CellSignalStrengthLte}
2026-04-13 20:19:54.682  6930-6930  SubsysEven...allback[0] com.oplus.subsys                     D  onSignalStrengthsChanged
2026-04-13 20:19:54.683  6596-6596  Tile.OplusCellularTile  com.android.systemui                 D  refreshState: tile not listening, ignore
2026-04-13 20:19:54.684  6596-6777  SystemUi--Statusbar     com.android.systemui                 I  MobileConnectionRepositoryImpl-->subId:1 isSoftSimCard:false slotId:0
2026-04-13 20:19:54.717  2885-5756  sensors-hal             and...ware.sensors-service.multihal  I  handle_oplus_wise_rgb_event:191, wise_rgb: (r, g, b, c)[801.73, 532.37, 207.78, 1255.06],(r2,g2,b2,c2)[[0.00, 0.00, 0.00, 0.00], algo:2.0, flag :0
2026-04-13 20:19:54.717  2885-5756  sensors-hal             and...ware.sensors-service.multihal  I  handle_oplus_wise_rgb_event:217, high_pwm_light:lux 10.0,cct 5300.0,brl/algo/ir 583.0/2.0/114.3,pwm/dc 0.0/0.0,rgbc 801.727234/532.373718/207.780563/1255.063721,ts 567838741398343,cnt 12775,flag 0
2026-04-13 20:19:54.718  4772-5773  AI_FusionLightNextGen   system_server                        D  LECENT_AI::RunArith AVG_RGB:/52/54/57
2026-04-13 20:19:54.718  4772-5773  AI_FusionLightNextGen   system_server                        D  LECENT_AI::RunArith RGB:/6/8/12
2026-04-13 20:19:54.722  4772-5773  FusionLightNextGen      system_server                        D  calculate_silibals_compensation_value: comped_ir_ratio =  0.152945 comped_lux = 1.00016
2026-04-13 20:19:54.722  4772-5773  FusionLightNextGen      system_server                        D  LECENT_AI::raw_lux -1.0, raw_cct -1.0, r/g/b/c: 801.7/532.4/207.8/1255.1, compensate r/g/b/c: 142.46/61.31/34.43/182.41 bri 583.0, lux: 0.000000, cct: -1.0, comped_lux:0.000 comped_cct:-1 ir: 0.152945, cnt: 0
2026-04-13 20:19:54.722  4772-5773  CwbClient               system_server                        I  setCWBDisplayType set mFeatureID = CWB_RGB_VALUE
2026-04-13 20:19:54.724 29473-29587 OPLUS_LOG_LOAD          com.oplus.camera                     W  ==LOGS PROG INFO, prog(com.oplus.camera) ==
2026-04-13 20:19:54.724 29473-29587 APS_ALOG                com.oplus.camera                     I  flushRoutine g_immediateFlush=0 g_pendingCount=0 g_oobCount=0
2026-04-13 20:19:54.735  6930-9360  CommonApp-164-10518     com.oplus.subsys                     D  transport layer data is invalid
2026-04-13 20:19:54.735  6930-9360  ScorePolicy             com.oplus.subsys                     D  handleScoreChanged: []
2026-04-13 20:19:54.736  6930-9360  ScorePolicy             com.oplus.subsys                     D  handleScoreChanged: []
2026-04-13 20:19:54.736  6930-9360  ScorePolicy             com.oplus.subsys                     D  handleScoreChanged: []
2026-04-13 20:19:54.876 28915-28934 SmartSideb...ValueProxy com.coloros.smartsidebar:ui          D  (main)getOverlayShowVideoAssistant edge_panel_video_assistant =-1
2026-04-13 20:19:54.876  4772-6359  FlexibleTaskController  system_server                        D  check task which not have enough child, isInSingleWhiteList:false isCloneTask:false
2026-04-13 20:19:54.877 28915-28915 VideoAssistantUtils     com.coloros.smartsidebar:ui          D  isInSplitScreenMode  === :false
2026-04-13 20:19:54.877  4772-6359  FlexibleTaskController  system_server                        D  check task which not have enough child, isInSingleWhiteList:false isCloneTask:false
2026-04-13 20:19:54.877 28915-28934 SmartSideb...PanelUtils com.coloros.smartsidebar:ui          D  (main)getTopAppInfo() result: ApplicationInfo{364052e com.max.aiassistant}
2026-04-13 20:19:54.878 28915-28934 SmartSideb...PanelUtils com.coloros.smartsidebar:ui          D  (main)getTopPkg() pkg: com.*****.aiassistant
2026-04-13 20:19:54.878  4772-6359  ContentService          system_server                        W  Observer is already registered. Pid is 28915
2026-04-13 20:19:54.878 28915-28934 SmartSideb...tPanelView com.coloros.smartsidebar:ui          D  (main)Registered app status observer for: com.max.aiassistant
2026-04-13 20:19:54.878 28915-28934 SmartSideb...tusManager com.coloros.smartsidebar:ui          D  (main)isAppEnabled: com.max.aiassistant = true
2026-04-13 20:19:54.925  2885-5756  sensors-hal             and...ware.sensors-service.multihal  I  handle_oplus_wise_rgb_event:191, wise_rgb: (r, g, b, c)[801.73, 532.37, 207.78, 1227.78],(r2,g2,b2,c2)[[0.00, 0.00, 0.00, 0.00], algo:2.0, flag :0
2026-04-13 20:19:55.024  2992-3084  BatteryChargeControl    ven....hardware.charger-V10-service  D  bcc get no support from charging protocol
2026-04-13 20:19:55.026  4772-5780  AlarmManager            system_server                        V  sending alarm Alarm{f6ebd04 type 1 origWhen 1776104395026 whenElapsed 567839054 android} uid 1000 whenElapsed 567839054 windowLength 0 maxWhenElapsed 567839054 repeatInterval 0 action null component null tag StorgaeBandInfoAlarmTag flags 0x9 procName system_server
2026-04-13 20:19:55.027  4772-14108 OplusStora...SBandwidth system_server                        E  storage_io_metrics_path is /proc/oplus_storage/io_metrics/forever/
2026-04-13 20:19:55.027  4772-14108 OplusStora...SBandwidth system_server                        E  Bandwidth - Read: 0,00 MB/s, Write: 0,00 MB/s
2026-04-13 20:19:55.027  4772-14108 OplusStora...SBandwidth system_server                        E  Task time: 1ms
2026-04-13 20:19:55.028  4772-14108 OplusStora...SBandwidth system_server                        E  Alarm set to trigger in 10 seconds
2026-04-13 20:19:55.134  2885-5756  sensors-hal             and...ware.sensors-service.multihal  I  handle_oplus_wise_rgb_event:191, wise_rgb: (r, g, b, c)[828.45, 532.37, 237.46, 1282.35],(r2,g2,b2,c2)[[0.00, 0.00, 0.00, 0.00], algo:2.0, flag :0
2026-04-13 20:19:55.134  4772-5773  AI_FusionLightNextGen   system_server                        D  LECENT_AI::RunArith AVG_RGB:/52/54/57
2026-04-13 20:19:55.134  4772-5773  AI_FusionLightNextGen   system_server                        D  LECENT_AI::RunArith RGB:/6/8/12
2026-04-13 20:19:55.138  4772-5773  FusionLightNextGen      system_server                        D  calculate_silibals_compensation_value: comped_ir_ratio =  0.204857 comped_lux = 0.93971
2026-04-13 20:19:55.138  4772-5773  FusionLightNextGen      system_server                        D  LECENT_AI::raw_lux -1.0, raw_cct -1.0, r/g/b/c: 828.5/532.4/237.5/1282.3, compensate r/g/b/c: 169.46/61.31/64.43/209.41 bri 583.0, lux: 0.000000, cct: -1.0, comped_lux:0.000 comped_cct:-1 ir: 0.204857, cnt: 0
2026-04-13 20:19:55.138  4772-5773  CwbClient               system_server                        I  setCWBDisplayType set mFeatureID = CWB_RGB_VALUE
2026-04-13 20:19:55.148  2992-3077  vendor.opl...10-service ven....hardware.charger-V10-service  D  ret_value:128, read content:,319,319,4140,4140,-126,69,71,1,1,0,497,5084,71,1,4530,300,500,0,7,11000,7,0,1,0,2,0,0,0,1,6944,98,11330,4482,6510,0,0,0,0,0,71
2026-04-13 20:19:55.148  2992-3077  vendor.opl...10-service ven....hardware.charger-V10-service  D  gmtime: 2026-04-13-20-19-55
2026-04-13 20:19:55.148  2992-3077  vendor.opl...10-service ven....hardware.charger-V10-service  D  usb_online:1, ac_online:-2147483648, wireless_online:0
2026-04-13 20:19:55.149  2912-3098  PERFHAL-PERFCTRL        ven...ti.hardware.perf2-hal-service  E  PERFHAL-PERFCTRL: chk_core_online_poll_loop() 747: poll() has timed out for /sys/kernel/msm_performance/events/cpu_hotplug
2026-04-13 20:19:55.149  2912-3098  PERFHAL-PERFCTRL        ven...ti.hardware.perf2-hal-service  E  PERFHAL-PERFCTRL: chk_core_online_poll_loop() 742: Block on poll()
2026-04-13 20:19:55.167   309-555   msgr.msys               com.facebook.orca                    E  E[N mns:DGWClient]_OnDiskCacheGetData(1102)=>Start post callback cache refresh DNS resolution
2026-04-13 20:19:55.171  6763-7494  DnsDomainBlock          com.oplus.nas                        D  onDnsEvent: latencyMs=0, returnCode=4, uid=10379
2026-04-13 20:19:55.172  6763-7494  OplusLinkB...eneManager com.oplus.nas                        D  handleAppSceneChange: live broadcast off
2026-04-13 20:19:55.175   309-555   msgr.msys               com.facebook.orca                    E  E[N mns:DGWClient]_LogError(285)=>Failed to resolve using system DNS resolver, getaddrinfo(): No address associated with hostname
2026-04-13 20:19:55.176   309-555   msgr.msys               com.facebook.orca                    E  E[N mns:DGWClient]_OnDiskCacheGetData(1102)=>Start post callback cache refresh DNS resolution
2026-04-13 20:19:55.177   309-555   msgr.msys               com.facebook.orca                    E  E[N mns:DGWClient]_LogError(285)=>Failed to resolve using system DNS resolver, getaddrinfo(): No address associated with hostname
2026-04-13 20:19:55.179 28915-28934 SmartSideb...ValueProxy com.coloros.smartsidebar:ui          D  (main)getOverlayShowVideoAssistant edge_panel_video_assistant =-1
2026-04-13 20:19:55.180  4772-7314  FlexibleTaskController  system_server                        D  check task which not have enough child, isInSingleWhiteList:false isCloneTask:false
2026-04-13 20:19:55.180 28915-28915 VideoAssistantUtils     com.coloros.smartsidebar:ui          D  isInSplitScreenMode  === :false
2026-04-13 20:19:55.181  4772-7314  FlexibleTaskController  system_server                        D  check task which not have enough child, isInSingleWhiteList:false isCloneTask:false
2026-04-13 20:19:55.181 28915-28934 SmartSideb...PanelUtils com.coloros.smartsidebar:ui          D  (main)getTopAppInfo() result: ApplicationInfo{abe68cf com.max.aiassistant}
2026-04-13 20:19:55.181 28915-28934 SmartSideb...PanelUtils com.coloros.smartsidebar:ui          D  (main)getTopPkg() pkg: com.*****.aiassistant
2026-04-13 20:19:55.182  4772-7314  ContentService          system_server                        W  Observer is already registered. Pid is 28915
2026-04-13 20:19:55.182 28915-28934 SmartSideb...tPanelView com.coloros.smartsidebar:ui          D  (main)Registered app status observer for: com.max.aiassistant
2026-04-13 20:19:55.182 28915-28934 SmartSideb...tusManager com.coloros.smartsidebar:ui          D  (main)isAppEnabled: com.max.aiassistant = true
2026-04-13 20:19:55.341  2885-5756  sensors-hal             and...ware.sensors-service.multihal  I  handle_oplus_wise_rgb_event:191, wise_rgb: (r, g, b, c)[828.45, 532.37, 207.78, 1255.06],(r2,g2,b2,c2)[[0.00, 0.00, 0.00, 0.00], algo:2.0, flag :0
2026-04-13 20:19:55.448  6763-7494  DnsDomainBlock          com.oplus.nas                        D  onDnsEvent: latencyMs=0, returnCode=4, uid=10356
2026-04-13 20:19:55.450  6763-7494  OplusLinkB...eneManager com.oplus.nas                        D  handleAppSceneChange: live broadcast off
2026-04-13 20:19:55.468  3487-5210  QmiClient               subsys_daemon                        D  qmiServiceEventCallback recv msg id 74
2026-04-13 20:19:55.468  3487-5210  QmiClient               subsys_daemon                        D  enter -mServiceType 2 onQmiServiceEventCallback msgId 74
2026-04-13 20:19:55.468  3487-5210  QmiClient               subsys_daemon                        D  onQmiServiceEventCallback - enter. msgId=74
2026-04-13 20:19:55.468  3487-5210  QmiDsdClientEvent       subsys_daemon                        D  qmiDsdClientNotifyLteCellInfoChangeEvent - RADIO_EVENT_LTE_CELL_INFO_CHANGE_IND
2026-04-13 20:19:55.468  3487-3592  DsdProxy                subsys_daemon                        D  handleMessage msg is 2201
2026-04-13 20:19:55.468  3487-3592  DsdProxy                subsys_daemon                        D  handleLteCellInfoChangeInd for instance 0
2026-04-13 20:19:55.468  6930-17269 SubsysRadi...ication[0] com.oplus.subsys                     D  radioLteCAInfoInd
2026-04-13 20:19:55.468  6930-6930  QtiCellularNetwork      com.oplus.subsys                     D  handleLteCaInfoChanged 0
2026-04-13 20:19:55.468  6930-6930  QtiCellularNetwork      com.oplus.subsys                     D  handleLteCaInfoChanged: deconfigured
2026-04-13 20:19:55.483 28915-28934 SmartSideb...ValueProxy com.coloros.smartsidebar:ui          D  (main)getOverlayShowVideoAssistant edge_panel_video_assistant =-1
2026-04-13 20:19:55.483  4772-7314  FlexibleTaskController  system_server                        D  check task which not have enough child, isInSingleWhiteList:false isCloneTask:false
2026-04-13 20:19:55.484 28915-28915 VideoAssistantUtils     com.coloros.smartsidebar:ui          D  isInSplitScreenMode  === :false
2026-04-13 20:19:55.484  4037-4037  synaLib                 touchDaemon                          I  tcm: STATUS: Exit DOZE mode
2026-04-13 20:19:55.484  4772-7314  FlexibleTaskController  system_server                        D  check task which not have enough child, isInSingleWhiteList:false isCloneTask:false
2026-04-13 20:19:55.485  4037-4037  OplusTouchDaemon        touchDaemon                          E  [prevent][curved_large_handle_V2][3008]: id:0 pos:1 center_down:1 (2583 5054)(0 0 0 0) 
2026-04-13 20:19:55.485  4037-4037  OplusTouchDaemon        touchDaemon                          E  [touchEvent][ts_report_touch_data][649]: first touch point id 0 [2583 5054    5    0    0    0    0]
2026-04-13 20:19:55.485 28915-28934 SmartSideb...PanelUtils com.coloros.smartsidebar:ui          D  (main)getTopAppInfo() result: ApplicationInfo{61be25c com.max.aiassistant}
2026-04-13 20:19:55.485 28915-28934 SmartSideb...PanelUtils com.coloros.smartsidebar:ui          D  (main)getTopPkg() pkg: com.*****.aiassistant
2026-04-13 20:19:55.485  3131-3715  VRR [OTI]               surfaceflinger                       D  handleIdle from 1 to 0
2026-04-13 20:19:55.485  4772-7314  ContentService          system_server                        W  Observer is already registered. Pid is 28915
2026-04-13 20:19:55.485  3131-3715  VRR [OTI-HW]            surfaceflinger                       D  isStateReady 0
2026-04-13 20:19:55.485  3131-3715  VRR [OTI-HW]            surfaceflinger                       D  keep rate.
2026-04-13 20:19:55.485 28915-28934 SmartSideb...tPanelView com.coloros.smartsidebar:ui          D  (main)Registered app status observer for: com.max.aiassistant
2026-04-13 20:19:55.485 28915-28934 SmartSideb...tusManager com.coloros.smartsidebar:ui          D  (main)isAppEnabled: com.max.aiassistant = true
2026-04-13 20:19:55.485  4772-6213  GestureLog...erDetector system_server                        D  onTouchEvent------>start, mCurNumPointers=1, mCurrStatus=0 mIsDownIntervalTimeout=true, action=0 downTime=158866027 deviceId=6
2026-04-13 20:19:55.486  4772-4954  PowerManagerService     system_server                        D  userActivityNoUpdateLocked: groupId=0, eventTime=158866027, event=touch, flags=0x0, uid=1000
2026-04-13 20:19:55.486  4772-6489  [UAH_CLIENT]            system_server                        I  UahEventAcquire, cmdid:37, pkg:none, identity:OplusUAwareInputHelper
2026-04-13 20:19:55.486  4772-4954  PowerManagerService     system_server                        D  userActivityNoUpdateLocked: groupId=0, eventTime=158866027, event=touch, flags=0x0, uid=1000
2026-04-13 20:19:55.487  7575-7575  DynamicFra...peedAware] com.max.aiassistant                  I  onEventHandled: info: InputEventInfo: mX = 0, mY = 0, mAction = 0, mVsyncTime = 158866032, mIsMoving = true, mUpdated = true
2026-04-13 20:19:55.487  7575-7575  IJankManager            com.max.aiassistant                  E  slideSceneEnd unknown scene 1000 mScene:-1
2026-04-13 20:19:55.488  7575-7575  AutofillManager         com.max.aiassistant                  V  requestHideFillUi(null): anchor = null
2026-04-13 20:19:55.496  3487-5194  QmiClient               subsys_daemon                        D  qmiServiceEventCallback recv msg id 78
2026-04-13 20:19:55.496  3487-5194  QmiClient               subsys_daemon                        D  enter -mServiceType 1 onQmiServiceEventCallback msgId 78
2026-04-13 20:19:55.496  3487-5131  QmiClient               subsys_daemon                        D  qmiServiceEventCallback recv msg id 1106
2026-04-13 20:19:55.496  3487-5131  QmiClient               subsys_daemon                        D  enter -mServiceType 4 onQmiServiceEventCallback msgId 1106
2026-04-13 20:19:55.496  3487-5194  QmiClient               subsys_daemon                        D  onQmiServiceEventCallback - enter. msgId=78
2026-04-13 20:19:55.496  3487-5194  QmiNasClientEvent       subsys_daemon                        D  qmiNasClientNotifySysInfoEvent lte_ims_voice_avail_valid 1
2026-04-13 20:19:55.496  3487-5131  QmiClient               subsys_daemon                        D  onQmiServiceEventCallback - enter. msgId=1106
2026-04-13 20:19:55.496  3487-3586  VsProxy                 subsys_daemon                        D  handleMessage msg is 2425
2026-04-13 20:19:55.496  3487-3586  VsProxy                 subsys_daemon                        D  handleServingCellInfoChangeInd for instance 0
