2026-04-16 21:30:36.240  4772-5803  CwbClient               system_server                        D  LECENT_AI::CwbClient::RGB||15||24||38, timestamp=831281311256726
2026-04-16 21:30:36.269  6930-6930  VendorWifiService       com.oplus.subsys                     D  onEvent event:9,action:1
2026-04-16 21:30:36.275  4772-6188  ScorerUtils             system_server                        D  isLowTraffic: txTputKBps=0, rxTputKBps=0
2026-04-16 21:30:36.276  4772-6188  OplusWifiP...ggerCenter system_server                        D  mComponentCallback: wifistat
2026-04-16 21:30:36.315  4772-5803  CwbClient               system_server                        D  LECENT_AI::CwbClient::RGB||15||24||38, timestamp=831281386146778
2026-04-16 21:30:36.320  2885-6495  sensors-hal             and...ware.sensors-service.multihal  I  handle_sns_client_event:274, accel_sample: 0: ts=831280136214351 ns; value = [-0.238615, 4.775409, 8.708887], status=3
2026-04-16 21:30:36.338  2885-5741  sensors-hal             and...ware.sensors-service.multihal  I  handle_oplus_wise_rgb_event:191, wise_rgb: (r, g, b, c)[4730.19, 2325.63, 979.54, 6984.70],(r2,g2,b2,c2)[[0.00, 0.00, 0.00, 0.00], algo:2.0, flag :0
2026-04-16 21:30:36.389  4772-5803  CwbClient               system_server                        D  LECENT_AI::CwbClient::RGB||15||24||38, timestamp=831281460680736
2026-04-16 21:30:36.429   971-991   SmartSideb...ValueProxy com.coloros.smartsidebar:ui          D  (main)getOverlayShowVideoAssistant edge_panel_video_assistant =-1
2026-04-16 21:30:36.430  4772-5626  FlexibleTaskController  system_server                        D  check task which not have enough child, isInSingleWhiteList:false isCloneTask:false
2026-04-16 21:30:36.431   971-971   VideoAssistantUtils     com.coloros.smartsidebar:ui          D  isInSplitScreenMode  === :false
2026-04-16 21:30:36.431  4772-5626  FlexibleTaskController  system_server                        D  check task which not have enough child, isInSingleWhiteList:false isCloneTask:false
2026-04-16 21:30:36.432   971-991   SmartSideb...PanelUtils com.coloros.smartsidebar:ui          D  (main)getTopAppInfo() result: ApplicationInfo{4de95fc com.max.aiassistant}
2026-04-16 21:30:36.432  4772-5626  ContentService          system_server                        W  Observer is already registered. Pid is 971
2026-04-16 21:30:36.432   971-991   SmartSideb...PanelUtils com.coloros.smartsidebar:ui          D  (main)getTopPkg() pkg: com.*****.aiassistant
2026-04-16 21:30:36.432   971-991   SmartSideb...tPanelView com.coloros.smartsidebar:ui          D  (main)Registered app status observer for: com.max.aiassistant
2026-04-16 21:30:36.432   971-991   SmartSideb...tusManager com.coloros.smartsidebar:ui          D  (main)isAppEnabled: com.max.aiassistant = true
2026-04-16 21:30:36.464  4772-5803  CwbClient               system_server                        D  LECENT_AI::CwbClient::RGB||15||24||38, timestamp=831281535574226
2026-04-16 21:30:36.539  4772-5803  CwbClient               system_server                        D  LECENT_AI::CwbClient::RGB||15||24||38, timestamp=831281610695267
2026-04-16 21:30:36.545  2885-5741  sensors-hal             and...ware.sensors-service.multihal  I  handle_oplus_wise_rgb_event:191, wise_rgb: (r, g, b, c)[4730.19, 2325.63, 979.54, 7011.99],(r2,g2,b2,c2)[[0.00, 0.00, 0.00, 0.00], algo:2.0, flag :0
2026-04-16 21:30:36.546  4772-5773  AI_FusionLightNextGen   system_server                        D  LECENT_AI::RunArith AVG_RGB:/50/57/68
2026-04-16 21:30:36.546  4772-5773  AI_FusionLightNextGen   system_server                        D  LECENT_AI::RunArith RGB:/15/24/38
2026-04-16 21:30:36.550  4772-5773  FusionLightNextGen      system_server                        D  calculate_silibals_compensation_value: comped_ir_ratio =  0.051946 comped_lux = 36.32133
2026-04-16 21:30:36.550  4772-5773  FusionLightNextGen      system_server                        D  LECENT_AI::raw_lux -1.0, raw_cct -1.0, r/g/b/c: 4730.2/2325.6/979.5/7012.0, compensate r/g/b/c: 3539.51/1497.03/662.38/5162.57 bri 547.0, lux: 36.321336, cct: -1.0, comped_lux:36.321 comped_cct:-1 ir: 0.051946, cnt: 0
2026-04-16 21:30:36.550  4772-5773  CwbClient               system_server                        I  setCWBDisplayType set mFeatureID = CWB_RGB_VALUE
2026-04-16 21:30:36.615  4772-5803  CwbClient               system_server                        D  LECENT_AI::CwbClient::RGB||15||24||38, timestamp=831281685838444
2026-04-16 21:30:36.667  6930-9360  CommonApp-197-10518     com.oplus.subsys                     D  commonScoreStrategy scenarios low package
2026-04-16 21:30:36.668  6930-9360  ScorePolicy             com.oplus.subsys                     D  handleScoreChanged: []
2026-04-16 21:30:36.668  6930-9360  ScorePolicy             com.oplus.subsys                     D  handleScoreChanged: []
2026-04-16 21:30:36.668  6930-9360  ScorePolicy             com.oplus.subsys                     D  handleScoreChanged: []
2026-04-16 21:30:36.689  4772-5803  CwbClient               system_server                        D  LECENT_AI::CwbClient::RGB||15||24||38, timestamp=831281760517246
2026-04-16 21:30:36.709  4772-6187  OplusWifiP...akeupStats system_server                        D  IPV4_TCP_Packet wake up count 5
2026-04-16 21:30:36.710  2888-12638 WifiHAL                 android.hardware.wifi-service        I  event received NL80211_CMD_VENDOR, vendor_id = 0x1374, subcmd = 0xb6
2026-04-16 21:30:36.711  3850-3850  cnss-daemon             cnss-daemon                          I  nl80211 response handler invoked
2026-04-16 21:30:36.711  3850-3850  cnss-daemon             cnss-daemon                          I  nl80211_response_handler: cmd 103, vendorID 4980, subcmd 182  received
2026-04-16 21:30:36.711  4772-6187  OplusWifiPower_WakeupIp system_server                        D  com.google.android.gms(192.168.1.***) wakeup host
2026-04-16 21:30:36.733   971-991   SmartSideb...ValueProxy com.coloros.smartsidebar:ui          D  (main)getOverlayShowVideoAssistant edge_panel_video_assistant =-1
2026-04-16 21:30:36.734  4772-7272  FlexibleTaskController  system_server                        D  check task which not have enough child, isInSingleWhiteList:false isCloneTask:false
2026-04-16 21:30:36.734   971-971   VideoAssistantUtils     com.coloros.smartsidebar:ui          D  isInSplitScreenMode  === :false
2026-04-16 21:30:36.735  4772-7272  FlexibleTaskController  system_server                        D  check task which not have enough child, isInSingleWhiteList:false isCloneTask:false
2026-04-16 21:30:36.735   971-991   SmartSideb...PanelUtils com.coloros.smartsidebar:ui          D  (main)getTopAppInfo() result: ApplicationInfo{160d485 com.max.aiassistant}
2026-04-16 21:30:36.735  4772-7272  ContentService          system_server                        W  Observer is already registered. Pid is 971
2026-04-16 21:30:36.736   971-991   SmartSideb...PanelUtils com.coloros.smartsidebar:ui          D  (main)getTopPkg() pkg: com.*****.aiassistant
2026-04-16 21:30:36.736   971-991   SmartSideb...tPanelView com.coloros.smartsidebar:ui          D  (main)Registered app status observer for: com.max.aiassistant
2026-04-16 21:30:36.736   971-991   SmartSideb...tusManager com.coloros.smartsidebar:ui          D  (main)isAppEnabled: com.max.aiassistant = true
2026-04-16 21:30:36.753  2885-5741  sensors-hal             and...ware.sensors-service.multihal  I  handle_oplus_wise_rgb_event:191, wise_rgb: (r, g, b, c)[4756.92, 2353.65, 1009.22, 7039.27],(r2,g2,b2,c2)[[0.00, 0.00, 0.00, 0.00], algo:2.0, flag :0
2026-04-16 21:30:36.764  4772-5803  CwbClient               system_server                        D  LECENT_AI::CwbClient::RGB||15||24||38, timestamp=831281835634017
2026-04-16 21:30:36.800 10188-10680 gaia-GaiaConnectChecker com.oplus.olc                        D  start connect check++
2026-04-16 21:30:36.839  4772-5803  CwbClient               system_server                        D  LECENT_AI::CwbClient::RGB||15||24||38, timestamp=831281910416048
2026-04-16 21:30:36.914  4772-5803  CwbClient               system_server                        D  LECENT_AI::CwbClient::RGB||15||24||38, timestamp=831281985119850
2026-04-16 21:30:36.960  2885-5741  sensors-hal             and...ware.sensors-service.multihal  I  handle_oplus_wise_rgb_event:191, wise_rgb: (r, g, b, c)[4756.92, 2353.65, 1009.22, 7039.27],(r2,g2,b2,c2)[[0.00, 0.00, 0.00, 0.00], algo:2.0, flag :0
2026-04-16 21:30:36.960  4772-5773  AI_FusionLightNextGen   system_server                        D  LECENT_AI::RunArith AVG_RGB:/50/57/68
2026-04-16 21:30:36.960  4772-5773  AI_FusionLightNextGen   system_server                        D  LECENT_AI::RunArith RGB:/15/24/38
2026-04-16 21:30:36.965  4772-5773  FusionLightNextGen      system_server                        D  calculate_silibals_compensation_value: comped_ir_ratio =  0.057060 comped_lux = 36.73133
2026-04-16 21:30:36.964  2992-3084  BatteryChargeControl    ven....hardware.charger-V10-service  D  bcc get no support from charging protocol
2026-04-16 21:30:36.965  4772-5773  FusionLightNextGen      system_server                        D  LECENT_AI::raw_lux -1.0, raw_cct -1.0, r/g/b/c: 4756.9/2353.7/1009.2/7039.3, compensate r/g/b/c: 3565.51/1525.03/692.38/5190.57 bri 547.0, lux: 36.731328, cct: -1.0, comped_lux:36.731 comped_cct:-1 ir: 0.057060, cnt: 0
2026-04-16 21:30:36.965  4772-5773  CwbClient               system_server                        I  setCWBDisplayType set mFeatureID = CWB_RGB_VALUE
2026-04-16 21:30:36.989  4772-5803  CwbClient               system_server                        D  LECENT_AI::CwbClient::RGB||15||24||38, timestamp=831282060166882
2026-04-16 21:30:37.037   971-991   SmartSideb...ValueProxy com.coloros.smartsidebar:ui          D  (main)getOverlayShowVideoAssistant edge_panel_video_assistant =-1
2026-04-16 21:30:37.037  4772-7272  FlexibleTaskController  system_server                        D  check task which not have enough child, isInSingleWhiteList:false isCloneTask:false
2026-04-16 21:30:37.038   971-971   VideoAssistantUtils     com.coloros.smartsidebar:ui          D  isInSplitScreenMode  === :false
2026-04-16 21:30:37.038  4772-7272  FlexibleTaskController  system_server                        D  check task which not have enough child, isInSingleWhiteList:false isCloneTask:false
2026-04-16 21:30:37.039   971-991   SmartSideb...PanelUtils com.coloros.smartsidebar:ui          D  (main)getTopAppInfo() result: ApplicationInfo{ad932da com.max.aiassistant}
2026-04-16 21:30:37.039   971-991   SmartSideb...PanelUtils com.coloros.smartsidebar:ui          D  (main)getTopPkg() pkg: com.*****.aiassistant
2026-04-16 21:30:37.039  4772-7272  ContentService          system_server                        W  Observer is already registered. Pid is 971
2026-04-16 21:30:37.040   971-991   SmartSideb...tPanelView com.coloros.smartsidebar:ui          D  (main)Registered app status observer for: com.max.aiassistant
2026-04-16 21:30:37.040   971-991   SmartSideb...tusManager com.coloros.smartsidebar:ui          D  (main)isAppEnabled: com.max.aiassistant = true
2026-04-16 21:30:37.064  4772-5803  CwbClient               system_server                        D  LECENT_AI::CwbClient::RGB||15||24||38, timestamp=831282134743236
2026-04-16 21:30:37.110  4037-4037  synaLib                 touchDaemon                          I  tcm: STATUS: Exit DOZE mode
2026-04-16 21:30:37.110  4037-4037  OplusTouchDaemon        touchDaemon                          E  [prevent][curved_large_handle_V2][3008]: id:0 pos:1 center_down:1 (10497 31007)(0 0 0 0) 
2026-04-16 21:30:37.110  4037-4037  OplusTouchDaemon        touchDaemon                          E  [touchEvent][ts_report_touch_data][649]: first touch point id 0 [10497 31007    8    0    0    0    0]
2026-04-16 21:30:37.112  3131-3715  VRR [OTI]               surfaceflinger                       D  handleIdle from 1 to 0
2026-04-16 21:30:37.112  3131-3715  VRR [OTI-HW]            surfaceflinger                       D  isStateReady 0
2026-04-16 21:30:37.112  3131-3715  VRR [OTI-HW]            surfaceflinger                       D  keep rate.
2026-04-16 21:30:37.112  4772-6489  [UAH_CLIENT]            system_server                        I  UahEventAcquire, cmdid:37, pkg:none, identity:OplusUAwareInputHelper
2026-04-16 21:30:37.113  4772-4954  PowerManagerService     system_server                        D  userActivityNoUpdateLocked: groupId=0, eventTime=233387546, event=touch, flags=0x0, uid=1000
2026-04-16 21:30:37.113  7773-7773  DynamicFra...peedAware] com.max.aiassistant                  I  onEventHandled: info: InputEventInfo: mX = 0, mY = 0, mAction = 0, mVsyncTime = 233387550, mIsMoving = true, mUpdated = true
2026-04-16 21:30:37.113  7773-7773  IJankManager            com.max.aiassistant                  E  slideSceneEnd unknown scene 1000 mScene:-1
2026-04-16 21:30:37.113  7773-7773  AutofillManager         com.max.aiassistant                  V  requestHideFillUi(null): anchor = null
2026-04-16 21:30:37.113  4772-6213  GestureLog...erDetector system_server                        D  onTouchEvent------>start, mCurNumPointers=1, mCurrStatus=0 mIsDownIntervalTimeout=true, action=0 downTime=233387546 deviceId=6
2026-04-16 21:30:37.116  4772-4954  PowerManagerService     system_server                        D  userActivityNoUpdateLocked: groupId=0, eventTime=233387546, event=touch, flags=0x0, uid=1000
2026-04-16 21:30:37.139  4772-5803  CwbClient               system_server                        D  LECENT_AI::CwbClient::RGB||15||24||38, timestamp=831282209920527
2026-04-16 21:30:37.167  2885-5741  sensors-hal             and...ware.sensors-service.multihal  I  handle_oplus_wise_rgb_event:191, wise_rgb: (r, g, b, c)[4783.64, 2381.67, 1009.22, 7066.55],(r2,g2,b2,c2)[[0.00, 0.00, 0.00, 0.00], algo:2.0, flag :0
2026-04-16 21:30:37.214  4772-5803  CwbClient               system_server                        D  LECENT_AI::CwbClient::RGB||15||24||38, timestamp=831282284820163
2026-04-16 21:30:37.214  4772-4954  PowerManagerService     system_server                        D  userActivityNoUpdateLocked: groupId=0, eventTime=233387650, event=touch, flags=0x0, uid=1000
2026-04-16 21:30:37.215  4772-4954  PowerManagerService     system_server                        D  userActivityNoUpdateLocked: groupId=0, eventTime=233387650, event=touch, flags=0x0, uid=1000
2026-04-16 21:30:37.237  4037-4037  OplusTouchDaemon        touchDaemon                          E  [prevent][curved_large_handle_V2][3082]: up id(0) status: 1, 1, 1, 0.
2026-04-16 21:30:37.238  4772-6489  UAH-UahAdaptHelper      system_server                        D  adaptSetNotification identity = OplusUAwareInputHelpersrc = 1000 , type 1 ,p1 = -1 ,p2 = -1 ,p3 = -1 ,p4 =
2026-04-16 21:30:37.238  4772-6489  [UAH_CLIENT]            system_server                        I  uahRuleCtl, ruleId:1000, status:1
2026-04-16 21:30:37.238  7773-7773  DynamicFra...peedAware] com.max.aiassistant                  I  onEventHandled: info: InputEventInfo: mX = 0, mY = 0, mAction = 1, mVsyncTime = 233387676, mIsMoving = false, mUpdated = true
2026-04-16 21:30:37.242  4772-7272  AppsFilter              system_server                        I  interaction: PackageSetting{9a12217 com.max.aiassistant/10518} -> PackageSetting{6d84262 com.anthropic.claude/10391} BLOCKED
2026-04-16 21:30:37.242  4772-7272  AppsFilter              system_server                        I  interaction: PackageSetting{9a12217 com.max.aiassistant/10518} -> PackageSetting{4e661e6 com.google.android.as/10125} BLOCKED
2026-04-16 21:30:37.242  4772-7272  AppsFilter              system_server                        I  interaction: PackageSetting{9a12217 com.max.aiassistant/10518} -> PackageSetting{6d84262 com.anthropic.claude/10391} BLOCKED
2026-04-16 21:30:37.242  4772-7272  AppsFilter              system_server                        I  interaction: PackageSetting{9a12217 com.max.aiassistant/10518} -> PackageSetting{4e661e6 com.google.android.as/10125} BLOCKED
2026-04-16 21:30:37.243  4772-7272  SpeechReco...erviceImpl system_server                        I  Client 10518 has opened 2 sessions
2026-04-16 21:30:37.243  7773-7773  ViewRootImplExtImpl     com.max.aiassistant                  D  the up motion event handled by client, just return
2026-04-16 21:30:37.256  4772-4772  ServiceConnector.Impl   system_server                        I  unbindJobThread: connection = ServiceConnector@138(Intent { act=android.speech.RecognitionService xflg=0x4 cmp=com.google.android.tts/com.google.android.apps.speech.tts.googletts.service.GoogleTTSRecognitionService mCallingUid=1000 }, user: 0)[Unbinding...]service = android.speech.IRecognitionService$Stub$Proxy@d66ee9e mBinding = false
2026-04-16 21:30:37.257  4772-4772  RemoteSpee...ionService system_server                        I  Connection to speech recognition service lost, but no #startListening has been invoked yet.
2026-04-16 21:30:37.264  9994-9994  RecognitionServiceImpl  com.google.android.tts               I  RecognitionService#onStartListening
2026-04-16 21:30:37.265  9994-9994  IntentParsingUtil       com.google.android.tts               I  #getRequestedLanguageOrSystemDefault
2026-04-16 21:30:37.265  9994-9994  IntentParsingUtil       com.google.android.tts               I  Using language specified in RecognizerIntent: fr-FR
2026-04-16 21:30:37.266  9994-9994  RecognitionServiceImpl  com.google.android.tts               I  Create an attribution context to skip platform permission check
2026-04-16 21:30:37.266  9994-9994  RecognitionServiceImpl  com.google.android.tts               I  RecognitionService#logStartListening: callingApp: com.max.aiassistant, locale: fr-FR
2026-04-16 21:30:37.267  9994-9994  RecognitionClient       com.google.android.tts               I  #startListening
2026-04-16 21:30:37.267  9994-9994  ALT.AFClient            com.google.android.tts               I  #audio# acquire audio focus for client(TNG_TRANSCRIPTION)
2026-04-16 21:30:37.267  9994-9994  ALT.AFCSessionMgr       com.google.android.tts               I  #audio# acquire audio focus for client(TNG_TRANSCRIPTION) session(token(3))
2026-04-16 21:30:37.267  9994-9994  ALT.ARCProvider         com.google.android.tts               I  #audio# activating audio request client(TNG_TRANSCRIPTION)
2026-04-16 21:30:37.267  9994-9994  ALT.ClientsRegy         com.google.android.tts               I  #audio# activating audio client(token(1740896629), TNG_TRANSCRIPTION)
2026-04-16 21:30:37.268  9994-9994  ALT.ClientsRegy         com.google.android.tts               I  #audio# enforcing concurrency state on a new client(TNG_TRANSCRIPTION, token(1740896629))
2026-04-16 21:30:37.268  9994-9994  ALT.ClientsRegy         com.google.android.tts               I  #audio# deactivating(DEACTIVATED_NEW_CLIENT) client(token(1107266915), TNG_TRANSCRIPTION)
2026-04-16 21:30:37.268  9994-9994  ALT.AudioRoutesRegy     com.google.android.tts               I  #audio# disconnecting(DISCONNECT_REASON_NEW_CLIENT_ACTIVATING) audio route(token(1647424267), BUILTIN_AUDIO_ROUTE) for client(token(1107266915), TNG_TRANSCRIPTION)
2026-04-16 21:30:37.268  4772-5626  MediaFocusControl       system_server                        I  requestAudioFocus() from uid/pid 10205/9994 AA=USAGE_MEDIA/CONTENT_TYPE_UNKNOWN clientId=android.media.AudioManager@c6e085fftl@95b3158 callingPack=com.google.android.tts req=4 flags=0x0 sdk=36
2026-04-16 21:30:37.268  4772-5626  AS.FadeOutManager       system_server                        I  unfadeOutUid() uid:10205
2026-04-16 21:30:37.268  9994-9994  ALT.AudioRoutesRegy     com.google.android.tts               I  #audio# initializing the default route(94683709) for client(token(1740896629), TNG_TRANSCRIPTION)
2026-04-16 21:30:37.268  9994-9994  ALT.ARClient            com.google.android.tts               I  #audio# starting listening for audio request client(token(1740896629))
2026-04-16 21:30:37.268  9994-10256 ALT.AudioEventsHolder   com.google.android.tts               I  #audio# audio focus session(token(3)) acquire status(ACQUIRED)
2026-04-16 21:30:37.268  9994-10253 AudioLibraryAudioContro com.google.android.tts               I  Audio focus acquiring status: ACQUIRED
2026-04-16 21:30:37.268  9994-25716 AppFlowLoggerTransport  com.google.android.tts               I  AppFlow AUDIO_ROUTE_DISCONNECT is about to be transmitted
2026-04-16 21:30:37.268  9994-9994  ALT.AudioSessionsRegy   com.google.android.tts               I  #audio# starting audio session(990301564) for client(token(1740896629), TNG_TRANSCRIPTION)
2026-04-16 21:30:37.269  9994-25716 AppFlowLoggerTransport  com.google.android.tts               I  AppFlow AUDIO_FOCUS_ACQUIRE is about to be transmitted
2026-04-16 21:30:37.269  9994-9994  ALT.AudioSessionsRegy   com.google.android.tts               I  #audio# enforcing concurrency state on new audio session of client(token(1740896629), TNG_TRANSCRIPTION)
2026-04-16 21:30:37.269  9994-9994  ALT.AudioSessionsRegy   com.google.android.tts               I  #audio# audio session(990301564) OK to start
2026-04-16 21:30:37.269  9994-9994  ALT.AudioSrcDataRegy    com.google.android.tts               I  #audio# starting audio source session(990301564) on route(token(94683709), BUILTIN_AUDIO_ROUTE) for client(token(1740896629), TNG_TRANSCRIPTION)
2026-04-16 21:30:37.269  9994-9994  ALT.AudioSrcDataRegy    com.google.android.tts               I  #audio# enforcing concurrency state on a new audio source of client(token(1740896629), TNG_TRANSCRIPTION)
2026-04-16 21:30:37.269  9994-9994  FirstByteReadProcessor  com.google.android.tts               I  #audio# loading processor(fss@e9e18ed)
2026-04-16 21:30:37.269  9994-9994  AudioStartTimeProcessor com.google.android.tts               I  #audio# loading processor(fso@9370322)
2026-04-16 21:30:37.269  9994-9994  ALT.AudioRoutesRegy     com.google.android.tts               I  #audio# enforcing routes concurrency state on Event.PreStart(route=94683709, session=990301564) of client(token(1740896629), TNG_TRANSCRIPTION)
2026-04-16 21:30:37.269  9994-10256 ALT.RefManager          com.google.android.tts               I  #audio# referencing(ref-source@00270A00318BAE63) to(ref-source@00270A00318BAE63), (RefOpResult(existing=false, count=1))
2026-04-16 21:30:37.269  9994-8095  ALT.SrcAccessor         com.google.android.tts               I  #audio# opening audio source(fux@8d056e9), offset(RelativeOffset(bytes=0))
2026-04-16 21:30:37.269  9994-8095  ALT.RouteAwareSource    com.google.android.tts               I  #audio# delegating source(fux@8d056e9) opening to(fuo@2d2d370)
2026-04-16 21:30:37.269  9994-8095  ALT.AudioRecordSource   com.google.android.tts               I  #audio# open audio source(fuo@2d2d370)
2026-04-16 21:30:37.269  9994-9994  ALT.SessionAudioStore   com.google.android.tts               I  #audio# skipping session(990301564) storing process, not enabled
2026-04-16 21:30:37.269  9994-8095  ALT.AudioRecordFactory  com.google.android.tts               I  #audio# createAudioRecord
2026-04-16 21:30:37.269  9994-9994  ALT.AudioRoutesRegy     com.google.android.tts               I  #audio# update route state on Event.Started(route=94683709) of client(token(1740896629), TNG_TRANSCRIPTION)
2026-04-16 21:30:37.269  9994-8095  AudioRecord             com.google.android.tts               D  getMinFrameCount 640
2026-04-16 21:30:37.269  9994-9994  ALT.TimeoutTracker      com.google.android.tts               I  #audio# schedule timeout(token(audio_session_timeout:990301564), duration(PT5M))
2026-04-16 21:30:37.269  9994-9994  NetworkSpeechRecognizer com.google.android.tts               I  Online recognizer - start listening
2026-04-16 21:30:37.269  9994-8095  AudioRecordExtImpl      com.google.android.tts               D  AudioRecordExtImpl init
2026-04-16 21:30:37.270  9994-9994  NetworkSpeechRecognizer com.google.android.tts               I  #startSendingS3Requests, multi = false, entrypoint = SERVICE_API
2026-04-16 21:30:37.270  9994-8095  AudioRecordExtImpl      com.google.android.tts               D  audiorecordTest
2026-04-16 21:30:37.270  9994-25716 SodaSpeechRecognizer    com.google.android.tts               I  Offline recognizer - start listening
2026-04-16 21:30:37.270  9994-8095  AudioRecord             com.google.android.tts               D  set(): inputSource 6, sampleRate 16000, format 0x1, channelMask 0x10, frameCount 128000, notificationFrames 0, sessionId 0, transferType 0, flags 0, attributionSource AttributionSourceState{pid: 9994, uid: 10205, deviceId: 0, packageName: com.google.android.tts, attributionTag: (null), token: binder:0xb400007307e6e260, renouncedPermissions: [], next: [AttributionSourceState{pid: -1, uid: 10518, deviceId: 0, packageName: com.max.aiassistant, attributionTag: (null), token: binder:0xb40000728a122b40, renouncedPermissions: [], next: []}]}uid -1, pid -1
2026-04-16 21:30:37.270  9994-8090  OggOpusInputStream      com.google.android.tts               W  Beginning load of ogg_opus_encoder...
2026-04-16 21:30:37.270  9994-8090  OggOpusInputStream      com.google.android.tts               W  ogg_opus_encoder (null) was loaded normally!
2026-04-16 21:30:37.270  9994-8098  BaseS3HeaderProducer    com.google.android.tts               I  [RS][S3] triggerApplicationId: com.max.aiassistant
2026-04-16 21:30:37.270  9994-8095  AudioRecord             com.google.android.tts               D  set(): mSessionId 0
2026-04-16 21:30:37.270  9994-25716 SodaSpeechRecognizer    com.google.android.tts               I  Initialize Soda [locale: fr-FR], [applicationDomain: AMBIENT_ONESHOT], [aicore streaming: false]
2026-04-16 21:30:37.270  9994-8095  AudioRecord             com.google.android.tts               D  set(): 0xb40000729840f300, Create AudioRecordThread, tid = 9362
2026-04-16 21:30:37.270  9994-8098  BaseS3HeaderProducer    com.google.android.tts               I  S3Request:
                                                                                                    # lgk@ce1f7f48
                                                                                                    [293000] {
                                                                                                    }
                                                                                                    [293100] {
                                                                                                    }
                                                                                                    [294000] {
                                                                                                    }
                                                                                                    [294500] {
                                                                                                    }
                                                                                                    [29735924] {
                                                                                                    }
                                                                                                    [77499489] {
                                                                                                    }
2026-04-16 21:30:37.270  9994-25716 DefaultLPManager        com.google.android.tts               I  #getAvailablePackages
2026-04-16 21:30:37.270  9994-8095  AudioRecordExtImpl      com.google.android.tts               D  doSchedBoost, set audioapp task boost, pid=9994, tid=8095, enable=1, ret=0
2026-04-16 21:30:37.270  9994-25716 gxe                     com.google.android.tts               I  #getDownloadableLanguagePacks
2026-04-16 21:30:37.271  3102-6102  AudioBoost              audioserver                          D  audioSchedBoost, pid=3102, tid=6102, enable=1, ret=0
2026-04-16 21:30:37.271  3102-6102  AudioFlingerExtImpl     audioserver                          D  addActiveAudioSession, add 80337, uid 10205, map size 2
2026-04-16 21:30:37.271  3102-6102  AudioFlingerExtImpl     audioserver                          D  forceVoip conditions: mGameMode=0, checkInListByUid()=0, isSpeakerPlay()=0, isOtherActiveRecord()=0, sourceCondition=0
2026-04-16 21:30:37.271  3102-6102  NativePerm...Controller audioserver                          D  checkPermission: missing 8 for 10205
2026-04-16 21:30:37.271  3102-6102  APM_AudioPolicyManager  audioserver                          D  getInputForAttr() source 6, sampling rate 16000, format 0x1, channel mask 0x10, session 80337, flags 0 attributes={ Content type: AUDIO_CONTENT_TYPE_UNKNOWN Usage: AUDIO_USAGE_UNKNOWN Source: AUDIO_SOURCE_VOICE_RECOGNITION Flags: 0x800 Tags:  } requested device ID 0 uid=10205
2026-04-16 21:30:37.271  3102-6102  APM::AudioPolicyEngine  audioserver                          D  getDeviceForInputSource()input source 6, device 80000004
2026-04-16 21:30:37.271  9994-25716 LanguagePackConfigImpl  com.google.android.tts               I  Loaded languagepack (LP) flag value from latest config autogen_BatchV3071V3072: [en-US3006, de-DE3002, es-ES3000, fr-FR3002, it-IT3000, ja-JP3003, en-AU3003, en-GB3002, en-IE3002, en-SG3001, de-DE3003, fr-FR3003, ja-JP3004, en-US3008, de-AT3053, de-BE3053, de-CH3053, de-DE3053, en-AU3053, en-CA3053, en-GB3053, en-IE3053, en-IN3053, en-SG3053, en-US3053, es-ES3053, es-US3053, fr-BE3053, fr-CH3053, fr-FR3053, hi-IN3053, it-CH3053, it-IT3053, ja-JP3053, pt-BR3053, de-AT3054, de-BE3054, de-CH3054, de-DE3054, en-AU3054, en-CA3054, en-GB3054, en-IE3054, en-IN3054, en-SG3054, en-US3054, es-ES3054, es-US3054, fr-BE3054, fr-CA3054, fr-CH3054, fr-FR3054, hi-IN3054, id-ID3054, it-CH3054, it-IT3054, ja-JP3054, ko-KR3054, pt-BR3054, th-TH3054, cmn-Hans-CN3056, cmn-Hant-TW3056, de-AT3056, de-BE3056, de-CH3056, de-DE3056, en-CA3056, en-IN3056, en-US3056, es-ES3056, es-US3056, fr-BE3056, fr-CA3056, fr-CH3056, fr-FR3056, hi-IN3056, id-ID3056, it-CH3056, it-IT3056, ja-JP3056, ko-KR3056, pl-PL3056, pt-BR3056, ru-RU3056, th-TH3056, tr-TR3056, vi-VN3056, ja-JP3059, id-ID3059, ko-KR3061, pl-PL3059, ru-RU3059, th-TH3059, tr-TR3059, vi-VN3059, en-AU3071, en-CA3071, en-GB3071, en-IE3071, en-SG3071, en-US3072, hi-IN3072]
2026-04-16 21:30:37.271  9994-25716 SystemLPSourceImpl      com.google.android.tts               W  #getAvailablePackages: Note there is not reason to call this method, as getInstalledPackages() returns the same LanguagePacks for this impl.
2026-04-16 21:30:37.271  3102-6102  DeviceHalAidl           audioserver                          D  [default] openInputStream: handle: 830 devices 80000004 flags 0 mixPortHalId 16
2026-04-16 21:30:37.271  9994-25716 DefaultLPManager        com.google.android.tts               I  #getInstalledPackages
2026-04-16 21:30:37.271  9994-25716 gxe                     com.google.android.tts               I  #getInstalledPackages from MDD
2026-04-16 21:30:37.272  2889-4599  OPLUS_LOG_LOAD          audiohalservice.qti                  W  ==LOGS PROG INFO, prog(audiohalservice.qti) ==
2026-04-16 21:30:37.272  9994-25716 gxe                     com.google.android.tts               I  #GetLanguagePackList
2026-04-16 21:30:37.272  2889-4599  AHAL_Module_QTI         audiohalservice.qti                  D  resetAudioPortConfig: erased port config 666 primary_in
2026-04-16 21:30:37.272  9994-25716 gxe                     com.google.android.tts               I  MDD.getFileGroupsByFilter(langpack-domain_xx-XX_ver_zipfile)
2026-04-16 21:30:37.272  2889-4599  AHAL_Module_QTI         audiohalservice.qti                  D  setAudioPortConfig: requested AudioPortConfig{id: 0, portId: 46, sampleRate: Int{value: 16000}, channelMask: AudioChannelLayout{layoutMask: 1}, format: AudioFormatDescription{type: PCM, pcm: INT_16_BIT, encoding: }, gain: (null), flags: (null), ext: AudioPortExt{unspecified: false}}
2026-04-16 21:30:37.272  2889-4599  AHAL_Module_QTI         audiohalservice.qti                  D  setAudioPortConfig: not applied; existing config ? 0; requested is valid? 1, fully specified? 0
2026-04-16 21:30:37.272  2889-4599  AHAL_Module_QTI         audiohalservice.qti                  D  setAudioPortConfig: requested AudioPortConfig{id: 0, portId: 46, sampleRate: Int{value: 16000}, channelMask: AudioChannelLayout{layoutMask: 1}, format: AudioFormatDescription{type: PCM, pcm: INT_16_BIT, encoding: }, gain: (null), flags: AudioIoFlags{input: 0}, ext: AudioPortExt{device: AudioPortDeviceExt{device: AudioDevice{type: AudioDeviceDescription{type: IN_MICROPHONE, connection: }, address: AudioDeviceAddress{id: bottom}}, flags: 1, encodedFormats: [], encapsulationModes: 0, encapsulationMetadataTypes: 0, speakerLayout: (null)}}}
2026-04-16 21:30:37.272  2889-4599  AHAL_Module_QTI         audiohalservice.qti                  D  setAudioPortConfig: created new port config for built_in_mic AudioPortConfig{id: 667, portId: 46, sampleRate: Int{value: 16000}, channelMask: AudioChannelLayout{layoutMask: 1}, format: AudioFormatDescription{type: PCM, pcm: INT_16_BIT, encoding: }, gain: (null), flags: AudioIoFlags{input: 0}, ext: AudioPortExt{device: AudioPortDeviceExt{device: AudioDevice{type: AudioDeviceDescription{type: IN_MICROPHONE, connection: }, address: AudioDeviceAddress{id: bottom}}, flags: 1, encodedFormats: [], encapsulationModes: 0, encapsulationMetadataTypes: 0, speakerLayout: (null)}}}
2026-04-16 21:30:37.272  2889-4599  AHAL_Module_QTI         audiohalservice.qti                  D  setAudioPortConfig: requested AudioPortConfig{id: 0, portId: 16, sampleRate: Int{value: 16000}, channelMask: AudioChannelLayout{layoutMask: 1}, format: AudioFormatDescription{type: PCM, pcm: INT_16_BIT, encoding: }, gain: (null), flags: AudioIoFlags{input: 0}, ext: AudioPortExt{mix: AudioPortMixExt{handle: 830, usecase: AudioPortMixExtUseCase{source: VOICE_RECOGNITION}, maxOpenStreamCount: 0, maxActiveStreamCount: 0, recommendedMuteDurationMs: 0}}}
2026-04-16 21:30:37.272  2889-4599  AHAL_Module_QTI         audiohalservice.qti                  D  setAudioPortConfig: created new port config for primary_in AudioPortConfig{id: 668, portId: 16, sampleRate: Int{value: 16000}, channelMask: AudioChannelLayout{layoutMask: 1}, format: AudioFormatDescription{type: PCM, pcm: INT_16_BIT, encoding: }, gain: (null), flags: AudioIoFlags{input: 0}, ext: AudioPortExt{mix: AudioPortMixExt{handle: 830, usecase: AudioPortMixExtUseCase{source: VOICE_RECOGNITION}, maxOpenStreamCount: 2, maxActiveStreamCount: 2, recommendedMuteDurationMs: 0}}}
2026-04-16 21:30:37.272  2889-4599  AHAL_Module_QTI         audiohalservice.qti                  I  setAudioPatch: requested patch AudioPatch{id: 0, sourcePortConfigIds: [667], sinkPortConfigIds: [668], minimumStreamBufferSizeFrames: 0, latenciesMs: []}
2026-04-16 21:30:37.272  2889-4599  AHAL: OcaiRecord        audiohalservice.qti                  I  getOutputBufferSize: 441: getoutputbuffer size is 640
2026-04-16 21:30:37.272  2889-4599  AHAL_OplusStreamInExt   audiohalservice.qti                  D  OplusRecordGetBufferSize: channels: 1, sample_rate: 16000, format: 1, stream_type: 2, size 640 -> 640
2026-04-16 21:30:37.272  2889-4599  AHAL_OplusStreamInExt   audiohalservice.qti                  D  getInputFrameCount: usecase: PCM_RECORD, device: IN_MICROPHONE: numFrames: 320
2026-04-16 21:30:37.272  2889-4599  AHAL_Module_QTI         audiohalservice.qti                  I  setAudioPatch: created [built_in_mic  -> primary_in  ] AudioPatch{id: 302, sourcePortConfigIds: [667], sinkPortConfigIds: [668], minimumStreamBufferSizeFrames: 320, latenciesMs: [10]}
2026-04-16 21:30:37.273  2889-4599  AHAL_Module_QTI         audiohalservice.qti                  D  openInputStream: port config id 668, buffer size 320 frames
2026-04-16 21:30:37.273  2889-4599  AHAL_Module_QTI         audiohalservice.qti                  D  createStreamContext: frame size 2 bytes
2026-04-16 21:30:37.273  9994-10256 VoiceSearchConfigUtils  com.google.android.tts               E  Unrecognized recognizer for [ja-JP, 3053]: 23. Ignoring it and its associated features.
2026-04-16 21:30:37.273  9994-10256 VoiceSearchConfigUtils  com.google.android.tts               E  Unrecognized recognizer for [ja-JP, 3053]: 22. Ignoring it and its associated features.
2026-04-16 21:30:37.273  9994-10256 VoiceSearchConfigUtils  com.google.android.tts               E  Unrecognized recognizer for [ja-JP, 3053]: 23. Ignoring it and its associated features.
2026-04-16 21:30:37.273  9994-10256 VoiceSearchConfigUtils  com.google.android.tts               E  Unrecognized recognizer for [ja-JP, 3053]: 22. Ignoring it and its associated features.
2026-04-16 21:30:37.273  9994-10256 VoiceSearchConfigUtils  com.google.android.tts               E  Unrecognized recognizer for [ja-JP, 3053]: 23. Ignoring it and its associated features.
2026-04-16 21:30:37.273  9994-10256 VoiceSearchConfigUtils  com.google.android.tts               E  Unrecognized recognizer for [ja-JP, 3053]: 22. Ignoring it and its associated features.
2026-04-16 21:30:37.273  9994-10256 VoiceSearchConfigUtils  com.google.android.tts               E  Unrecognized recognizer for [ja-JP, 3053]: 22. Ignoring it and its associated features.
2026-04-16 21:30:37.273  9994-10256 VoiceSearchConfigUtils  com.google.android.tts               E  Unrecognized recognizer for [ja-JP, 3053]: 22. Ignoring it and its associated features.
2026-04-16 21:30:37.273  2889-4599  AHAL_Stream_QTI         audiohalservice.qti                  D  StreamIn
2026-04-16 21:30:37.273  2889-4599  AHAL_StreamIn_QTI       audiohalservice.qti                  D  updateMetadataCommon
2026-04-16 21:30:37.273  2889-4599  AHAL_OplusStreamInExt   audiohalservice.qti                  I  OplusStreamInExt: usecase: PCM_RECORD, mBufferSizeBytes: 640
2026-04-16 21:30:37.273  2889-4599  AHAL_StreamIn_QTI       audiohalservice.qti                  D  StreamInPrimary : usecase: PCM_RECORD, mix port config id:668, IoHandle:830 
2026-04-16 21:30:37.273  2889-4599  AHAL_Stream_QTI         audiohalservice.qti                  D  initInstance: increase scheduling for tid : 9368
2026-04-16 21:30:37.273  2889-4599  AHAL_StreamIn_QTI       audiohalservice.qti                  I  setConnectedDevices enter
2026-04-16 21:30:37.273  2889-4599  AHAL_StreamIn_QTI       audiohalservice.qti                  D  configureConnectedDevices_I : usecase: PCM_RECORD, mix port config id:668, IoHandle:830  stream is connected to devices:;AudioDevice{type: AudioDeviceDescription{type: IN_MICROPHONE, connection: }, address: AudioDeviceAddress{id: bottom}}
2026-04-16 21:30:37.273  2889-4599  AHAL_StreamIn_QTI       audiohalservice.qti                  I  setConnectedDevices exit
2026-04-16 21:30:37.273  2889-4599  AHAL_Stream_QTI         audiohalservice.qti                  D  getStreamCommonCommon: returning 0xb4000072b94e7630
2026-04-16 21:30:37.274  3102-6102  StreamHalAidl           audioserver                          D  [in|ioHandle:830] StreamHalAidl
2026-04-16 21:30:37.274  3102-6102  StreamHalAidl           audioserver                          D  [in|ioHandle:830] getAudioProperties
2026-04-16 21:30:37.274  2889-4599  AHAL_OplusStreamInExt   audiohalservice.qti                  D  setVendorParameters: kvpairs: 
2026-04-16 21:30:37.274  9994-10256 VoiceSearchConfigUtils  com.google.android.tts               E  Unrecognized recognizer for [ja-JP, 3054]: 23. Ignoring it and its associated features.
2026-04-16 21:30:37.274  3102-6102  StreamHalAidl           audioserver                          D  [in|ioHandle:830] getFrameSize
2026-04-16 21:30:37.274  9994-10256 VoiceSearchConfigUtils  com.google.android.tts               E  Unrecognized recognizer for [ja-JP, 3054]: 22. Ignoring it and its associated features.
2026-04-16 21:30:37.274  9994-10256 VoiceSearchConfigUtils  com.google.android.tts               E  Unrecognized recognizer for [ja-JP, 3054]: 23. Ignoring it and its associated features.
2026-04-16 21:30:37.274  9994-10256 VoiceSearchConfigUtils  com.google.android.tts               E  Unrecognized recognizer for [ja-JP, 3054]: 22. Ignoring it and its associated features.
2026-04-16 21:30:37.274  9994-10256 VoiceSearchConfigUtils  com.google.android.tts               E  Unrecognized recognizer for [ja-JP, 3054]: 23. Ignoring it and its associated features.
2026-04-16 21:30:37.274  9994-10256 VoiceSearchConfigUtils  com.google.android.tts               E  Unrecognized recognizer for [ja-JP, 3054]: 22. Ignoring it and its associated features.
2026-04-16 21:30:37.274  9994-10256 VoiceSearchConfigUtils  com.google.android.tts               E  Unrecognized recognizer for [ja-JP, 3054]: 22. Ignoring it and its associated features.
2026-04-16 21:30:37.274  9994-10256 VoiceSearchConfigUtils  com.google.android.tts               E  Unrecognized recognizer for [ja-JP, 3054]: 22. Ignoring it and its associated features.
2026-04-16 21:30:37.274  3102-6102  StreamHalAidl           audioserver                          D  [in|ioHandle:830] getAudioProperties
2026-04-16 21:30:37.274  3102-6102  StreamHalAidl           audioserver                          D  [in|ioHandle:830] getAudioProperties
2026-04-16 21:30:37.274  3102-6102  StreamHalAidl           audioserver                          D  [in|ioHandle:830] getBufferSize
2026-04-16 21:30:37.274  3102-6102  StreamHalAidl           audioserver                          I  [in|ioHandle:830] getBufferSize: size: 640
2026-04-16 21:30:37.274  3102-6102  StreamHalAidl           audioserver                          D  [in|ioHandle:830] getBufferSize
2026-04-16 21:30:37.274  3102-6102  StreamHalAidl           audioserver                          I  [in|ioHandle:830] getBufferSize: size: 640
2026-04-16 21:30:37.274  3102-6102  StreamHalAidl           audioserver                          D  [in|ioHandle:830] getAudioProperties
2026-04-16 21:30:37.274  3102-6102  AudioBoost              audioserver                          D  audioSchedBoost, pid=3102, tid=9369, enable=1, ret=0
2026-04-16 21:30:37.274  3102-9369  AudioFlinger            audioserver                          I  AudioFlinger's thread 0xb40000776960d3c8 tid=9369 ready to run
2026-04-16 21:30:37.274  3102-9369  StreamHalAidl           audioserver                          D  [in|ioHandle:830] standby
2026-04-16 21:30:37.274  3102-9369  AudioFlinger            audioserver                          D  updateWakeLockUids_l AudioIn_33E uids:
2026-04-16 21:30:37.274  3102-9369  StreamHalAidl           audioserver                          D  [in|ioHandle:830] standby
2026-04-16 21:30:37.275  3102-6102  APM_AudioPolicyManager  audioserver                          D  getInputForAttr() returns input 830 selectedDeviceId 30 vdi 0 for port ID 7403
2026-04-16 21:30:37.277  9994-10256 VoiceSearchConfigUtils  com.google.android.tts               E  Unrecognized recognizer for [ja-JP, 3056]: 23. Ignoring it and its associated features.
2026-04-16 21:30:37.277  9994-10256 VoiceSearchConfigUtils  com.google.android.tts               E  Unrecognized recognizer for [ja-JP, 3056]: 22. Ignoring it and its associated features.
2026-04-16 21:30:37.277  3102-6102  AF_RecordTrack_ExtImpl  audioserver                          D  AudioFlinger_RecordThread_RecordTrackExtImpl init
2026-04-16 21:30:37.277  9994-10256 VoiceSearchConfigUtils  com.google.android.tts               E  Unrecognized recognizer for [ja-JP, 3056]: 23. Ignoring it and its associated features.
2026-04-16 21:30:37.277  9994-10256 VoiceSearchConfigUtils  com.google.android.tts               E  Unrecognized recognizer for [ja-JP, 3056]: 22. Ignoring it and its associated features.
2026-04-16 21:30:37.277  9994-10256 VoiceSearchConfigUtils  com.google.android.tts               E  Unrecognized recognizer for [ja-JP, 3056]: 23. Ignoring it and its associated features.
2026-04-16 21:30:37.277  9994-10256 VoiceSearchConfigUtils  com.google.android.tts               E  Unrecognized recognizer for [ja-JP, 3056]: 22. Ignoring it and its associated features.
2026-04-16 21:30:37.277  9994-10256 VoiceSearchConfigUtils  com.google.android.tts               E  Unrecognized recognizer for [ja-JP, 3056]: 22. Ignoring it and its associated features.
2026-04-16 21:30:37.277  3102-6102  AF::RecordTrack         audioserver                          I  RecordTrack, track(0xb40000776919a600): mId(7401), mFrameCount 128000, mSampleRate 16000, mFormat 1, mChannelCount 1, thread 0xb40000776960d3c0, sessionId 80337, (null), primary-0
2026-04-16 21:30:37.277  9994-10256 VoiceSearchConfigUtils  com.google.android.tts               E  Unrecognized recognizer for [ja-JP, 3056]: 22. Ignoring it and its associated features.
2026-04-16 21:30:37.277  3102-6102  AudioFlingerExtImpl     audioserver                          D  setMagicVoiceLoopbackEnable mMagicVoiceLoopbackEnable 0
2026-04-16 21:30:37.277  3102-6102  AF_RecordTrack_ExtImpl  audioserver                          D  notifyRecordTrackWiredDevice sessionId 80337, WiredDevice false
2026-04-16 21:30:37.277  3102-6102  AudioBoost              audioserver                          D  audioSchedBoost, pid=3102, tid=6102, enable=0, ret=0
2026-04-16 21:30:37.277  9994-8095  AudioRecord             com.google.android.tts               I  openRecord_l: 0xb40000729840f300, mCblk = 0x73d1952000
2026-04-16 21:30:37.277  9994-8095  AudioRecordExtImpl      com.google.android.tts               D  doSchedBoost, set audioapp task boost, pid=9994, tid=8095, enable=0, ret=0
2026-04-16 21:30:37.277  3102-7293  NativePerm...Controller audioserver                          D  checkPermission: missing 13 for 10195
2026-04-16 21:30:37.277  9994-8095  android.me...udioRecord com.google.android.tts               D  thirdPartyPlaybackCaptureSupported = true
2026-04-16 21:30:37.277  3102-3226  NativePerm...Controller audioserver                          D  checkPermission: missing 13 for 10401
2026-04-16 21:30:37.278  9994-8095  ALT.AudioRecordSource   com.google.android.tts               I  #audio# create stream of audio record source(identity(fuo@2d2d370), recordId(80337))
2026-04-16 21:30:37.278  9994-8095  AudioRecord             com.google.android.tts               D  start(7403): sync event 0 trigger session 0
2026-04-16 21:30:37.278  3102-6368  NativePerm...Controller audioserver                          D  checkPermission: missing 13 for 10214
2026-04-16 21:30:37.278  3102-10289 AudioBoost              audioserver                          D  audioSchedBoost, pid=3102, tid=10289, enable=1, ret=0
2026-04-16 21:30:37.278  3102-10289 AF_RecordTrack_ExtImpl  audioserver                          D  startMagicVoice mYouMeSdk = 0
2026-04-16 21:30:37.278  3102-10289 AudioFlinger            audioserver                          D  RecordThread::start event 0, triggerSession 0
2026-04-16 21:30:37.278  3102-9145  NativePerm...Controller audioserver                          D  checkPermission: missing 13 for 10164
2026-04-16 21:30:37.278  3102-6102  NativePerm...Controller audioserver                          D  checkPermission: missing 13 for 10401
2026-04-16 21:30:37.278  3102-7293  NativePerm...Controller audioserver                          D  checkPermission: missing 13 for 10195
2026-04-16 21:30:37.278  4772-4923  QosScheduler[QoSPolicy] system_server                        I  setSceneQoS begin:true sceneId:5
2026-04-16 21:30:37.278  4772-4923  QosScheduler            system_server                        W  getScenario failed! scenarios is null, mask=32
2026-04-16 21:30:37.278  4772-4923  QosScheduler            system_server                        W  executeSceneQosStrategy get scenario failed! scenario is null
2026-04-16 21:30:37.278  4772-8124  OStatsManager_Calc      system_server                        I  noteAudio: uid = 10205, start = true
2026-04-16 21:30:37.278  3102-6368  NativePerm...Controller audioserver                          D  checkPermission: missing 13 for 10214
2026-04-16 21:30:37.278  9994-10251 SodaLPDirGenerator      com.google.android.tts               I  Found matching installed packs: fr-FR_v3056
2026-04-16 21:30:37.278  9994-10251 DefaultLPManager        com.google.android.tts               I  #getPackage
2026-04-16 21:30:37.279  9994-10251 ZipfileLPSourceImpl     com.google.android.tts               I  #getPackage
2026-04-16 21:30:37.279  9994-10251 ZipLPPopulator          com.google.android.tts               I  #addNewFileGroups
2026-04-16 21:30:37.279  9994-10251 gxe                     com.google.android.tts               I  #getDownloadableLanguagePacks
2026-04-16 21:30:37.279  3102-3226  NativePerm...Controller audioserver                          D  checkPermission: missing 13 for 10164
2026-04-16 21:30:37.279  3102-10289 AudioPolicyService      audioserver                          D  updateUidStates_l() current->uid=10205 current->pid=9994 allowCapture=1 UidState=5 apmStat=1
2026-04-16 21:30:37.279  3102-10289 APM_AudioPolicyManager  audioserver                          D  BIRecord: In startInput, profile is primary_in
2026-04-16 21:30:37.279  3102-10289 APM_AudioPolicyManager  audioserver                          D  startInput() portId 7403 input 830 session 80337
2026-04-16 21:30:37.279  3102-10289 APM::AudioPolicyEngine  audioserver                          D  getDeviceForInputSource()input source 6, device 80000004
2026-04-16 21:30:37.279  8787-29974 AudioSystem-JNI         com.android.chrome                   W  Unknown native audio format for JAVA API: 503316496
2026-04-16 21:30:37.279  3102-4527  AudioFlingerExtImpl     audioserver                          D  AudioFlingerExtImpl oplusSetParameters: keyvalue CamcorderSwitchMic=false
2026-04-16 21:30:37.279 29046-29130 AudioSystem-JNI         com.android.bluetooth                W  Unknown native audio format for JAVA API: 503316496
