2026-04-11 19:09:55.962  2912-3016  PERF_APPCLASSIFIER      ven...ti.hardware.perf2-hal-service  E  PERF_APPCLASSIFIER: getData() 195: DBQuery failed for appName:com.google.android.gms.unstable
2026-04-11 19:09:55.962  2912-3016  PERFHAL-BOOSTCONFIG     ven...ti.hardware.perf2-hal-service  E  PERFHAL-BOOSTCONFIG: GetBoostConfig() 1872: Not able to fetch object
2026-04-11 19:09:55.963  4772-6503  WindowProc...lerExtImpl system_server                        E  shouldMakeAbnormalActivityFinishing, list may empty, mHasActivities: false
2026-04-11 19:09:55.963  4772-4895  IModule                 system_server                        D  notifyEvent: GAME_PROCESS_DIE
2026-04-11 19:09:55.963  4772-7313  Athena                  system_server                        W  athena_optimize: recordTime, mLastDeathTime: 374010
2026-04-11 19:09:55.963  4772-7313  Athena                  system_server                        W  athena_optimize: recordInterval,  intervalTime: 6708
2026-04-11 19:09:55.963  4772-7313  Athena                  system_server                        E  athena_optimize: pkg: com.google.android.gms, processName: com.google.android.gms.unstablegetPercentage: 13
2026-04-11 19:09:55.963  3520-3520  HoloAudio:...rvice_Aidl atlasservice                         D  callClient:clientID:1 exist:1, event:18, isOneWay:0
2026-04-11 19:09:55.964  3520-3520  HoloAudio:...rvice_Aidl atlasservice                         D  getMssEnable --- com.google.android.gms[0]
2026-04-11 19:09:55.972  4772-5803  CwbClient               system_server                        D  LECENT_AI::CwbClient::RGB||16||25||38, timestamp=390840000598892
2026-04-11 19:09:56.047  4772-5803  CwbClient               system_server                        D  LECENT_AI::CwbClient::RGB||16||25||38, timestamp=390840076012746
2026-04-11 19:09:56.075  6930-7488  RadioProxyJ[0]          com.oplus.subsys                     D  [24679]> getRRCStatus
2026-04-11 19:09:56.076  3487-3609  QmiNasClient            subsys_daemon                        D  getRRCStatus - enter
2026-04-11 19:09:56.077  3487-5194  QmiNasClient            subsys_daemon                        D  getRRCStatus callback - enter
2026-04-11 19:09:56.077  3487-5194  QmiNasClient            subsys_daemon                        D  getRRCStatus result.rsp.rrcStatusInfo.rrcStatus = 0
2026-04-11 19:09:56.077  3487-3609  NasProxy                subsys_daemon                        D  handleMessage msg is 4001
2026-04-11 19:09:56.077  3487-3609  RadioProxy              subsys_daemon                        D  getRRCStatus : response cb for instance 0
2026-04-11 19:09:56.077  6930-7612  RadioProxyJ[0]          com.oplus.subsys                     D  [24679]< getRRCStatusResponse 0
2026-04-11 19:09:56.077  6930-7488  CoexRfService           com.oplus.subsys                     D  report RRC state:false
2026-04-11 19:09:56.079  4772-5780  AlarmManager            system_server                        V  sending alarm Alarm{a84b0c5 type 1 origWhen 1775927396079 whenElapsed 390840107 android} uid 1000 whenElapsed 390840107 windowLength 0 maxWhenElapsed 390840107 repeatInterval 0 action null component null tag StorgaeBandInfoAlarmTag flags 0x9 procName system_server
2026-04-11 19:09:56.079  4772-2488  OplusStora...SBandwidth system_server                        E  storage_io_metrics_path is /proc/oplus_storage/io_metrics/forever/
2026-04-11 19:09:56.080  4772-2488  OplusStora...SBandwidth system_server                        E  Bandwidth - Read: 0,00 MB/s, Write: 0,00 MB/s
2026-04-11 19:09:56.080  4772-2488  OplusStora...SBandwidth system_server                        E  Task time: 1ms
2026-04-11 19:09:56.083  4772-2488  OplusStora...SBandwidth system_server                        E  Alarm set to trigger in 10 seconds
2026-04-11 19:09:56.106 21904-21925 SmartSideb...ValueProxy com.coloros.smartsidebar:ui          D  (main)getOverlayShowVideoAssistant edge_panel_video_assistant =-1
2026-04-11 19:09:56.107  4772-5626  FlexibleTaskController  system_server                        D  check task which not have enough child, isInSingleWhiteList:false isCloneTask:false
2026-04-11 19:09:56.108 21904-21904 VideoAssistantUtils     com.coloros.smartsidebar:ui          D  isInSplitScreenMode  === :false
2026-04-11 19:09:56.108  4772-5626  FlexibleTaskController  system_server                        D  check task which not have enough child, isInSingleWhiteList:false isCloneTask:false
2026-04-11 19:09:56.109 21904-21925 SmartSideb...PanelUtils com.coloros.smartsidebar:ui          D  (main)getTopAppInfo() result: ApplicationInfo{2b4aa60 com.max.aiassistant}
2026-04-11 19:09:56.109 21904-21925 SmartSideb...PanelUtils com.coloros.smartsidebar:ui          D  (main)getTopPkg() pkg: com.*****.aiassistant
2026-04-11 19:09:56.109  4772-5626  ContentService          system_server                        W  Observer is already registered. Pid is 21904
2026-04-11 19:09:56.109 21904-21925 SmartSideb...tPanelView com.coloros.smartsidebar:ui          D  (main)Registered app status observer for: com.max.aiassistant
2026-04-11 19:09:56.109 21904-21925 SmartSideb...tusManager com.coloros.smartsidebar:ui          D  (main)isAppEnabled: com.max.aiassistant = true
2026-04-11 19:09:56.123  4772-5803  CwbClient               system_server                        D  LECENT_AI::CwbClient::RGB||16||25||38, timestamp=390840151513735
2026-04-11 19:09:56.140  2885-2790  sensors-hal             and...ware.sensors-service.multihal  I  handle_oplus_wise_rgb_event:191, wise_rgb: (r, g, b, c)[2645.70, 1429.00, 890.49, 3765.19],(r2,g2,b2,c2)[[0.00, 0.00, 0.00, 0.00], algo:2.0, flag :0
2026-04-11 19:09:56.140  4772-5773  AI_FusionLightNextGen   system_server                        D  LECENT_AI::RunArith AVG_RGB:/61/67/77
2026-04-11 19:09:56.140  4772-5773  AI_FusionLightNextGen   system_server                        D  LECENT_AI::RunArith RGB:/16/25/38
2026-04-11 19:09:56.144  4772-5773  FusionLightNextGen      system_server                        D  calculate_silibals_compensation_value: comped_ir_ratio =  0.207857 comped_lux = 10.30671
2026-04-11 19:09:56.144  4772-5773  FusionLightNextGen      system_server                        D  LECENT_AI::raw_lux -1.0, raw_cct -1.0, r/g/b/c: 2645.7/1429.0/890.5/3765.2, compensate r/g/b/c: 1795.54/801.30/639.52/2286.03 bri 697.0, lux: 10.306708, cct: -1.0, comped_lux:10.307 comped_cct:-1 ir: 0.207857, cnt: 0
2026-04-11 19:09:56.144  4772-5773  CwbClient               system_server                        I  setCWBDisplayType set mFeatureID = CWB_RGB_VALUE
2026-04-11 19:09:56.198  4772-5803  CwbClient               system_server                        D  LECENT_AI::CwbClient::RGB||16||25||38, timestamp=390840226233631
2026-04-11 19:09:56.273  4772-5803  CwbClient               system_server                        D  LECENT_AI::CwbClient::RGB||16||25||38, timestamp=390840301219673
2026-04-11 19:09:56.347  4772-5803  CwbClient               system_server                        D  LECENT_AI::CwbClient::RGB||16||25||38, timestamp=390840375862433
2026-04-11 19:09:56.348  2885-2790  sensors-hal             and...ware.sensors-service.multihal  I  handle_oplus_wise_rgb_event:191, wise_rgb: (r, g, b, c)[2645.70, 1400.98, 890.49, 3737.91],(r2,g2,b2,c2)[[0.00, 0.00, 0.00, 0.00], algo:2.0, flag :0
2026-04-11 19:09:56.365  4772-6231  OplusSlaFastSwitch      system_server                        D  Network Capabiliteis changed 134
2026-04-11 19:09:56.366  4772-4772  JobService              system_server                        W  onNetworkChanged() not implemented in com.android.server.content.SyncJobService. Must override in a subclass.
2026-04-11 19:09:56.368  6930-6930  SubsysEven...nerManager com.oplus.subsys                     D  onCapabilitiesChanged
2026-04-11 19:09:56.368  6930-6930  DataStateTracker        com.oplus.subsys                     D  getCurDataChannel, channel:1
2026-04-11 19:09:56.369  4772-6231  OplusSlaNetworkManager  system_server                        D  isPrimaryWifi:true network:134
2026-04-11 19:09:56.370  6874-8149  QCNEJ/Nati...lConnector .qtidataservices                     D  -> SND notifyDefaultNetworkChanged(1)
2026-04-11 19:09:56.366  6596-6700  WifiStatusTracker       com.android.systemui                 D  mNetworkCallback onCapabilitiesChanged network:134 mPrimaryNetworkId:134
2026-04-11 19:09:56.371  6874-8149  cneJni                  .qtidataservices                     D  sendDefaultNwMsg start
2026-04-11 19:09:56.371  6596-6783  WifiPickerTracker       com.android.systemui                 D  handleNetworkCapabilitiesChanged network:134
2026-04-11 19:09:56.372  6930-6930  SubsysEven...nerManager com.oplus.subsys                     D  mDefaultNetworkCb onCapabilitiesChanged
2026-04-11 19:09:56.372  6930-6930  NetworkService[0]       com.oplus.subsys                     D  default onCapabilitiesChanged
2026-04-11 19:09:56.372  6930-6930  VendorWifiService       com.oplus.subsys                     D  onEvent event:9,action:1
2026-04-11 19:09:56.373  6874-8149  cneJni                  .qtidataservices                     D  sendWifiStatus start
2026-04-11 19:09:56.373  6763-7504  SmartDataS...hValidator com.oplus.nas                        I  unexpected network onCapabilitiesChanged
2026-04-11 19:09:56.377  6596-6700  WifiStatusTracker       com.android.systemui                 D  mNetworkCallback onCapabilitiesChanged network:134 mPrimaryNetworkId:134
2026-04-11 19:09:56.377  6596-6783  WifiPickerTracker       com.android.systemui                 I  wifi connected status realConnectedWifiEntry not null: true
2026-04-11 19:09:56.379  6797-8138  txpwrJni                .qms                                 D  sendNetworkInfo start
2026-04-11 19:09:56.380 22398-22476 BugleRcsEngine          com...le.android.apps.messaging:rcs  I  Connected state: [1], networkType: [WIFI] [CONTEXT thread_id=377 ]
2026-04-11 19:09:56.381 22398-22480 BugleRcsEngine          com...le.android.apps.messaging:rcs  I  handleMessage processing message:[NOTIFY_UPTIME_IGNORE_STATE_CHANGED] with [non-null]:RcsEngineImpl reference [CONTEXT log_prefix="RcsEngineImpl[DUAL_REG]:[8eb55363-6712]>Handler" thread_id=380 ]
2026-04-11 19:09:56.381  6596-6700  SystemUi--Statusbar     com.android.systemui                 I  NetworkController.WifiSignalController-->handleStatusUpdated state=3 enabled=true connected=true isDefaultNetwork=true rssi=-45 level=4 statusLabel=null isDirty=false
2026-04-11 19:09:56.381  6596-6700  SystemUi--Statusbar     com.android.systemui                 I  NetworkController.WifiSignalController-->handleStatusUpdated state=3 enabled=true connected=true isDefaultNetwork=true rssi=-45 level=4 statusLabel=null isDirty=false
2026-04-11 19:09:56.381  6596-6700  SystemUi--Statusbar     com.android.systemui                 I  NetworkController.WifiSignalController-->handleStatusUpdated state=3 enabled=true connected=true isDefaultNetwork=true rssi=-45 level=4 statusLabel=null isDirty=false
2026-04-11 19:09:56.381  6797-8138  txpwrJni                .qms                                 D  sendNetworkInfo RatType 0
2026-04-11 19:09:56.381 10403-30848 PTC.DISC.W...tyObserver com.heytap.accessory                 I  Receive NetworkCapabilitiesChanged.
2026-04-11 19:09:56.382 22398-22480 BugleRcsEngine          com...le.android.apps.messaging:rcs  I  Cannot use CS.apk as it's battery optimized [CONTEXT thread_id=380 ]
2026-04-11 19:09:56.382 30685-30717 AIUnit-NetworkPublisher com.oplus.aiunit:worker53            I  onNetworkChanged [onCapabilitiesChanged, 134]
2026-04-11 19:09:56.380 27536-27600 AIUnit-NetworkPublisher com.oplus.aiunit                     I  onNetworkChanged [onCapabilitiesChanged, 134]
2026-04-11 19:09:56.383  9687-9732  AIUnit-NetworkPublisher com.oplus.aiunit:worker74            I  onNetworkChanged [onCapabilitiesChanged, 134]
2026-04-11 19:09:56.384  4772-6188  MultiNetwo...atsMonitor system_server                        D  wifi network 134 nc changed, primary=true, iface=wlan0
2026-04-11 19:09:56.384  4772-6188  OplusInterfaceMonitor   system_server                        D  interface:wlan0 primary:true
2026-04-11 19:09:56.384  4772-6188  ScorerUtils             system_server                        D  isLowTraffic: txTputKBps=0, rxTputKBps=0
2026-04-11 19:09:56.385 27536-27600 Track.TrackUpload       com.oplus.aiunit                     D  onCapabilitiesChanged is calling.
2026-04-11 19:09:56.385  4772-6188  OplusWifiP...ggerCenter system_server                        D  mComponentCallback: wifistat
2026-04-11 19:09:56.385  4605-4652  NetWorkMonitor          com.heytap.mydevices                 D  postOnNetStateChange : old state =WIFI,new state =WIFI
2026-04-11 19:09:56.386  9865-9948  AIUnit-NetworkPublisher com.oplus.aiunit:worker73            I  onNetworkChanged [onCapabilitiesChanged, 134]
2026-04-11 19:09:56.386 18478-18558 AIUnit-NetworkPublisher com.oplus.aiunit:worker84            I  onNetworkChanged [onCapabilitiesChanged, 134]
2026-04-11 19:09:56.386  4687-4792  NetWorkMonitor          com.heytap.mydevices:cards           D  postOnNetStateChange : old state =WIFI,new state =WIFI
2026-04-11 19:09:56.387 10403-30848 PTC.DISC.N...terCentral com.heytap.accessory                 W  registerLanInfo failed. msg=Account not logged in desc=wlanAvailable(repeat=0)
2026-04-11 19:09:56.388 22398-22480 BugleRcsEngine          com...le.android.apps.messaging:rcs  I  Rcs is enabled from user settings: true [CONTEXT log_prefix="ProvisioningEngineDataRetriever" thread_id=380 ]
2026-04-11 19:09:56.411 21904-21925 SmartSideb...ValueProxy com.coloros.smartsidebar:ui          D  (main)getOverlayShowVideoAssistant edge_panel_video_assistant =-1
2026-04-11 19:09:56.411  4772-7308  FlexibleTaskController  system_server                        D  check task which not have enough child, isInSingleWhiteList:false isCloneTask:false
2026-04-11 19:09:56.411 21904-21904 VideoAssistantUtils     com.coloros.smartsidebar:ui          D  isInSplitScreenMode  === :false
2026-04-11 19:09:56.412  4772-7308  FlexibleTaskController  system_server                        D  check task which not have enough child, isInSingleWhiteList:false isCloneTask:false
2026-04-11 19:09:56.412 21904-21925 SmartSideb...PanelUtils com.coloros.smartsidebar:ui          D  (main)getTopAppInfo() result: ApplicationInfo{915fb19 com.max.aiassistant}
2026-04-11 19:09:56.412 21904-21925 SmartSideb...PanelUtils com.coloros.smartsidebar:ui          D  (main)getTopPkg() pkg: com.*****.aiassistant
2026-04-11 19:09:56.413  4772-7308  ContentService          system_server                        W  Observer is already registered. Pid is 21904
2026-04-11 19:09:56.413 21904-21925 SmartSideb...tPanelView com.coloros.smartsidebar:ui          D  (main)Registered app status observer for: com.max.aiassistant
2026-04-11 19:09:56.413 21904-21925 SmartSideb...tusManager com.coloros.smartsidebar:ui          D  (main)isAppEnabled: com.max.aiassistant = true
2026-04-11 19:09:56.422  4772-5803  CwbClient               system_server                        D  LECENT_AI::CwbClient::RGB||16||25||38, timestamp=390840450856027
2026-04-11 19:09:56.468 11011-11011 WM-DelayedWorkTracker   com.oplus.dmp:main                   D  Scheduling work ff6590ff-ea11-45c2-8c9d-817e1f65db42
2026-04-11 19:09:56.468 11011-11011 WM-GreedyScheduler      com.oplus.dmp:main                   D  Starting tracking for ff6590ff-ea11-45c2-8c9d-817e1f65db42
2026-04-11 19:09:56.469 11011-11064 WM-ConstraintTracker    com.oplus.dmp:main                   D  c: initial state = true
2026-04-11 19:09:56.469 11011-11064 WM-BrdcstRcvrCnstrntTrc com.oplus.dmp:main                   D  c: registering receiver
2026-04-11 19:09:56.470 11011-11064 WM-GreedyScheduler      com.oplus.dmp:main                   D  Constraints met: Scheduling work ID WorkGenerationalId(workSpecId=ff6590ff-ea11-45c2-8c9d-817e1f65db42, generation=0)
2026-04-11 19:09:56.472 11011-11064 WM-Processor            com.oplus.dmp:main                   D  s: processing WorkGenerationalId(workSpecId=ff6590ff-ea11-45c2-8c9d-817e1f65db42, generation=0)
2026-04-11 19:09:56.473 11011-11011 WM-WorkerWrapper        com.oplus.dmp:main                   D  Starting work for com.oplus.oss.bussiness.localapp.work.LocalAppOneTimeWorker
2026-04-11 19:09:56.474 11011-11068 DMP-AppInitializer      com.oplus.dmp:main                   I  isAppAvailable for work, caller: null
2026-04-11 19:09:56.474 11011-11068 DMP-OFreez...tectWorker com.oplus.dmp:main                   I  takeProtectionFromFrozen, no need to protect
2026-04-11 19:09:56.474 11011-11068 DMP-AbstractWorker      com.oplus.dmp:main                   I  parseData, resource: localApp, method1:onReceive, work: completeKeywordIndexWork, extras: Bundle[{action=android.intent.action.PACKAGE_ADDED, package=com.max.aiassistant}], initIndexCount:5000
2026-04-11 19:09:56.475 11011-11068 DMP-AbstractWorker      com.oplus.dmp:main                   I  doWork started, resource: localApp, method3:onReceive, work:Work{mWorkName=completeKeywordIndexWork, mWorkTerm=long, mReportId=false, mCreate=Create{mIndexStatus=null, mQueryTime=0, mInterval=0, mDeletedDocs=null, mNeedRebuildFlag=0, mIndexCheckFlag=false, mDrop=Drop{mCount=4, mInterval=10000, mDelay=60000}, mHighTemperature=41, mMinPower=null, mScreen=null, mDeletedConditions=null}, mEntry=null, mMoreBatch=MoreBatch{mPowerConsumed=2, mHighTemperatureValue=0, mLowTemperatureValue=0, mPower=[full|charging], mScreen=null, mTemperatureConsumed=0}, mChained=true, mInitialDelay=10, mWorkOneTimeLimit=0}
2026-04-11 19:09:56.476 11011-11068 DMP-PowerUtils          com.oplus.dmp:main                   I  getHoraeTemperature:30
2026-04-11 19:09:56.476 11011-11068 DMP-AbstractWorker      com.oplus.dmp:main                   I  dispatchWork: completeKeywordIndexWork for [localApp]
2026-04-11 19:09:56.476 11011-11068 DMP-SAUWor...figManager com.oplus.dmp:main                   I  sau work config not found
2026-04-11 19:09:56.476 11011-11068 DMP-PowerUtils          com.oplus.dmp:main                   I  getHoraeTemperature:30
2026-04-11 19:09:56.476 11011-11068 DMP-AbstractWorker      com.oplus.dmp:main                   I  doCompleteKeywordIndex work for [localApp]
2026-04-11 19:09:56.477 11011-11068 DMP-AbstractWorker      com.oplus.dmp:main                   I  No data need do complete keyword index for [localApp]
2026-04-11 19:09:56.477 11011-11068 DMP-AbstractWorker      com.oplus.dmp:main                   I  setIndexFailCount method:onReceive, count:0, all:initResource=0,dailyTask=0,onReceive=0,rearrange=0
2026-04-11 19:09:56.480 11011-11068 DMP-AbstractWorker      com.oplus.dmp:main                   I  doWork finished, resource: localApp, method5:onReceive, work:Work{mWorkName=completeKeywordIndexWork, mWorkTerm=long, mReportId=false, mCreate=Create{mIndexStatus=null, mQueryTime=0, mInterval=0, mDeletedDocs=null, mNeedRebuildFlag=0, mIndexCheckFlag=false, mDrop=Drop{mCount=4, mInterval=10000, mDelay=60000}, mHighTemperature=41, mMinPower=null, mScreen=null, mDeletedConditions=null}, mEntry=null, mMoreBatch=MoreBatch{mPowerConsumed=2, mHighTemperatureValue=0, mLowTemperatureValue=0, mPower=[full|charging], mScreen=null, mTemperatureConsumed=0}, mChained=true, mInitialDelay=10, mWorkOneTimeLimit=0}
2026-04-11 19:09:56.480 11011-11068 DMP-IndexEventManager   com.oplus.dmp:main                   I  addEvent:InternalIndexEvent{mEvent=null, mEventTime=null, mEventData=null, mEventDropReason=null, mResource=null, mWork=null, mWorkId=ff6590ff-ea11-45c2-8c9d-817e1f65db42, mWorkTime=1775927396, mCursorSize=null, mResult=0}
2026-04-11 19:09:56.480 11011-11068 DMP-IndexEventManager   com.oplus.dmp:main                   I  addInternalEvent:result=0 workId=ff6590ff-ea11-45c2-8c9d-817e1f65db42 workTime=1775927396
2026-04-11 19:09:56.481 11011-11068 DMP-IndexEventManager   com.oplus.dmp:main                   I  addInternalEvent update:0
2026-04-11 19:09:56.481 11011-11068 DMP-IndexEventManager   com.oplus.dmp:main                   I  addInternalEvent insert:9545
2026-04-11 19:09:56.481 11011-11068 DMP-FrozenHelper        com.oplus.dmp:main                   I  deleteKeepRequest, no more quest
2026-04-11 19:09:56.482 11011-11046 WM-WorkerWrapper        com.oplus.dmp:main                   I  Worker result SUCCESS for Work [ id=ff6590ff-ea11-45c2-8c9d-817e1f65db42, tags={ com.oplus.oss.bussiness.localapp.work.LocalAppOneTimeWorker,localApp_onReceive__OneTimeWork,completeKeywordIndexWork } ]
2026-04-11 19:09:56.483 11011-11011 WM-Processor            com.oplus.dmp:main                   D  s ff6590ff-ea11-45c2-8c9d-817e1f65db42 executed; reschedule = false
2026-04-11 19:09:56.483 11011-11011 WM-GreedyScheduler      com.oplus.dmp:main                   D  Stopping tracking for WorkGenerationalId(workSpecId=ff6590ff-ea11-45c2-8c9d-817e1f65db42, generation=0)
2026-04-11 19:09:56.487 11011-11046 WM-GreedyScheduler      com.oplus.dmp:main                   D  Cancelling work ID ff6590ff-ea11-45c2-8c9d-817e1f65db42
2026-04-11 19:09:56.488 11011-11046 WM-BrdcstRcvrCnstrntTrc com.oplus.dmp:main                   D  c: unregistering receiver
2026-04-11 19:09:56.491  4772-7308  PackageManager          system_server                        W  package com.oplus.dmp uid 10181 pid 11011 call SetEnabledSetting(com.oplus.dmp component = androidx.work.impl.background.systemalarm.RescheduleReceiver, 2, 0)
2026-04-11 19:09:56.492 11011-11046 WM-PackageManagerHelper com.oplus.dmp:main                   D  androidx.work.impl.background.systemalarm.RescheduleReceiver disabled
2026-04-11 19:09:56.497  4772-5803  CwbClient               system_server                        D  LECENT_AI::CwbClient::RGB||16||25||38, timestamp=390840525869881
2026-04-11 19:09:56.556  2885-2790  sensors-hal             and...ware.sensors-service.multihal  I  handle_oplus_wise_rgb_event:191, wise_rgb: (r, g, b, c)[2618.98, 1400.98, 860.81, 3737.91],(r2,g2,b2,c2)[[0.00, 0.00, 0.00, 0.00], algo:2.0, flag :0
2026-04-11 19:09:56.556  2885-2790  sensors-hal             and...ware.sensors-service.multihal  I  handle_oplus_wise_rgb_event:217, high_pwm_light:lux 20.7,cct 5300.0,brl/algo/ir 697.0/2.0/152.9,pwm/dc 0.0/0.0,rgbc 2618.975586/1400.983521/860.805176/3737.907227,ts 390840580096931,cnt 16334,flag 0
2026-04-11 19:09:56.556  4772-5773  AI_FusionLightNextGen   system_server                        D  LECENT_AI::RunArith AVG_RGB:/61/67/77
2026-04-11 19:09:56.556  4772-5773  AI_FusionLightNextGen   system_server                        D  LECENT_AI::RunArith RGB:/16/25/38
2026-04-11 19:09:56.560  4772-5773  FusionLightNextGen      system_server                        D  calculate_silibals_compensation_value: comped_ir_ratio =  0.197591 comped_lux = 10.67604
2026-04-11 19:09:56.561  4772-5773  FusionLightNextGen      system_server                        D  LECENT_AI::raw_lux -1.0, raw_cct -1.0, r/g/b/c: 2619.0/1401.0/860.8/3737.9, compensate r/g/b/c: 1768.54/772.30/609.52/2258.03 bri 697.0, lux: 10.676037, cct: -1.0, comped_lux:10.676 comped_cct:-1 ir: 0.197591, cnt: 0
2026-04-11 19:09:56.561  4772-5773  CwbClient               system_server                        I  setCWBDisplayType set mFeatureID = CWB_RGB_VALUE
2026-04-11 19:09:56.572  4772-5803  CwbClient               system_server                        D  LECENT_AI::CwbClient::RGB||16||25||38, timestamp=390840600931131
2026-04-11 19:09:56.577 18977-19771 Bugsnag                 com.amazon.mShop.android.shopping    D  Skipping RetryDeliveryTask - no connectivity.
2026-04-11 19:09:56.620  2992-3084  BatteryChargeControl    ven....hardware.charger-V10-service  D  bcc get no support from charging protocol
2026-04-11 19:09:56.647  4772-5803  CwbClient               system_server                        D  LECENT_AI::CwbClient::RGB||16||25||38, timestamp=390840675822537
2026-04-11 19:09:56.714 21904-21925 SmartSideb...ValueProxy com.coloros.smartsidebar:ui          D  (main)getOverlayShowVideoAssistant edge_panel_video_assistant =-1
2026-04-11 19:09:56.716  4772-7308  FlexibleTaskController  system_server                        D  check task which not have enough child, isInSingleWhiteList:false isCloneTask:false
2026-04-11 19:09:56.716 21904-21904 VideoAssistantUtils     com.coloros.smartsidebar:ui          D  isInSplitScreenMode  === :false
2026-04-11 19:09:56.717  4772-7308  FlexibleTaskController  system_server                        D  check task which not have enough child, isInSingleWhiteList:false isCloneTask:false
2026-04-11 19:09:56.717 21904-21925 SmartSideb...PanelUtils com.coloros.smartsidebar:ui          D  (main)getTopAppInfo() result: ApplicationInfo{f33b7de com.max.aiassistant}
2026-04-11 19:09:56.718 21904-21925 SmartSideb...PanelUtils com.coloros.smartsidebar:ui          D  (main)getTopPkg() pkg: com.*****.aiassistant
2026-04-11 19:09:56.718  4772-7308  ContentService          system_server                        W  Observer is already registered. Pid is 21904
2026-04-11 19:09:56.718 21904-21925 SmartSideb...tPanelView com.coloros.smartsidebar:ui          D  (main)Registered app status observer for: com.max.aiassistant
2026-04-11 19:09:56.718 21904-21925 SmartSideb...tusManager com.coloros.smartsidebar:ui          D  (main)isAppEnabled: com.max.aiassistant = true
2026-04-11 19:09:56.722  4772-5803  CwbClient               system_server                        D  LECENT_AI::CwbClient::RGB||16||25||38, timestamp=390840750984881
2026-04-11 19:09:56.731  2912-3098  PERFHAL-PERFCTRL        ven...ti.hardware.perf2-hal-service  E  PERFHAL-PERFCTRL: chk_core_online_poll_loop() 747: poll() has timed out for /sys/kernel/msm_performance/events/cpu_hotplug
2026-04-11 19:09:56.731  2912-3098  PERFHAL-PERFCTRL        ven...ti.hardware.perf2-hal-service  E  PERFHAL-PERFCTRL: chk_core_online_poll_loop() 742: Block on poll()
2026-04-11 19:09:56.765  2885-2790  sensors-hal             and...ware.sensors-service.multihal  I  handle_oplus_wise_rgb_event:191, wise_rgb: (r, g, b, c)[2672.42, 1400.98, 860.81, 3765.19],(r2,g2,b2,c2)[[0.00, 0.00, 0.00, 0.00], algo:2.0, flag :0
2026-04-11 19:09:56.798  4772-5803  CwbClient               system_server                        D  LECENT_AI::CwbClient::RGB||16||25||38, timestamp=390840826220246
2026-04-11 19:09:56.873  4772-5803  CwbClient               system_server                        D  LECENT_AI::CwbClient::RGB||16||25||38, timestamp=390840901122641
2026-04-11 19:09:56.885 11693-2766  NearbySharing           com.google.android.gms.persistent    I  Network state changed: NetworkState(isRestricted=false, isOnline=true, isCongested=false, isMetered=false, isWifiConnected=true)
2026-04-11 19:09:56.903  6930-9360  CommonApp-134-10514     com.oplus.subsys                     D  transport layer data is invalid
2026-04-11 19:09:56.903  6930-9360  ScorePolicy             com.oplus.subsys                     D  handleScoreChanged: []
2026-04-11 19:09:56.904  6930-9360  ScorePolicy             com.oplus.subsys                     D  handleScoreChanged: []
2026-04-11 19:09:56.904  6930-9360  ScorePolicy             com.oplus.subsys                     D  handleScoreChanged: []
2026-04-11 19:09:56.934  4037-4037  synaLib                 touchDaemon                          I  tcm: STATUS: Exit DOZE mode
2026-04-11 19:09:56.934  4037-4037  OplusTouchDaemon        touchDaemon                          E  [prevent][curved_large_handle_V2][3008]: id:0 pos:3 center_down:1 (20742 28353)(0 2 0 0) 
2026-04-11 19:09:56.934  4037-4037  OplusTouchDaemon        touchDaemon                          E  [prevent][large_exit_matched][1823]: large_exit_matched: exit matched(0) (20742 28353 0 2 0 0)
2026-04-11 19:09:56.934  4037-4037  OplusTouchDaemon        touchDaemon                          E  [prevent][large_exit_matched][1823]: large_exit_matched: exit matched(0) (20742 28353 0 2 0 0)
2026-04-11 19:09:56.934  4037-4037  OplusTouchDaemon        touchDaemon                          E  [prevent][large_shape_judged_V2][2311]: large_shape_judged_V2: id(0) judge long press under detect time.
2026-04-11 19:09:56.934  4037-4037  OplusTouchDaemon        touchDaemon                          E  [touchEvent][ts_report_touch_data][649]: first touch point id 0 [20742 28353    7    2    0    0    0]
2026-04-11 19:09:56.936  3131-3715  VRR [OTI]               surfaceflinger                       D  handleIdle from 1 to 0
2026-04-11 19:09:56.936  3131-3715  VRR [OTI-HW]            surfaceflinger                       D  isStateReady 0
2026-04-11 19:09:56.936  3131-3715  VRR [OTI-HW]            surfaceflinger                       D  keep rate.
2026-04-11 19:09:56.936  4772-6489  [UAH_CLIENT]            system_server                        I  UahEventAcquire, cmdid:37, pkg:none, identity:OplusUAwareInputHelper
2026-04-11 19:09:56.937  6986-6986  DynamicFra...peedAware] com.max.aiassistant                  I  onEventHandled: info: InputEventInfo: mX = 0, mY = 0, mAction = 0, mVsyncTime = 106125218, mIsMoving = true, mUpdated = true
2026-04-11 19:09:56.937  6986-6986  IJankManager            com.max.aiassistant                  E  slideSceneEnd unknown scene 1000 mScene:-1
2026-04-11 19:09:56.937  6986-6986  AutofillManager         com.max.aiassistant                  V  requestHideFillUi(null): anchor = null
2026-04-11 19:09:56.937  4772-4954  PowerManagerService     system_server                        D  userActivityNoUpdateLocked: groupId=0, eventTime=106125213, event=touch, flags=0x0, uid=1000
2026-04-11 19:09:56.937  4772-6213  GestureLog...erDetector system_server                        D  onTouchEvent------>start, mCurNumPointers=1, mCurrStatus=0 mIsDownIntervalTimeout=true, action=0 downTime=106125213 deviceId=6
2026-04-11 19:09:56.938  4772-4954  PowerManagerService     system_server                        D  userActivityNoUpdateLocked: groupId=0, eventTime=106125213, event=touch, flags=0x0, uid=1000
2026-04-11 19:09:56.938  2872-14043 vendor.qti...bs_handler and...re.bluetooth@aidl-service-qti  I  ProcessIbsCmd: Received IBS_WAKE_IND: 0xFD
2026-04-11 19:09:56.938  2872-14043 vendor.qti...bs_handler and...re.bluetooth@aidl-service-qti  D  SerialClockVote: vote for UART CLK ON
2026-04-11 19:09:56.938  2872-14043 vendor.qti...-wake_lock and...re.bluetooth@aidl-service-qti  D  Acquire wakelock is acquired 
2026-04-11 19:09:56.938  2872-14043 vendor.qti...bs_handler and...re.bluetooth@aidl-service-qti  I  ProcessIbsCmd: Writing IBS_WAKE_ACK
2026-04-11 19:09:56.947  4772-5803  CwbClient               system_server                        D  LECENT_AI::CwbClient::RGB||16||25||38, timestamp=390840975333370
2026-04-11 19:09:56.972  2885-2790  sensors-hal             and...ware.sensors-service.multihal  I  handle_oplus_wise_rgb_event:191, wise_rgb: (r, g, b, c)[2699.15, 1429.00, 890.49, 3819.76],(r2,g2,b2,c2)[[0.00, 0.00, 0.00, 0.00], algo:2.0, flag :0
2026-04-11 19:09:56.972  4772-5773  AI_FusionLightNextGen   system_server                        D  LECENT_AI::RunArith AVG_RGB:/61/67/77
2026-04-11 19:09:56.972  4772-5773  AI_FusionLightNextGen   system_server                        D  LECENT_AI::RunArith RGB:/16/25/38
2026-04-11 19:09:56.974  4772-5773  FusionLightNextGen      system_server                        D  calculate_silibals_compensation_value: comped_ir_ratio =  0.203060 comped_lux = 10.66162
2026-04-11 19:09:56.974  4772-5773  FusionLightNextGen      system_server                        D  LECENT_AI::raw_lux -1.0, raw_cct -1.0, r/g/b/c: 2699.1/1429.0/890.5/3819.8, compensate r/g/b/c: 1849.54/801.30/639.52/2340.03 bri 697.0, lux: 10.661617, cct: -1.0, comped_lux:10.662 comped_cct:-1 ir: 0.203060, cnt: 0
2026-04-11 19:09:56.974  4772-5773  CwbClient               system_server                        I  setCWBDisplayType set mFeatureID = CWB_RGB_VALUE
2026-04-11 19:09:56.979  2872-14043 vendor.qti...bs_handler and...re.bluetooth@aidl-service-qti  I  ProcessIbsCmd: Received IBS_SLEEP_IND: 0xFE
2026-04-11 19:09:56.979  2872-14043 vendor.qti...bs_handler and...re.bluetooth@aidl-service-qti  D  SerialClockVote: vote for UART CLK OFF
2026-04-11 19:09:56.987  4037-4037  OplusTouchDaemon        touchDaemon                          E  [prevent][curved_large_handle_V2][3082]: up id(0) status: 3, 1, 1, 0.
2026-04-11 19:09:56.988  4772-6489  UAH-UahAdaptHelper      system_server                        D  adaptSetNotification identity = OplusUAwareInputHelpersrc = 1000 , type 1 ,p1 = -1 ,p2 = -1 ,p3 = -1 ,p4 =
2026-04-11 19:09:56.988  4772-6489  [UAH_CLIENT]            system_server                        I  uahRuleCtl, ruleId:1000, status:1
2026-04-11 19:09:56.988  6986-6986  DynamicFra...peedAware] com.max.aiassistant                  I  onEventHandled: info: InputEventInfo: mX = 0, mY = 0, mAction = 1, mVsyncTime = 106125269, mIsMoving = false, mUpdated = true
2026-04-11 19:09:56.990  6986-6986  MainViewModel           com.max.aiassistant                  D  Envoi du message au moteur local: Test, avec image: false
2026-04-11 19:09:56.992  6986-6986  ViewRootImplExtImpl     com.max.aiassistant                  D  the up motion event handled by client, just return
2026-04-11 19:09:56.999  4772-5815  InputMetho...gerService system_server                        D  isSecurity: attribute.packageName = com.max.aiassistant mCurMethodId = com.google.android.inputmethod.latin/com.android.inputmethod.latin.LatinIME isSecurity = false ( enable = true needShow = false inBlackList = false isExist = true )
2026-04-11 19:09:57.000  4772-5815  ImeTracker              system_server                        I  com.max.aiassistant:84c3a248: onRequestShow at ORIGIN_SERVER reason ATTACH_NEW_INPUT fromUser false
2026-04-11 19:09:57.000  4772-5815  FlexibleTaskController  system_server                        I  onShowImeRequested
2026-04-11 19:09:57.000  4772-4923  UserAwareMgr            system_server                        I  fg app status not changed, beforeVisible: true, currentVisible: true
2026-04-11 19:09:57.000  4772-5626  AutofillIn...estSession system_server                        V  onInputMethodStartInput() received on 1073741824
2026-04-11 19:09:57.000 10807-10807 GoogleInpu...hodService com...gle.android.inputmethod.latin  I  GoogleInputMethodService.onStartInput():1434 onStartInput(EditorInfo{EditorInfo{packageName=com.max.aiassistant, inputType=2c001, inputTypeString=Normal[MultiLine|CapSentences|AutoCorrect], enableLearning=true, autoCorrection=true, autoComplete=true, imeOptions=42000000, privateImeOptions=null, actionName=UNSPECIFIED, actionLabel=null, initialSelStart=0, initialSelEnd=0, initialCapsMode=0, label=null, fieldId=-1, fieldName=null, extras=Bundle[{android.support.text.emoji.emojiCompat_metadataVersion=12, androidx.core.view.inputmethod.EditorInfoCompat.STYLUS_HANDWRITING_ENABLED=true, android.support.text.emoji.emojiCompat_replaceAll=false, com.oplus.im.WINDOW_MODE=1, com.oplus.im.SCENES=0}], hintText=null, hintLocales=[]}}, true)
2026-04-11 19:09:57.001 10807-10807 SessionManager          com...gle.android.inputmethod.latin  W  SessionManager.beginSession():53 Try to begin an already begun session [INPUT_SESSION], end it first
2026-04-11 19:09:57.001 10807-10807 SessionManager          com...gle.android.inputmethod.latin  W  SessionManager.endSession():96 Child session [INPUT_VIEW_SESSION] is not ended while ending session [{INPUT_VIEW_SESSION=1775927387693, TRAINING_CACHE_SESSION=1775927387699, INPUT_SESSION=1775927387690, IME_SESSION=1775927387699}], ending it now.
2026-04-11 19:09:57.001 10807-10807 SessionManager          com...gle.android.inputmethod.latin  W  SessionManager.endSession():96 Child session [IME_SESSION] is not ended while ending session [{INPUT_VIEW_SESSION=1775927387693, TRAINING_CACHE_SESSION=1775927387699, INPUT_SESSION=1775927387690, IME_SESSION=1775927387699}], ending it now.
2026-04-11 19:09:57.001 10807-10807 AndroidIME              com...gle.android.inputmethod.latin  I  LatinIMEBase.updateInputViewCoverNavigation():312 Update input view padding, isNavbarOverInputWindow=true, bottom inset=132
2026-04-11 19:09:57.001 10807-10807 Module                  com...gle.android.inputmethod.latin  I  DeviceLockedStatusModuleProvider$Module.updateDeviceLockedStatus():103 repeatCheckTimes = 1, locked = false
2026-04-11 19:09:57.001  4772-5626  AutofillIn...estSession system_server                        V  onInputMethodStartInputView() received
2026-04-11 19:09:57.001 10807-10807 GoogleInpu...hodService com...gle.android.inputmethod.latin  I  GoogleInputMethodService.onStartInputView():1519 onStartInputView(EditorInfo{EditorInfo{packageName=com.max.aiassistant, inputType=2c001, inputTypeString=Normal[MultiLine|CapSentences|AutoCorrect], enableLearning=true, autoCorrection=true, autoComplete=true, imeOptions=42000000, privateImeOptions=null, actionName=UNSPECIFIED, actionLabel=null, initialSelStart=0, initialSelEnd=0, initialCapsMode=0, label=null, fieldId=-1, fieldName=null, extras=Bundle[{android.support.text.emoji.emojiCompat_metadataVersion=12, androidx.core.view.inputmethod.EditorInfoCompat.STYLUS_HANDWRITING_ENABLED=true, android.support.text.emoji.emojiCompat_replaceAll=false, com.oplus.im.WINDOW_MODE=1, com.oplus.im.SCENES=0}], hintText=null, hintLocales=[]}}, true)
2026-04-11 19:09:57.001  4772-7308  PackageConfigPersister  system_server                        W  App-specific configuration not found for packageName: com.max.aiassistant and userId: 0
2026-04-11 19:09:57.002 10807-10807 InputBundle             com...gle.android.inputmethod.latin  I  InputBundle.consumeEvent():1041 Skip consuming an event as keyboard status is INACTIVE
2026-04-11 19:09:57.002 10807-10807 AndroidIME              com...gle.android.inputmethod.latin  I  AbstractIme.onDeactivate():213 LatinIme.onDeactivate()
2026-04-11 19:09:57.002 10807-10807 SessionManager          com...gle.android.inputmethod.latin  W  SessionManager.endSession():88 Try to end a not begun session [IME_SESSION].
2026-04-11 19:09:57.002 10807-11368 NebulaeTra...sProcessor com...gle.android.inputmethod.latin  I  NebulaeTrainingCacheMetricsProcessor.processEndSession():659 End training cache session: com.whatsapp_2131431584/
2026-04-11 19:09:57.002 10807-10807 KeyboardHeightUtil      com...gle.android.inputmethod.latin  I  KeyboardHeightUtil.getOemKeyboardHeightRatio():81 systemKeyboardHeightRatio:1.000000.
2026-04-11 19:09:57.005 10807-11368 ModuleManager           com...gle.android.inputmethod.latin  W  ModuleManager.loadModule():634 Module pte is not available
2026-04-11 19:09:57.006 10807-11368 OnDeviceWmrCalculator   com...gle.android.inputmethod.latin  I  OnDeviceWmrCalculator.calculateWmr():94 WMR: 0.0000 (0 / 1)
2026-04-11 19:09:57.013  4772-5803  CwbClient               system_server                        D  LECENT_AI::CwbClient::RGB||16||25||38, timestamp=390841041976912
2026-04-11 19:09:57.019 21904-21925 SmartSideb...ValueProxy com.coloros.smartsidebar:ui          D  (main)getOverlayShowVideoAssistant edge_panel_video_assistant =-1
2026-04-11 19:09:57.019  4772-7308  FlexibleTaskController  system_server                        D  check task which not have enough child, isInSingleWhiteList:false isCloneTask:false
2026-04-11 19:09:57.019 21904-21904 VideoAssistantUtils     com.coloros.smartsidebar:ui          D  isInSplitScreenMode  === :false
2026-04-11 19:09:57.019  4772-7308  FlexibleTaskController  system_server                        D  check task which not have enough child, isInSingleWhiteList:false isCloneTask:false
2026-04-11 19:09:57.019 21904-21925 SmartSideb...PanelUtils com.coloros.smartsidebar:ui          D  (main)getTopAppInfo() result: ApplicationInfo{ebf1dbf com.max.aiassistant}
2026-04-11 19:09:57.019 21904-21925 SmartSideb...PanelUtils com.coloros.smartsidebar:ui          D  (main)getTopPkg() pkg: com.*****.aiassistant
2026-04-11 19:09:57.019  4772-7308  ContentService          system_server                        W  Observer is already registered. Pid is 21904
2026-04-11 19:09:57.020 21904-21925 SmartSideb...tPanelView com.coloros.smartsidebar:ui          D  (main)Registered app status observer for: com.max.aiassistant
2026-04-11 19:09:57.020 21904-21925 SmartSideb...tusManager com.coloros.smartsidebar:ui          D  (main)isAppEnabled: com.max.aiassistant = true
2026-04-11 19:09:57.030  6986-6986  MainViewModel           com.max.aiassistant                  E  Erreur lors de l'envoi du message (Fix with AI)
                                                                                                    java.lang.IllegalStateException: Le modele gemma-4-E2B-it.litertlm est bien telecharge, mais son initialisation native fait encore planter cette build sur ce telephone. Je bloque donc le lancement du moteur pour eviter un crash complet de l'application.
                                                                                                    	at com.max.aiassistant.data.local.OnDeviceChatEngine$generateResponse$2.invokeSuspend(OnDeviceChatEngine.kt:98)
                                                                                                    	at kotlin.coroutines.jvm.internal.BaseContinuationImpl.resumeWith(ContinuationImpl.kt:33)
                                                                                                    	at kotlinx.coroutines.DispatchedTask.run(DispatchedTask.kt:101)
                                                                                                    	at kotlinx.coroutines.internal.LimitedDispatcher$Worker.run(LimitedDispatcher.kt:113)
                                                                                                    	at kotlinx.coroutines.scheduling.TaskImpl.run(Tasks.kt:89)
                                                                                                    	at kotlinx.coroutines.scheduling.CoroutineScheduler.runSafely(CoroutineScheduler.kt:589)
                                                                                                    	at kotlinx.coroutines.scheduling.CoroutineScheduler$Worker.executeTask(CoroutineScheduler.kt:823)
                                                                                                    	at kotlinx.coroutines.scheduling.CoroutineScheduler$Worker.runWorker(CoroutineScheduler.kt:720)
                                                                                                    	at kotlinx.coroutines.scheduling.CoroutineScheduler$Worker.run(CoroutineScheduler.kt:707)
2026-04-11 19:09:57.050 10807-10807 AndroidIME              com...gle.android.inputmethod.latin  I  InputBundleManager.loadActiveInputBundleId():531 loadActiveInputBundleId: fr, ime_french
2026-04-11 19:09:57.050 10807-10807 AndroidIME              com...gle.android.inputmethod.latin  I  AbstractIme.onActivate():95 LatinIme.onActivate() : EditorInfo = EditorInfo{packageName=com.max.aiassistant, inputType=2c001, inputTypeString=Normal[MultiLine|CapSentences|AutoCorrect], enableLearning=true, autoCorrection=true, autoComplete=true, imeOptions=42000000, privateImeOptions=null, actionName=UNSPECIFIED, actionLabel=null, initialSelStart=0, initialSelEnd=0, initialCapsMode=0, label=null, fieldId=-1, fieldName=null, extras=Bundle[{android.support.text.emoji.emojiCompat_metadataVersion=12, androidx.core.view.inputmethod.EditorInfoCompat.STYLUS_HANDWRITING_ENABLED=true, android.support.text.emoji.emojiCompat_replaceAll=false, com.oplus.im.WINDOW_MODE=1, com.oplus.im.SCENES=0}], hintText=null, hintLocales=[]}, IncognitoMode = false, DeviceLocked = false
2026-04-11 19:09:57.050 10807-11368 NebulaeTra...sProcessor com...gle.android.inputmethod.latin  I  NebulaeTrainingCacheMetricsProcessor.processBeginSession():293 Begin training cache session: com.whatsapp_2131431584/
2026-04-11 19:09:57.050 10807-10807 Delight5Facilitator     com...gle.android.inputmethod.latin  I  Delight5Facilitator.initializeForIme():745 initializeForIme() : Locale = [fr], layout = azerty
2026-04-11 19:09:57.051 10807-10807 LatinIme                com...gle.android.inputmethod.latin  I  LatinIme.updateEnableInlineSuggestionsOnDecoderSideFlags():1271 inline flag updated to:false
2026-04-11 19:09:57.051 10807-10807 LatinIme                com...gle.android.inputmethod.latin  I  LatinIme.updateEnableInlineSuggestionsOnDecoderSideFlags():1271 inline flag updated to:false
2026-04-11 19:09:57.054 10807-10807 LatinIme                com...gle.android.inputmethod.latin  I  LatinIme.resetInputContext():2263 resetInputContext(): reason=1, externalEditsInfo=ExternalEditsInfo{action=0, offset=-1, text=null, originalText=null, edits=null}
2026-04-11 19:09:57.055 10807-10807 InputBundle             com...gle.android.inputmethod.latin  I  InputBundle.consumeEvent():1041 Skip consuming an event as keyboard status is INACTIVE
2026-04-11 19:09:57.055 10807-10807 KeyboardWrapper         com...gle.android.inputmethod.latin  I  KeyboardWrapper.activateKeyboard():582 activateKeyboard(): type=prime, status=INACTIVE, imeDef=nxy{stringId=ime_french, language=fr, languageTag=fr, processedConditions={writing_helper_enable_by_word_revert=true, true=true, enable_dynamic_diacritic_key=false, enable_number_row=false, device=phone, enable_pk_simulator=false}, className=com.google.android.apps.inputmethod.libs.edittracker.EditTrackingImeWrapper, label=0, keyEventInterpreter=null, inlineComposing=true, autoCapital=true, announceAutoSelectedCandidate=true, statusIcon=0, indicatorIcon=0, indicatorLabel=null, displayAppCompletions=true, extraValues=nxr{#0x7f0b02e3=TypedValue{t=0x3/d=0x0 "com.google.android.apps.inputmethod.libs.latin5.LatinIme"}}, processors=nzr@70243c4, unacceptableMetaKeys=4098, languageSpecificSettings=0, asciiCapable=true, alwaysShowSuggestions=false, useAsciiPasswordKeyboard=false, keyboardGroupDef=nza@957d1d1, phenotypeFlagId=0, localizationLanguageTag=null, supportsInlineSuggestion=true}
2026-04-11 19:09:57.056 10807-10807 KeyboardManager         com...gle.android.inputmethod.latin  I  KeyboardManager.requestKeyboard():249 Creating keyboard prime, imeId=ime_french, cacheKey=theme,!gsf,!pgsans,!pgsf,!use_system_font,BORDER,FLAVOR_DPI=XXXHDPI,KEYBOARD_WIDTH_CATEGORY=NORMAL,KEY_BORDER_SHAPE=1,LIGHT_THEME=false,PHYSICAL_DIAGONAL=5.165753,POPUP,SCREEN_SHORTEST_WIDTH=360,SCREEN_SHORTEST_WIDTH_NO_SCALE=360,XXXHDPI,bottom4dp,enable_popup_on_keypress=true,keyboard_redesign_google_sans=true,non_linear_scale,noshadow,overlay_builtin_dynamic_color_dark_base.binarypb:gm3-dark-ff0f131c-ffaec6ff-52946fe90fbc83349ef01af751f4f0ca,silkpopup
2026-04-11 19:09:57.056 10807-10807 KeyboardWrapper         com...gle.android.inputmethod.latin  I  KeyboardWrapper.onKeyboardReady():224 onKeyboardReady(): type=prime(prime), kb=com.google.android.apps.inputmethod.latin.keyboard.LatinPrimeKeyboard@efc37df
2026-04-11 19:09:57.056 10807-10807 KeyboardWrapper         com...gle.android.inputmethod.latin  I  KeyboardWrapper.doActivateKeyboard():612 doActivateKeyboard(): prime
2026-04-11 19:09:57.057 10807-10807 BaseKeyboardSizeHelper  com...gle.android.inputmethod.latin  I  BaseKeyboardSizeHelper.calculateMaxKeyboardBodyHeight():73 leave 291 height for app when ime window height:2100, header height:132 and isFullscreenMode:false, so the max keyboard body height is:1677
2026-04-11 19:09:57.057 10807-10807 TooltipLifecycleManager com...gle.android.inputmethod.latin  W  TooltipLifecycleManager.dismissTooltips():153 Tooltip with id undo_access_point_promotion_banner not found in tooltipManager.
2026-04-11 19:09:57.058 10807-10807 GlobeKeyExtension       com...gle.android.inputmethod.latin  I  GlobeKeyExtension.getKeyboardInitialStates():185 
