2026-04-16 21:30:32.606  2885-5741  sensors-hal             and...ware.sensors-service.multihal  I  handle_oplus_wise_rgb_event:191, wise_rgb: (r, g, b, c)[4596.57, 2269.59, 949.85, 6793.71],(r2,g2,b2,c2)[[0.00, 0.00, 0.00, 0.00], algo:2.0, flag :0
2026-04-16 21:30:32.644  4772-5803  CwbClient               system_server                        D  LECENT_AI::CwbClient::RGB||15||24||38, timestamp=831277715403498
2026-04-16 21:30:32.719  4772-5803  CwbClient               system_server                        D  LECENT_AI::CwbClient::RGB||15||24||38, timestamp=831277790664175
2026-04-16 21:30:32.723  6930-7488  CoexRfService           com.oplus.subsys                     D  report RRC state:true
2026-04-16 21:30:32.782   971-991   SmartSideb...ValueProxy com.coloros.smartsidebar:ui          D  (main)getOverlayShowVideoAssistant edge_panel_video_assistant =-1
2026-04-16 21:30:32.782  4772-5626  FlexibleTaskController  system_server                        D  check task which not have enough child, isInSingleWhiteList:false isCloneTask:false
2026-04-16 21:30:32.783   971-971   VideoAssistantUtils     com.coloros.smartsidebar:ui          D  isInSplitScreenMode  === :false
2026-04-16 21:30:32.783  4772-5626  FlexibleTaskController  system_server                        D  check task which not have enough child, isInSingleWhiteList:false isCloneTask:false
2026-04-16 21:30:32.784   971-991   SmartSideb...PanelUtils com.coloros.smartsidebar:ui          D  (main)getTopAppInfo() result: ApplicationInfo{d6c8eb8 com.max.aiassistant}
2026-04-16 21:30:32.784   971-991   SmartSideb...PanelUtils com.coloros.smartsidebar:ui          D  (main)getTopPkg() pkg: com.*****.aiassistant
2026-04-16 21:30:32.784  4772-5626  ContentService          system_server                        W  Observer is already registered. Pid is 971
2026-04-16 21:30:32.784   971-991   SmartSideb...tPanelView com.coloros.smartsidebar:ui          D  (main)Registered app status observer for: com.max.aiassistant
2026-04-16 21:30:32.784   971-991   SmartSideb...tusManager com.coloros.smartsidebar:ui          D  (main)isAppEnabled: com.max.aiassistant = true
2026-04-16 21:30:32.794  4772-5803  CwbClient               system_server                        D  LECENT_AI::CwbClient::RGB||15||24||38, timestamp=831277865035112
2026-04-16 21:30:32.812  4772-6223  OplusNetKit             system_server                        D  in getLpByInterface name from LP: [rmnet_data4]
2026-04-16 21:30:32.813  4772-6223  OplusNetKit             system_server                        D  in getLpByInterface name from LP: [wlan0]
2026-04-16 21:30:32.814  2885-5741  sensors-hal             and...ware.sensors-service.multihal  I  handle_oplus_wise_rgb_event:191, wise_rgb: (r, g, b, c)[4596.57, 2269.59, 949.85, 6793.71],(r2,g2,b2,c2)[[0.00, 0.00, 0.00, 0.00], algo:2.0, flag :0
2026-04-16 21:30:32.815  4772-5773  AI_FusionLightNextGen   system_server                        D  LECENT_AI::RunArith AVG_RGB:/50/57/68
2026-04-16 21:30:32.815  4772-5773  AI_FusionLightNextGen   system_server                        D  LECENT_AI::RunArith RGB:/15/24/38
2026-04-16 21:30:32.818  4772-5773  FusionLightNextGen      system_server                        D  calculate_silibals_compensation_value: comped_ir_ratio =  0.054034 comped_lux = 34.60397
2026-04-16 21:30:32.819  4772-5773  FusionLightNextGen      system_server                        D  LECENT_AI::raw_lux -1.0, raw_cct -1.0, r/g/b/c: 4596.6/2269.6/949.9/6793.7, compensate r/g/b/c: 3405.51/1441.03/632.38/4944.57 bri 547.0, lux: 34.603970, cct: -1.0, comped_lux:34.604 comped_cct:-1 ir: 0.054034, cnt: 0
2026-04-16 21:30:32.819  4772-5773  CwbClient               system_server                        I  setCWBDisplayType set mFeatureID = CWB_RGB_VALUE
2026-04-16 21:30:32.840  4772-6223  OplusNetRttKit          system_server                        D  getIcmpEchoRtt addr:192.168.1.*** avgRtt: 7
2026-04-16 21:30:32.869  4772-5803  CwbClient               system_server                        D  LECENT_AI::CwbClient::RGB||15||24||38, timestamp=831277939785269
2026-04-16 21:30:32.945  4772-5803  CwbClient               system_server                        D  LECENT_AI::CwbClient::RGB||15||24||38, timestamp=831278015733446
2026-04-16 21:30:32.963  2992-3084  BatteryChargeControl    ven....hardware.charger-V10-service  D  bcc get no support from charging protocol
2026-04-16 21:30:33.019  4772-5803  CwbClient               system_server                        D  LECENT_AI::CwbClient::RGB||15||24||38, timestamp=831278089901883
2026-04-16 21:30:33.021  2885-5741  sensors-hal             and...ware.sensors-service.multihal  I  handle_oplus_wise_rgb_event:191, wise_rgb: (r, g, b, c)[4650.02, 2297.61, 979.54, 6875.57],(r2,g2,b2,c2)[[0.00, 0.00, 0.00, 0.00], algo:2.0, flag :0
2026-04-16 21:30:33.085   971-991   SmartSideb...ValueProxy com.coloros.smartsidebar:ui          D  (main)getOverlayShowVideoAssistant edge_panel_video_assistant =-1
2026-04-16 21:30:33.086  4772-5626  FlexibleTaskController  system_server                        D  check task which not have enough child, isInSingleWhiteList:false isCloneTask:false
2026-04-16 21:30:33.087   971-971   VideoAssistantUtils     com.coloros.smartsidebar:ui          D  isInSplitScreenMode  === :false
2026-04-16 21:30:33.087  4772-5626  FlexibleTaskController  system_server                        D  check task which not have enough child, isInSingleWhiteList:false isCloneTask:false
2026-04-16 21:30:33.088   971-991   SmartSideb...PanelUtils com.coloros.smartsidebar:ui          D  (main)getTopAppInfo() result: ApplicationInfo{5050491 com.max.aiassistant}
2026-04-16 21:30:33.088   971-991   SmartSideb...PanelUtils com.coloros.smartsidebar:ui          D  (main)getTopPkg() pkg: com.*****.aiassistant
2026-04-16 21:30:33.088  4772-5626  ContentService          system_server                        W  Observer is already registered. Pid is 971
2026-04-16 21:30:33.089   971-991   SmartSideb...tPanelView com.coloros.smartsidebar:ui          D  (main)Registered app status observer for: com.max.aiassistant
2026-04-16 21:30:33.089   971-991   SmartSideb...tusManager com.coloros.smartsidebar:ui          D  (main)isAppEnabled: com.max.aiassistant = true
2026-04-16 21:30:33.094  4772-5803  CwbClient               system_server                        D  LECENT_AI::CwbClient::RGB||15||24||38, timestamp=831278165062508
2026-04-16 21:30:33.168  4772-5803  CwbClient               system_server                        D  LECENT_AI::CwbClient::RGB||15||24||38, timestamp=831278239632612
2026-04-16 21:30:33.228  2885-5741  sensors-hal             and...ware.sensors-service.multihal  I  handle_oplus_wise_rgb_event:191, wise_rgb: (r, g, b, c)[4703.47, 2325.63, 979.54, 6930.13],(r2,g2,b2,c2)[[0.00, 0.00, 0.00, 0.00], algo:2.0, flag :0
2026-04-16 21:30:33.229  4772-5773  AI_FusionLightNextGen   system_server                        D  LECENT_AI::RunArith AVG_RGB:/50/57/68
2026-04-16 21:30:33.229  4772-5773  AI_FusionLightNextGen   system_server                        D  LECENT_AI::RunArith RGB:/15/24/38
2026-04-16 21:30:33.232  4772-5773  FusionLightNextGen      system_server                        D  calculate_silibals_compensation_value: comped_ir_ratio =  0.058087 comped_lux = 35.55038
2026-04-16 21:30:33.232  4772-5773  FusionLightNextGen      system_server                        D  LECENT_AI::raw_lux -1.0, raw_cct -1.0, r/g/b/c: 4703.5/2325.6/979.5/6930.1, compensate r/g/b/c: 3512.51/1497.03/662.38/5081.57 bri 547.0, lux: 35.550386, cct: -1.0, comped_lux:35.550 comped_cct:-1 ir: 0.058087, cnt: 0
2026-04-16 21:30:33.232  4772-5773  CwbClient               system_server                        I  setCWBDisplayType set mFeatureID = CWB_RGB_VALUE
2026-04-16 21:30:33.241  6930-6930  VendorWifiService       com.oplus.subsys                     D  onEvent event:9,action:1
2026-04-16 21:30:33.243  4772-5803  CwbClient               system_server                        D  LECENT_AI::CwbClient::RGB||15||24||38, timestamp=831278314279435
2026-04-16 21:30:33.246  4772-6188  ScorerUtils             system_server                        D  isLowTraffic: txTputKBps=0, rxTputKBps=0
2026-04-16 21:30:33.246  4772-6188  OplusWifiP...ggerCenter system_server                        D  mComponentCallback: wifistat
2026-04-16 21:30:33.295  2888-12638 WifiHAL                 android.hardware.wifi-service        I  event received NL80211_CMD_VENDOR, vendor_id = 0x1374, subcmd = 0xd
2026-04-16 21:30:33.296  3850-3850  cnss-daemon             cnss-daemon                          I  nl80211 response handler invoked
2026-04-16 21:30:33.296  3850-3850  cnss-daemon             cnss-daemon                          I  nl80211_response_handler: cmd 103, vendorID 4980, subcmd 13  received
2026-04-16 21:30:33.319  4772-5803  CwbClient               system_server                        D  LECENT_AI::CwbClient::RGB||15||24||38, timestamp=831278389793706
2026-04-16 21:30:33.389   971-991   SmartSideb...ValueProxy com.coloros.smartsidebar:ui          D  (main)getOverlayShowVideoAssistant edge_panel_video_assistant =-1
2026-04-16 21:30:33.390  4772-5626  FlexibleTaskController  system_server                        D  check task which not have enough child, isInSingleWhiteList:false isCloneTask:false
2026-04-16 21:30:33.390   971-971   VideoAssistantUtils     com.coloros.smartsidebar:ui          D  isInSplitScreenMode  === :false
2026-04-16 21:30:33.391  4772-5626  FlexibleTaskController  system_server                        D  check task which not have enough child, isInSingleWhiteList:false isCloneTask:false
2026-04-16 21:30:33.391   971-991   SmartSideb...PanelUtils com.coloros.smartsidebar:ui          D  (main)getTopAppInfo() result: ApplicationInfo{3ad4ff6 com.max.aiassistant}
2026-04-16 21:30:33.391   971-991   SmartSideb...PanelUtils com.coloros.smartsidebar:ui          D  (main)getTopPkg() pkg: com.*****.aiassistant
2026-04-16 21:30:33.391  4772-5626  ContentService          system_server                        W  Observer is already registered. Pid is 971
2026-04-16 21:30:33.392   971-991   SmartSideb...tPanelView com.coloros.smartsidebar:ui          D  (main)Registered app status observer for: com.max.aiassistant
2026-04-16 21:30:33.392   971-991   SmartSideb...tusManager com.coloros.smartsidebar:ui          D  (main)isAppEnabled: com.max.aiassistant = true
2026-04-16 21:30:33.393  4772-5803  CwbClient               system_server                        D  LECENT_AI::CwbClient::RGB||15||24||38, timestamp=831278464310946
2026-04-16 21:30:33.407  6930-7300  RadioProxyJ[1]          com.oplus.subsys                     D  startChannelMonitoring update mLatestRequestId:-1
2026-04-16 21:30:33.419  6675-12643 ApfFilter               com.android.networkstack.process     D  (wlan0): Ignoring RA RA fe80::2:8 -> ff02::1 65535s 2001:863:314:137f::/64 4294967295s/4294967295s  which matches RA fe80::2:8 -> ff02::1 65535s 2001:863:314:137f::/64 4294967295s/4294967295s 
2026-04-16 21:30:33.435  2885-5741  sensors-hal             and...ware.sensors-service.multihal  I  handle_oplus_wise_rgb_event:191, wise_rgb: (r, g, b, c)[4837.09, 2353.65, 1009.22, 7121.12],(r2,g2,b2,c2)[[0.00, 0.00, 0.00, 0.00], algo:2.0, flag :0
2026-04-16 21:30:33.441  6930-23140 RadioProxyJ[0]          com.oplus.subsys                     D  startChannelMonitoring request id:11887,isInQueue:true,mIsDetectionRunning:false
2026-04-16 21:30:33.441  6930-23140 RadioProxyJ[0]          com.oplus.subsys                     D  startAPIDetection mTimeoutCount:0
2026-04-16 21:30:33.441  6930-23140 RadioProxyJ[0]          com.oplus.subsys                     D  [54594]> setSyncWithAp_Monitor
2026-04-16 21:30:33.441  6930-23140 RadioProxyJ[0]          com.oplus.subsys                     D  startChannelMonitoring update mLatestRequestId:54594
2026-04-16 21:30:33.442  3487-9903  RadioService            subsys_daemon                        D  setSyncWithAp with instance 0
2026-04-16 21:30:33.442  3487-9903  VendorService           subsys_daemon                        D  VendorService::setSyncWithAp
2026-04-16 21:30:33.442  3487-3586  QmiVsClient             subsys_daemon                        D  setSyncWithAp - enter
2026-04-16 21:30:33.443  3487-3586  QmiVsClient             subsys_daemon                        E  sendAsyncRequest QMI_VS_SET_SYNC_WITH_AP_REQ_MSG_V01 ret 0
2026-04-16 21:30:33.445  3487-3586  VsProxy                 subsys_daemon                        D  handleMessage msg is 4001
2026-04-16 21:30:33.445  3487-3586  RadioProxy              subsys_daemon                        D  setSyncWithAp : response cb for instance 0
2026-04-16 21:30:33.449  3487-3487  RadioServiceResponse    subsys_daemon                        D  RadioServiceResponse::setSyncWithApResponse
2026-04-16 21:30:33.449  6930-14472 SubsysRadioResponse     com.oplus.subsys                     D  setSyncWithApResponse info.error = 0
2026-04-16 21:30:33.449  6930-14472 RadioProxyJ[0]          com.oplus.subsys                     D  [54594]< setSyncWithAp_MonitorResponse 
2026-04-16 21:30:33.468  4772-5803  CwbClient               system_server                        D  LECENT_AI::CwbClient::RGB||15||24||38, timestamp=831278539195998
2026-04-16 21:30:33.543  4772-5803  CwbClient               system_server                        D  LECENT_AI::CwbClient::RGB||15||24||38, timestamp=831278614558081
2026-04-16 21:30:33.595  6930-9360  CommonApp-197-10518     com.oplus.subsys                     D  transport layer data is invalid
2026-04-16 21:30:33.596  6930-9360  ScorePolicy             com.oplus.subsys                     D  handleScoreChanged: []
2026-04-16 21:30:33.596  6930-9360  ScorePolicy             com.oplus.subsys                     D  handleScoreChanged: []
2026-04-16 21:30:33.596  6930-9360  ScorePolicy             com.oplus.subsys                     D  handleScoreChanged: []
2026-04-16 21:30:33.618  4772-5803  CwbClient               system_server                        D  LECENT_AI::CwbClient::RGB||15||24||38, timestamp=831278689126466
2026-04-16 21:30:33.643  2885-5741  sensors-hal             and...ware.sensors-service.multihal  I  handle_oplus_wise_rgb_event:191, wise_rgb: (r, g, b, c)[4890.54, 2381.67, 1038.90, 7202.97],(r2,g2,b2,c2)[[0.00, 0.00, 0.00, 0.00], algo:2.0, flag :0
2026-04-16 21:30:33.643  4772-5773  AI_FusionLightNextGen   system_server                        D  LECENT_AI::RunArith AVG_RGB:/50/57/68
2026-04-16 21:30:33.643  4772-5773  AI_FusionLightNextGen   system_server                        D  LECENT_AI::RunArith RGB:/15/24/38
2026-04-16 21:30:33.647  4772-5773  FusionLightNextGen      system_server                        D  calculate_silibals_compensation_value: comped_ir_ratio =  0.057938 comped_lux = 38.07585
2026-04-16 21:30:33.647  4772-5773  FusionLightNextGen      system_server                        D  LECENT_AI::raw_lux -1.0, raw_cct -1.0, r/g/b/c: 4890.5/2381.7/1038.9/7203.0, compensate r/g/b/c: 3699.51/1553.03/721.38/5353.57 bri 547.0, lux: 38.075851, cct: -1.0, comped_lux:38.076 comped_cct:-1 ir: 0.057938, cnt: 0
2026-04-16 21:30:33.647  4772-5773  CwbClient               system_server                        I  setCWBDisplayType set mFeatureID = CWB_RGB_VALUE
2026-04-16 21:30:33.693   971-991   SmartSideb...ValueProxy com.coloros.smartsidebar:ui          D  (main)getOverlayShowVideoAssistant edge_panel_video_assistant =-1
2026-04-16 21:30:33.693  4772-5803  CwbClient               system_server                        D  LECENT_AI::CwbClient::RGB||15||24||38, timestamp=831278764604800
2026-04-16 21:30:33.694  4772-5626  FlexibleTaskController  system_server                        D  check task which not have enough child, isInSingleWhiteList:false isCloneTask:false
2026-04-16 21:30:33.695   971-971   VideoAssistantUtils     com.coloros.smartsidebar:ui          D  isInSplitScreenMode  === :false
2026-04-16 21:30:33.695  4772-5626  FlexibleTaskController  system_server                        D  check task which not have enough child, isInSingleWhiteList:false isCloneTask:false
2026-04-16 21:30:33.696   971-991   SmartSideb...PanelUtils com.coloros.smartsidebar:ui          D  (main)getTopAppInfo() result: ApplicationInfo{d6c2ff7 com.max.aiassistant}
2026-04-16 21:30:33.696   971-991   SmartSideb...PanelUtils com.coloros.smartsidebar:ui          D  (main)getTopPkg() pkg: com.*****.aiassistant
2026-04-16 21:30:33.696  4772-5626  ContentService          system_server                        W  Observer is already registered. Pid is 971
2026-04-16 21:30:33.696   971-991   SmartSideb...tPanelView com.coloros.smartsidebar:ui          D  (main)Registered app status observer for: com.max.aiassistant
2026-04-16 21:30:33.697   971-991   SmartSideb...tusManager com.coloros.smartsidebar:ui          D  (main)isAppEnabled: com.max.aiassistant = true
2026-04-16 21:30:33.768  4772-5803  CwbClient               system_server                        D  LECENT_AI::CwbClient::RGB||15||24||38, timestamp=831278838856675
2026-04-16 21:30:33.843  4772-5803  CwbClient               system_server                        D  LECENT_AI::CwbClient::RGB||15||24||38, timestamp=831278914020529
2026-04-16 21:30:33.848  4772-5780  AlarmManager            system_server                        V  sending alarm Alarm{f566925 type 1 origWhen 1776367833848 whenElapsed 831278919 android} uid 1000 whenElapsed 831278919 windowLength 0 maxWhenElapsed 831278919 repeatInterval 0 action null component null tag StorgaeBandInfoAlarmTag flags 0x9 procName system_server
2026-04-16 21:30:33.849  4772-6255  OplusStora...SBandwidth system_server                        E  storage_io_metrics_path is /proc/oplus_storage/io_metrics/forever/
2026-04-16 21:30:33.849  4772-6255  OplusStora...SBandwidth system_server                        E  Bandwidth - Read: 1,00 MB/s, Write: 0,00 MB/s
2026-04-16 21:30:33.850  4772-6255  OplusStora...SBandwidth system_server                        E  Task time: 1ms
2026-04-16 21:30:33.850  2885-5741  sensors-hal             and...ware.sensors-service.multihal  I  handle_oplus_wise_rgb_event:191, wise_rgb: (r, g, b, c)[4837.09, 2353.65, 979.54, 7121.12],(r2,g2,b2,c2)[[0.00, 0.00, 0.00, 0.00], algo:2.0, flag :0
2026-04-16 21:30:33.854  4772-6255  OplusStora...SBandwidth system_server                        E  Alarm set to trigger in 10 seconds
2026-04-16 21:30:33.914  6763-7494  DnsDomainBlock          com.oplus.nas                        D  onDnsEvent: latencyMs=0, returnCode=4, uid=10374
2026-04-16 21:30:33.917  4772-5803  CwbClient               system_server                        D  LECENT_AI::CwbClient::RGB||15||24||38, timestamp=831278988594539
2026-04-16 21:30:33.963  2992-3084  BatteryChargeControl    ven....hardware.charger-V10-service  D  bcc get no support from charging protocol
2026-04-16 21:30:33.993  4772-5803  CwbClient               system_server                        D  LECENT_AI::CwbClient::RGB||15||24||38, timestamp=831279063863081
2026-04-16 21:30:33.997   971-991   SmartSideb...ValueProxy com.coloros.smartsidebar:ui          D  (main)getOverlayShowVideoAssistant edge_panel_video_assistant =-1
2026-04-16 21:30:33.998  4772-5626  FlexibleTaskController  system_server                        D  check task which not have enough child, isInSingleWhiteList:false isCloneTask:false
2026-04-16 21:30:33.999   971-971   VideoAssistantUtils     com.coloros.smartsidebar:ui          D  isInSplitScreenMode  === :false
2026-04-16 21:30:33.999  4772-5626  FlexibleTaskController  system_server                        D  check task which not have enough child, isInSingleWhiteList:false isCloneTask:false
2026-04-16 21:30:33.999   971-991   SmartSideb...PanelUtils com.coloros.smartsidebar:ui          D  (main)getTopAppInfo() result: ApplicationInfo{db7de64 com.max.aiassistant}
2026-04-16 21:30:34.000   971-991   SmartSideb...PanelUtils com.coloros.smartsidebar:ui          D  (main)getTopPkg() pkg: com.*****.aiassistant
2026-04-16 21:30:34.000  4772-5626  ContentService          system_server                        W  Observer is already registered. Pid is 971
2026-04-16 21:30:34.000   971-991   SmartSideb...tPanelView com.coloros.smartsidebar:ui          D  (main)Registered app status observer for: com.max.aiassistant
2026-04-16 21:30:34.000   971-991   SmartSideb...tusManager com.coloros.smartsidebar:ui          D  (main)isAppEnabled: com.max.aiassistant = true
2026-04-16 21:30:34.057  2885-5741  sensors-hal             and...ware.sensors-service.multihal  I  handle_oplus_wise_rgb_event:191, wise_rgb: (r, g, b, c)[4810.36, 2353.65, 979.54, 7121.12],(r2,g2,b2,c2)[[0.00, 0.00, 0.00, 0.00], algo:2.0, flag :0
2026-04-16 21:30:34.057  2885-5741  sensors-hal             and...ware.sensors-service.multihal  I  handle_oplus_wise_rgb_event:217, high_pwm_light:lux 49.4,cct 2684.3,brl/algo/ir 547.0/2.0/71.8,pwm/dc 0.0/0.0,rgbc 4810.363281/2353.652344/979.536926/7121.122559,ts 831279123818778,cnt 39918,flag 0
2026-04-16 21:30:34.057  4772-5773  AI_FusionLightNextGen   system_server                        D  LECENT_AI::RunArith AVG_RGB:/50/57/68
2026-04-16 21:30:34.057  4772-5773  AI_FusionLightNextGen   system_server                        D  LECENT_AI::RunArith RGB:/15/24/38
2026-04-16 21:30:34.061  4772-5773  FusionLightNextGen      system_server                        D  calculate_silibals_compensation_value: comped_ir_ratio =  0.050672 comped_lux = 36.87434
2026-04-16 21:30:34.061  4772-5773  FusionLightNextGen      system_server                        D  LECENT_AI::raw_lux -1.0, raw_cct -1.0, r/g/b/c: 4810.4/2353.7/979.5/7121.1, compensate r/g/b/c: 3619.51/1525.03/662.38/5272.57 bri 547.0, lux: 36.874343, cct: -1.0, comped_lux:36.874 comped_cct:-1 ir: 0.050672, cnt: 0
2026-04-16 21:30:34.061  4772-5773  CwbClient               system_server                        I  setCWBDisplayType set mFeatureID = CWB_RGB_VALUE
2026-04-16 21:30:34.068  4772-5803  CwbClient               system_server                        D  LECENT_AI::CwbClient::RGB||15||24||38, timestamp=831279138670893
2026-04-16 21:30:34.143  4772-5803  CwbClient               system_server                        D  LECENT_AI::CwbClient::RGB||15||24||38, timestamp=831279214048654
2026-04-16 21:30:34.217  4772-5803  CwbClient               system_server                        D  LECENT_AI::CwbClient::RGB||15||24||38, timestamp=831279288388914
2026-04-16 21:30:34.264  2885-5741  sensors-hal             and...ware.sensors-service.multihal  I  handle_oplus_wise_rgb_event:191, wise_rgb: (r, g, b, c)[4650.02, 2297.61, 949.85, 6875.57],(r2,g2,b2,c2)[[0.00, 0.00, 0.00, 0.00], algo:2.0, flag :0
2026-04-16 21:30:34.292  4772-5803  CwbClient               system_server                        D  LECENT_AI::CwbClient::RGB||15||24||38, timestamp=831279363672404
2026-04-16 21:30:34.301   971-991   SmartSideb...ValueProxy com.coloros.smartsidebar:ui          D  (main)getOverlayShowVideoAssistant edge_panel_video_assistant =-1
2026-04-16 21:30:34.302  4772-5626  FlexibleTaskController  system_server                        D  check task which not have enough child, isInSingleWhiteList:false isCloneTask:false
2026-04-16 21:30:34.303   971-971   VideoAssistantUtils     com.coloros.smartsidebar:ui          D  isInSplitScreenMode  === :false
2026-04-16 21:30:34.303  4772-5626  FlexibleTaskController  system_server                        D  check task which not have enough child, isInSingleWhiteList:false isCloneTask:false
2026-04-16 21:30:34.304   971-991   SmartSideb...PanelUtils com.coloros.smartsidebar:ui          D  (main)getTopAppInfo() result: ApplicationInfo{26458cd com.max.aiassistant}
2026-04-16 21:30:34.304   971-991   SmartSideb...PanelUtils com.coloros.smartsidebar:ui          D  (main)getTopPkg() pkg: com.*****.aiassistant
2026-04-16 21:30:34.304  4772-5626  ContentService          system_server                        W  Observer is already registered. Pid is 971
2026-04-16 21:30:34.304   971-991   SmartSideb...tPanelView com.coloros.smartsidebar:ui          D  (main)Registered app status observer for: com.max.aiassistant
2026-04-16 21:30:34.304   971-991   SmartSideb...tusManager com.coloros.smartsidebar:ui          D  (main)isAppEnabled: com.max.aiassistant = true
2026-04-16 21:30:34.319  2885-6495  sensors-hal             and...ware.sensors-service.multihal  I  handle_sns_client_event:274, accel_sample: 0: ts=831278152907736 ns; value = [0.399440, 4.127778, 9.148223], status=3
2026-04-16 21:30:34.367  4772-5803  CwbClient               system_server                        D  LECENT_AI::CwbClient::RGB||15||24||38, timestamp=831279438035424
2026-04-16 21:30:34.442  4772-5803  CwbClient               system_server                        D  LECENT_AI::CwbClient::RGB||15||24||38, timestamp=831279513044747
2026-04-16 21:30:34.472  2885-5741  sensors-hal             and...ware.sensors-service.multihal  I  handle_oplus_wise_rgb_event:191, wise_rgb: (r, g, b, c)[4623.29, 2269.59, 949.85, 6848.28],(r2,g2,b2,c2)[[0.00, 0.00, 0.00, 0.00], algo:2.0, flag :0
2026-04-16 21:30:34.472  4772-5773  AI_FusionLightNextGen   system_server                        D  LECENT_AI::RunArith AVG_RGB:/50/57/68
2026-04-16 21:30:34.472  4772-5773  AI_FusionLightNextGen   system_server                        D  LECENT_AI::RunArith RGB:/15/24/38
2026-04-16 21:30:34.476  4772-5773  FusionLightNextGen      system_server                        D  calculate_silibals_compensation_value: comped_ir_ratio =  0.050639 comped_lux = 35.08153
2026-04-16 21:30:34.476  4772-5773  FusionLightNextGen      system_server                        D  LECENT_AI::raw_lux -1.0, raw_cct -1.0, r/g/b/c: 4623.3/2269.6/949.9/6848.3, compensate r/g/b/c: 3432.51/1441.03/632.38/4999.57 bri 547.0, lux: 35.081529, cct: -1.0, comped_lux:35.082 comped_cct:-1 ir: 0.050639, cnt: 0
2026-04-16 21:30:34.476  4772-5773  CwbClient               system_server                        I  setCWBDisplayType set mFeatureID = CWB_RGB_VALUE
2026-04-16 21:30:34.517  4772-5803  CwbClient               system_server                        D  LECENT_AI::CwbClient::RGB||15||24||38, timestamp=831279588078601
2026-04-16 21:30:34.592  4772-5803  CwbClient               system_server                        D  LECENT_AI::CwbClient::RGB||15||24||38, timestamp=831279663374903
2026-04-16 21:30:34.605   971-991   SmartSideb...ValueProxy com.coloros.smartsidebar:ui          D  (main)getOverlayShowVideoAssistant edge_panel_video_assistant =-1
2026-04-16 21:30:34.605  4772-5626  FlexibleTaskController  system_server                        D  check task which not have enough child, isInSingleWhiteList:false isCloneTask:false
2026-04-16 21:30:34.606   971-971   VideoAssistantUtils     com.coloros.smartsidebar:ui          D  isInSplitScreenMode  === :false
2026-04-16 21:30:34.606  4772-5626  FlexibleTaskController  system_server                        D  check task which not have enough child, isInSingleWhiteList:false isCloneTask:false
2026-04-16 21:30:34.607   971-991   SmartSideb...PanelUtils com.coloros.smartsidebar:ui          D  (main)getTopAppInfo() result: ApplicationInfo{3567582 com.max.aiassistant}
2026-04-16 21:30:34.607   971-991   SmartSideb...PanelUtils com.coloros.smartsidebar:ui          D  (main)getTopPkg() pkg: com.*****.aiassistant
2026-04-16 21:30:34.607  4772-5626  ContentService          system_server                        W  Observer is already registered. Pid is 971
2026-04-16 21:30:34.608   971-991   SmartSideb...tPanelView com.coloros.smartsidebar:ui          D  (main)Registered app status observer for: com.max.aiassistant
2026-04-16 21:30:34.608   971-991   SmartSideb...tusManager com.coloros.smartsidebar:ui          D  (main)isAppEnabled: com.max.aiassistant = true
2026-04-16 21:30:34.619  6930-9360  CommonApp-197-10518     com.oplus.subsys                     D  transport layer data is invalid
2026-04-16 21:30:34.619  6930-9360  ScorePolicy             com.oplus.subsys                     D  handleScoreChanged: []
2026-04-16 21:30:34.619  6930-9360  ScorePolicy             com.oplus.subsys                     D  handleScoreChanged: []
2026-04-16 21:30:34.619  6930-9360  ScorePolicy             com.oplus.subsys                     D  handleScoreChanged: []
2026-04-16 21:30:34.667  4772-5803  CwbClient               system_server                        D  LECENT_AI::CwbClient::RGB||15||24||38, timestamp=831279737946883
2026-04-16 21:30:34.679  2885-5741  sensors-hal             and...ware.sensors-service.multihal  I  handle_oplus_wise_rgb_event:191, wise_rgb: (r, g, b, c)[4623.29, 2269.59, 949.85, 6848.28],(r2,g2,b2,c2)[[0.00, 0.00, 0.00, 0.00], algo:2.0, flag :0
2026-04-16 21:30:34.742  4772-5803  CwbClient               system_server                        D  LECENT_AI::CwbClient::RGB||15||24||38, timestamp=831279813097091
2026-04-16 21:30:34.816  4772-5803  CwbClient               system_server                        D  LECENT_AI::CwbClient::RGB||15||24||38, timestamp=831279887640789
2026-04-16 21:30:34.887  2885-5741  sensors-hal             and...ware.sensors-service.multihal  I  handle_oplus_wise_rgb_event:191, wise_rgb: (r, g, b, c)[4676.74, 2297.61, 979.54, 6902.85],(r2,g2,b2,c2)[[0.00, 0.00, 0.00, 0.00], algo:2.0, flag :0
2026-04-16 21:30:34.888  4772-5773  AI_FusionLightNextGen   system_server                        D  LECENT_AI::RunArith AVG_RGB:/50/57/68
2026-04-16 21:30:34.888  4772-5773  AI_FusionLightNextGen   system_server                        D  LECENT_AI::RunArith RGB:/15/24/38
2026-04-16 21:30:34.892  4772-5773  FusionLightNextGen      system_server                        D  calculate_silibals_compensation_value: comped_ir_ratio =  0.055738 comped_lux = 35.64183
2026-04-16 21:30:34.892  4772-5773  FusionLightNextGen      system_server                        D  LECENT_AI::raw_lux -1.0, raw_cct -1.0, r/g/b/c: 4676.7/2297.6/979.5/6902.9, compensate r/g/b/c: 3485.51/1469.03/662.38/5053.57 bri 547.0, lux: 35.641835, cct: -1.0, comped_lux:35.642 comped_cct:-1 ir: 0.055738, cnt: 0
2026-04-16 21:30:34.892  4772-5773  CwbClient               system_server                        I  setCWBDisplayType set mFeatureID = CWB_RGB_VALUE
2026-04-16 21:30:34.892  4772-5803  CwbClient               system_server                        D  LECENT_AI::CwbClient::RGB||15||24||38, timestamp=831279962786205
2026-04-16 21:30:34.909   971-991   SmartSideb...ValueProxy com.coloros.smartsidebar:ui          D  (main)getOverlayShowVideoAssistant edge_panel_video_assistant =-1
2026-04-16 21:30:34.909  4772-5626  FlexibleTaskController  system_server                        D  check task which not have enough child, isInSingleWhiteList:false isCloneTask:false
2026-04-16 21:30:34.911   971-971   VideoAssistantUtils     com.coloros.smartsidebar:ui          D  isInSplitScreenMode  === :false
2026-04-16 21:30:34.911  4772-5626  FlexibleTaskController  system_server                        D  check task which not have enough child, isInSingleWhiteList:false isCloneTask:false
2026-04-16 21:30:34.912   971-991   SmartSideb...PanelUtils com.coloros.smartsidebar:ui          D  (main)getTopAppInfo() result: ApplicationInfo{829d493 com.max.aiassistant}
2026-04-16 21:30:34.912   971-991   SmartSideb...PanelUtils com.coloros.smartsidebar:ui          D  (main)getTopPkg() pkg: com.*****.aiassistant
2026-04-16 21:30:34.912  4772-5626  ContentService          system_server                        W  Observer is already registered. Pid is 971
2026-04-16 21:30:34.912   971-991   SmartSideb...tPanelView com.coloros.smartsidebar:ui          D  (main)Registered app status observer for: com.max.aiassistant
2026-04-16 21:30:34.912   971-991   SmartSideb...tusManager com.coloros.smartsidebar:ui          D  (main)isAppEnabled: com.max.aiassistant = true
2026-04-16 21:30:34.963  2992-3084  BatteryChargeControl    ven....hardware.charger-V10-service  D  bcc get no support from charging protocol
2026-04-16 21:30:34.966  4772-5803  CwbClient               system_server                        D  LECENT_AI::CwbClient::RGB||15||24||38, timestamp=831280037588810
2026-04-16 21:30:35.042  4772-5803  CwbClient               system_server                        D  LECENT_AI::CwbClient::RGB||15||24||38, timestamp=831280112846778
2026-04-16 21:30:35.094  2885-5741  sensors-hal             and...ware.sensors-service.multihal  I  handle_oplus_wise_rgb_event:191, wise_rgb: (r, g, b, c)[4703.47, 2325.63, 979.54, 6957.42],(r2,g2,b2,c2)[[0.00, 0.00, 0.00, 0.00], algo:2.0, flag :0
2026-04-16 21:30:35.116  4772-5803  CwbClient               system_server                        D  LECENT_AI::CwbClient::RGB||15||24||38, timestamp=831280187623132
2026-04-16 21:30:35.159  2992-3077  vendor.opl...10-service ven....hardware.charger-V10-service  D  ret_value:127, read content:,293,293,4191,4190,-53,75,77,1,1,0,494,5075,77,1,4530,300,500,0,0,11000,0,0,1,0,2,0,0,0,1,6882,97,11930,4824,6446,0,0,0,0,0,71
2026-04-16 21:30:35.159  2992-3077  vendor.opl...10-service ven....hardware.charger-V10-service  D  gmtime: 2026-04-16-21-30-35
2026-04-16 21:30:35.159  2992-3077  vendor.opl...10-service ven....hardware.charger-V10-service  D  usb_online:1, ac_online:-2147483648, wireless_online:0
2026-04-16 21:30:35.173  2888-12638 WifiHAL                 android.hardware.wifi-service        I  event received NL80211_CMD_VENDOR, vendor_id = 0x1374, subcmd = 0xb6
2026-04-16 21:30:35.173  3850-3850  cnss-daemon             cnss-daemon                          I  nl80211 response handler invoked
2026-04-16 21:30:35.173  3850-3850  cnss-daemon             cnss-daemon                          I  nl80211_response_handler: cmd 103, vendorID 4980, subcmd 182  received
2026-04-16 21:30:35.179  4772-6187  OplusWifiP...akeupStats system_server                        D  IPV4_UDP_Packet wake up count 2
2026-04-16 21:30:35.191  4772-5803  CwbClient               system_server                        D  LECENT_AI::CwbClient::RGB||15||24||38, timestamp=831280262466882
2026-04-16 21:30:35.213   971-991   SmartSideb...ValueProxy com.coloros.smartsidebar:ui          D  (main)getOverlayShowVideoAssistant edge_panel_video_assistant =-1
2026-04-16 21:30:35.214  4772-5626  FlexibleTaskController  system_server                        D  check task which not have enough child, isInSingleWhiteList:false isCloneTask:false
2026-04-16 21:30:35.214   971-971   VideoAssistantUtils     com.coloros.smartsidebar:ui          D  isInSplitScreenMode  === :false
2026-04-16 21:30:35.215  4772-5626  FlexibleTaskController  system_server                        D  check task which not have enough child, isInSingleWhiteList:false isCloneTask:false
2026-04-16 21:30:35.216   971-991   SmartSideb...PanelUtils com.coloros.smartsidebar:ui          D  (main)getTopAppInfo() result: ApplicationInfo{5467cd0 com.max.aiassistant}
2026-04-16 21:30:35.216   971-991   SmartSideb...PanelUtils com.coloros.smartsidebar:ui          D  (main)getTopPkg() pkg: com.*****.aiassistant
2026-04-16 21:30:35.216  4772-5626  ContentService          system_server                        W  Observer is already registered. Pid is 971
2026-04-16 21:30:35.216   971-991   SmartSideb...tPanelView com.coloros.smartsidebar:ui          D  (main)Registered app status observer for: com.max.aiassistant
2026-04-16 21:30:35.216   971-991   SmartSideb...tusManager com.coloros.smartsidebar:ui          D  (main)isAppEnabled: com.max.aiassistant = true
2026-04-16 21:30:35.266  4772-5803  CwbClient               system_server                        D  LECENT_AI::CwbClient::RGB||15||24||38, timestamp=831280337542143
2026-04-16 21:30:35.300  3850-3850  cnss-daemon             cnss-daemon                          I  nl80211 response handler invoked
2026-04-16 21:30:35.300  3850-3850  cnss-daemon             cnss-daemon                          I  nl80211_response_handler: cmd 103, vendorID 4980, subcmd 13  received
2026-04-16 21:30:35.300  2888-12638 WifiHAL                 android.hardware.wifi-service        I  event received NL80211_CMD_VENDOR, vendor_id = 0x1374, subcmd = 0xd
2026-04-16 21:30:35.302  2885-5741  sensors-hal             and...ware.sensors-service.multihal  I  handle_oplus_wise_rgb_event:191, wise_rgb: (r, g, b, c)[4730.19, 2325.63, 979.54, 6957.42],(r2,g2,b2,c2)[[0.00, 0.00, 0.00, 0.00], algo:2.0, flag :0
2026-04-16 21:30:35.302  4772-5773  AI_FusionLightNextGen   system_server                        D  LECENT_AI::RunArith AVG_RGB:/50/57/68
2026-04-16 21:30:35.302  4772-5773  AI_FusionLightNextGen   system_server                        D  LECENT_AI::RunArith RGB:/15/24/38
2026-04-16 21:30:35.305  4772-5773  FusionLightNextGen      system_server                        D  calculate_silibals_compensation_value: comped_ir_ratio =  0.057780 comped_lux = 35.71198
2026-04-16 21:30:35.305  4772-5773  FusionLightNextGen      system_server                        D  LECENT_AI::raw_lux -1.0, raw_cct -1.0, r/g/b/c: 4730.2/2325.6/979.5/6957.4, compensate r/g/b/c: 3539.51/1497.03/662.38/5108.57 bri 547.0, lux: 35.711984, cct: -1.0, comped_lux:35.712 comped_cct:-1 ir: 0.057780, cnt: 0
2026-04-16 21:30:35.305  4772-5773  CwbClient               system_server                        I  setCWBDisplayType set mFeatureID = CWB_RGB_VALUE
2026-04-16 21:30:35.324 11510-12146 msys                    com.instagram.android                E  E[N mns:DGWClient]_OnDiskCacheGetData(1102)=>Start post callback cache refresh DNS resolution
2026-04-16 21:30:35.329  6763-7494  DnsDomainBlock          com.oplus.nas                        D  onDnsEvent: latencyMs=0, returnCode=4, uid=10356
2026-04-16 21:30:35.333 11510-12146 msys                    com.instagram.android                E  E[N mns:DGWClient]_LogError(285)=>Failed to resolve using system DNS resolver, getaddrinfo(): No address associated with hostname
2026-04-16 21:30:35.333 11510-12146 msys                    com.instagram.android                E  E[N mns:DGWClient]_OnDiskCacheGetData(1102)=>Start post callback cache refresh DNS resolution
2026-04-16 21:30:35.335 11510-12146 msys                    com.instagram.android                E  E[N mns:DGWClient]_LogError(285)=>Failed to resolve using system DNS resolver, getaddrinfo(): No address associated with hostname
2026-04-16 21:30:35.341  4772-5803  CwbClient               system_server                        D  LECENT_AI::CwbClient::RGB||15||24||38, timestamp=831280412083028
2026-04-16 21:30:35.386  4037-4037  OplusTouchDaemon        touchDaemon                          I  ts_run_service: shellback temperature updated 30 (30768)
2026-04-16 21:30:35.416  4772-5803  CwbClient               system_server                        D  LECENT_AI::CwbClient::RGB||15||24||38, timestamp=831280487128861
2026-04-16 21:30:35.491  4772-5803  CwbClient               system_server                        D  LECENT_AI::CwbClient::RGB||15||24||38, timestamp=831280562045580
2026-04-16 21:30:35.509  2885-5741  sensors-hal             and...ware.sensors-service.multihal  I  handle_oplus_wise_rgb_event:191, wise_rgb: (r, g, b, c)[4730.19, 2325.63, 979.54, 6984.70],(r2,g2,b2,c2)[[0.00, 0.00, 0.00, 0.00], algo:2.0, flag :0
2026-04-16 21:30:35.517   971-991   SmartSideb...ValueProxy com.coloros.smartsidebar:ui          D  (main)getOverlayShowVideoAssistant edge_panel_video_assistant =-1
2026-04-16 21:30:35.518  4772-5626  FlexibleTaskController  system_server                        D  check task which not have enough child, isInSingleWhiteList:false isCloneTask:false
2026-04-16 21:30:35.519   971-971   VideoAssistantUtils     com.coloros.smartsidebar:ui          D  isInSplitScreenMode  === :false
2026-04-16 21:30:35.519  4772-5626  FlexibleTaskController  system_server                        D  check task which not have enough child, isInSingleWhiteList:false isCloneTask:false
2026-04-16 21:30:35.520   971-991   SmartSideb...PanelUtils com.coloros.smartsidebar:ui          D  (main)getTopAppInfo() result: ApplicationInfo{1eab4c9 com.max.aiassistant}
2026-04-16 21:30:35.520   971-991   SmartSideb...PanelUtils com.coloros.smartsidebar:ui          D  (main)getTopPkg() pkg: com.*****.aiassistant
2026-04-16 21:30:35.521  4772-5626  ContentService          system_server                        W  Observer is already registered. Pid is 971
2026-04-16 21:30:35.521   971-991   SmartSideb...tPanelView com.coloros.smartsidebar:ui          D  (main)Registered app status observer for: com.max.aiassistant
2026-04-16 21:30:35.521   971-991   SmartSideb...tusManager com.coloros.smartsidebar:ui          D  (main)isAppEnabled: com.max.aiassistant = true
2026-04-16 21:30:35.559  2912-3098  PERFHAL-PERFCTRL        ven...ti.hardware.perf2-hal-service  E  PERFHAL-PERFCTRL: chk_core_online_poll_loop() 747: poll() has timed out for /sys/kernel/msm_performance/events/cpu_hotplug
2026-04-16 21:30:35.560  2912-3098  PERFHAL-PERFCTRL        ven...ti.hardware.perf2-hal-service  E  PERFHAL-PERFCTRL: chk_core_online_poll_loop() 742: Block on poll()
2026-04-16 21:30:35.566  4772-5803  CwbClient               system_server                        D  LECENT_AI::CwbClient::RGB||15||24||38, timestamp=831280636843341
2026-04-16 21:30:35.641  4772-5803  CwbClient               system_server                        D  LECENT_AI::CwbClient::RGB||15||24||38, timestamp=831280712327872
2026-04-16 21:30:35.643  6930-9360  CommonApp-197-10518     com.oplus.subsys                     D  transport layer data is invalid
2026-04-16 21:30:35.643  6930-9360  ScorePolicy             com.oplus.subsys                     D  handleScoreChanged: []
2026-04-16 21:30:35.643  6930-9360  ScorePolicy             com.oplus.subsys                     D  handleScoreChanged: []
2026-04-16 21:30:35.643  6930-9360  ScorePolicy             com.oplus.subsys                     D  handleScoreChanged: []
2026-04-16 21:30:35.715  4772-5803  CwbClient               system_server                        D  LECENT_AI::CwbClient::RGB||15||24||38, timestamp=831280786596986
2026-04-16 21:30:35.716  2885-5741  sensors-hal             and...ware.sensors-service.multihal  I  handle_oplus_wise_rgb_event:191, wise_rgb: (r, g, b, c)[4756.92, 2325.63, 979.54, 6984.70],(r2,g2,b2,c2)[[0.00, 0.00, 0.00, 0.00], algo:2.0, flag :0
2026-04-16 21:30:35.717  4772-5773  AI_FusionLightNextGen   system_server                        D  LECENT_AI::RunArith AVG_RGB:/50/57/68
2026-04-16 21:30:35.717  4772-5773  AI_FusionLightNextGen   system_server                        D  LECENT_AI::RunArith RGB:/15/24/38
2026-04-16 21:30:35.721  4772-5773  FusionLightNextGen      system_server                        D  calculate_silibals_compensation_value: comped_ir_ratio =  0.057379 comped_lux = 35.87888
2026-04-16 21:30:35.721  4772-5773  FusionLightNextGen      system_server                        D  LECENT_AI::raw_lux -1.0, raw_cct -1.0, r/g/b/c: 4756.9/2325.6/979.5/6984.7, compensate r/g/b/c: 3565.51/1497.03/662.38/5135.57 bri 547.0, lux: 35.878882, cct: -1.0, comped_lux:35.879 comped_cct:-1 ir: 0.057379, cnt: 0
2026-04-16 21:30:35.721  4772-5773  CwbClient               system_server                        I  setCWBDisplayType set mFeatureID = CWB_RGB_VALUE
2026-04-16 21:30:35.726  6930-7488  CoexRfService           com.oplus.subsys                     D  report RRC state:true
2026-04-16 21:30:35.790  4772-5803  CwbClient               system_server                        D  LECENT_AI::CwbClient::RGB||15||24||38, timestamp=831280861528132
2026-04-16 21:30:35.821   971-991   SmartSideb...ValueProxy com.coloros.smartsidebar:ui          D  (main)getOverlayShowVideoAssistant edge_panel_video_assistant =-1
2026-04-16 21:30:35.822  4772-5626  FlexibleTaskController  system_server                        D  check task which not have enough child, isInSingleWhiteList:false isCloneTask:false
2026-04-16 21:30:35.823   971-971   VideoAssistantUtils     com.coloros.smartsidebar:ui          D  isInSplitScreenMode  === :false
2026-04-16 21:30:35.823  4772-5626  FlexibleTaskController  system_server                        D  check task which not have enough child, isInSingleWhiteList:false isCloneTask:false
2026-04-16 21:30:35.823   971-991   SmartSideb...PanelUtils com.coloros.smartsidebar:ui          D  (main)getTopAppInfo() result: ApplicationInfo{7a67ce com.max.aiassistant}
2026-04-16 21:30:35.823   971-991   SmartSideb...PanelUtils com.coloros.smartsidebar:ui          D  (main)getTopPkg() pkg: com.*****.aiassistant
2026-04-16 21:30:35.824  4772-5626  ContentService          system_server                        W  Observer is already registered. Pid is 971
2026-04-16 21:30:35.825   971-991   SmartSideb...tPanelView com.coloros.smartsidebar:ui          D  (main)Registered app status observer for: com.max.aiassistant
2026-04-16 21:30:35.825   971-991   SmartSideb...tusManager com.coloros.smartsidebar:ui          D  (main)isAppEnabled: com.max.aiassistant = true
2026-04-16 21:30:35.850  4772-5780  AlarmManager            system_server                        V  sending alarm Alarm{62972a1 type 1 origWhen 1776367835850 whenElapsed 831280921 android} uid 1000 whenElapsed 831280921 windowLength 0 maxWhenElapsed 831280921 repeatInterval 0 action null component null tag StorgaeBandInfoAlarmTag flags 0x9 procName system_server
2026-04-16 21:30:35.851  4772-6255  OplusStora...SBandwidth system_server                        E  storage_io_metrics_path is /proc/oplus_storage/io_metrics/forever/
2026-04-16 21:30:35.853  4772-6255  OplusStora...SBandwidth system_server                        E  Bandwidth - Read: 1,00 MB/s, Write: 0,50 MB/s
2026-04-16 21:30:35.854  4772-6255  OplusStora...SBandwidth system_server                        E  Task time: 3ms
2026-04-16 21:30:35.854  4772-6255  OplusStora...SBandwidth system_server                        E  Alarm set to trigger in 10 seconds
2026-04-16 21:30:35.865  4772-5803  CwbClient               system_server                        D  LECENT_AI::CwbClient::RGB||15||24||38, timestamp=831280936637663
2026-04-16 21:30:35.924  2885-5741  sensors-hal             and...ware.sensors-service.multihal  I  handle_oplus_wise_rgb_event:191, wise_rgb: (r, g, b, c)[4730.19, 2325.63, 979.54, 6984.70],(r2,g2,b2,c2)[[0.00, 0.00, 0.00, 0.00], algo:2.0, flag :0
2026-04-16 21:30:35.940  4772-5803  CwbClient               system_server                        D  LECENT_AI::CwbClient::RGB||15||24||38, timestamp=831281011492559
2026-04-16 21:30:35.964  2992-3084  BatteryChargeControl    ven....hardware.charger-V10-service  D  bcc get no support from charging protocol
2026-04-16 21:30:36.015  4772-5803  CwbClient               system_server                        D  LECENT_AI::CwbClient::RGB||15||24||38, timestamp=831281086394747
2026-04-16 21:30:36.090  4772-5803  CwbClient               system_server                        D  LECENT_AI::CwbClient::RGB||15||24||38, timestamp=831281161541465
2026-04-16 21:30:36.126   971-991   SmartSideb...ValueProxy com.coloros.smartsidebar:ui          D  (main)getOverlayShowVideoAssistant edge_panel_video_assistant =-1
2026-04-16 21:30:36.126  4772-5626  FlexibleTaskController  system_server                        D  check task which not have enough child, isInSingleWhiteList:false isCloneTask:false
2026-04-16 21:30:36.127   971-971   VideoAssistantUtils     com.coloros.smartsidebar:ui          D  isInSplitScreenMode  === :false
2026-04-16 21:30:36.127  4772-5626  FlexibleTaskController  system_server                        D  check task which not have enough child, isInSingleWhiteList:false isCloneTask:false
2026-04-16 21:30:36.128   971-991   SmartSideb...PanelUtils com.coloros.smartsidebar:ui          D  (main)getTopAppInfo() result: ApplicationInfo{71326ef com.max.aiassistant}
2026-04-16 21:30:36.128   971-991   SmartSideb...PanelUtils com.coloros.smartsidebar:ui          D  (main)getTopPkg() pkg: com.*****.aiassistant
2026-04-16 21:30:36.128  4772-5626  ContentService          system_server                        W  Observer is already registered. Pid is 971
2026-04-16 21:30:36.129   971-991   SmartSideb...tPanelView com.coloros.smartsidebar:ui          D  (main)Registered app status observer for: com.max.aiassistant
2026-04-16 21:30:36.129   971-991   SmartSideb...tusManager com.coloros.smartsidebar:ui          D  (main)isAppEnabled: com.max.aiassistant = true
2026-04-16 21:30:36.131  2885-5741  sensors-hal             and...ware.sensors-service.multihal  I  handle_oplus_wise_rgb_event:191, wise_rgb: (r, g, b, c)[4730.19, 2325.63, 979.54, 6984.70],(r2,g2,b2,c2)[[0.00, 0.00, 0.00, 0.00], algo:2.0, flag :0
2026-04-16 21:30:36.131  2885-5741  sensors-hal             and...ware.sensors-service.multihal  I  handle_oplus_wise_rgb_event:217, high_pwm_light:lux 48.3,cct 2699.6,brl/algo/ir 547.0/2.0/75.2,pwm/dc 0.0/0.0,rgbc 4730.190918/2325.632568/979.536926/6984.702637,ts 831281197602476,cnt 39928,flag 0
2026-04-16 21:30:36.131  4772-5773  AI_FusionLightNextGen   system_server                        D  LECENT_AI::RunArith AVG_RGB:/50/57/68
2026-04-16 21:30:36.131  4772-5773  AI_FusionLightNextGen   system_server                        D  LECENT_AI::RunArith RGB:/15/24/38
2026-04-16 21:30:36.135  4772-5773  FusionLightNextGen      system_server                        D  calculate_silibals_compensation_value: comped_ir_ratio =  0.054848 comped_lux = 36.01666
2026-04-16 21:30:36.136  4772-5773  FusionLightNextGen      system_server                        D  LECENT_AI::raw_lux -1.0, raw_cct -1.0, r/g/b/c: 4730.2/2325.6/979.5/6984.7, compensate r/g/b/c: 3539.51/1497.03/662.38/5135.57 bri 547.0, lux: 36.016660, cct: -1.0, comped_lux:36.017 comped_cct:-1 ir: 0.054848, cnt: 0
2026-04-16 21:30:36.136  4772-5773  CwbClient               system_server                        I  setCWBDisplayType set mFeatureID = CWB_RGB_VALUE
2026-04-16 21:30:36.165  4772-5803  CwbClient               system_server                        D  LECENT_AI::CwbClient::RGB||15||24||38, timestamp=831281235883757
