2026-04-11 19:09:57.058 10807-10807 Keyboard                com...gle.android.inputmethod.latin  W  Keyboard.getKeyboardViewHelper():607 null helper is returned: keyboardDef=nyt{processedConditions={enable_dynamic_diacritic_key=false, show_comma_key=true, enable_more_candidates_view_for_multilingual=false, layout_9key_split=false, enable_secondary_symbols=false, pref_enable_flick_symbols=false, enable_scrub_move=true, language=fr-FR, deprecate_long_press_space_for_ime_picker=false, expressions=normal, android_software_xr_api_spatial=false, variant=azerty, free_cursor=false, show_period_key=true, device=phone, keyboard_mode=normal, show_secondary_digits=true, enable_pk_simulator=false, enable_preemptive_decode=true}, globalConditions={global_theme_key=theme,!gsf,!pgsans,!pgsf,!use_system_font,BORDER,FLAVOR_DPI=XXXHDPI,KEYBOARD_WIDTH_CATEGORY=NORMAL,KEY_BORDER_SHAPE=1,LIGHT_THEME=false,PHYSICAL_DIAGONAL=5.165753,POPUP,SCREEN_SHORTEST_WIDTH=360,SCREEN_SHORTEST_WIDTH_NO_SCALE=360,XXXHDPI,bottom4dp,enable_popup_on_keypress=true,keyboard_redesign_google_sans=true,non_linear_scale,noshadow,overlay_builtin_dynamic_color_dark_base.binarypb:gm3-dark-ff0f131c-ffaec6ff-52946fe90fbc83349ef01af751f4f0ca,silkpopup, global_locale=fr_FR, global_density_dpi=480, global_orientation=1}, className=.latin.keyboard.LatinPrimeKeyboard, resourceIds=[#0x7f17060a, #0x7f1707d1], initialStates=0, keyboardViewDefs=[nzi{direction=null, id=#0x7f0b0226, isScalable=true, layoutId=#0x7f0e029b, type=BODY, touchable=true, defaultShow=true}, nzi{direction=null, id=#0x7f0b0226, isScalable=false, layoutId=#0x7f0e0210, type=FLOATING_CANDIDATES, touchable=false, defaultShow=false}, nzi{direction=LOCALE, id=#0x7f0b0226, isScalable=false, layoutId=#0x7f0e0518, type=HEADER, touchable=true, defaultShow=true}], persistentStates=0, persistentStatesPrefKey=null, popupBubbleLayoutId=#0x7f0e0609, recentKeyLayoutId=#0x0, recentKeyPopupLayoutId=#0x0, recentKeyType=null, rememberRecentKey=NONE, sessionStates=17592186044419}, type=WIDGET, helpersCreated={HEADER=njq@797f874, BODY=njq@720519d, FLOATING_CANDIDATES=njq@e0ec612}, context.getResources().getConfiguration(): {1.0 ??mcc??mnc [fr_FR] ldltr sw360dp w360dp h784dp 480dpi nrml long hdr widecg port night finger -keyb/v/h -nav/h winConfig={ mBounds=Rect(0, 0 - 1080, 2352) mAppBounds=Rect(0, 103 - 1080, 2220) mMaxBounds=Rect(0, 0 - 1080, 2352) mDisplayRotation=ROTATION_0 mWindowingMode=fullscreen mActivityType=undefined mAlwaysOnTop=undefined mRotation=ROTATION_0} s.17 fontWeightAdjustment=0mThemeChanged= 0, mThemeChangedFlags= 0, mFlipFont= 0, mScenario= 0, mAccessibleChanged= -1, mUxIconConfig= 1e177015180021, mMaterialColor= 0, mUserId= 0, mFontUserId= 0, mFontVariationSettings= 1226, mFoldingAngle = -1.0, mIconPackName= , mDarkModeBackgroundMaxL= 0.0, mDarkModeDialogBgMaxL= 27.0, mDarkModeForegroundMinL= 100.0, mOplusConfigType= 1, mOplusChangedConfigs= 0, OpSans= -1, mBurmeseFontFlag= 2, mFlag= 0, mExtraFlag= 0, mFlexibleActivitySuitable= -1, mPuttDisplayFlag= -1}
2026-04-11 19:09:57.059 10807-10807 BaseKeyboardSizeHelper  com...gle.android.inputmethod.latin  I  BaseKeyboardSizeHelper.calculateMaxKeyboardBodyHeight():73 leave 291 height for app when ime window height:2100, header height:132 and isFullscreenMode:false, so the max keyboard body height is:1677
2026-04-11 19:09:57.063 10807-10807 AndroidIME              com...gle.android.inputmethod.latin  I  InputBundleManager.startInput():361 startInput() with nze[keyboardType=prime, payload=null]
2026-04-11 19:09:57.063 10807-10807 GlobeKeyExtension       com...gle.android.inputmethod.latin  I  GlobeKeyExtension.onDeactivate():153 
2026-04-11 19:09:57.063 10807-10807 JarvisExtension         com...gle.android.inputmethod.latin  I  JarvisExtension.onDeactivate():1064 onDeactivate
2026-04-11 19:09:57.063 10807-10807 JarvisTriggersManager   com...gle.android.inputmethod.latin  I  JarvisTriggersManager.onDeactivate():765 onDeactivate
2026-04-11 19:09:57.064 10807-10807 VoiceInput...gerWrapper com...gle.android.inputmethod.latin  I  VoiceInputManagerWrapper.shutdown():131 shutdown()
2026-04-11 19:09:57.064 10807-10807 PkModeUpdater           com...gle.android.inputmethod.latin  I  PkModeUpdater.onActivate():76 onActivate false true
2026-04-11 19:09:57.064 10807-10807 AccessoryI...odeManager com...gle.android.inputmethod.latin  I  AccessoryInputModeManager.onModeStarted():346 Accessory input mode started: null
2026-04-11 19:09:57.064 10807-10807 Supplement...rdsWrapper com...gle.android.inputmethod.latin  W  SupplementaryKeyboardsWrapper.deactivateKeyboard():162 keyboard accessory_candidates_consumer is not activated before!
2026-04-11 19:09:57.065 10807-10807 GlobeKeyExtension       com...gle.android.inputmethod.latin  I  GlobeKeyExtension.onActivate():129 
2026-04-11 19:09:57.065 10807-10807 JarvisAcce...ModeHelper com...gle.android.inputmethod.latin  I  JarvisAccessPointCooperativeModeHelper.onActivate():158 onActivate
2026-04-11 19:09:57.065 10807-10807 JarvisTriggersManager   com...gle.android.inputmethod.latin  I  JarvisTriggersManager.onActivate():223 onActivate
2026-04-11 19:09:57.065 10807-10807 JarvisHelper            com...gle.android.inputmethod.latin  I  JarvisHelper.activateAutoFixItChipForEditor():126 Auto fix it is allowed in app
2026-04-11 19:09:57.065 10807-10807 JarvisExtension         com...gle.android.inputmethod.latin  I  JarvisExtension.onActivate():339 onActivate
2026-04-11 19:09:57.065 10807-8298  KeyboardGroupDefParser  com...gle.android.inputmethod.latin  I  KeyboardGroupDefParser.parseKeyboardGroupDef():86 parseKeyboardGroupDef() 2132214002 -> 0_resource_name_obfuscated : WaitTime = 0 ms : RunTime = 0 ms
2026-04-11 19:09:57.065 10807-10807 KeyboardModeUtils       com...gle.android.inputmethod.latin  I  KeyboardModeUtils.getKeyboardBottomOffset():432 inch: 0.000000 ydpi: 380.514648 adjustKeyboardBottomByDisplaySize: false currentDensityDpi: 480 defaultDensityDpi: 480 keyboardBottomToScreenPx: 0 keyboardBottomToNavBarPx: -132 navBarHeight: 132
2026-04-11 19:09:57.065 10807-10807 BaseKeyboardSizeHelper  com...gle.android.inputmethod.latin  I  BaseKeyboardSizeHelper.calculateMaxKeyboardBodyHeight():73 leave 291 height for app when ime window height:2100, header height:132 and isFullscreenMode:false, so the max keyboard body height is:1677
2026-04-11 19:09:57.065 10807-10807 BaseKeyboardSizeHelper  com...gle.android.inputmethod.latin  I  BaseKeyboardSizeHelper.calculateMaxKeyboardBodyHeight():73 leave 291 height for app when ime window height:2100, header height:132 and isFullscreenMode:false, so the max keyboard body height is:1677
2026-04-11 19:09:57.065 10807-10807 BaseKeyboardSizeHelper  com...gle.android.inputmethod.latin  I  BaseKeyboardSizeHelper.calculateMaxKeyboardBodyHeight():73 leave 291 height for app when ime window height:2100, header height:132 and isFullscreenMode:false, so the max keyboard body height is:1677
2026-04-11 19:09:57.065 10807-10807 BaseKeyboardSizeHelper  com...gle.android.inputmethod.latin  I  BaseKeyboardSizeHelper.calculateMaxKeyboardBodyHeight():73 leave 291 height for app when ime window height:2100, header height:132 and isFullscreenMode:false, so the max keyboard body height is:1677
2026-04-11 19:09:57.065 10807-10807 ExtensionWrapper        com...gle.android.inputmethod.latin  W  ExtensionWrapper.setExtensionViewVisibility():878 interface nni is not activate
2026-04-11 19:09:57.066 10807-10807 VoiceInput...gerWrapper com...gle.android.inputmethod.latin  I  VoiceInputManagerWrapper.cancelShutdown():109 cancelShutdown()
2026-04-11 19:09:57.066 10807-10807 VoiceInput...gerWrapper com...gle.android.inputmethod.latin  I  VoiceInputManagerWrapper.syncLanguagePacks():121 syncLanguagePacks()
2026-04-11 19:09:57.066 10807-10807 VoiceInputManager       com...gle.android.inputmethod.latin  I  VoiceInputManager.onKeyboardActivated():1191 onKeyboardActivated() [UD]
2026-04-11 19:09:57.066 10807-27812 SpeechFactory           com...gle.android.inputmethod.latin  I  SpeechRecognitionFactory.maybeScheduleAutoPackDownloadForFallback():217 maybeScheduleAutoPackDownloadForFallback()
2026-04-11 19:09:57.066 10807-27812 FallbackOn...onProvider com...gle.android.inputmethod.latin  I  FallbackOnDeviceRecognitionProvider.maybeScheduleAutoPackDownload():213 maybeScheduleAutoPackDownload() for language tag fr-FR
2026-04-11 19:09:57.066 10807-10807 Module                  com...gle.android.inputmethod.latin  I  DeviceLockedStatusModuleProvider$Module.updateDeviceLockedStatus():103 repeatCheckTimes = 1, locked = false
2026-04-11 19:09:57.066 10807-10807 VoiceImeExtension       com...gle.android.inputmethod.latin  I  VoiceImeExtension.shouldStartVoiceInputAutomaticallyInCurrentInputBox():384 No private IME option set to start voice input.
2026-04-11 19:09:57.067 10807-10807 StylusModule            com...gle.android.inputmethod.latin  I  StylusModule.onUpdateToolType():774 Update tool type = 1
2026-04-11 19:09:57.067  4772-4923  UserAwareMgr            system_server                        I  fg app status not changed, beforeVisible: true, currentVisible: true
2026-04-11 19:09:57.067  4772-5626  AutofillIn...estSession system_server                        V  onInputMethodShowInputRequested() received: true
2026-04-11 19:09:57.071 10807-10807 GoogleInpu...hodService com...gle.android.inputmethod.latin  I  GoogleInputMethodService$1.onKeyboardViewShown():338 onKeyboardViewShown: keyboardType=prime, keyboardViewType=HEADER keyboardView=com.google.android.libraries.inputmethod.widgets.SoftKeyboardView{861b263 V.E...... ........ 0,0-1080,132 alpha=1.0 viewInfo = }
2026-04-11 19:09:57.071 10807-10807 BaseKeyboardSizeHelper  com...gle.android.inputmethod.latin  I  BaseKeyboardSizeHelper.calculateMaxKeyboardBodyHeight():73 leave 291 height for app when ime window height:2100, header height:132 and isFullscreenMode:false, so the max keyboard body height is:1677
2026-04-11 19:09:57.071 10807-10807 GoogleInpu...hodService com...gle.android.inputmethod.latin  I  GoogleInputMethodService$1.onKeyboardViewShown():338 onKeyboardViewShown: keyboardType=prime, keyboardViewType=BODY keyboardView=com.google.android.libraries.inputmethod.widgets.SoftKeyboardView{7e05b20 V.E...... ........ 0,0-1080,633 alpha=1.0 viewInfo = }
2026-04-11 19:09:57.071 10807-10807 BaseKeyboardSizeHelper  com...gle.android.inputmethod.latin  I  BaseKeyboardSizeHelper.calculateMaxKeyboardBodyHeight():73 leave 291 height for app when ime window height:2100, header height:132 and isFullscreenMode:false, so the max keyboard body height is:1677
2026-04-11 19:09:57.071 10807-10807 GlobeKeyExtension       com...gle.android.inputmethod.latin  I  GlobeKeyExtension$1.onKeyboardViewShown():76 maybeDisableLanguageSwitchKeyPref when the keyboard is shown
2026-04-11 19:09:57.071 10807-10807 GlobeKeyExtension       com...gle.android.inputmethod.latin  I  GlobeKeyExtension.maybeDisableLanguageSwitchKeyPref():210 maybeDisableLanguageSwitchKeyPref hasGlobeKeyBeenDisabled: true, shouldDisableLanguageSwitchKey: true
2026-04-11 19:09:57.072 10807-10807 NewLanguag...tExtension com...gle.android.inputmethod.latin  I  NewLanguagePromptExtension$1.onKeyboardViewShown():98 Not show new language banner: no change in enabled input method entries
2026-04-11 19:09:57.072 10807-10807 DynamicLayoutHandler    com...gle.android.inputmethod.latin  I  DynamicLayoutHandler.loadDynamicKeys():92 This isn't a dynamic layout.
2026-04-11 19:09:57.072 10807-11551 Delight5Decoder         com...gle.android.inputmethod.latin  I  Delight5DecoderWrapper.setKeyboardLayout():552 setKeyboardLayout()
2026-04-11 19:09:57.072 10807-10807 KeyboardModeUtils       com...gle.android.inputmethod.latin  I  KeyboardModeUtils.getKeyboardBottomOffset():432 inch: 0.000000 ydpi: 380.514648 adjustKeyboardBottomByDisplaySize: false currentDensityDpi: 480 defaultDensityDpi: 480 keyboardBottomToScreenPx: 0 keyboardBottomToNavBarPx: -132 navBarHeight: 132
2026-04-11 19:09:57.072 10807-10807 BaseKeyboardSizeHelper  com...gle.android.inputmethod.latin  I  BaseKeyboardSizeHelper.calculateMaxKeyboardBodyHeight():73 leave 291 height for app when ime window height:2100, header height:132 and isFullscreenMode:false, so the max keyboard body height is:1677
2026-04-11 19:09:57.072 10807-10807 BaseKeyboardSizeHelper  com...gle.android.inputmethod.latin  I  BaseKeyboardSizeHelper.calculateMaxKeyboardBodyHeight():73 leave 291 height for app when ime window height:2100, header height:132 and isFullscreenMode:false, so the max keyboard body height is:1677
2026-04-11 19:09:57.089  4772-5803  CwbClient               system_server                        D  LECENT_AI::CwbClient::RGB||16||25||38, timestamp=390841117156183
2026-04-11 19:09:57.129  2872-14035 vendor.qti...-wake_lock and...re.bluetooth@aidl-service-qti  D  Release wakelock is released 
2026-04-11 19:09:57.161  2888-3015  WifiHAL                 android.hardware.wifi-service        I  event received NL80211_CMD_VENDOR, vendor_id = 0x1374, subcmd = 0xb6
2026-04-11 19:09:57.161  3850-3850  cnss-daemon             cnss-daemon                          I  nl80211 response handler invoked
2026-04-11 19:09:57.161  3850-3850  cnss-daemon             cnss-daemon                          I  nl80211_response_handler: cmd 103, vendorID 4980, subcmd 182  received
2026-04-11 19:09:57.164  4772-5803  CwbClient               system_server                        D  LECENT_AI::CwbClient::RGB||16||25||38, timestamp=390841192328735
2026-04-11 19:09:57.170  2888-3015  WifiHAL                 android.hardware.wifi-service        I  event received NL80211_CMD_VENDOR, vendor_id = 0x1374, subcmd = 0xd
2026-04-11 19:09:57.170  3850-3850  cnss-daemon             cnss-daemon                          I  nl80211 response handler invoked
2026-04-11 19:09:57.170  3850-3850  cnss-daemon             cnss-daemon                          I  nl80211_response_handler: cmd 103, vendorID 4980, subcmd 13  received
2026-04-11 19:09:57.181  2885-2790  sensors-hal             and...ware.sensors-service.multihal  I  handle_oplus_wise_rgb_event:191, wise_rgb: (r, g, b, c)[2699.15, 1429.00, 860.81, 3819.76],(r2,g2,b2,c2)[[0.00, 0.00, 0.00, 0.00], algo:2.0, flag :0
2026-04-11 19:09:57.239  4772-5803  CwbClient               system_server                        D  LECENT_AI::CwbClient::RGB||16||25||38, timestamp=390841267577120
2026-04-11 19:09:57.256 10807-10807 TooltipLifecycleManager com...gle.android.inputmethod.latin  W  TooltipLifecycleManager.dismissTooltips():153 Tooltip with id spell_check_add_to_dictionary not found in tooltipManager.
2026-04-11 19:09:57.275  4037-4037  OplusTouchDaemon        touchDaemon                          I  ts_run_service: shellback temperature updated 30 (30382)
2026-04-11 19:09:57.291  4037-4037  synaLib                 touchDaemon                          I  tcm: STATUS: Enter DOZE mode
2026-04-11 19:09:57.314  4772-5803  CwbClient               system_server                        D  LECENT_AI::CwbClient::RGB||16||25||38, timestamp=390841342645506
2026-04-11 19:09:57.320 21904-21925 SmartSideb...ValueProxy com.coloros.smartsidebar:ui          D  (main)getOverlayShowVideoAssistant edge_panel_video_assistant =-1
2026-04-11 19:09:57.321  4772-7308  FlexibleTaskController  system_server                        D  check task which not have enough child, isInSingleWhiteList:false isCloneTask:false
2026-04-11 19:09:57.322 21904-21904 VideoAssistantUtils     com.coloros.smartsidebar:ui          D  isInSplitScreenMode  === :false
2026-04-11 19:09:57.322  4772-7308  FlexibleTaskController  system_server                        D  check task which not have enough child, isInSingleWhiteList:false isCloneTask:false
2026-04-11 19:09:57.323 21904-21925 SmartSideb...PanelUtils com.coloros.smartsidebar:ui          D  (main)getTopAppInfo() result: ApplicationInfo{32a0c8c com.max.aiassistant}
2026-04-11 19:09:57.323 21904-21925 SmartSideb...PanelUtils com.coloros.smartsidebar:ui          D  (main)getTopPkg() pkg: com.*****.aiassistant
2026-04-11 19:09:57.323  4772-7308  ContentService          system_server                        W  Observer is already registered. Pid is 21904
2026-04-11 19:09:57.324 21904-21925 SmartSideb...tPanelView com.coloros.smartsidebar:ui          D  (main)Registered app status observer for: com.max.aiassistant
2026-04-11 19:09:57.324 21904-21925 SmartSideb...tusManager com.coloros.smartsidebar:ui          D  (main)isAppEnabled: com.max.aiassistant = true
2026-04-11 19:09:57.389  2885-2790  sensors-hal             and...ware.sensors-service.multihal  I  handle_oplus_wise_rgb_event:191, wise_rgb: (r, g, b, c)[2672.42, 1400.98, 860.81, 3765.19],(r2,g2,b2,c2)[[0.00, 0.00, 0.00, 0.00], algo:2.0, flag :0
2026-04-11 19:09:57.390  4772-5803  CwbClient               system_server                        D  LECENT_AI::CwbClient::RGB||16||25||38, timestamp=390841418047277
2026-04-11 19:09:57.390  4772-5773  AI_FusionLightNextGen   system_server                        D  LECENT_AI::RunArith AVG_RGB:/61/67/77
2026-04-11 19:09:57.390  4772-5773  AI_FusionLightNextGen   system_server                        D  LECENT_AI::RunArith RGB:/16/25/38
2026-04-11 19:09:57.394  4772-5773  FusionLightNextGen      system_server                        D  calculate_silibals_compensation_value: comped_ir_ratio =  0.200858 comped_lux = 10.35059
2026-04-11 19:09:57.394  4772-5773  FusionLightNextGen      system_server                        D  LECENT_AI::raw_lux -1.0, raw_cct -1.0, r/g/b/c: 2672.4/1401.0/860.8/3765.2, compensate r/g/b/c: 1822.54/772.30/609.52/2286.03 bri 697.0, lux: 10.350590, cct: -1.0, comped_lux:10.351 comped_cct:-1 ir: 0.200858, cnt: 0
2026-04-11 19:09:57.394  4772-5773  CwbClient               system_server                        I  setCWBDisplayType set mFeatureID = CWB_RGB_VALUE
2026-04-11 19:09:57.493  4772-5018  AppsFilter              system_server                        I  interaction: PackageSetting{d52b944 com.android.microdroid.empty_payload/10330} -> PackageSetting{d768a79 com.oplus.dmp/10181} BLOCKED
2026-04-11 19:09:57.493  4772-5018  AppsFilter              system_server                        I  interaction: PackageSetting{344fb62 com.oplus.locationproxy/10230} -> PackageSetting{d768a79 com.oplus.dmp/10181} BLOCKED
2026-04-11 19:09:57.493  4772-5018  AppsFilter              system_server                        I  interaction: PackageSetting{8c314f3 com.android.certinstaller/10285} -> PackageSetting{d768a79 com.oplus.dmp/10181} BLOCKED
2026-04-11 19:09:57.493  4772-5018  AppsFilter              system_server                        I  interaction: PackageSetting{26425b0 com.oplus.imsserviceentitlement/10121} -> PackageSetting{d768a79 com.oplus.dmp/10181} BLOCKED
2026-04-11 19:09:57.493  4772-5018  AppsFilter              system_server                        I  interaction: PackageSetting{6bd4785 com.max.aiassistant/10514} -> PackageSetting{d768a79 com.oplus.dmp/10181} BLOCKED
2026-04-11 19:09:57.494  4772-5018  AppsFilter              system_server                        I  interaction: PackageSetting{e3fdc29 com.oplus.location/10306} -> PackageSetting{d768a79 com.oplus.dmp/10181} BLOCKED
2026-04-11 19:09:57.506  4772-5826  Accessibil...gerService system_server                        V  onUserStateChangedLocked for user 0 with forceUpdate: false mEnabledServices = [] mCrashedServices = [] hasMagnificationConnection=false
2026-04-11 19:09:57.506  4772-5826  Magnificat...ionManager system_server                        W  requestConnection duplicated request: connect=false, mConnectionState=DISCONNECTED
2026-04-11 19:09:57.506  4772-5815  VibrationE...tConvertor system_server                        I  onInputMethodListUpdated received, info.size = 4
2026-04-11 19:09:57.506  4772-5815  VibrationE...tConvertor system_server                        I  userid = 0, packageName = com.google.android.tts
2026-04-11 19:09:57.506  4772-5815  VibrationE...tConvertor system_server                        I  userid = 0, packageName = com.google.android.inputmethod.latin
2026-04-11 19:09:57.506  4772-5815  VibrationE...tConvertor system_server                        I  userid = 0, packageName = com.touchtype.swiftkey.beta
2026-04-11 19:09:57.506  4772-5815  VibrationE...tConvertor system_server                        I  userid = 0, packageName = com.oplus.securitykeyboard
2026-04-11 19:09:57.506  4772-4772  LockSettingsService     system_server                        D  [getSeparateProfileChallengeEnabled] userId = 10
2026-04-11 19:09:57.515  4772-4921  Searchables             system_server                        W  No web search activity found
2026-04-11 19:09:57.516  4772-4921  AutofillManagerService  system_server                        V  onPackageModified(): com.oplus.dmp
2026-04-11 19:09:57.549  4772-5803  CwbClient               system_server                        D  LECENT_AI::CwbClient::RGB||16||25||38, timestamp=390841577694568
2026-04-11 19:09:57.597  2885-2790  sensors-hal             and...ware.sensors-service.multihal  I  handle_oplus_wise_rgb_event:191, wise_rgb: (r, g, b, c)[2672.42, 1400.98, 860.81, 3765.19],(r2,g2,b2,c2)[[0.00, 0.00, 0.00, 0.00], algo:2.0, flag :0
2026-04-11 19:09:57.621  2992-3084  BatteryChargeControl    ven....hardware.charger-V10-service  D  bcc get no support from charging protocol
2026-04-11 19:09:57.624 21904-21925 SmartSideb...ValueProxy com.coloros.smartsidebar:ui          D  (main)getOverlayShowVideoAssistant edge_panel_video_assistant =-1
2026-04-11 19:09:57.626  4772-7315  FlexibleTaskController  system_server                        D  check task which not have enough child, isInSingleWhiteList:false isCloneTask:false
2026-04-11 19:09:57.627 21904-21904 VideoAssistantUtils     com.coloros.smartsidebar:ui          D  isInSplitScreenMode  === :false
2026-04-11 19:09:57.627  4772-7315  FlexibleTaskController  system_server                        D  check task which not have enough child, isInSingleWhiteList:false isCloneTask:false
2026-04-11 19:09:57.628 21904-21925 SmartSideb...PanelUtils com.coloros.smartsidebar:ui          D  (main)getTopAppInfo() result: ApplicationInfo{9022fd5 com.max.aiassistant}
2026-04-11 19:09:57.628 21904-21925 SmartSideb...PanelUtils com.coloros.smartsidebar:ui          D  (main)getTopPkg() pkg: com.*****.aiassistant
2026-04-11 19:09:57.628  4772-7315  ContentService          system_server                        W  Observer is already registered. Pid is 21904
2026-04-11 19:09:57.628 21904-21925 SmartSideb...tPanelView com.coloros.smartsidebar:ui          D  (main)Registered app status observer for: com.max.aiassistant
2026-04-11 19:09:57.628 21904-21925 SmartSideb...tusManager com.coloros.smartsidebar:ui          D  (main)isAppEnabled: com.max.aiassistant = true
2026-04-11 19:09:57.689  4772-5803  CwbClient               system_server                        D  LECENT_AI::CwbClient::RGB||16||25||38, timestamp=390841718026651
2026-04-11 19:09:57.806  2885-2790  sensors-hal             and...ware.sensors-service.multihal  I  handle_oplus_wise_rgb_event:191, wise_rgb: (r, g, b, c)[2699.15, 1429.00, 890.49, 3819.76],(r2,g2,b2,c2)[[0.00, 0.00, 0.00, 0.00], algo:2.0, flag :0
2026-04-11 19:09:57.806  4772-5773  AI_FusionLightNextGen   system_server                        D  LECENT_AI::RunArith AVG_RGB:/61/67/77
2026-04-11 19:09:57.806  4772-5773  AI_FusionLightNextGen   system_server                        D  LECENT_AI::RunArith RGB:/16/25/38
2026-04-11 19:09:57.810  4772-5773  FusionLightNextGen      system_server                        D  calculate_silibals_compensation_value: comped_ir_ratio =  0.203060 comped_lux = 10.66162
2026-04-11 19:09:57.810  4772-5773  FusionLightNextGen      system_server                        D  LECENT_AI::raw_lux -1.0, raw_cct -1.0, r/g/b/c: 2699.1/1429.0/890.5/3819.8, compensate r/g/b/c: 1849.54/801.30/639.52/2340.03 bri 697.0, lux: 10.661617, cct: -1.0, comped_lux:10.662 comped_cct:-1 ir: 0.203060, cnt: 0
2026-04-11 19:09:57.810  4772-5773  CwbClient               system_server                        I  setCWBDisplayType set mFeatureID = CWB_RGB_VALUE
2026-04-11 19:09:57.927  6930-9360  CommonApp-134-10514     com.oplus.subsys                     D  transport layer data is invalid
2026-04-11 19:09:57.927  6930-9360  ScorePolicy             com.oplus.subsys                     D  handleScoreChanged: []
2026-04-11 19:09:57.927  6930-9360  ScorePolicy             com.oplus.subsys                     D  handleScoreChanged: []
2026-04-11 19:09:57.927  6930-9360  ScorePolicy             com.oplus.subsys                     D  handleScoreChanged: []
2026-04-11 19:09:57.929 21904-21925 SmartSideb...ValueProxy com.coloros.smartsidebar:ui          D  (main)getOverlayShowVideoAssistant edge_panel_video_assistant =-1
2026-04-11 19:09:57.929  4772-7315  FlexibleTaskController  system_server                        D  check task which not have enough child, isInSingleWhiteList:false isCloneTask:false
2026-04-11 19:09:57.930 21904-21904 VideoAssistantUtils     com.coloros.smartsidebar:ui          D  isInSplitScreenMode  === :false
2026-04-11 19:09:57.930  4772-7315  FlexibleTaskController  system_server                        D  check task which not have enough child, isInSingleWhiteList:false isCloneTask:false
2026-04-11 19:09:57.931 21904-21925 SmartSideb...PanelUtils com.coloros.smartsidebar:ui          D  (main)getTopAppInfo() result: ApplicationInfo{43f73ea com.max.aiassistant}
2026-04-11 19:09:57.931 21904-21925 SmartSideb...PanelUtils com.coloros.smartsidebar:ui          D  (main)getTopPkg() pkg: com.*****.aiassistant
2026-04-11 19:09:57.931  4772-7315  ContentService          system_server                        W  Observer is already registered. Pid is 21904
2026-04-11 19:09:57.931 21904-21925 SmartSideb...tPanelView com.coloros.smartsidebar:ui          D  (main)Registered app status observer for: com.max.aiassistant
2026-04-11 19:09:57.932 21904-21925 SmartSideb...tusManager com.coloros.smartsidebar:ui          D  (main)isAppEnabled: com.max.aiassistant = true
2026-04-11 19:09:57.989  3131-3715  VRR [OTI]               surfaceflinger                       D  handleIdle from 0 to 1
2026-04-11 19:09:57.989  3131-3715  VRR [OTI-HW]            surfaceflinger                       D  isStateReady 0
2026-04-11 19:09:57.989  3131-3715  VRR [OTI-HW]            surfaceflinger                       D  keep rate.
2026-04-11 19:09:57.992 10188-10680 gaia-GaiaConnectChecker com.oplus.olc                        D  start connect check++
2026-04-11 19:09:58.014  2885-2790  sensors-hal             and...ware.sensors-service.multihal  I  handle_oplus_wise_rgb_event:191, wise_rgb: (r, g, b, c)[2699.15, 1429.00, 890.49, 3819.76],(r2,g2,b2,c2)[[0.00, 0.00, 0.00, 0.00], algo:2.0, flag :0
2026-04-11 19:09:58.015  6930-6930  Subsys-Service          com.oplus.subsys                     I  runGcAutomatic dalvik memory info{max=16,44MB,free=9,44MB,allocated=7,00MB}
2026-04-11 19:09:58.050  4772-5803  CwbClient               system_server                        D  LECENT_AI::CwbClient::RGB||16||25||38, timestamp=390842078584880
2026-04-11 19:09:58.061  2528-11824 TetherController        netd                                 E  property_get sys.radio.data.modem_share_flag return 0, 1!
2026-04-11 19:09:58.071  4772-4940  BluetoothP...sCollector system_server                        E  Cannot acquire BluetoothActivityEnergyInfo (Fix with AI)
                                                                                                    java.util.concurrent.ExecutionException: java.lang.RuntimeException: error: 11
                                                                                                    	at java.util.concurrent.CompletableFuture.reportGet(CompletableFuture.java:372)
                                                                                                    	at java.util.concurrent.CompletableFuture.get(CompletableFuture.java:2072)
                                                                                                    	at com.android.server.power.stats.BluetoothPowerStatsCollector.collectBluetoothActivityInfo(BluetoothPowerStatsCollector.java:192)
                                                                                                    	at com.android.server.power.stats.BluetoothPowerStatsCollector.collectStats(BluetoothPowerStatsCollector.java:155)
                                                                                                    	at com.android.server.power.stats.PowerStatsCollector.collectAndDeliverStats(PowerStatsCollector.java:176)
                                                                                                    	at com.android.server.power.stats.PowerStatsCollector$$ExternalSyntheticLambda0.run(D8$$SyntheticClass:0)
                                                                                                    	at android.os.Handler.handleCallback(Handler.java:1027)
                                                                                                    	at android.os.Handler.dispatchMessage(Handler.java:108)
                                                                                                    	at android.os.Looper.loopOnce(Looper.java:302)
                                                                                                    	at android.os.Looper.loop(Looper.java:412)
                                                                                                    	at android.os.HandlerThread.run(HandlerThread.java:85)
                                                                                                    Caused by: java.lang.RuntimeException: error: 11
                                                                                                    	at com.android.server.power.stats.BluetoothPowerStatsCollector$1.onBluetoothActivityEnergyInfoError(BluetoothPowerStatsCollector.java:181)
                                                                                                    	at android.bluetooth.BluetoothAdapter$OnBluetoothActivityEnergyInfoProxy.lambda$onBluetoothActivityEnergyInfoAvailable$0(BluetoothAdapter.java:1072)
                                                                                                    	at android.bluetooth.BluetoothAdapter$OnBluetoothActivityEnergyInfoProxy$$ExternalSyntheticLambda1.run(D8$$SyntheticClass:0)
                                                                                                    	at com.android.server.SystemServerInitThreadPool$$ExternalSyntheticLambda0.execute(D8$$SyntheticClass:0)
                                                                                                    	at android.bluetooth.BluetoothAdapter$OnBluetoothActivityEnergyInfoProxy.onBluetoothActivityEnergyInfoAvailable(BluetoothAdapter.java:1070)
                                                                                                    	at android.bluetooth.IBluetoothActivityEnergyInfoListener$Stub.onTransact(IBluetoothActivityEnergyInfoListener.java:98)
                                                                                                    	at android.os.Binder.execTransactInternal(Binder.java:1444)
                                                                                                    	at android.os.Binder.execTransact(Binder.java:1378)
2026-04-11 19:09:58.076  8234-8282  horae                   horae                                E  0: back:26878,back_1:30977,back_2:28981,frame:29664,frame_1:30278,frame_2:28912,front:30726,front_1:28978, 2, +(1068), 1 ,28500,32274,39775,29402,33811,28500,32934,40028,29473,34545,28600,32758,39705,29593,33215,28600,32502,37304,29801,32870,28600,32354,36070,29795,32644, target_temp:30977, algo:0
2026-04-11 19:09:58.081  4772-5780  OPLUS_LOG_LOAD          system_server                        W  ==LOGS PROG INFO, prog(system_server) ==
2026-04-11 19:09:58.081  4772-5780  AlarmManager            system_server                        V  sending alarm Alarm{924d275 type 1 origWhen 1775927398080 whenElapsed 390842109 android} uid 1000 whenElapsed 390842109 windowLength 0 maxWhenElapsed 390842109 repeatInterval 0 action null component null tag StorgaeBandInfoAlarmTag flags 0x9 procName system_server
2026-04-11 19:09:58.081  4772-2488  OplusStora...SBandwidth system_server                        E  storage_io_metrics_path is /proc/oplus_storage/io_metrics/forever/
2026-04-11 19:09:58.082  4772-2488  OplusStora...SBandwidth system_server                        E  Bandwidth - Read: 0,00 MB/s, Write: 0,00 MB/s
2026-04-11 19:09:58.082  4772-2488  OplusStora...SBandwidth system_server                        E  Task time: 1ms
2026-04-11 19:09:58.084  4772-2488  OplusStora...SBandwidth system_server                        E  Alarm set to trigger in 10 seconds
2026-04-11 19:09:58.189  4772-5803  CwbClient               system_server                        D  LECENT_AI::CwbClient::RGB||16||25||38, timestamp=390842218023995
2026-04-11 19:09:58.222  2885-2790  sensors-hal             and...ware.sensors-service.multihal  I  handle_oplus_wise_rgb_event:191, wise_rgb: (r, g, b, c)[2699.15, 1429.00, 890.49, 3819.76],(r2,g2,b2,c2)[[0.00, 0.00, 0.00, 0.00], algo:2.0, flag :0
2026-04-11 19:09:58.222  4772-5773  AI_FusionLightNextGen   system_server                        D  LECENT_AI::RunArith AVG_RGB:/61/67/77
2026-04-11 19:09:58.222  4772-5773  AI_FusionLightNextGen   system_server                        D  LECENT_AI::RunArith RGB:/16/25/38
2026-04-11 19:09:58.226  4772-5773  FusionLightNextGen      system_server                        D  calculate_silibals_compensation_value: comped_ir_ratio =  0.203060 comped_lux = 10.66162
2026-04-11 19:09:58.226  4772-5773  FusionLightNextGen      system_server                        D  LECENT_AI::raw_lux -1.0, raw_cct -1.0, r/g/b/c: 2699.1/1429.0/890.5/3819.8, compensate r/g/b/c: 1849.54/801.30/639.52/2340.03 bri 697.0, lux: 10.661617, cct: -1.0, comped_lux:10.662 comped_cct:-1 ir: 0.203060, cnt: 0
2026-04-11 19:09:58.226  4772-5773  CwbClient               system_server                        I  setCWBDisplayType set mFeatureID = CWB_RGB_VALUE
2026-04-11 19:09:58.232 21904-21925 SmartSideb...ValueProxy com.coloros.smartsidebar:ui          D  (main)getOverlayShowVideoAssistant edge_panel_video_assistant =-1
2026-04-11 19:09:58.233  4772-7308  FlexibleTaskController  system_server                        D  check task which not have enough child, isInSingleWhiteList:false isCloneTask:false
2026-04-11 19:09:58.233 21904-21904 VideoAssistantUtils     com.coloros.smartsidebar:ui          D  isInSplitScreenMode  === :false
2026-04-11 19:09:58.234  4772-7308  FlexibleTaskController  system_server                        D  check task which not have enough child, isInSingleWhiteList:false isCloneTask:false
2026-04-11 19:09:58.234 21904-21925 SmartSideb...PanelUtils com.coloros.smartsidebar:ui          D  (main)getTopAppInfo() result: ApplicationInfo{551d6db com.max.aiassistant}
2026-04-11 19:09:58.234 21904-21925 SmartSideb...PanelUtils com.coloros.smartsidebar:ui          D  (main)getTopPkg() pkg: com.*****.aiassistant
2026-04-11 19:09:58.235  4772-7308  ContentService          system_server                        W  Observer is already registered. Pid is 21904
2026-04-11 19:09:58.235 21904-21925 SmartSideb...tPanelView com.coloros.smartsidebar:ui          D  (main)Registered app status observer for: com.max.aiassistant
2026-04-11 19:09:58.235 21904-21925 SmartSideb...tusManager com.coloros.smartsidebar:ui          D  (main)isAppEnabled: com.max.aiassistant = true
2026-04-11 19:09:58.290  4772-5803  CwbClient               system_server                        D  LECENT_AI::CwbClient::RGB||16||25||38, timestamp=390842318662172
2026-04-11 19:09:58.391  4772-5803  CwbClient               system_server                        D  LECENT_AI::CwbClient::RGB||16||25||38, timestamp=390842419393109
2026-04-11 19:09:58.430  2885-2790  sensors-hal             and...ware.sensors-service.multihal  I  handle_oplus_wise_rgb_event:191, wise_rgb: (r, g, b, c)[2699.15, 1429.00, 860.81, 3819.76],(r2,g2,b2,c2)[[0.00, 0.00, 0.00, 0.00], algo:2.0, flag :0
2026-04-11 19:09:58.492  4772-5803  CwbClient               system_server                        D  LECENT_AI::CwbClient::RGB||16||25||38, timestamp=390842520373943
2026-04-11 19:09:58.536 21904-21925 SmartSideb...ValueProxy com.coloros.smartsidebar:ui          D  (main)getOverlayShowVideoAssistant edge_panel_video_assistant =-1
2026-04-11 19:09:58.536  4772-7308  FlexibleTaskController  system_server                        D  check task which not have enough child, isInSingleWhiteList:false isCloneTask:false
2026-04-11 19:09:58.536 21904-21904 VideoAssistantUtils     com.coloros.smartsidebar:ui          D  isInSplitScreenMode  === :false
2026-04-11 19:09:58.537  4772-7308  FlexibleTaskController  system_server                        D  check task which not have enough child, isInSingleWhiteList:false isCloneTask:false
2026-04-11 19:09:58.537 21904-21925 SmartSideb...PanelUtils com.coloros.smartsidebar:ui          D  (main)getTopAppInfo() result: ApplicationInfo{bb16578 com.max.aiassistant}
2026-04-11 19:09:58.537 21904-21925 SmartSideb...PanelUtils com.coloros.smartsidebar:ui          D  (main)getTopPkg() pkg: com.*****.aiassistant
2026-04-11 19:09:58.538  4772-7308  ContentService          system_server                        W  Observer is already registered. Pid is 21904
2026-04-11 19:09:58.538 21904-21925 SmartSideb...tPanelView com.coloros.smartsidebar:ui          D  (main)Registered app status observer for: com.max.aiassistant
2026-04-11 19:09:58.538 21904-21925 SmartSideb...tusManager com.coloros.smartsidebar:ui          D  (main)isAppEnabled: com.max.aiassistant = true
2026-04-11 19:09:58.558  4772-5803  CwbClient               system_server                        D  LECENT_AI::CwbClient::RGB||16||25||38, timestamp=390842586176547
2026-04-11 19:09:58.621  2992-3084  BatteryChargeControl    ven....hardware.charger-V10-service  D  bcc get no support from charging protocol
2026-04-11 19:09:58.638  2885-2790  sensors-hal             and...ware.sensors-service.multihal  I  handle_oplus_wise_rgb_event:191, wise_rgb: (r, g, b, c)[2725.87, 1429.00, 890.49, 3874.33],(r2,g2,b2,c2)[[0.00, 0.00, 0.00, 0.00], algo:2.0, flag :0
2026-04-11 19:09:58.638  2885-2790  sensors-hal             and...ware.sensors-service.multihal  I  handle_oplus_wise_rgb_event:217, high_pwm_light:lux 21.1,cct 5300.0,brl/algo/ir 697.0/2.0/151.1,pwm/dc 0.0/0.0,rgbc 2725.872559/1429.003174/890.488159/3874.327148,ts 390842661954223,cnt 16344,flag 0
2026-04-11 19:09:58.638  4772-5773  AI_FusionLightNextGen   system_server                        D  LECENT_AI::RunArith AVG_RGB:/61/67/77
2026-04-11 19:09:58.638  4772-5773  AI_FusionLightNextGen   system_server                        D  LECENT_AI::RunArith RGB:/16/25/38
2026-04-11 19:09:58.642  4772-5773  FusionLightNextGen      system_server                        D  calculate_silibals_compensation_value: comped_ir_ratio =  0.192343 comped_lux = 11.59136
2026-04-11 19:09:58.642  4772-5773  FusionLightNextGen      system_server                        D  LECENT_AI::raw_lux -1.0, raw_cct -1.0, r/g/b/c: 2725.9/1429.0/890.5/3874.3, compensate r/g/b/c: 1875.54/801.30/639.52/2395.03 bri 697.0, lux: 11.591356, cct: -1.0, comped_lux:11.591 comped_cct:-1 ir: 0.192343, cnt: 0
2026-04-11 19:09:58.642  4772-5773  CwbClient               system_server                        I  setCWBDisplayType set mFeatureID = CWB_RGB_VALUE
