2026-04-13 20:20:02.776  4037-4159  touch-algo              touchDaemon                          I  [id:1] reportFps, value:180 
2026-04-13 20:20:02.776  4037-4159  OplusTouchDaemon        touchDaemon                          E  frame_rate_parse: ThpAlgo Set PARAM_ID_REPORT_FPS_MODE 180, ret=0
2026-04-13 20:20:02.776  4037-4159  OplusTouchDaemon        touchDaemon                          E  frame_rate_parse:set frame rate 180 frame_rate_mode = 4 (actual rate 180)
2026-04-13 20:20:02.776  4037-4159  OplusTouchDaemon        touchDaemon                          I  ts_setWaitingtime: set shortwait 1
2026-04-13 20:20:02.776  4037-4037  synaLib                 touchDaemon                          I  tcm: STATUS: driver info: pwr_state 1, reqMode 0, lpwnEnabled 1, irqEnabled 1 
2026-04-13 20:20:02.776 10807-10807 KeyboardModeUtils       com...gle.android.inputmethod.latin  I  KeyboardModeUtils.getKeyboardBottomOffset():432 inch: 0.000000 ydpi: 380.514648 adjustKeyboardBottomByDisplaySize: false currentDensityDpi: 480 defaultDensityDpi: 480 keyboardBottomToScreenPx: 0 keyboardBottomToNavBarPx: -132 navBarHeight: 132
2026-04-13 20:20:02.776 10807-10807 BaseKeyboardSizeHelper  com...gle.android.inputmethod.latin  I  BaseKeyboardSizeHelper.calculateMaxKeyboardBodyHeight():73 leave 291 height for app when ime window height:2100, header height:132 and isFullscreenMode:false, so the max keyboard body height is:1677
2026-04-13 20:20:02.776 10807-10807 BaseKeyboardSizeHelper  com...gle.android.inputmethod.latin  I  BaseKeyboardSizeHelper.calculateMaxKeyboardBodyHeight():73 leave 291 height for app when ime window height:2100, header height:132 and isFullscreenMode:false, so the max keyboard body height is:1677
2026-04-13 20:20:02.778 10807-10807 VRI[InputMethod]        com...gle.android.inputmethod.latin  W  handleResized, msg:, frameChanged:false, configChanged:false, displayChanged:false, attachedFrameChanged:false, compatScaleChanged:false, pendingDragResizing=false
2026-04-13 20:20:02.778 10807-10807 VRI[InputMethod]        com...gle.android.inputmethod.latin  W  handleResized abandoned!
2026-04-13 20:20:02.778 10807-10807 KeyboardModeUtils       com...gle.android.inputmethod.latin  I  KeyboardModeUtils.getKeyboardBottomOffset():432 inch: 0.000000 ydpi: 380.514648 adjustKeyboardBottomByDisplaySize: false currentDensityDpi: 480 defaultDensityDpi: 480 keyboardBottomToScreenPx: 0 keyboardBottomToNavBarPx: -132 navBarHeight: 132
2026-04-13 20:20:02.778 10807-10807 BaseKeyboardSizeHelper  com...gle.android.inputmethod.latin  I  BaseKeyboardSizeHelper.calculateMaxKeyboardBodyHeight():73 leave 291 height for app when ime window height:2100, header height:132 and isFullscreenMode:false, so the max keyboard body height is:1677
2026-04-13 20:20:02.778 10807-10807 BaseKeyboardSizeHelper  com...gle.android.inputmethod.latin  I  BaseKeyboardSizeHelper.calculateMaxKeyboardBodyHeight():73 leave 291 height for app when ime window height:2100, header height:132 and isFullscreenMode:false, so the max keyboard body height is:1677
2026-04-13 20:20:02.780  4772-4923  UserAwareMgr            system_server                        I  handleFgAppChanged, pkgName: com.google.android.inputmethod.latin, pid: 10807, isVisible: true, fgAppType: FG2
2026-04-13 20:20:02.781  4772-5803  CwbClient               system_server                        D  LECENT_AI::CwbClient::RGB||6||8||12, timestamp=567846808817860
2026-04-13 20:20:02.781  7575-7575  VRI[MainActivity]       com.max.aiassistant                  W  handleResized abandoned!
2026-04-13 20:20:02.785 10807-11841 VRI[InputMethod]        com...gle.android.inputmethod.latin  D  Received frameCommittedCallback lastAttemptedDrawFrameNum=3 didProduceBuffer=true syncBuffer=false
2026-04-13 20:20:02.785 10807-10807 VRI[InputMethod]        com...gle.android.inputmethod.latin  D  draw finished. seqId=4
2026-04-13 20:20:02.787  4037-4037  synaLib                 touchDaemon                          I  tcm: STATUS: tcmServiceGetEvent: no ATTN(117)
                                                                                                    
2026-04-13 20:20:02.787  4037-4037  synaLib                 touchDaemon                          W  tcm: WARNING: tcmServiceGetEvent: GetEventTimeout Cnt(1)
2026-04-13 20:20:02.787  4037-4037  synaLib                 touchDaemon                          I  palSensor: STATUS: palSensorGetPowerStatus Get Data Len 16 bytes:0x0001 0x0000 0x0001 0x0001
2026-04-13 20:20:02.787  4037-4037  synaLib                 touchDaemon                          I  tcm: STATUS: power status info: pwr_state 1, reqMode 0, lpwnEnabled 1, irqEnabled 1 
2026-04-13 20:20:02.787  4037-4037  synaLib                 touchDaemon                          I  tcm: STATUS: tcmService: running the single thread mode 
                                                                                                    
2026-04-13 20:20:02.787  4037-4159  synaLib                 touchDaemon                          I  palSensor: STATUS: palSensorSendCmd CMD = 36
2026-04-13 20:20:02.787  4037-4159  synaLib                 touchDaemon                          I  palSensor: STATUS: palSensorExecuteCmd: CMD:0x24, payload length: 3
                                                                                                    
2026-04-13 20:20:02.787  4037-4159  synaLib                 touchDaemon                          I  palSensor: STATUS: palSensorExecuteCmd: CMD:0x24, response length: 0  reponse data buffer size: 4096
                                                                                                    
2026-04-13 20:20:02.787  4037-4159  synaLib                 touchDaemon                          I  tcm: STATUS: set dynamic config, paramVale(0x00e60004)
2026-04-13 20:20:02.787  4037-4159  OplusTouchDaemon        touchDaemon                          E  ts_set_frame_rate: Successful to set 4
2026-04-13 20:20:02.787  4037-4159  OplusTouchDaemon        touchDaemon                          I  ts_setWaitingtime: set shortwait 0
2026-04-13 20:20:02.787  4037-4159  OplusTouchDaemon        touchDaemon                          D  touchBinder:WRITE FINISH
2026-04-13 20:20:02.787  4037-4037  synaLib                 touchDaemon                          I  palSensor: STATUS: palSensorSendCmd CMD = 10
2026-04-13 20:20:02.787  4037-4037  synaLib                 touchDaemon                          I  tcm: STATUS: driver info: pwr_state 1, reqMode 0, lpwnEnabled 1, irqEnabled 1 
2026-04-13 20:20:02.787  2971-2971  OplusTouch              ven...lus-hardware-touch-V2-service  D  WRITE SUCCESS! by Binder, get data len[2]
2026-04-13 20:20:02.789  7575-7575  OplusWindowManager      com.max.aiassistant                  D  get WMS extension: android.os.BinderProxy@c239e04
2026-04-13 20:20:02.789  4772-7338  OplusWindo...iceEnhance system_server                        D  setInsetAnimationTid: pid 7575 ,tid 7575 ,enable true ,uafEnable true
2026-04-13 20:20:02.789  7575-7575  InteractionJankMonitor  com.max.aiassistant                  W  Initializing without READ_DEVICE_CONFIG permission. enabled=false, interval=1, missedFrameThreshold=3, frameTimeThreshold=64, package=com.max.aiassistant
2026-04-13 20:20:02.790  7575-7575  DynamicFra...nagerImpl] com.max.aiassistant                  E  setFrameRateInternalForWindow: TIMING_DO_WINDOW_ANIMATION request is = FrameRateRequest: {  mUniqueID = 109573435, mVelocity = -1, mPreviousFrameRate = 0, mBindWithSC = true, mSc = Surface(name=Surface(name=9a9849d InputMethod)/@0xe18585e - animation-leash of insets_animation)/@0x687f53b, mTransaction = android.view.SurfaceControl$Transaction@67afed, Type = 20103 } , frameRate 120
2026-04-13 20:20:02.791  6596-6596  SystemUi--NavBar        com.android.systemui                 I  NavigationBarGestureExImpl-->oplusAllowSystemGestureIgnoringBarVisibility isOplusFlagAllowBackGestureIgnoreVisibilityState = false isGestureMisTouchPreventionEnable = false
2026-04-13 20:20:02.791  6596-6596  LauncherProxyService    com.android.systemui                 D  Notifying sysui state change to launcher service: proxy=com.android.systemui.shared.recents.ILauncherProxy$Stub$Proxy@8d39807 display=0 flags=allow_gesture|awake
2026-04-13 20:20:02.796  3131-3131  VRR [Refre...eDirector] surfaceflinger                       D  requestRefreshRate insert [ version-3-window-animation_52241, 120 ]
2026-04-13 20:20:02.797  3131-3715  VRR [Refre...eDirector] surfaceflinger                       D  updateBestFrameRate [version-3-window-animation_52241, {fps=120, modePtr={id=8, vsyncRate=120.00 Hz, peakRefreshRate=120.00 Hz}}]
2026-04-13 20:20:02.797  3131-3715  SurfaceFlinger          surfaceflinger                       D  VRR [SurfaceFlinger] setDesiredActiveMode: displayId: 4630947180293509523, renderRate: 120, vsyncRate: 120, event: 1
2026-04-13 20:20:02.797  3131-3715  DisplayModeController   surfaceflinger                       D  setDesiredMode 4630947180293509523 {mode={fps=120.00 Hz, modePtr={id=8, vsyncRate=120.00 Hz, peakRefreshRate=120.00 Hz}}, emitEvent=true, force=false}
2026-04-13 20:20:02.799  6930-6930  VendorWifiService       com.oplus.subsys                     D  onEvent event:9,action:1
2026-04-13 20:20:02.801  4772-6188  ScorerUtils             system_server                        D  isLowTraffic: txTputKBps=1, rxTputKBps=0
2026-04-13 20:20:02.801  4772-6188  OplusWifiP...ggerCenter system_server                        D  mComponentCallback: wifistat
2026-04-13 20:20:02.801  4037-4037  synaLib                 touchDaemon                          I  tcm: STATUS: tcmServiceProcess: will clean tcmServiceGeteventTimeout, GetEventTimeout Cnt(1)
                                                                                                    
2026-04-13 20:20:02.802  2885-5756  sensors-hal             and...ware.sensors-service.multihal  I  handle_oplus_wise_rgb_event:191, wise_rgb: (r, g, b, c)[828.45, 532.37, 207.78, 1282.35],(r2,g2,b2,c2)[[0.00, 0.00, 0.00, 0.00], algo:2.0, flag :0
2026-04-13 20:20:02.824  6596-6596  SystemUi--NavBar        com.android.systemui                 I  NavigationBarGestureExImpl-->oplusAllowSystemGestureIgnoringBarVisibility isOplusFlagAllowBackGestureIgnoreVisibilityState = false isGestureMisTouchPreventionEnable = false
2026-04-13 20:20:02.824  6596-6596  LauncherProxyService    com.android.systemui                 D  Notifying sysui state change to launcher service: proxy=com.android.systemui.shared.recents.ILauncherProxy$Stub$Proxy@8d39807 display=0 flags=allow_gesture|ime_visible|awake|back_dismiss_ime
2026-04-13 20:20:02.850  4772-5780  AlarmManager            system_server                        V  sending alarm Alarm{1b9a420 type 3 origWhen 567846879 whenElapsed 567846879 android} uid 1000 whenElapsed 567846879 windowLength 0 maxWhenElapsed 567846879 repeatInterval 0 action null component null tag *job.flexibility_check* flags 0x9 procName system_server
2026-04-13 20:20:02.855  4772-5803  CwbClient               system_server                        D  LECENT_AI::CwbClient::RGB||6||8||12, timestamp=567846883349891
2026-04-13 20:20:02.921  4772-5803  CwbClient               system_server                        D  LECENT_AI::CwbClient::RGB||6||8||12, timestamp=567846949966037
2026-04-13 20:20:02.927  6930-9360  CommonApp-164-10518     com.oplus.subsys                     D  transport layer data is invalid
2026-04-13 20:20:02.927  6930-9360  ScorePolicy             com.oplus.subsys                     D  handleScoreChanged: []
2026-04-13 20:20:02.927  6930-9360  ScorePolicy             com.oplus.subsys                     D  handleScoreChanged: []
2026-04-13 20:20:02.927  6930-9360  ScorePolicy             com.oplus.subsys                     D  handleScoreChanged: []
2026-04-13 20:20:02.938 10807-10807 TooltipLifecycleManager com...gle.android.inputmethod.latin  W  TooltipLifecycleManager.dismissTooltips():153 Tooltip with id spell_check_add_to_dictionary not found in tooltipManager.
2026-04-13 20:20:02.984  4037-4037  synaLib                 touchDaemon                          I  tcm: STATUS: Enter DOZE mode
2026-04-13 20:20:02.996  4772-5803  CwbClient               system_server                        D  LECENT_AI::CwbClient::RGB||6||8||12, timestamp=567847024856975
2026-04-13 20:20:03.009  2885-5756  sensors-hal             and...ware.sensors-service.multihal  I  handle_oplus_wise_rgb_event:191, wise_rgb: (r, g, b, c)[801.73, 532.37, 207.78, 1255.06],(r2,g2,b2,c2)[[0.00, 0.00, 0.00, 0.00], algo:2.0, flag :0
2026-04-13 20:20:03.009  2885-5756  sensors-hal             and...ware.sensors-service.multihal  I  handle_oplus_wise_rgb_event:217, high_pwm_light:lux 10.0,cct 5300.0,brl/algo/ir 583.0/2.0/114.3,pwm/dc 0.0/0.0,rgbc 801.727234/532.373718/207.780563/1255.063721,ts 567847033175009,cnt 12815,flag 0
2026-04-13 20:20:03.009  4772-5773  AI_FusionLightNextGen   system_server                        D  LECENT_AI::RunArith AVG_RGB:/52/54/57
2026-04-13 20:20:03.009  4772-5773  AI_FusionLightNextGen   system_server                        D  LECENT_AI::RunArith RGB:/6/8/12
2026-04-13 20:20:03.010  4772-5773  FusionLightNextGen      system_server                        D  calculate_silibals_compensation_value: comped_ir_ratio =  0.152786 comped_lux = 1.00092
2026-04-13 20:20:03.010  4772-5773  FusionLightNextGen      system_server                        D  LECENT_AI::raw_lux -1.0, raw_cct -1.0, r/g/b/c: 801.7/532.4/207.8/1255.1, compensate r/g/b/c: 142.40/61.24/34.45/182.36 bri 583.0, lux: 0.000000, cct: -1.0, comped_lux:0.000 comped_cct:-1 ir: 0.152786, cnt: 0
2026-04-13 20:20:03.010  4772-5773  CwbClient               system_server                        I  setCWBDisplayType set mFeatureID = CWB_RGB_VALUE
2026-04-13 20:20:03.027  2992-3084  BatteryChargeControl    ven....hardware.charger-V10-service  D  bcc get no support from charging protocol
2026-04-13 20:20:03.032  4772-5780  AlarmManager            system_server                        V  sending alarm Alarm{1fba79e type 1 origWhen 1776104403032 whenElapsed 567847060 android} uid 1000 whenElapsed 567847060 windowLength 0 maxWhenElapsed 567847060 repeatInterval 0 action null component null tag StorgaeBandInfoAlarmTag flags 0x9 procName system_server
2026-04-13 20:20:03.032  4772-14108 OplusStora...SBandwidth system_server                        E  storage_io_metrics_path is /proc/oplus_storage/io_metrics/forever/
2026-04-13 20:20:03.032  4772-14108 OplusStora...SBandwidth system_server                        E  Bandwidth - Read: 1,50 MB/s, Write: 0,50 MB/s
2026-04-13 20:20:03.032  4772-14108 OplusStora...SBandwidth system_server                        E  Task time: 0ms
2026-04-13 20:20:03.033  4772-14108 OplusStora...SBandwidth system_server                        E  Alarm set to trigger in 10 seconds
2026-04-13 20:20:03.035  4037-4037  OplusTouchDaemon        touchDaemon                          I  ts_run_service: shellback temperature updated 31 (31763)
2026-04-13 20:20:03.055 28915-28934 SmartSideb...ValueProxy com.coloros.smartsidebar:ui          D  (main)getOverlayShowVideoAssistant edge_panel_video_assistant =-1
2026-04-13 20:20:03.056  4772-7338  FlexibleTaskController  system_server                        D  check task which not have enough child, isInSingleWhiteList:false isCloneTask:false
2026-04-13 20:20:03.056 28915-28915 VideoAssistantUtils     com.coloros.smartsidebar:ui          D  isInSplitScreenMode  === :false
2026-04-13 20:20:03.057  4772-7338  FlexibleTaskController  system_server                        D  check task which not have enough child, isInSingleWhiteList:false isCloneTask:false
2026-04-13 20:20:03.057 28915-28934 SmartSideb...PanelUtils com.coloros.smartsidebar:ui          D  (main)getTopAppInfo() result: ApplicationInfo{96aba8d com.max.aiassistant}
2026-04-13 20:20:03.057 28915-28934 SmartSideb...PanelUtils com.coloros.smartsidebar:ui          D  (main)getTopPkg() pkg: com.*****.aiassistant
2026-04-13 20:20:03.057  4772-7338  ContentService          system_server                        W  Observer is already registered. Pid is 28915
2026-04-13 20:20:03.057 28915-28934 SmartSideb...tPanelView com.coloros.smartsidebar:ui          D  (main)Registered app status observer for: com.max.aiassistant
2026-04-13 20:20:03.057 28915-28934 SmartSideb...tusManager com.coloros.smartsidebar:ui          D  (main)isAppEnabled: com.max.aiassistant = true
2026-04-13 20:20:03.071  4772-5803  CwbClient               system_server                        D  LECENT_AI::CwbClient::RGB||6||8||12, timestamp=567847099811245
2026-04-13 20:20:03.078  7575-7605  max.aiassistant         com.max.aiassistant                  W  Cleared Reference was only reachable from finalizer (only reported once)
2026-04-13 20:20:03.089  7575-7575  DynamicFra...nagerImpl] com.max.aiassistant                  E  setFrameRateInternalForWindow: TIMING_DO_WINDOW_ANIMATION request is = FrameRateRequest: {  mUniqueID = 109573435, mVelocity = -2, mPreviousFrameRate = 120, mBindWithSC = true, mSc = Surface(name=Surface(name=9a9849d InputMethod)/@0xe18585e - animation-leash of insets_animation)/@0x687f53b, mTransaction = android.view.SurfaceControl$Transaction@67afed, Type = 20103 } , frameRate 0
2026-04-13 20:20:03.089  4772-7338  OplusWindo...iceEnhance system_server                        D  setInsetAnimationTid: pid 7575 ,tid 7575 ,enable false ,uafEnable true
2026-04-13 20:20:03.089  7575-7575  ImeTracker              com.max.aiassistant                  I  com.max.aiassistant:5320d37: onShown
2026-04-13 20:20:03.092  7575-7676  HWUI                    com.max.aiassistant                  D  SkiaVulkanPipeline::setSurface: this=0xb40000729ae50b80, surface=NULL
2026-04-13 20:20:03.092  7575-7676  HWUI                    com.max.aiassistant                  D  SkiaVulkanPipeline::setSurface: this=0xb40000729ae53c40, surface=NULL
2026-04-13 20:20:03.092  7575-7676  HWUI                    com.max.aiassistant                  D  SkiaVulkanPipeline::setSurface: this=0xb400007292cd7d80, surface=NULL
2026-04-13 20:20:03.093  7575-7676  HWUI                    com.max.aiassistant                  D  SkiaVulkanPipeline::setSurface: this=0xb40000732ea11c40, surface=NULL
2026-04-13 20:20:03.096  3131-3131  VRR [Refre...eDirector] surfaceflinger                       D  requestRefreshRate delete [ version-3-window-animation_52241, 0 ]
2026-04-13 20:20:03.096  3131-3715  VRR [Refre...eDirector] surfaceflinger                       D  updateBestFrameRate [default, {fps=120, modePtr={id=8, vsyncRate=120.00 Hz, peakRefreshRate=120.00 Hz}}]
2026-04-13 20:20:03.096  3131-3715  SurfaceFlinger          surfaceflinger                       D  VRR [SurfaceFlinger] setDesiredActiveMode: displayId: 4630947180293509523, renderRate: 120, vsyncRate: 120, event: 1
2026-04-13 20:20:03.096  3131-3715  DisplayModeController   surfaceflinger                       D  setDesiredMode 4630947180293509523 {mode={fps=120.00 Hz, modePtr={id=8, vsyncRate=120.00 Hz, peakRefreshRate=120.00 Hz}}, emitEvent=true, force=false}
2026-04-13 20:20:03.216  2885-5756  sensors-hal             and...ware.sensors-service.multihal  I  handle_oplus_wise_rgb_event:191, wise_rgb: (r, g, b, c)[801.73, 532.37, 207.78, 1255.06],(r2,g2,b2,c2)[[0.00, 0.00, 0.00, 0.00], algo:2.0, flag :0
2026-04-13 20:20:03.248  4772-5803  CwbClient               system_server                        D  LECENT_AI::CwbClient::RGB||6||8||12, timestamp=567847276904579
2026-04-13 20:20:03.358 28915-28934 SmartSideb...ValueProxy com.coloros.smartsidebar:ui          D  (main)getOverlayShowVideoAssistant edge_panel_video_assistant =-1
2026-04-13 20:20:03.359  4772-7308  FlexibleTaskController  system_server                        D  check task which not have enough child, isInSingleWhiteList:false isCloneTask:false
2026-04-13 20:20:03.359 28915-28915 VideoAssistantUtils     com.coloros.smartsidebar:ui          D  isInSplitScreenMode  === :false
2026-04-13 20:20:03.360  4772-7308  FlexibleTaskController  system_server                        D  check task which not have enough child, isInSingleWhiteList:false isCloneTask:false
2026-04-13 20:20:03.360 28915-28934 SmartSideb...PanelUtils com.coloros.smartsidebar:ui          D  (main)getTopAppInfo() result: ApplicationInfo{d569442 com.max.aiassistant}
2026-04-13 20:20:03.360 28915-28934 SmartSideb...PanelUtils com.coloros.smartsidebar:ui          D  (main)getTopPkg() pkg: com.*****.aiassistant
2026-04-13 20:20:03.361  4772-7308  ContentService          system_server                        W  Observer is already registered. Pid is 28915
2026-04-13 20:20:03.361 28915-28934 SmartSideb...tPanelView com.coloros.smartsidebar:ui          D  (main)Registered app status observer for: com.max.aiassistant
2026-04-13 20:20:03.361 28915-28934 SmartSideb...tusManager com.coloros.smartsidebar:ui          D  (main)isAppEnabled: com.max.aiassistant = true
2026-04-13 20:20:03.424  2885-5756  sensors-hal             and...ware.sensors-service.multihal  I  handle_oplus_wise_rgb_event:191, wise_rgb: (r, g, b, c)[801.73, 504.35, 207.78, 1227.78],(r2,g2,b2,c2)[[0.00, 0.00, 0.00, 0.00], algo:2.0, flag :0
2026-04-13 20:20:03.424  4772-5773  AI_FusionLightNextGen   system_server                        D  LECENT_AI::RunArith AVG_RGB:/52/54/57
2026-04-13 20:20:03.424  4772-5773  AI_FusionLightNextGen   system_server                        D  LECENT_AI::RunArith RGB:/6/8/12
2026-04-13 20:20:03.428  4772-5773  FusionLightNextGen      system_server                        D  calculate_silibals_compensation_value: comped_ir_ratio =  0.180501 comped_lux = 0.59172
2026-04-13 20:20:03.428  4772-5773  FusionLightNextGen      system_server                        D  LECENT_AI::raw_lux -1.0, raw_cct -1.0, r/g/b/c: 801.7/504.4/207.8/1227.8, compensate r/g/b/c: 142.40/33.24/34.45/154.36 bri 583.0, lux: 0.000000, cct: -1.0, comped_lux:0.000 comped_cct:-1 ir: 0.180501, cnt: 0
2026-04-13 20:20:03.428  4772-5773  CwbClient               system_server                        I  setCWBDisplayType set mFeatureID = CWB_RGB_VALUE
2026-04-13 20:20:03.538  4037-4037  synaLib                 touchDaemon                          I  tcm: STATUS: Exit DOZE mode
2026-04-13 20:20:03.538  4037-4037  OplusTouchDaemon        touchDaemon                          E  [prevent][curved_large_handle_V2][3008]: id:0 pos:1 center_down:1 (14110 32800)(0 0 0 0) 
2026-04-13 20:20:03.538  4037-4037  OplusTouchDaemon        touchDaemon                          E  [touchEvent][ts_report_touch_data][649]: first touch point id 0 [14110 32800    5    0    0    0    0]
2026-04-13 20:20:03.540  4772-6213  GestureLog...erDetector system_server                        D  onTouchEvent------>start, mCurNumPointers=1, mCurrStatus=0 mIsDownIntervalTimeout=true, action=0 downTime=158874080 deviceId=6
2026-04-13 20:20:03.540  4772-4954  PowerManagerService     system_server                        D  userActivityNoUpdateLocked: groupId=0, eventTime=158874080, event=touch, flags=0x0, uid=1000
2026-04-13 20:20:03.540  4772-6489  [UAH_CLIENT]            system_server                        I  UahEventAcquire, cmdid:37, pkg:none, identity:OplusUAwareInputHelper
2026-04-13 20:20:03.540  4772-4954  PowerManagerService     system_server                        D  userActivityNoUpdateLocked: groupId=0, eventTime=158874080, event=touch, flags=0x0, uid=1000
2026-04-13 20:20:03.540 10807-10807 DynamicFra...peedAware] com...gle.android.inputmethod.latin  I  onEventHandled: info: InputEventInfo: mX = 0, mY = 0, mAction = 0, mVsyncTime = 158874085, mIsMoving = true, mUpdated = true
2026-04-13 20:20:03.541 10807-10807 IJankManager            com...gle.android.inputmethod.latin  E  slideSceneEnd unknown scene 1000 mScene:-1
2026-04-13 20:20:03.541 10807-10807 AutofillManager         com...gle.android.inputmethod.latin  V  requestHideFillUi(null): anchor = null
2026-04-13 20:20:03.541 10807-10807 AutofillManager         com...gle.android.inputmethod.latin  V  No AutofillClient for com.google.android.inputmethod.latin on context com.android.inputmethod.latin.LatinIME@eedfce
2026-04-13 20:20:03.563  2888-3927  WifiHAL                 android.hardware.wifi-service        I  event received NL80211_CMD_VENDOR, vendor_id = 0x1374, subcmd = 0xb6
2026-04-13 20:20:03.563  3850-3850  cnss-daemon             cnss-daemon                          I  nl80211 response handler invoked
2026-04-13 20:20:03.563  3850-3850  cnss-daemon             cnss-daemon                          I  nl80211_response_handler: cmd 103, vendorID 4980, subcmd 182  received
2026-04-13 20:20:03.566  4772-6187  OplusWifiP...akeupStats system_server                        D  IPV4_UDP_Packet wake up count 2
2026-04-13 20:20:03.586  4037-4037  OplusTouchDaemon        touchDaemon                          E  [prevent][curved_large_handle_V2][3082]: up id(0) status: 1, 1, 1, 0.
2026-04-13 20:20:03.587  4772-6489  UAH-UahAdaptHelper      system_server                        D  adaptSetNotification identity = OplusUAwareInputHelpersrc = 1000 , type 1 ,p1 = -1 ,p2 = -1 ,p3 = -1 ,p4 =
2026-04-13 20:20:03.587  4772-6489  [UAH_CLIENT]            system_server                        I  uahRuleCtl, ruleId:1000, status:1
2026-04-13 20:20:03.587 10807-10807 DynamicFra...peedAware] com...gle.android.inputmethod.latin  I  onEventHandled: info: InputEventInfo: mX = 0, mY = 0, mAction = 1, mVsyncTime = 158874132, mIsMoving = false, mUpdated = true
2026-04-13 20:20:03.587 10807-10807 OplusViewD...ViewHelper com...gle.android.inputmethod.latin  D  dispatchTouchView action = 1
2026-04-13 20:20:03.588 10807-10807 ViewRootImplExtImpl     com...gle.android.inputmethod.latin  D  the up motion event handled by client, just return
2026-04-13 20:20:03.602 10807-10807 JarvisAcce...ModeHelper com...gle.android.inputmethod.latin  I  JarvisAccessPointCooperativeModeHelper.consumeEvent():188 consumeEvent: keyCode=-20004, data=INSERT_CHARACTER
2026-04-13 20:20:03.602 10807-10807 JarvisAcce...ModeHelper com...gle.android.inputmethod.latin  I  JarvisAccessPointCooperativeModeHelper.updateEndExtraAccessPoint():411 isVoiceActive=false, isEmojifyAvailable=false, isAccessPointSupported=true, isCandidatesViewShown=false, isShownInBar=true, isAccessPointEnabled=true, isAccessPointDependencyReady=true, hasInputContext=true
2026-04-13 20:20:03.602 10807-10807 LatinPrimeKeyboard      com...gle.android.inputmethod.latin  W  LatinPrimeKeyboard.consumeEvent():390 consumeEvent() : UPDATE_DYNAMIC_KEYS, no dynamic layout
2026-04-13 20:20:03.613 10807-10807 ProactiveS...derManager com...gle.android.inputmethod.latin  I  ProactiveSuggestionsHolderManager$displaySuggestionsListener$1.display():211 Requesting to show proactive suggestions: UNDO PREEMPTIVE_WITH_SUPPRESSION
2026-04-13 20:20:03.613 10807-10807 KeyboardModeUtils       com...gle.android.inputmethod.latin  I  KeyboardModeUtils.getKeyboardBottomOffset():432 inch: 0.000000 ydpi: 380.514648 adjustKeyboardBottomByDisplaySize: false currentDensityDpi: 480 defaultDensityDpi: 480 keyboardBottomToScreenPx: 0 keyboardBottomToNavBarPx: -132 navBarHeight: 132
2026-04-13 20:20:03.614 10807-10807 BaseKeyboardSizeHelper  com...gle.android.inputmethod.latin  I  BaseKeyboardSizeHelper.calculateMaxKeyboardBodyHeight():73 leave 291 height for app when ime window height:2100, header height:132 and isFullscreenMode:false, so the max keyboard body height is:1677
2026-04-13 20:20:03.614 10807-10807 BaseKeyboardSizeHelper  com...gle.android.inputmethod.latin  I  BaseKeyboardSizeHelper.calculateMaxKeyboardBodyHeight():73 leave 291 height for app when ime window height:2100, header height:132 and isFullscreenMode:false, so the max keyboard body height is:1677
2026-04-13 20:20:03.617 10807-10807 KeyboardModeUtils       com...gle.android.inputmethod.latin  I  KeyboardModeUtils.getKeyboardBottomOffset():432 inch: 0.000000 ydpi: 380.514648 adjustKeyboardBottomByDisplaySize: false currentDensityDpi: 480 defaultDensityDpi: 480 keyboardBottomToScreenPx: 0 keyboardBottomToNavBarPx: -132 navBarHeight: 132
2026-04-13 20:20:03.617 10807-10807 BaseKeyboardSizeHelper  com...gle.android.inputmethod.latin  I  BaseKeyboardSizeHelper.calculateMaxKeyboardBodyHeight():73 leave 291 height for app when ime window height:2100, header height:132 and isFullscreenMode:false, so the max keyboard body height is:1677
2026-04-13 20:20:03.617 10807-10807 BaseKeyboardSizeHelper  com...gle.android.inputmethod.latin  I  BaseKeyboardSizeHelper.calculateMaxKeyboardBodyHeight():73 leave 291 height for app when ime window height:2100, header height:132 and isFullscreenMode:false, so the max keyboard body height is:1677
2026-04-13 20:20:03.631  2885-5756  sensors-hal             and...ware.sensors-service.multihal  I  handle_oplus_wise_rgb_event:191, wise_rgb: (r, g, b, c)[801.73, 504.35, 207.78, 1255.06],(r2,g2,b2,c2)[[0.00, 0.00, 0.00, 0.00], algo:2.0, flag :0
2026-04-13 20:20:03.632 10807-10807 KeyboardViewController  com...gle.android.inputmethod.latin  I  KeyboardViewController.showSelfAndAncestors():651 current view doesn't has the priority com.google.android.apps.inputmethod.latin.keyboard.widget.LatinFixedCountCandidatesHolderView{9775311 I.E...... ......ID 0,0-816,132 #7f0b14f9 app:id/softkey_holder_fixed_candidates alpha=1.0 viewInfo = } to show itself, PREEMPTIVE
2026-04-13 20:20:03.634 10807-10807 KeyboardModeUtils       com...gle.android.inputmethod.latin  I  KeyboardModeUtils.getKeyboardBottomOffset():432 inch: 0.000000 ydpi: 380.514648 adjustKeyboardBottomByDisplaySize: false currentDensityDpi: 480 defaultDensityDpi: 480 keyboardBottomToScreenPx: 0 keyboardBottomToNavBarPx: -132 navBarHeight: 132
2026-04-13 20:20:03.634 10807-10807 BaseKeyboardSizeHelper  com...gle.android.inputmethod.latin  I  BaseKeyboardSizeHelper.calculateMaxKeyboardBodyHeight():73 leave 291 height for app when ime window height:2100, header height:132 and isFullscreenMode:false, so the max keyboard body height is:1677
2026-04-13 20:20:03.634 10807-10807 BaseKeyboardSizeHelper  com...gle.android.inputmethod.latin  I  BaseKeyboardSizeHelper.calculateMaxKeyboardBodyHeight():73 leave 291 height for app when ime window height:2100, header height:132 and isFullscreenMode:false, so the max keyboard body height is:1677
2026-04-13 20:20:03.662 28915-28934 SmartSideb...ValueProxy com.coloros.smartsidebar:ui          D  (main)getOverlayShowVideoAssistant edge_panel_video_assistant =-1
2026-04-13 20:20:03.662  4772-7338  FlexibleTaskController  system_server                        D  check task which not have enough child, isInSingleWhiteList:false isCloneTask:false
2026-04-13 20:20:03.663 28915-28915 VideoAssistantUtils     com.coloros.smartsidebar:ui          D  isInSplitScreenMode  === :false
2026-04-13 20:20:03.663  4772-7338  FlexibleTaskController  system_server                        D  check task which not have enough child, isInSingleWhiteList:false isCloneTask:false
2026-04-13 20:20:03.663 28915-28934 SmartSideb...PanelUtils com.coloros.smartsidebar:ui          D  (main)getTopAppInfo() result: ApplicationInfo{c156c53 com.max.aiassistant}
2026-04-13 20:20:03.663 28915-28934 SmartSideb...PanelUtils com.coloros.smartsidebar:ui          D  (main)getTopPkg() pkg: com.*****.aiassistant
2026-04-13 20:20:03.664  4772-7338  ContentService          system_server                        W  Observer is already registered. Pid is 28915
2026-04-13 20:20:03.664 28915-28934 SmartSideb...tPanelView com.coloros.smartsidebar:ui          D  (main)Registered app status observer for: com.max.aiassistant
2026-04-13 20:20:03.664 28915-28934 SmartSideb...tusManager com.coloros.smartsidebar:ui          D  (main)isAppEnabled: com.max.aiassistant = true
2026-04-13 20:20:03.670  4772-5803  CwbClient               system_server                        D  LECENT_AI::CwbClient::RGB||6||8||12, timestamp=567847698983693
2026-04-13 20:20:03.746 10807-10807 KeyboardViewController  com...gle.android.inputmethod.latin  I  KeyboardViewController.showSelfAndAncestors():651 current view doesn't has the priority com.google.android.libraries.inputmethod.accesspoint.widget.AccessPointsBar{23a1f61 I.E...... ......ID 0,0-816,132 #7f0b00a2 app:id/0_resource_name_obfuscated alpha=1.0 viewInfo = } to show itself, DEFAULT
2026-04-13 20:20:03.770 10188-10680 gaia-GaiaConnectChecker com.oplus.olc                        D  start connect check++
2026-04-13 20:20:03.838  2885-5756  sensors-hal             and...ware.sensors-service.multihal  I  handle_oplus_wise_rgb_event:191, wise_rgb: (r, g, b, c)[801.73, 532.37, 207.78, 1255.06],(r2,g2,b2,c2)[[0.00, 0.00, 0.00, 0.00], algo:2.0, flag :0
2026-04-13 20:20:03.839  4772-5773  AI_FusionLightNextGen   system_server                        D  LECENT_AI::RunArith AVG_RGB:/52/54/57
2026-04-13 20:20:03.839  4772-5773  AI_FusionLightNextGen   system_server                        D  LECENT_AI::RunArith RGB:/6/8/12
2026-04-13 20:20:03.842  4772-5773  FusionLightNextGen      system_server                        D  calculate_silibals_compensation_value: comped_ir_ratio =  0.152786 comped_lux = 1.00092
2026-04-13 20:20:03.843  4772-5773  FusionLightNextGen      system_server                        D  LECENT_AI::raw_lux -1.0, raw_cct -1.0, r/g/b/c: 801.7/532.4/207.8/1255.1, compensate r/g/b/c: 142.40/61.24/34.45/182.36 bri 583.0, lux: 0.000000, cct: -1.0, comped_lux:0.000 comped_cct:-1 ir: 0.152786, cnt: 0
2026-04-13 20:20:03.843  4772-5773  CwbClient               system_server                        I  setCWBDisplayType set mFeatureID = CWB_RGB_VALUE
2026-04-13 20:20:03.871  4772-5803  CwbClient               system_server                        D  LECENT_AI::CwbClient::RGB||6||8||12, timestamp=567847899108068
2026-04-13 20:20:03.890  4037-4037  synaLib                 touchDaemon                          I  tcm: STATUS: Enter DOZE mode
2026-04-13 20:20:03.951  6930-9360  CommonApp-164-10518     com.oplus.subsys                     D  transport layer data is invalid
2026-04-13 20:20:03.951  6930-9360  ScorePolicy             com.oplus.subsys                     D  handleScoreChanged: []
2026-04-13 20:20:03.951  6930-9360  ScorePolicy             com.oplus.subsys                     D  handleScoreChanged: []
2026-04-13 20:20:03.951  6930-9360  ScorePolicy             com.oplus.subsys                     D  handleScoreChanged: []
2026-04-13 20:20:03.965 28915-28934 SmartSideb...ValueProxy com.coloros.smartsidebar:ui          D  (main)getOverlayShowVideoAssistant edge_panel_video_assistant =-1
2026-04-13 20:20:03.965  4772-7308  FlexibleTaskController  system_server                        D  check task which not have enough child, isInSingleWhiteList:false isCloneTask:false
2026-04-13 20:20:03.966 28915-28915 VideoAssistantUtils     com.coloros.smartsidebar:ui          D  isInSplitScreenMode  === :false
2026-04-13 20:20:03.966  4772-7308  FlexibleTaskController  system_server                        D  check task which not have enough child, isInSingleWhiteList:false isCloneTask:false
2026-04-13 20:20:03.966 28915-28934 SmartSideb...PanelUtils com.coloros.smartsidebar:ui          D  (main)getTopAppInfo() result: ApplicationInfo{7529990 com.max.aiassistant}
2026-04-13 20:20:03.966 28915-28934 SmartSideb...PanelUtils com.coloros.smartsidebar:ui          D  (main)getTopPkg() pkg: com.*****.aiassistant
2026-04-13 20:20:03.967  4772-7338  ContentService          system_server                        W  Observer is already registered. Pid is 28915
2026-04-13 20:20:03.967 28915-28934 SmartSideb...tPanelView com.coloros.smartsidebar:ui          D  (main)Registered app status observer for: com.max.aiassistant
2026-04-13 20:20:03.967 28915-28934 SmartSideb...tusManager com.coloros.smartsidebar:ui          D  (main)isAppEnabled: com.max.aiassistant = true
2026-04-13 20:20:03.971  4772-5803  CwbClient               system_server                        D  LECENT_AI::CwbClient::RGB||6||8||12, timestamp=567847999894578
2026-04-13 20:20:04.027  3850-3850  cnss-daemon             cnss-daemon                          I  nl80211 response handler invoked
2026-04-13 20:20:04.028  3850-3850  cnss-daemon             cnss-daemon                          I  nl80211_response_handler: cmd 103, vendorID 4980, subcmd 13  received
2026-04-13 20:20:04.028  2888-3927  WifiHAL                 android.hardware.wifi-service        I  event received NL80211_CMD_VENDOR, vendor_id = 0x1374, subcmd = 0xd
2026-04-13 20:20:04.028  2992-3084  BatteryChargeControl    ven....hardware.charger-V10-service  D  bcc get no support from charging protocol
2026-04-13 20:20:04.045  2885-5756  sensors-hal             and...ware.sensors-service.multihal  I  handle_oplus_wise_rgb_event:191, wise_rgb: (r, g, b, c)[828.45, 532.37, 237.46, 1282.35],(r2,g2,b2,c2)[[0.00, 0.00, 0.00, 0.00], algo:2.0, flag :0
2026-04-13 20:20:04.073  4772-5803  CwbClient               system_server                        D  LECENT_AI::CwbClient::RGB||6||8||12, timestamp=567848100934735
2026-04-13 20:20:04.153  2912-3098  PERFHAL-PERFCTRL        ven...ti.hardware.perf2-hal-service  E  PERFHAL-PERFCTRL: chk_core_online_poll_loop() 747: poll() has timed out for /sys/kernel/msm_performance/events/cpu_hotplug
2026-04-13 20:20:04.154  2912-3098  PERFHAL-PERFCTRL        ven...ti.hardware.perf2-hal-service  E  PERFHAL-PERFCTRL: chk_core_online_poll_loop() 742: Block on poll()
2026-04-13 20:20:04.165  4772-5803  CwbClient               system_server                        D  LECENT_AI::CwbClient::RGB||6||8||12, timestamp=567848193150360
2026-04-13 20:20:04.253  2885-5756  sensors-hal             and...ware.sensors-service.multihal  I  handle_oplus_wise_rgb_event:191, wise_rgb: (r, g, b, c)[828.45, 532.37, 237.46, 1282.35],(r2,g2,b2,c2)[[0.00, 0.00, 0.00, 0.00], algo:2.0, flag :0
2026-04-13 20:20:04.254  4772-5773  AI_FusionLightNextGen   system_server                        D  LECENT_AI::RunArith AVG_RGB:/52/54/57
2026-04-13 20:20:04.254  4772-5773  AI_FusionLightNextGen   system_server                        D  LECENT_AI::RunArith RGB:/6/8/12
2026-04-13 20:20:04.258  4772-5773  FusionLightNextGen      system_server                        D  calculate_silibals_compensation_value: comped_ir_ratio =  0.204729 comped_lux = 0.94046
2026-04-13 20:20:04.258  4772-5773  FusionLightNextGen      system_server                        D  LECENT_AI::raw_lux -1.0, raw_cct -1.0, r/g/b/c: 828.5/532.4/237.5/1282.3, compensate r/g/b/c: 169.40/61.24/64.45/209.36 bri 583.0, lux: 0.000000, cct: -1.0, comped_lux:0.000 comped_cct:-1 ir: 0.204729, cnt: 0
2026-04-13 20:20:04.258  4772-5773  CwbClient               system_server                        I  setCWBDisplayType set mFeatureID = CWB_RGB_VALUE
2026-04-13 20:20:04.268 28915-28934 SmartSideb...ValueProxy com.coloros.smartsidebar:ui          D  (main)getOverlayShowVideoAssistant edge_panel_video_assistant =-1
2026-04-13 20:20:04.269  4772-7308  FlexibleTaskController  system_server                        D  check task which not have enough child, isInSingleWhiteList:false isCloneTask:false
2026-04-13 20:20:04.269 28915-28915 VideoAssistantUtils     com.coloros.smartsidebar:ui          D  isInSplitScreenMode  === :false
2026-04-13 20:20:04.270  4772-7308  FlexibleTaskController  system_server                        D  check task which not have enough child, isInSingleWhiteList:false isCloneTask:false
2026-04-13 20:20:04.270 28915-28934 SmartSideb...PanelUtils com.coloros.smartsidebar:ui          D  (main)getTopAppInfo() result: ApplicationInfo{e557289 com.max.aiassistant}
2026-04-13 20:20:04.270 28915-28934 SmartSideb...PanelUtils com.coloros.smartsidebar:ui          D  (main)getTopPkg() pkg: com.*****.aiassistant
2026-04-13 20:20:04.271  4772-7308  ContentService          system_server                        W  Observer is already registered. Pid is 28915
2026-04-13 20:20:04.271 28915-28934 SmartSideb...tPanelView com.coloros.smartsidebar:ui          D  (main)Registered app status observer for: com.max.aiassistant
2026-04-13 20:20:04.271 28915-28934 SmartSideb...tusManager com.coloros.smartsidebar:ui          D  (main)isAppEnabled: com.max.aiassistant = true
2026-04-13 20:20:04.312  4772-5803  CwbClient               system_server                        D  LECENT_AI::CwbClient::RGB||6||8||12, timestamp=567848340363537
2026-04-13 20:20:04.461  2885-5756  sensors-hal             and...ware.sensors-service.multihal  I  handle_oplus_wise_rgb_event:191, wise_rgb: (r, g, b, c)[828.45, 532.37, 237.46, 1282.35],(r2,g2,b2,c2)[[0.00, 0.00, 0.00, 0.00], algo:2.0, flag :0
2026-04-13 20:20:04.572 28915-28934 SmartSideb...ValueProxy com.coloros.smartsidebar:ui          D  (main)getOverlayShowVideoAssistant edge_panel_video_assistant =-1
2026-04-13 20:20:04.574  4772-7308  FlexibleTaskController  system_server                        D  check task which not have enough child, isInSingleWhiteList:false isCloneTask:false
2026-04-13 20:20:04.575 28915-28915 VideoAssistantUtils     com.coloros.smartsidebar:ui          D  isInSplitScreenMode  === :false
2026-04-13 20:20:04.576  4772-7308  FlexibleTaskController  system_server                        D  check task which not have enough child, isInSingleWhiteList:false isCloneTask:false
2026-04-13 20:20:04.576 28915-28934 SmartSideb...PanelUtils com.coloros.smartsidebar:ui          D  (main)getTopAppInfo() result: ApplicationInfo{23db28e com.max.aiassistant}
2026-04-13 20:20:04.576 28915-28934 SmartSideb...PanelUtils com.coloros.smartsidebar:ui          D  (main)getTopPkg() pkg: com.*****.aiassistant
2026-04-13 20:20:04.577  4772-7308  ContentService          system_server                        W  Observer is already registered. Pid is 28915
2026-04-13 20:20:04.577 28915-28934 SmartSideb...tPanelView com.coloros.smartsidebar:ui          D  (main)Registered app status observer for: com.max.aiassistant
2026-04-13 20:20:04.577 28915-28934 SmartSideb...tusManager com.coloros.smartsidebar:ui          D  (main)isAppEnabled: com.max.aiassistant = true
2026-04-13 20:20:04.587  3131-3715  VRR [OTI]               surfaceflinger                       D  handleIdle from 0 to 1
2026-04-13 20:20:04.587  3131-3715  VRR [OTI-HW]            surfaceflinger                       D  isStateReady 0
2026-04-13 20:20:04.587  3131-3715  VRR [OTI-HW]            surfaceflinger                       D  keep rate.
2026-04-13 20:20:04.666  6763-7494  DnsDomainBlock          com.oplus.nas                        D  onDnsEvent: latencyMs=0, returnCode=4, uid=10374
2026-04-13 20:20:04.668  2885-5756  sensors-hal             and...ware.sensors-service.multihal  I  handle_oplus_wise_rgb_event:191, wise_rgb: (r, g, b, c)[828.45, 532.37, 237.46, 1282.35],(r2,g2,b2,c2)[[0.00, 0.00, 0.00, 0.00], algo:2.0, flag :0
2026-04-13 20:20:04.668  4772-5773  AI_FusionLightNextGen   system_server                        D  LECENT_AI::RunArith AVG_RGB:/52/54/57
2026-04-13 20:20:04.668  4772-5773  AI_FusionLightNextGen   system_server                        D  LECENT_AI::RunArith RGB:/6/8/12
2026-04-13 20:20:04.672  4772-5773  FusionLightNextGen      system_server                        D  calculate_silibals_compensation_value: comped_ir_ratio =  0.204729 comped_lux = 0.94046
2026-04-13 20:20:04.672  4772-5773  FusionLightNextGen      system_server                        D  LECENT_AI::raw_lux -1.0, raw_cct -1.0, r/g/b/c: 828.5/532.4/237.5/1282.3, compensate r/g/b/c: 169.40/61.24/64.45/209.36 bri 583.0, lux: 0.000000, cct: -1.0, comped_lux:0.000 comped_cct:-1 ir: 0.204729, cnt: 0
2026-04-13 20:20:04.672  4772-5773  CwbClient               system_server                        I  setCWBDisplayType set mFeatureID = CWB_RGB_VALUE
2026-04-13 20:20:04.724 29473-29587 OPLUS_LOG_LOAD          com.oplus.camera                     W  ==LOGS PROG INFO, prog(com.oplus.camera) ==
2026-04-13 20:20:04.724 29473-29587 APS_ALOG                com.oplus.camera                     I  flushRoutine g_immediateFlush=0 g_pendingCount=0 g_oobCount=0
2026-04-13 20:20:04.803  4772-5803  CwbClient               system_server                        D  LECENT_AI::CwbClient::RGB||6||8||12, timestamp=567848832024161
2026-04-13 20:20:04.816  6763-7494  OplusLinkB...eneManager com.oplus.nas                        D  handleAppSceneChange: live broadcast off
2026-04-13 20:20:04.876  2885-5756  sensors-hal             and...ware.sensors-service.multihal  I  handle_oplus_wise_rgb_event:191, wise_rgb: (r, g, b, c)[801.73, 532.37, 207.78, 1255.06],(r2,g2,b2,c2)[[0.00, 0.00, 0.00, 0.00], algo:2.0, flag :0
2026-04-13 20:20:04.878 28915-28934 SmartSideb...ValueProxy com.coloros.smartsidebar:ui          D  (main)getOverlayShowVideoAssistant edge_panel_video_assistant =-1
2026-04-13 20:20:04.878  4772-7308  FlexibleTaskController  system_server                        D  check task which not have enough child, isInSingleWhiteList:false isCloneTask:false
2026-04-13 20:20:04.879 28915-28915 VideoAssistantUtils     com.coloros.smartsidebar:ui          D  isInSplitScreenMode  === :false
2026-04-13 20:20:04.879  4772-7308  FlexibleTaskController  system_server                        D  check task which not have enough child, isInSingleWhiteList:false isCloneTask:false
2026-04-13 20:20:04.880 28915-28934 SmartSideb...PanelUtils com.coloros.smartsidebar:ui          D  (main)getTopAppInfo() result: ApplicationInfo{8807aaf com.max.aiassistant}
2026-04-13 20:20:04.880 28915-28934 SmartSideb...PanelUtils com.coloros.smartsidebar:ui          D  (main)getTopPkg() pkg: com.*****.aiassistant
2026-04-13 20:20:04.880  4772-7308  ContentService          system_server                        W  Observer is already registered. Pid is 28915
2026-04-13 20:20:04.881 28915-28934 SmartSideb...tPanelView com.coloros.smartsidebar:ui          D  (main)Registered app status observer for: com.max.aiassistant
2026-04-13 20:20:04.881 28915-28934 SmartSideb...tusManager com.coloros.smartsidebar:ui          D  (main)isAppEnabled: com.max.aiassistant = true
2026-04-13 20:20:04.904  4772-5803  CwbClient               system_server                        D  LECENT_AI::CwbClient::RGB||6||8||12, timestamp=567848932752391
2026-04-13 20:20:04.906  6930-7488  RadioProxyJ[0]          com.oplus.subsys                     D  [37672]> getRRCStatus
2026-04-13 20:20:04.907  3487-3609  QmiNasClient            subsys_daemon                        D  getRRCStatus - enter
2026-04-13 20:20:04.909  3487-5194  QmiNasClient            subsys_daemon                        D  getRRCStatus callback - enter
2026-04-13 20:20:04.909  3487-5194  QmiNasClient            subsys_daemon                        D  getRRCStatus result.rsp.rrcStatusInfo.rrcStatus = 0
2026-04-13 20:20:04.909  3487-3609  NasProxy                subsys_daemon                        D  handleMessage msg is 4001
2026-04-13 20:20:04.909  3487-3609  RadioProxy              subsys_daemon                        D  getRRCStatus : response cb for instance 0
2026-04-13 20:20:04.909  6930-17269 RadioProxyJ[0]          com.oplus.subsys                     D  [37672]< getRRCStatusResponse 0
2026-04-13 20:20:04.909  6930-7488  CoexRfService           com.oplus.subsys                     D  report RRC state:false
2026-04-13 20:20:04.976  6930-9360  CommonApp-164-10518     com.oplus.subsys                     D  transport layer data is invalid
2026-04-13 20:20:04.976  6930-9360  ScorePolicy             com.oplus.subsys                     D  handleScoreChanged: []
2026-04-13 20:20:04.976  6930-9360  ScorePolicy             com.oplus.subsys                     D  handleScoreChanged: []
2026-04-13 20:20:04.976  6930-9360  ScorePolicy             com.oplus.subsys                     D  handleScoreChanged: []
2026-04-13 20:20:05.005  4772-5803  CwbClient               system_server                        D  LECENT_AI::CwbClient::RGB||6||8||12, timestamp=567849033675255
2026-04-13 20:20:05.029  2992-3084  BatteryChargeControl    ven....hardware.charger-V10-service  D  bcc get no support from charging protocol
2026-04-13 20:20:05.032  4772-5780  AlarmManager            system_server                        V  sending alarm Alarm{52fb295 type 1 origWhen 1776104405032 whenElapsed 567849060 android} uid 1000 whenElapsed 567849060 windowLength 0 maxWhenElapsed 567849060 repeatInterval 0 action null component null tag StorgaeBandInfoAlarmTag flags 0x9 procName system_server
2026-04-13 20:20:05.033  4772-14108 OplusStora...SBandwidth system_server                        E  storage_io_metrics_path is /proc/oplus_storage/io_metrics/forever/
2026-04-13 20:20:05.033  4772-14108 OplusStora...SBandwidth system_server                        E  Bandwidth - Read: 5,50 MB/s, Write: 0,00 MB/s
2026-04-13 20:20:05.033  4772-14108 OplusStora...SBandwidth system_server                        E  Task time: 1ms
2026-04-13 20:20:05.034  4772-14108 OplusStora...SBandwidth system_server                        E  Alarm set to trigger in 10 seconds
2026-04-13 20:20:05.083  2885-5756  sensors-hal             and...ware.sensors-service.multihal  I  handle_oplus_wise_rgb_event:191, wise_rgb: (r, g, b, c)[801.73, 532.37, 207.78, 1255.06],(r2,g2,b2,c2)[[0.00, 0.00, 0.00, 0.00], algo:2.0, flag :0
2026-04-13 20:20:05.083  2885-5756  sensors-hal             and...ware.sensors-service.multihal  I  handle_oplus_wise_rgb_event:217, high_pwm_light:lux 10.0,cct 5300.0,brl/algo/ir 583.0/2.0/114.3,pwm/dc 0.0/0.0,rgbc 801.727234/532.373718/207.780563/1255.063721,ts 567849106575374,cnt 12825,flag 0
2026-04-13 20:20:05.084  4772-5773  AI_FusionLightNextGen   system_server                        D  LECENT_AI::RunArith AVG_RGB:/52/54/57
2026-04-13 20:20:05.084  4772-5773  AI_FusionLightNextGen   system_server                        D  LECENT_AI::RunArith RGB:/6/8/12
2026-04-13 20:20:05.087  4772-5773  FusionLightNextGen      system_server                        D  calculate_silibals_compensation_value: comped_ir_ratio =  0.152786 comped_lux = 1.00092
