2026-04-16 21:30:39.791  2889-9368  PAL: ResourceManager    audiohalservice.qti                  D  getECEnableSetting: 3239:  : Enter
2026-04-16 21:30:39.791  2889-9368  PAL: ResourceManager    audiohalservice.qti                  D  getECEnableSetting: 3259: stream type: 10, deviceid: 29, custom key: 
2026-04-16 21:30:39.791  2889-9368  PAL: ResourceManager    audiohalservice.qti                  D  getECEnableSetting: 3289: ec_enable_setting:0, status:0
2026-04-16 21:30:39.791  2889-9368  PAL: ResourceManager    audiohalservice.qti                  E  checkandEnableECForTXStream_l: 3324: EC is disabled for usecase 10 of device 29.
2026-04-16 21:30:39.791  2889-9368  PAL: ResourceManager    audiohalservice.qti                  D  checkandEnableECForTXStream_l: 3367: Exit. status: 0
2026-04-16 21:30:39.791  2889-9368  PAL: ResourceManager    audiohalservice.qti                  D  checkandEnableEC_l: 3528: Exit. status: 0
2026-04-16 21:30:39.791  2889-9368  PAL: ResourceManager    audiohalservice.qti                  D  deregisterDevice: 3624: Exit.
2026-04-16 21:30:39.791  2889-9368  PAL: StreamPCM          audiohalservice.qti                  E  stop: 779: In PAL_AUDIO_INPUT case, device count - 1
2026-04-16 21:30:39.791  2889-9368  PAL: Device             audiohalservice.qti                  D  stop_l: 514: Enter. deviceCount 1 deviceStartStopCount 1 for device id 29 (PAL_DEVICE_IN_HANDSET_MIC)
2026-04-16 21:30:39.791  2889-9368  PAL_OplusRecordListener audiohalservice.qti                  D  recordStateChanged: 295: mState 2, newState 1
2026-04-16 21:30:39.791  2889-9368  PAL: SessionAlsaPcm     audiohalservice.qti                  D  stop: 1446: Enter
2026-04-16 21:30:39.791  2889-9368  AGM: graph              audiohalservice.qti                  D  graph_stop: 1063 entry graph_handle 0x147534c
2026-04-16 21:30:39.791  2889-9368  gsl                     audiohalservice.qti                  I  gsl_send_spf_cmd:221 sending pkt opcode 0x1001003 token 0x1448c000
2026-04-16 21:30:39.791  9994-10238 ALT.ProcStartTime       com.google.android.tts               I  #audio# close processor(fso@9370322)
2026-04-16 21:30:39.792  9994-8106  AudioInputStreamProduce com.google.android.tts               W  #audio# read failed: read EOF from AudioAccessor.
2026-04-16 21:30:39.792  9994-8095  AudioInputStreamProduce com.google.android.tts               W  #audio# read failed: read EOF from AudioAccessor.
2026-04-16 21:30:39.792  9994-8095  SodaAudioPusher         com.google.android.tts               I  Sending end of audio to Soda.
2026-04-16 21:30:39.792  9994-10265 AudioLibraryAudioContro com.google.android.tts               I  Audio focus releasing status: RELEASED
2026-04-16 21:30:39.792  9994-10265 SodaSpeechRecognizer    com.google.android.tts               I  Audio process finished, transcription completed.
2026-04-16 21:30:39.792  9994-9405  native                  com.google.android.tts               I  I0000 00:00:1776367839.792297    9405 audio_provider_reader.cc:179] Got end of data in: micsreader
2026-04-16 21:30:39.792  9994-9374  native                  com.google.android.tts               I  I0000 00:00:1776367839.792472    9374 soda_async_impl.cc:1038] SODA stopped processing audio, mics audio processed in millis: 2440, loopback audio processed in millis: 0
2026-04-16 21:30:39.792  9994-9374  native                  com.google.android.tts               I  I0000 00:00:1776367839.792582    9374 soda_async_impl.cc:1050] Audio readers are stopped.
2026-04-16 21:30:39.792  9994-10254 ALT.AudioEventsHolder   com.google.android.tts               I  #audio# audio focus session(token(3)) release status(RELEASED)
2026-04-16 21:30:39.792  9994-8098  AudioInputStreamProduce com.google.android.tts               W  #audio# read failed: read EOF from AudioAccessor.
2026-04-16 21:30:39.792  9994-9374  native                  com.google.android.tts               I  I0000 00:00:1776367839.792779    9374 greco_session.cc:762] Flushing pending events ..
2026-04-16 21:30:39.792  9994-25722 AppFlowLoggerTransport  com.google.android.tts               I  AppFlow AUDIO_FOCUS_RELEASE is about to be transmitted
2026-04-16 21:30:39.794  2889-9368  gsl                     audiohalservice.qti                  I  gsl_send_spf_cmd:275 rcvd pkt token : 0x1448c000
2026-04-16 21:30:39.794  2889-9368  AGM: graph              audiohalservice.qti                  D  graph_stop: 1119 exit, ret 0
2026-04-16 21:30:39.794  2889-9368  PAL: libse...nfig_utils audiohalservice.qti                  I  disableSilenceDetection: 919: De-registering For Silence Detection Events
2026-04-16 21:30:39.794  2889-9368  AGM: session            audiohalservice.qti                  I  session_obj_get_tag_with_module_info: 2051 : aif_id=32 , session mode=0
2026-04-16 21:30:39.794  2889-9368  PAL: SessionAlsaUtils   audiohalservice.qti                  I  getModuleInstanceId: 1133: tag_id 0xc0000005, MIID is 0x43af
2026-04-16 21:30:39.794  2889-9368  PAL: ResourceManager    audiohalservice.qti                  D  registerMixerEventCallback: 3862: callback found for pcm id 133, remove
2026-04-16 21:30:39.794  2889-9368  PAL: ResourceManager    audiohalservice.qti                  I  voteSleepMonitor: 2056: Unvoting done for nlpi use case, lpi votes 0, nlpi votes : 0
2026-04-16 21:30:39.794  2889-9368  PAL: SessionAlsaPcm     audiohalservice.qti                  D  stop: 1533: Exit status: 0
2026-04-16 21:30:39.794  2889-9368  PAL: memLoggerBuilder   audiohalservice.qti                  D  palStateQueueBuilder: 85: TIME IS:1776367839794
2026-04-16 21:30:39.794  2889-9368  PAL: StreamPCM          audiohalservice.qti                  D  stop: 861: Exit. status 0, state 6
2026-04-16 21:30:39.794  2889-9368  PAL: API                audiohalservice.qti                  I  pal_stream_stop: 642: Exit. status 0
2026-04-16 21:30:39.794  2889-9368  PAL: API                audiohalservice.qti                  I  pal_stream_close: 406: Enter. Stream handle :0xb4000072d6cb2ac0K
2026-04-16 21:30:39.794  2889-9368  PAL: Stream             audiohalservice.qti                  D  setCachedState: 2017: set cachedState to 0
2026-04-16 21:30:39.794  2889-9368  PAL: StreamPCM          audiohalservice.qti                  D  close: 318: Enter. session handle - 0xb4000072a9777980K device count - 1 state 6
2026-04-16 21:30:39.794  2889-9368  PAL: SessionAlsaPcm     audiohalservice.qti                  D  close: 1550: Enter
2026-04-16 21:30:39.794  2889-9368  PAL: SessionAlsaPcm     audiohalservice.qti                  D  close: 1578: backendname CODEC_DMA-LPAIF_RXTX-TX-3
2026-04-16 21:30:39.795  2889-9368  PAL: SessionAlsaPcm     audiohalservice.qti                  D  close: 1584: Tx dev not active
2026-04-16 21:30:39.795  2889-9368  PAL: SessionAlsaUtils   audiohalservice.qti                  D  getFeMixerControl: 316: mixer control PCM133 control
2026-04-16 21:30:39.795  2889-9368  AGM: API                audiohalservice.qti                  I  agm_session_aif_connect: 629 disconnecting aifid:32 with session id=133
2026-04-16 21:30:39.795  2889-9368  AGM: graph              audiohalservice.qti                  D  graph_stop: 1063 entry graph_handle 0x147534c
2026-04-16 21:30:39.795  2889-9368  gsl                     audiohalservice.qti                  I  gsl_send_spf_cmd:221 sending pkt opcode 0x1001004 token 0x1448d000
2026-04-16 21:30:39.795  2889-9368  gsl                     audiohalservice.qti                  I  gsl_send_spf_cmd:275 rcvd pkt token : 0x1448d000
2026-04-16 21:30:39.795  2889-9368  AGM: graph              audiohalservice.qti                  D  graph_stop: 1119 exit, ret 0
2026-04-16 21:30:39.796  2889-9368  AGM: device             audiohalservice.qti                  I  device_close: 649 PCM device 32 open refcnt: 1
2026-04-16 21:30:39.800  2889-9368  PAL: SessionAlsaUtils   audiohalservice.qti                  D  close: 703: backend CODEC_DMA-LPAIF_RXTX-TX-3 and freedevicemetadata 1
2026-04-16 21:30:39.800  2889-9368  AGM: session            audiohalservice.qti                  I  session_obj_set_sess_aif_metadata: 2020 Exit
2026-04-16 21:30:39.800  2889-9368  AgmIpc::Server          audiohalservice.qti                  I  removeSessionHandle removing handle b4000072d4442b80 for session 133
2026-04-16 21:30:39.800  2889-9368  AGM: session            audiohalservice.qti                  D  session_close: 1467 enter
2026-04-16 21:30:39.800  2889-9368  AGM: graph              audiohalservice.qti                  D  graph_close: 877 entry handle 0x147534c
2026-04-16 21:30:39.800  2889-9368  gsl                     audiohalservice.qti                  I  gsl_send_spf_cmd:221 sending pkt opcode 0x1001004 token 0x1448e000
2026-04-16 21:30:39.801  2889-9368  gsl                     audiohalservice.qti                  I  gsl_send_spf_cmd:275 rcvd pkt token : 0x1448e000
2026-04-16 21:30:39.801  2889-9368  AGM: graph              audiohalservice.qti                  D  graph_close: 907 exit, ret 0
2026-04-16 21:30:39.801  2889-9368  AGM: session            audiohalservice.qti                  D  session_close: 1519 exit, ret 0
2026-04-16 21:30:39.801  2889-9368  AGM: oplus_agm_fb       audiohalservice.qti                  I  clearOpenedSessions: 81 i = 1, clear session_id = 133
2026-04-16 21:30:39.801  2889-9368  PAL: ResourceManager    audiohalservice.qti                  I  freeFrontEndIds: 5693: stream type 10, freeing 133
2026-04-16 21:30:39.801  2889-9368  PAL: SessionAlsaPcm     audiohalservice.qti                  D  close: 1788: Exit status: 0
2026-04-16 21:30:39.801  2889-9368  PAL: Device             audiohalservice.qti                  I  close: 380: Enter. deviceCount 1 for device id 29 (PAL_DEVICE_IN_HANDSET_MIC)
2026-04-16 21:30:39.801  2889-9368  PAL: Device             audiohalservice.qti                  D  close: 385: Disabling device 29 with snd dev handset-mic
2026-04-16 21:30:39.803  2889-9368  PAL: Device             audiohalservice.qti                  I  close: 410: Exit. deviceCount 0 for device id 29 (PAL_DEVICE_IN_HANDSET_MIC), exit status 0
2026-04-16 21:30:39.803  2889-9368  PAL: ResourceManager    audiohalservice.qti                  D  checkAndSetDutyCycleParam: 4979: duty cycle for UPD not enabled
2026-04-16 21:30:39.803  2889-9368  PAL: memLoggerBuilder   audiohalservice.qti                  D  palStateQueueBuilder: 85: TIME IS:1776367839803
2026-04-16 21:30:39.803  2889-9368  PAL: StreamPCM          audiohalservice.qti                  D  close: 378: Exit. closed the stream successfully 0 status 0
2026-04-16 21:30:39.803  2889-9368  PAL: ResourceManager    audiohalservice.qti                  D  deactivateStreamUserCounter: 2973: stream 0xb4000072d6cb2ac0 is to be deactivated.
2026-04-16 21:30:39.803  2889-9368  PAL: ResourceManager    audiohalservice.qti                  D  deactivateStreamUserCounter: 2977: stream 0xb4000072d6cb2ac0 is inactive.
2026-04-16 21:30:39.803  2889-9368  PAL_OplusPalFb          audiohalservice.qti                  I  oplus_feedback_delete_info: 922: delete info i = 1, stream 0xb4000072d6cb2ac0K
2026-04-16 21:30:39.803  2889-9368  PAL: API                audiohalservice.qti                  D  notify_concurrent_stream: 95: Notify concurrent stream: 0xb4000072d6cb2ac0K, active 0
2026-04-16 21:30:39.803  2889-9368  PAL: STUtils            audiohalservice.qti                  D  HandleConcurrencyForSoundTriggerStreams: 1248: Enter, stream: 0xb4000072d6cb2ac0K, active 0
2026-04-16 21:30:39.803  2889-9368  PAL: STUtils            audiohalservice.qti                  D  GetConcurrencyInfo: 937: pause on audio capture concurrency
2026-04-16 21:30:39.803  2889-9368  PAL: STUtils            audiohalservice.qti                  I  GetConcurrencyInfo: 950: stream type 10 Tx conc 1, Rx conc 0, concurrency not allowed
2026-04-16 21:30:39.803  2889-9368  STHAL: SoundTriggerHw   audiohalservice.qti                  I  onResourcesAvailable: 333: Exit
2026-04-16 21:30:39.803  2889-9368  PAL: STUtils            audiohalservice.qti                  D  HandleConcurrencyForSoundTriggerStreams: 1322: Exit
2026-04-16 21:30:39.803  2889-9368  PAL: ResourceManager    audiohalservice.qti                  D  eraseStreamUserCounter: 2994: stream counter for 0xb4000072d6cb2ac0 is erased.
2026-04-16 21:30:39.803  2889-9368  PAL: ResourceManager    audiohalservice.qti                  D  deregisterStream: 2870: Enter. stream 0xb4000072d6cb2ac0K
2026-04-16 21:30:39.803  2889-9368  PAL: ResourceManager    audiohalservice.qti                  I  deregisterStream: 2878: stream type 10
2026-04-16 21:30:39.803  2889-9368  PAL: ResourceManager    audiohalservice.qti                  D  deregisterStream: 2916: Exit. ret 0
2026-04-16 21:30:39.803  2889-9368  PAL: Device             audiohalservice.qti                  D  removeStreamDeviceAttr: 868: found entry for stream:10
2026-04-16 21:30:39.803  2889-9368  PAL: Device             audiohalservice.qti                  D  removeStreamDeviceAttr: 877: dev: 29 attr removed are: priority: 0x3, stream type: 10, ch: 2, sr: 48000, bit_width: 24, fmt: 22, sndDev: handset-mic, custom_key: 
2026-04-16 21:30:39.803  2889-9368  PAL: ResourceManager    audiohalservice.qti                  D  restoreDevice: 10339: Enter
2026-04-16 21:30:39.803  2889-9368  PAL: ResourceManager    audiohalservice.qti                  D  restoreDevice: 10369: current device: 29 running at, ch 2, sr 48000, bit_width 24, fmt 22, sndDev handset-mic
2026-04-16 21:30:39.803  2889-9368  PAL_OplusDevice         audiohalservice.qti                  I  clearStreamDevAttrCustomKey: 24: empty device attr for device 29
2026-04-16 21:30:39.803  2889-9368  PAL: ResourceManager    audiohalservice.qti                  D  getSharedBEActiveStreamDevs: 5891: got dev 29 active streams on dev is 0
2026-04-16 21:30:39.803  2889-9368  PAL: ResourceManager    audiohalservice.qti                  D  getSharedBEActiveStreamDevs: 5891: got dev 30 active streams on dev is 0
2026-04-16 21:30:39.803  2889-9368  PAL: ResourceManager    audiohalservice.qti                  D  getSharedBEActiveStreamDevs: 5891: got dev 32 active streams on dev is 0
2026-04-16 21:30:39.803  2889-9368  PAL: ResourceManager    audiohalservice.qti                  D  restoreDevice: 10450: no active device, switch un-needed
2026-04-16 21:30:39.803  2889-9368  PAL: ResourceManager    audiohalservice.qti                  D  restoreDevice: 10458: Exit
2026-04-16 21:30:39.803  2889-9368  PAL: PluginManager      audiohalservice.qti                  D  closePlugin: 248: item:0xb4000072b945f200 refCount:3
2026-04-16 21:30:39.803  2889-9368  PAL: PluginManager      audiohalservice.qti                  D  closePlugin: 248: item:0xb4000072b94c5600 refCount:1
2026-04-16 21:30:39.804  2889-9368  PAL: Stream             audiohalservice.qti                  I  destroy: 357: Exit. status 0
2026-04-16 21:30:39.804  2889-9368  AHAL: OcaiRecord        audiohalservice.qti                  D  stop_l: 623: enter, mAlgoIsInit = 1
2026-04-16 21:30:39.804  2889-9368  AHAL: OcaiOprec         audiohalservice.qti                  D  getFeedbackStatus: 576: exit, buffer is , status 1
2026-04-16 21:30:39.804  2889-9368  oprec_audrec            audiohalservice.qti                  I  oprec_audrec_wrapper_DestroyLibraryInstance: 0xb40000727f40d580
2026-04-16 21:30:39.804  2889-9368  opaud_audrec_wrapper    audiohalservice.qti                  I  oprec_stop destrylibraryInstance
2026-04-16 21:30:39.804  2889-9368  AHAL: OcaiRecord        audiohalservice.qti                  D  stop_l: 640: destory instance success
2026-04-16 21:30:39.804  2889-9368  opaud_audrec_wrapper    audiohalservice.qti                  D  ocai_destroy free priv
2026-04-16 21:30:39.804  2889-9368  AHAL_OplusStreamInExt   audiohalservice.qti                  I  OplusRecordDestory: free mOplusRecordBuffer
2026-04-16 21:30:39.804  3102-9369  StreamHalAidl           audioserver                          D  [in|ioHandle:830] flush
2026-04-16 21:30:39.805  2889-9368  AHAL_StreamIn_QTI       audiohalservice.qti                  W  flush : usecase: PCM_RECORD, mix port config id:668, IoHandle:830  stream is not configured
2026-04-16 21:30:39.805  2889-9368  AHAL_StreamIn_QTI       audiohalservice.qti                  W  standby : usecase: PCM_RECORD, mix port config id:668, IoHandle:830 : stream is not configured 
2026-04-16 21:30:39.805  3102-15169 AtlasEventUploadUtils   audioserver                          D  setEvent event:atlas_event_audio_record_stop
2026-04-16 21:30:39.805  3102-15169 AudioBoost              audioserver                          D  removeActiveRecord id 7401
2026-04-16 21:30:39.805  3102-15169 AudioBoost              audioserver                          D  doStopBoostForWake id 7401 +++
2026-04-16 21:30:39.805  3102-15169 AudioBoost              audioserver                          D  audioSchedBoost, pid=9994, tid=8090, enable=0, ret=0
2026-04-16 21:30:39.805  3102-15169 AudioBoost              audioserver                          D  audioSchedBoost, pid=9994, tid=8095, enable=0, ret=0
2026-04-16 21:30:39.805  3102-15169 AudioBoost              audioserver                          D  audioSchedBoost, pid=9994, tid=9362, enable=0, ret=0
2026-04-16 21:30:39.805  3102-15169 AudioBoost              audioserver                          D  doStopBoostForWake id 7401 ---
2026-04-16 21:30:39.805  8135-11782 OplusAtlas...ionManager com.oplus.persist.multimedia         D  callback success event:atlas_event_audio_record_stop eventInfo:recorderPid:9994,TrackSession:80337
2026-04-16 21:30:39.806  8135-13262 OplusAtlas...ionManager com.oplus.persist.multimedia         W  unexpected message !
2026-04-16 21:30:39.806  8135-13262 OplusAtlas...ionManager com.oplus.persist.multimedia         D  MSG_AUDIO_RECORD_STOP
2026-04-16 21:30:39.806  8135-13262 OplusAtlas...ionManager com.oplus.persist.multimedia         D  record stop,pid=9994
2026-04-16 21:30:39.806  3102-15169 APM_AudioPolicyManager  audioserver                          D  stopInput portId 7403
2026-04-16 21:30:39.806  8135-11782 OplusAtlas...loadHelper com.oplus.persist.multimedia         D  callback success event:atlas_event_audio_record_stop eventInfo:recorderPid:9994,TrackSession:80337
2026-04-16 21:30:39.806  8135-11788 OplusAtlas...loadHelper com.oplus.persist.multimedia         D  setRecordEvent pid:9994 session:80337
2026-04-16 21:30:39.806  3102-4527  AudioFling...PatchPanel audioserver                          V  releaseAudioPatch_l handle 17276
2026-04-16 21:30:39.806  3102-9369  DeviceHalAidl           audioserver                          D  [default] releaseAudioPatch: patch: 302
2026-04-16 21:30:39.806  3102-9369  Hal2AidlMapper          audioserver                          D  [default] releaseAudioPatch: patchId 302
2026-04-16 21:30:39.806  3102-10289 DeviceHalAidl           audioserver                          D  [default] getParameters: keys: "get_audiodet_rec"
2026-04-16 21:30:39.807  2889-4692  AHAL_StreamIn_QTI       audiohalservice.qti                  I  setConnectedDevices enter
2026-04-16 21:30:39.807  2889-4692  AHAL_StreamIn_QTI       audiohalservice.qti                  D  configureConnectedDevices_I : usecase: PCM_RECORD, mix port config id:668, IoHandle:830  stream is connected to devices:;AudioDevice{type: AudioDeviceDescription{type: NONE, connection: }, address: AudioDeviceAddress{id: }}
2026-04-16 21:30:39.807  2889-4692  AHAL_StreamIn_QTI       audiohalservice.qti                  I  setConnectedDevices exit
2026-04-16 21:30:39.807  2889-4692  AHAL_Module_QTI         audiohalservice.qti                  D  updateStreamsConnectedState: The stream on port config id 668 has been disconnected
2026-04-16 21:30:39.807  2889-4692  AHAL_Module_QTI         audiohalservice.qti                  D  resetAudioPatch: erased patch 302 [built_in_mic  -> primary_in  ]
2026-04-16 21:30:39.807  2889-4692  AHAL_Module_QTI         audiohalservice.qti                  D  resetAudioPortConfig: erased port config 667 built_in_mic
2026-04-16 21:30:39.807  2889-4692  AHAL_ModulePrimary_QTI  audiohalservice.qti                  D  getVendorParameters: id count: 1
2026-04-16 21:30:39.807  2889-4692  AHAL_Modul...mary_OPLUS audiohalservice.qti                  D  getParameters: key: get_audiodet_rec
2026-04-16 21:30:39.807  2889-4692  AHAL_ModulePrimary_QTI  audiohalservice.qti                  E  getVendorParameters: handled parameters 0 requested 1
2026-04-16 21:30:39.807  3102-10289 ConversionHelperAidl    audioserver                          E  Function: parseAndGetVendorParameters Line: 51 Failed 
2026-04-16 21:30:39.807  3102-10289 DeviceHalAidl           audioserver                          D  [usb] getParameters: keys: "get_audiodet_rec"
2026-04-16 21:30:39.808  3102-10289 ConversionHelperAidl    audioserver                          E  Function: parseAndGetVendorParameters Line: 51 Failed 
2026-04-16 21:30:39.808  3102-10289 DeviceHalAidl           audioserver                          D  [r_submix] getParameters: keys: "get_audiodet_rec"
2026-04-16 21:30:39.808  3102-10289 ConversionHelperAidl    audioserver                          E  Function: parseAndGetVendorParameters Line: 51 Failed 
2026-04-16 21:30:39.808  3102-10289 DeviceHalAidl           audioserver                          D  [bluetooth] getParameters: keys: "get_audiodet_rec"
2026-04-16 21:30:39.808  3102-10289 ConversionHelperAidl    audioserver                          E  Function: parseAndGetVendorParameters Line: 51 Failed 
2026-04-16 21:30:39.808  3102-10289 DeviceHalAidl           audioserver                          D  [binaural_record] getParameters: keys: "get_audiodet_rec"
2026-04-16 21:30:39.808  3102-10289 ConversionHelperAidl    audioserver                          E  Function: parseAndGetVendorParameters Line: 51 Failed 
2026-04-16 21:30:39.808  3102-10289 DeviceHalAidl           audioserver                          D  [virtual] getParameters: keys: "get_audiodet_rec"
2026-04-16 21:30:39.808  3102-10289 ConversionHelperAidl    audioserver                          E  Function: parseAndGetVendorParameters Line: 51 Failed 
2026-04-16 21:30:39.809  3102-15169 AudioPolicyClientImpl   audioserver                          W  setSoundTriggerCaptureState active 0
2026-04-16 21:30:39.809  3102-15169 AudioPolic...gerExtImpl audioserver                          D  stopinput client uid = 10205
2026-04-16 21:30:39.809  3102-4527  AudioFlingerExtImpl     audioserver                          D  AudioFlingerExtImpl oplusSetParameters: keyvalue stopinput_pid=10205
2026-04-16 21:30:39.809  8135-13262 OplusAtlas...ionManager com.oplus.persist.multimedia         D  record: 
2026-04-16 21:30:39.809  3102-4527  DeviceHalAidl           audioserver                          D  [default] setParameters: parameters: "stopinput_pid=10205"
2026-04-16 21:30:39.809  2889-2923  PAL_OplusKTV            audiohalservice.qti                  D  setOplusAudioParams:stopinput_pid: value = 10205
2026-04-16 21:30:39.809  2889-2923  PAL_OplusKTV            audiohalservice.qti                  D  setOplusAudioParams:ktv_loopbacking 0, ktv_switch 0, foreground_pid 0
2026-04-16 21:30:39.809  2889-2923  AHAL_Modul...mary_OPLUS audiohalservice.qti                  D  processSetVendorParameters: kvpairs: stopinput_pid=10205;
2026-04-16 21:30:39.809  3102-4527  DeviceHalAidl           audioserver                          D  [usb] setParameters: parameters: "stopinput_pid=10205"
2026-04-16 21:30:39.809  3102-4527  ConversionHelperAidl    audioserver                          E  Function: parseAndSetVendorParameters Line: 94 Failed 
2026-04-16 21:30:39.809  3102-4527  DeviceHalAidl           audioserver                          D  [r_submix] setParameters: parameters: "stopinput_pid=10205"
2026-04-16 21:30:39.809  2889-2923  AHAL_ModuleRemoteSubmix audiohalservice.qti                  D  setVendorParameters: parameter count 1, async: 0
2026-04-16 21:30:39.809  3102-4527  DeviceHalAidl           audioserver                          D  [bluetooth] setParameters: parameters: "stopinput_pid=10205"
2026-04-16 21:30:39.809  6596-6700  SystemUi--QuickSettings com.android.systemui                 I  OplusSeparateQSPrivacyManager-->onPrivacyItemsChanged permGroupName android.permission-group.MICROPHONE
2026-04-16 21:30:39.809  3102-4527  ConversionHelperAidl    audioserver                          E  Function: parseAndSetVendorParameters Line: 94 Failed 
2026-04-16 21:30:39.809  6596-6700  SystemUi--QuickSettings com.android.systemui                 I  OplusSeparateQSPrivacyManager-->onPrivacyItemsChanged packageName com.max.aiassistant, uid 10518, size: 1
2026-04-16 21:30:39.809  3102-4527  DeviceHalAidl           audioserver                          D  [binaural_record] setParameters: parameters: "stopinput_pid=10205"
2026-04-16 21:30:39.810  3102-4527  DeviceHalAidl           audioserver                          D  [virtual] setParameters: parameters: "stopinput_pid=10205"
2026-04-16 21:30:39.810  6596-6700  SystemUi--QuickSettings com.android.systemui                 I  OplusSeparateQSPrivacyManager-->onPrivacyItemsChanged permGroupName android.permission-group.MICROPHONE
2026-04-16 21:30:39.810  3102-4527  ConversionHelperAidl    audioserver                          E  Function: parseAndSetVendorParameters Line: 94 Failed 
2026-04-16 21:30:39.810  6596-6700  SystemUi--QuickSettings com.android.systemui                 I  OplusSeparateQSPrivacyManager-->onPrivacyItemsChanged packageName com.max.aiassistant, uid 10518, size: 1
2026-04-16 21:30:39.810  9994-8101  AudioRecord             com.google.android.tts               D  call AudioRecordThread pause()
2026-04-16 21:30:39.810  4772-6427  AudioServi...ityMonitor system_server                        D  recorderEvent, event = 1
2026-04-16 21:30:39.810  9994-8101  AudioRecord             com.google.android.tts               D  stop(7403) done
2026-04-16 21:30:39.810  9994-8101  AudioRecord             com.google.android.tts               D  stop(7403): mActive:0
2026-04-16 21:30:39.810  9994-8101  AudioRecord             com.google.android.tts               I  ~AudioRecord(7403): mStatus 0
2026-04-16 21:30:39.810  9994-8101  AudioRecord             com.google.android.tts               D  stop(7403): mActive:0
2026-04-16 21:30:39.810  3102-4705  AudioBoost              audioserver                          D  audioAppKeyThreadReport() pid 9994, tid -1, enable 0, inUid 1, eventIt -1, threadType -1, id 7401
2026-04-16 21:30:39.811  9994-9374  native                  com.google.android.tts               I  I0000 00:00:1776367839.811581    9374 soda_async_impl.cc:1528] Ending ASR due to process sync signal.
2026-04-16 21:30:39.811  9994-9374  native                  com.google.android.tts               I  I0000 00:00:1776367839.811626    9374 hybrid_selector_impl.cc:155] EndSession
2026-04-16 21:30:39.811  9994-9374  native                  com.google.android.tts               W  W0000 00:00:1776367839.811635    9374 hybrid_selector_impl.cc:157] No active session.
2026-04-16 21:30:39.811  9994-9374  native                  com.google.android.tts               I  I0000 00:00:1776367839.811751    9374 greco_session.cc:1000] Resetting Greco Session with reason: 5
2026-04-16 21:30:39.811  9994-9374  native                  com.google.android.tts               I  I0000 00:00:1776367839.811796    9374 metrics_utils.cc:362] Unhandled metrics event type: SODA_PROCESS_LATENCY
2026-04-16 21:30:39.811  9994-9374  native                  com.google.android.tts               I  I0000 00:00:1776367839.811823    9374 soda_async_impl.cc:1113] SODA session stopped due to: MIC_END_OF_DATA
2026-04-16 21:30:39.811  3102-9145  NativePerm...Controller audioserver                          D  checkPermission: missing 13 for 10164
2026-04-16 21:30:39.811  3102-7293  NativePerm...Controller audioserver                          D  checkPermission: missing 13 for 10214
2026-04-16 21:30:39.811  3102-15168 NativePerm...Controller audioserver                          D  checkPermission: missing 13 for 10195
2026-04-16 21:30:39.812  3102-15169 NativePerm...Controller audioserver                          D  checkPermission: missing 13 for 10401
2026-04-16 21:30:39.812  3102-15168 NativePerm...Controller audioserver                          D  checkPermission: missing 13 for 10401
2026-04-16 21:30:39.812  9994-10256 SodaSpeechRecognizer    com.google.android.tts               I  #handleStop: MIC_END_OF_DATA
2026-04-16 21:30:39.812  9994-10256 SodaSpeechRecognizer    com.google.android.tts               I  #handleStop: scheduleSodaTimeout
2026-04-16 21:30:39.812  9994-10256 ConcurrentSodaManager   com.google.android.tts               I  #scheduleTimeout
2026-04-16 21:30:39.812  9994-10256 Soda                    com.google.android.tts               I  TTL (0 seconds) reached - run scheduled task
2026-04-16 21:30:39.812  9994-10256 ConcurrentSodaManager   com.google.android.tts               I  #disconnect
2026-04-16 21:30:39.812  9994-10256 ConcurrentSodaManager   com.google.android.tts               W  Deleting SODA
2026-04-16 21:30:39.812 12023-13618 AudioSystem-JNI         com...ooglequicksearchbox:googleapp  W  Unknown native audio format for JAVA API: 503316496
2026-04-16 21:30:39.813  3102-9145  NativePerm...Controller audioserver                          D  checkPermission: missing 13 for 10214
2026-04-16 21:30:39.813 12023-13618 AudioSystem-JNI         com...ooglequicksearchbox:googleapp  W  Unknown native audio format for JAVA API: 503316736
2026-04-16 21:30:39.813  3102-15169 NativePerm...Controller audioserver                          D  checkPermission: missing 13 for 10195
2026-04-16 21:30:39.813 10829-11047 AudioSystem-JNI         com.baracodamedia.android.rtl        W  Unknown native audio format for JAVA API: 503316496
2026-04-16 21:30:39.813 10829-11047 AudioSystem-JNI         com.baracodamedia.android.rtl        W  Unknown native audio format for JAVA API: 503316736
2026-04-16 21:30:39.813  3102-6102  NativePerm...Controller audioserver                          D  checkPermission: missing 13 for 10164
2026-04-16 21:30:39.813  8135-11788 OplusAtlas...loadHelper com.oplus.persist.multimedia         D  reportRecordData:MM_FB_EventID#20001#recordPackageName#com.google.android.tts#recordSource#6#recordFormat#1#recordChannelmask#10#recordSampleRate#16000#recordStatTime#2026/04/16 21:30:37#recordStopTime#2026/04/16 21:30:39#recordTotalTime#2520#recordDevice#80000004#topActivity#com.max.aiassistant.MainActivity#netState#1#AudioID#c99aae68ba1e
2026-04-16 21:30:39.813  8135-11788 OplusAtlasFeedback      com.oplus.persist.multimedia         D  uploadMMCollectData MM_FB_EventID#20001#recordPackageName#com.google.android.tts#recordSource#6#recordFormat#1#recordChannelmask#10#recordSampleRate#16000#recordStatTime#2026/04/16 21:30:37#recordStopTime#2026/04/16 21:30:39#recordTotalTime#2520#recordDevice#80000004#topActivity#com.max.aiassistant.MainActivity#netState#1#AudioID#c99aae68ba1e
2026-04-16 21:30:39.814  3102-3226  StreamHalAidl           audioserver                          D  [in|ioHandle:830] dump
2026-04-16 21:30:39.814 22311-22504 AudioSystem-JNI         com.google.android.youtube           W  Unknown native audio format for JAVA API: 503316496
2026-04-16 21:30:39.814  4772-6099  AudioSystem-JNI         system_server                        W  Unknown native audio format for JAVA API: 503316496
2026-04-16 21:30:39.814  4772-6099  AudioSystem-JNI         system_server                        W  Unknown native audio format for JAVA API: 503316736
2026-04-16 21:30:39.814 22311-22504 AudioSystem-JNI         com.google.android.youtube           W  Unknown native audio format for JAVA API: 503316736
2026-04-16 21:30:39.814 20295-20566 AudioSystem-JNI         com.oplus.metis                      W  Unknown native audio format for JAVA API: 503316496
2026-04-16 21:30:39.814 20295-20566 AudioSystem-JNI         com.oplus.metis                      W  Unknown native audio format for JAVA API: 503316736
2026-04-16 21:30:39.814  3102-3226  StreamHalAidl           audioserver                          D  [in|ioHandle:830] dump
2026-04-16 21:30:39.814  8787-29974 AudioSystem-JNI         com.android.chrome                   W  Unknown native audio format for JAVA API: 503316496
2026-04-16 21:30:39.814  8787-29974 AudioSystem-JNI         com.android.chrome                   W  Unknown native audio format for JAVA API: 503316736
2026-04-16 21:30:39.815 29046-29130 AudioSystem-JNI         com.android.bluetooth                W  Unknown native audio format for JAVA API: 503316496
2026-04-16 21:30:39.815 29046-29130 AudioSystem-JNI         com.android.bluetooth                W  Unknown native audio format for JAVA API: 503316736
2026-04-16 21:30:39.815  3102-3226  AudioSystem             audioserver                          W  ioConfigChanged() closing unknown input 830
2026-04-16 21:30:39.815  5849-23401 AudioSystem-JNI         com.google.android.gms               W  Unknown native audio format for JAVA API: 503316496
2026-04-16 21:30:39.815  5849-23401 AudioSystem-JNI         com.google.android.gms               W  Unknown native audio format for JAVA API: 503316736
2026-04-16 21:30:39.815  9994-10238 ALT.AudioEventsHolder   com.google.android.tts               I  #audio# audio request client(token(1740896629)) session(token(990301564)) stop listening status(CLOSED)
2026-04-16 21:30:39.815  9994-10251 gbu                     com.google.android.tts               I  #audio# AudioRequestListeningSession stop listening status: CLOSED
2026-04-16 21:30:39.815  9994-10251 ALT.StopAwareStartRslt  com.google.android.tts               I  #audio# result(fzu@53670ff) stop signal completed
2026-04-16 21:30:39.815  9994-10251 ALT.StopAwareStartRslt  com.google.android.tts               I  #audio# result(fzu@53670ff) stopped, processed 78080 bytes
2026-04-16 21:30:39.815  9994-10251 ALT.StopAwareStartRslt  com.google.android.tts               I  #audio# result(fzu@53670ff) removing 0 receivers
2026-04-16 21:30:39.816  9994-10238 MicUpdateReporter       com.google.android.tts               I  #audio# reportMicUpdate
2026-04-16 21:30:39.816  6596-6632  AudioSystem             com.android.systemui                 W  ioConfigChanged() closing unknown input 830
2026-04-16 21:30:39.816  6722-8060  AudioSystem             com.android.phone                    W  ioConfigChanged() closing unknown input 830
2026-04-16 21:30:39.816  4772-6427  AudioSystem             system_server                        W  ioConfigChanged() closing unknown input 830
2026-04-16 21:30:39.816  5849-7514  AudioSystem             com.google.android.gms               W  ioConfigChanged() closing unknown input 830
2026-04-16 21:30:39.815  2308-2407  AudioSystem             ai.perplexity.app.android            W  ioConfigChanged() closing unknown input 830
2026-04-16 21:30:39.816 10829-10993 AudioSystem             com.baracodamedia.android.rtl        W  ioConfigChanged() closing unknown input 830
2026-04-16 21:30:39.816  6947-7989  OPLUS_LOG_LOAD          com.android.launcher                 W  ==LOGS PROG INFO, prog(com.android.launcher) ==
2026-04-16 21:30:39.816  6947-7989  AudioSystem             com.android.launcher                 W  ioConfigChanged() closing unknown input 830
2026-04-16 21:30:39.816  9994-10269 AudioSystem             com.google.android.tts               W  ioConfigChanged() closing unknown input 830
2026-04-16 21:30:39.816 11414-12873 AudioSystem             com.oplus.deepthinker                W  ioConfigChanged() closing unknown input 830
2026-04-16 21:30:39.816  3102-9369  AudioFlinger            audioserver                          D  updateWakeLockUids_l AudioIn_33E uids:
2026-04-16 21:30:39.816  7959-7979  AudioSystem             com.qti.phone                        W  ioConfigChanged() closing unknown input 830
2026-04-16 21:30:39.816 29473-29629 AudioSystem             com.oplus.camera                     W  ioConfigChanged() closing unknown input 830
2026-04-16 21:30:39.816  3102-3226  StreamHalAidl           audioserver                          D  [in|ioHandle:830] ~StreamHalAidl
2026-04-16 21:30:39.816 12023-13534 AudioSystem             com...ooglequicksearchbox:googleapp  W  ioConfigChanged() closing unknown input 830
2026-04-16 21:30:39.816 32166-16511 AudioSystem             com.openai.chatgpt                   W  ioConfigChanged() closing unknown input 830
2026-04-16 21:30:39.817  2889-4692  AHAL_Stream_QTI         audiohalservice.qti                  D  close
2026-04-16 21:30:39.817  7407-18488 AudioSystem             com.oplus.battery                    W  ioConfigChanged() closing unknown input 830
2026-04-16 21:30:39.817 22311-22372 AudioSystem             com.google.android.youtube           W  ioConfigChanged() closing unknown input 830
2026-04-16 21:30:39.817  2889-4692  AHAL_Stream_QTI         audiohalservice.qti                  D  stopWorker: asking the worker to exit...
2026-04-16 21:30:39.817  2889-9368  AHAL_StreamIn_QTI       audiohalservice.qti                  D  shutdown_I : usecase: PCM_RECORD, mix port config id:668, IoHandle:830 
2026-04-16 21:30:39.817  6930-14472 AudioSystem             com.oplus.subsys                     W  ioConfigChanged() closing unknown input 830
2026-04-16 21:30:39.817  9994-10251 AudioLibraryAudioContro com.google.android.tts               I  Mic closing result: # fow@7bca4
2026-04-16 21:30:39.816 11510-12217 AudioSystem             com.instagram.android                W  ioConfigChanged() closing unknown input 830
2026-04-16 21:30:39.817  2889-4692  AHAL_Stream_QTI         audiohalservice.qti                  D  stopWorker: done
2026-04-16 21:30:39.817  2889-4692  AHAL_Stream_QTI         audiohalservice.qti                  D  stopAndJoinWorker: joining the worker thread...
2026-04-16 21:30:39.817  2889-4692  AHAL_Stream_QTI         audiohalservice.qti                  D  stopAndJoinWorker: worker thread joined
2026-04-16 21:30:39.817  9994-25722 AppFlowLoggerTransport  com.google.android.tts               I  AppFlow AUDIO_LISTENING is about to be transmitted
2026-04-16 21:30:39.817  3102-3226  AudioPolicyClientImpl   audioserver                          W  setSoundTriggerCaptureState active 0
2026-04-16 21:30:39.817  8135-8182  AudioSystem             com.oplus.persist.multimedia         W  ioConfigChanged() closing unknown input 830
2026-04-16 21:30:39.817 26966-29086 AudioSystem             com.oplus.powermonitor               W  ioConfigChanged() closing unknown input 830
2026-04-16 21:30:39.818  8135-11788 OplusAtlasService       com.oplus.persist.multimedia         D  isAppInRecording getActiveAudioPids is null
2026-04-16 21:30:39.818  3507-11456 AudioSystem             mediaserver                          W  ioConfigChanged() closing unknown input 830
2026-04-16 21:30:39.818  6930-6930  SubsysBroadcastManager  com.oplus.subsys                     D  onReceive action:android.media.ACTION_AUDIO_RECORD_STOP
2026-04-16 21:30:39.818  6930-6930  OSService               com.oplus.subsys                     D  onAudioRecordChange
2026-04-16 21:30:39.817  6884-6925  AudioSystem             com.oplus.athena                     W  ioConfigChanged() closing unknown input 830
2026-04-16 21:30:39.818  3102-6102  NativePerm...Controller audioserver                          D  checkPermission: missing 13 for 10214
2026-04-16 21:30:39.818  3102-4705  NativePerm...Controller audioserver                          D  checkPermission: missing 13 for 10195
2026-04-16 21:30:39.818  3102-15169 NativePerm...Controller audioserver                          D  checkPermission: missing 13 for 10164
2026-04-16 21:30:39.818  3102-15168 NativePerm...Controller audioserver                          D  checkPermission: missing 13 for 10401
2026-04-16 21:30:39.818  6930-6930  SysBroadcastReceiver    com.oplus.subsys                     D  android.media.ACTION_AUDIO_RECORD_STOP
2026-04-16 21:30:39.819  6930-6930  SysBroadcastReceiver    com.oplus.subsys                     D  EventId=1010002	ID_AUDIO_RECORD_STOP	TimeStamp =1776367839818	Intent =Intent { act=android.media.ACTION_AUDIO_RECORD_STOP flg=0x4000010 xflg=0x4 (has extras) }	Content =null	Pid =0	PkgName =null
2026-04-16 21:30:39.819  4772-4923  QosScheduler            system_server                        W  getScenario failed! scenarios is null, mask=32
2026-04-16 21:30:39.819  4772-4923  QosScheduler            system_server                        W  executeSceneQosStrategy get scenario failed! scenario is null
2026-04-16 21:30:39.819  6930-9383  SystemState             com.oplus.subsys                     D  noteAudioInStop: pid =9994
2026-04-16 21:30:39.819  4772-6359  IPCThreadState          system_server                        I  oneway function results for code 10007 on binder at 0xb4000071b9a90020 will be dropped but finished with status UNKNOWN_TRANSACTION
2026-04-16 21:30:39.819  3102-3226  NativePerm...Controller audioserver                          D  checkPermission: missing 13 for 10164
2026-04-16 21:30:39.819  6930-9383  ConferenceScene         com.oplus.subsys                     I  audioRecordStateChanged 9994 10205 false
2026-04-16 21:30:39.819  6930-9383  VideoCallScene          com.oplus.subsys                     I  isInVideoCall, mIsVoiceCall = false, mIsActivityVoiceCall = false, mActivityVoiceCallUid = -1, mVoiceCallPkg = , mVoiceCallUid = -1, cameraUid = -1, mIsVideoPlay = false, mVideoPlayUid = 10407
2026-04-16 21:30:39.820  3102-6368  NativePerm...Controller audioserver                          D  checkPermission: missing 13 for 10195
2026-04-16 21:30:39.820  3102-15168 NativePerm...Controller audioserver                          D  checkPermission: missing 13 for 10195
2026-04-16 21:30:39.820  3102-15169 NativePerm...Controller audioserver                          D  checkPermission: missing 13 for 10164
2026-04-16 21:30:39.821  3102-3226  NativePerm...Controller audioserver                          D  checkPermission: missing 13 for 10401
2026-04-16 21:30:39.821  5849-23401 AudioSystem-JNI         com.google.android.gms               W  Unknown native audio format for JAVA API: 503316496
2026-04-16 21:30:39.821  5849-23401 AudioSystem-JNI         com.google.android.gms               W  Unknown native audio format for JAVA API: 503316736
2026-04-16 21:30:39.821 12023-13618 AudioSystem-JNI         com...ooglequicksearchbox:googleapp  W  Unknown native audio format for JAVA API: 503316496
2026-04-16 21:30:39.821 12023-13618 AudioSystem-JNI         com...ooglequicksearchbox:googleapp  W  Unknown native audio format for JAVA API: 503316736
2026-04-16 21:30:39.821  3102-15168 NativePerm...Controller audioserver                          D  checkPermission: missing 13 for 10195
2026-04-16 21:30:39.821  3102-6368  NativePerm...Controller audioserver                          D  checkPermission: missing 13 for 10214
2026-04-16 21:30:39.821  3102-3226  NativePerm...Controller audioserver                          D  checkPermission: missing 13 for 10401
2026-04-16 21:30:39.821  3102-9145  NativePerm...Controller audioserver                          D  checkPermission: missing 13 for 10164
2026-04-16 21:30:39.821 29046-29130 AudioSystem-JNI         com.android.bluetooth                W  Unknown native audio format for JAVA API: 503316496
2026-04-16 21:30:39.821 29046-29130 AudioSystem-JNI         com.android.bluetooth                W  Unknown native audio format for JAVA API: 503316736
2026-04-16 21:30:39.822  3102-3226  NativePerm...Controller audioserver                          D  checkPermission: missing 13 for 10401
2026-04-16 21:30:39.822 20295-20566 AudioSystem-JNI         com.oplus.metis                      W  Unknown native audio format for JAVA API: 503316496
2026-04-16 21:30:39.822 20295-20566 AudioSystem-JNI         com.oplus.metis                      W  Unknown native audio format for JAVA API: 503316736
2026-04-16 21:30:39.823  3102-10289 NativePerm...Controller audioserver                          D  checkPermission: missing 13 for 10164
2026-04-16 21:30:39.823  4772-6099  AudioSystem-JNI         system_server                        W  Unknown native audio format for JAVA API: 503316496
2026-04-16 21:30:39.823  4772-6099  AudioSystem-JNI         system_server                        W  Unknown native audio format for JAVA API: 503316736
2026-04-16 21:30:39.823 10829-11047 AudioSystem-JNI         com.baracodamedia.android.rtl        W  Unknown native audio format for JAVA API: 503316496
2026-04-16 21:30:39.823 10829-11047 AudioSystem-JNI         com.baracodamedia.android.rtl        W  Unknown native audio format for JAVA API: 503316736
2026-04-16 21:30:39.823  3102-10289 NativePerm...Controller audioserver                          D  checkPermission: missing 13 for 10164
2026-04-16 21:30:39.823  3102-15169 NativePerm...Controller audioserver                          D  checkPermission: missing 13 for 10401
2026-04-16 21:30:39.823  3102-15169 NativePerm...Controller audioserver                          D  checkPermission: missing 13 for 10401
2026-04-16 21:30:39.824  3102-7293  NativePerm...Controller audioserver                          D  checkPermission: missing 13 for 10214
2026-04-16 21:30:39.824  8787-29974 AudioSystem-JNI         com.android.chrome                   W  Unknown native audio format for JAVA API: 503316496
2026-04-16 21:30:39.824  8787-29974 AudioSystem-JNI         com.android.chrome                   W  Unknown native audio format for JAVA API: 503316736
2026-04-16 21:30:39.824  3102-7293  NativePerm...Controller audioserver                          D  checkPermission: missing 13 for 10214
2026-04-16 21:30:39.824  3102-15168 NativePerm...Controller audioserver                          D  checkPermission: missing 13 for 10195
2026-04-16 21:30:39.824  3102-15168 NativePerm...Controller audioserver                          D  checkPermission: missing 13 for 10195
2026-04-16 21:30:39.824 22311-22504 AudioSystem-JNI         com.google.android.youtube           W  Unknown native audio format for JAVA API: 503316496
2026-04-16 21:30:39.824 22311-22504 AudioSystem-JNI         com.google.android.youtube           W  Unknown native audio format for JAVA API: 503316736
2026-04-16 21:30:39.825  3102-15168 NativePerm...Controller audioserver                          D  checkPermission: missing 13 for 10214
2026-04-16 21:30:39.825  3102-7293  NativePerm...Controller audioserver                          D  checkPermission: missing 13 for 10214
2026-04-16 21:30:39.835  4772-5803  CwbClient               system_server                        D  LECENT_AI::CwbClient::RGB||15||24||38, timestamp=831284906509433
2026-04-16 21:30:39.845  9994-10256 native                  com.google.android.tts               I  I0000 00:00:1776367839.845902   10256 soda_async_impl.cc:1196] Deleted soda_impl.
2026-04-16 21:30:39.846  9994-9376  native                  com.google.android.tts               I  I0000 00:00:1776367839.846001    9376 soda_jni_event_delegate.cc:96] Done
2026-04-16 21:30:39.846  9994-10256 native                  com.google.android.tts               I  I0000 00:00:1776367839.846155   10256 enrollment_manager_impl.cc:2318] Shutting down ..
2026-04-16 21:30:39.857  2885-5741  sensors-hal             and...ware.sensors-service.multihal  I  handle_oplus_wise_rgb_event:191, wise_rgb: (r, g, b, c)[4970.71, 2437.71, 1009.22, 7339.39],(r2,g2,b2,c2)[[0.00, 0.00, 0.00, 0.00], algo:2.0, flag :0
2026-04-16 21:30:39.857  4772-5773  AI_FusionLightNextGen   system_server                        D  LECENT_AI::RunArith AVG_RGB:/50/57/68
2026-04-16 21:30:39.857  4772-5773  AI_FusionLightNextGen   system_server                        D  LECENT_AI::RunArith RGB:/15/24/38
2026-04-16 21:30:39.860  4772-5780  AlarmManager            system_server                        V  sending alarm Alarm{ec09fc8 type 1 origWhen 1776367839860 whenElapsed 831284931 android} uid 1000 whenElapsed 831284931 windowLength 0 maxWhenElapsed 831284931 repeatInterval 0 action null component null tag StorgaeBandInfoAlarmTag flags 0x9 procName system_server
2026-04-16 21:30:39.860  4772-6255  OplusStora...SBandwidth system_server                        E  storage_io_metrics_path is /proc/oplus_storage/io_metrics/forever/
2026-04-16 21:30:39.861  4772-6255  OplusStora...SBandwidth system_server                        E  Bandwidth - Read: 0,50 MB/s, Write: 0,00 MB/s
2026-04-16 21:30:39.861  4772-6255  OplusStora...SBandwidth system_server                        E  Task time: 1ms
2026-04-16 21:30:39.862  4772-5773  FusionLightNextGen      system_server                        D  calculate_silibals_compensation_value: comped_ir_ratio =  0.053760 comped_lux = 38.18960
2026-04-16 21:30:39.862  4772-5773  FusionLightNextGen      system_server                        D  LECENT_AI::raw_lux -1.0, raw_cct -1.0, r/g/b/c: 4970.7/2437.7/1009.2/7339.4, compensate r/g/b/c: 3779.51/1609.03/692.38/5490.57 bri 547.0, lux: 38.189599, cct: -1.0, comped_lux:38.190 comped_cct:-1 ir: 0.053760, cnt: 0
2026-04-16 21:30:39.862  4772-5773  CwbClient               system_server                        I  setCWBDisplayType set mFeatureID = CWB_RGB_VALUE
2026-04-16 21:30:39.883  4772-4954  PowerManagerService     system_server                        D  userActivityNoUpdateLocked: groupId=0, eventTime=233390313, event=touch, flags=0x0, uid=1000
2026-04-16 21:30:39.884  4772-4954  PowerManagerService     system_server                        D  userActivityNoUpdateLocked: groupId=0, eventTime=233390313, event=touch, flags=0x0, uid=1000
2026-04-16 21:30:39.885  4772-6255  OplusStora...SBandwidth system_server                        E  Alarm set to trigger in 10 seconds
2026-04-16 21:30:39.892  9994-10254 FinalS3RespProcessor    com.google.android.tts               I  Received a final result for a segment, 1 hypothesis
