2026-04-13 20:19:58.866  6287-24929 StepApp_StepDataSaver   com.oplus.exsystemservice            I  (O_dfd_233)getNewFixedOffsetStep type is WALK
2026-04-13 20:19:58.866  6287-24929 StepApp_StepDataSaver   com.oplus.exsystemservice            I  (O_dfd_233)isRebootCountStep:false	 lastRealTimeStamp = 1776104280000	 bootTimestamp = 1775536555972	 mLastModifiedMinuteTime = 2026-04-13-20-18
2026-04-13 20:19:58.866  6287-24929 StepApp_StepDataSaver   com.oplus.exsystemservice            I  (O_dfd_233)calOffSet:sensorStep = 2579	 lastModifiedStep = 2579	 offSet = 0
2026-04-13 20:19:58.868  4772-5773  FusionLightNextGen      system_server                        D  calculate_silibals_compensation_value: comped_ir_ratio =  0.309191 comped_lux = 0.23318
2026-04-13 20:19:58.868  4772-5773  FusionLightNextGen      system_server                        D  LECENT_AI::raw_lux -1.0, raw_cct -1.0, r/g/b/c: 828.5/532.4/237.5/1255.1, compensate r/g/b/c: 169.46/61.31/64.43/182.41 bri 583.0, lux: 0.000000, cct: -1.0, comped_lux:0.000 comped_cct:-1 ir: 0.309191, cnt: 0
2026-04-13 20:19:58.868  4772-5773  CwbClient               system_server                        I  setCWBDisplayType set mFeatureID = CWB_RGB_VALUE
2026-04-13 20:19:58.877  4772-5803  CwbClient               system_server                        D  LECENT_AI::CwbClient::RGB||6||8||12, timestamp=567842905857810
2026-04-13 20:19:58.902  6930-7488  RadioProxyJ[0]          com.oplus.subsys                     D  [37670]> getRRCStatus
2026-04-13 20:19:58.903  3487-3609  QmiNasClient            subsys_daemon                        D  getRRCStatus - enter
2026-04-13 20:19:58.904  3487-5194  QmiNasClient            subsys_daemon                        D  getRRCStatus callback - enter
2026-04-13 20:19:58.904  3487-5194  QmiNasClient            subsys_daemon                        D  getRRCStatus result.rsp.rrcStatusInfo.rrcStatus = 0
2026-04-13 20:19:58.904  3487-3609  NasProxy                subsys_daemon                        D  handleMessage msg is 4001
2026-04-13 20:19:58.904  3487-3609  RadioProxy              subsys_daemon                        D  getRRCStatus : response cb for instance 0
2026-04-13 20:19:58.905  6930-17269 RadioProxyJ[0]          com.oplus.subsys                     D  [37670]< getRRCStatusResponse 0
2026-04-13 20:19:58.905  6930-7488  CoexRfService           com.oplus.subsys                     D  report RRC state:false
2026-04-13 20:19:58.944  4772-6489  [UAH_CLIENT]            system_server                        I  UahEventAcquire, cmdid:69, pkg:none, identity:OplusUAwareInputHelper
2026-04-13 20:19:58.952  4772-5803  CwbClient               system_server                        D  LECENT_AI::CwbClient::RGB||6||8||12, timestamp=567842980698487
2026-04-13 20:19:58.967  4772-4954  PowerManagerService     system_server                        D  userActivityNoUpdateLocked: groupId=0, eventTime=158869511, event=touch, flags=0x0, uid=1000
2026-04-13 20:19:58.968  4772-4954  PowerManagerService     system_server                        D  userActivityNoUpdateLocked: groupId=0, eventTime=158869511, event=touch, flags=0x0, uid=1000
2026-04-13 20:19:59.025  2992-3084  BatteryChargeControl    ven....hardware.charger-V10-service  D  bcc get no support from charging protocol
2026-04-13 20:19:59.027  4772-5803  CwbClient               system_server                        D  LECENT_AI::CwbClient::RGB||6||8||12, timestamp=567843055630830
2026-04-13 20:19:59.030  4772-5780  AlarmManager            system_server                        V  sending alarm Alarm{d700f93 type 1 origWhen 1776104399030 whenElapsed 567843058 android} uid 1000 whenElapsed 567843058 windowLength 0 maxWhenElapsed 567843058 repeatInterval 0 action null component null tag StorgaeBandInfoAlarmTag flags 0x9 procName system_server
2026-04-13 20:19:59.030  4772-14108 OplusStora...SBandwidth system_server                        E  storage_io_metrics_path is /proc/oplus_storage/io_metrics/forever/
2026-04-13 20:19:59.031  4772-14108 OplusStora...SBandwidth system_server                        E  Bandwidth - Read: 4,50 MB/s, Write: 0,00 MB/s
2026-04-13 20:19:59.031  4772-14108 OplusStora...SBandwidth system_server                        E  Task time: 1ms
2026-04-13 20:19:59.032  4772-14108 OplusStora...SBandwidth system_server                        E  Alarm set to trigger in 10 seconds
2026-04-13 20:19:59.034  7575-7575  VRI[Fenêtre pop-up]     com.max.aiassistant                  D  setLayoutParams: x = 528, y = 550
2026-04-13 20:19:59.042  7575-7575  SurfaceControl          com.max.aiassistant                  I   setExtendedRangeBrightness sc=Surface(name=Fenêtre pop-up)/@0x7216260,currentBufferRatio=1.0,desiredRatio=1.0
2026-04-13 20:19:59.042  4772-7312  WindowManager           system_server                        V  Relayout Window{b1af21e u0 Fenêtre pop-up}: viewVisibility=0, oldvis=0, req=75x75 , apr = 0, vsysui=, x=528, y=550
2026-04-13 20:19:59.059  4772-7312  WindowManager           system_server                        V  Relayout Window{b1af21e u0 Fenêtre pop-up}: viewVisibility=0, oldvis=0, req=75x75 , apr = 0, vsysui=, x=528, y=550
2026-04-13 20:19:59.072  4772-4954  PowerManagerService     system_server                        D  userActivityNoUpdateLocked: groupId=0, eventTime=158869615, event=touch, flags=0x0, uid=1000
2026-04-13 20:19:59.072  4772-4954  PowerManagerService     system_server                        D  userActivityNoUpdateLocked: groupId=0, eventTime=158869615, event=touch, flags=0x0, uid=1000
2026-04-13 20:19:59.072  2885-5756  sensors-hal             and...ware.sensors-service.multihal  I  handle_oplus_wise_rgb_event:191, wise_rgb: (r, g, b, c)[828.45, 532.37, 207.78, 1255.06],(r2,g2,b2,c2)[[0.00, 0.00, 0.00, 0.00], algo:2.0, flag :0
2026-04-13 20:19:59.084  7575-7575  VRI[Fenêtre pop-up]     com.max.aiassistant                  D  setLayoutParams: x = 862, y = 550
2026-04-13 20:19:59.091  4772-7312  WindowManager           system_server                        V  Relayout Window{b1af21e u0 Fenêtre pop-up}: viewVisibility=0, oldvis=0, req=75x75 , apr = 0, vsysui=, x=862, y=550
2026-04-13 20:19:59.091  7575-7575  SurfaceControl          com.max.aiassistant                  I   setExtendedRangeBrightness sc=Surface(name=Fenêtre pop-up)/@0x7216260,currentBufferRatio=1.0,desiredRatio=1.0
2026-04-13 20:19:59.102  4772-5803  CwbClient               system_server                        D  LECENT_AI::CwbClient::RGB||6||8||12, timestamp=567843130731143
2026-04-13 20:19:59.107  4772-7312  WindowManager           system_server                        V  Relayout Window{b1af21e u0 Fenêtre pop-up}: viewVisibility=0, oldvis=0, req=75x75 , apr = 0, vsysui=, x=862, y=550
2026-04-13 20:19:59.120 28915-28934 SmartSideb...ValueProxy com.coloros.smartsidebar:ui          D  (main)getOverlayShowVideoAssistant edge_panel_video_assistant =-1
2026-04-13 20:19:59.120  4772-7312  FlexibleTaskController  system_server                        D  check task which not have enough child, isInSingleWhiteList:false isCloneTask:false
2026-04-13 20:19:59.120 28915-28915 VideoAssistantUtils     com.coloros.smartsidebar:ui          D  isInSplitScreenMode  === :false
2026-04-13 20:19:59.121  4772-7312  FlexibleTaskController  system_server                        D  check task which not have enough child, isInSingleWhiteList:false isCloneTask:false
2026-04-13 20:19:59.121 28915-28934 SmartSideb...PanelUtils com.coloros.smartsidebar:ui          D  (main)getTopAppInfo() result: ApplicationInfo{7c85860 com.max.aiassistant}
2026-04-13 20:19:59.121 28915-28934 SmartSideb...PanelUtils com.coloros.smartsidebar:ui          D  (main)getTopPkg() pkg: com.*****.aiassistant
2026-04-13 20:19:59.122  4772-7308  ContentService          system_server                        W  Observer is already registered. Pid is 28915
2026-04-13 20:19:59.122 28915-28934 SmartSideb...tPanelView com.coloros.smartsidebar:ui          D  (main)Registered app status observer for: com.max.aiassistant
2026-04-13 20:19:59.122 28915-28934 SmartSideb...tusManager com.coloros.smartsidebar:ui          D  (main)isAppEnabled: com.max.aiassistant = true
2026-04-13 20:19:59.175  4772-4954  PowerManagerService     system_server                        D  userActivityNoUpdateLocked: groupId=0, eventTime=158869718, event=touch, flags=0x0, uid=1000
2026-04-13 20:19:59.175  4772-4954  PowerManagerService     system_server                        D  userActivityNoUpdateLocked: groupId=0, eventTime=158869718, event=touch, flags=0x0, uid=1000
2026-04-13 20:19:59.177  4772-5803  CwbClient               system_server                        D  LECENT_AI::CwbClient::RGB||6||8||12, timestamp=567843205977080
2026-04-13 20:19:59.207  4037-4037  OplusTouchDaemon        touchDaemon                          I  ts_run_service: shellback temperature updated 31 (31763)
2026-04-13 20:19:59.252  4772-5803  CwbClient               system_server                        D  LECENT_AI::CwbClient::RGB||6||8||12, timestamp=567843280508695
2026-04-13 20:19:59.279  2885-5756  sensors-hal             and...ware.sensors-service.multihal  I  handle_oplus_wise_rgb_event:191, wise_rgb: (r, g, b, c)[775.00, 504.35, 207.78, 1227.78],(r2,g2,b2,c2)[[0.00, 0.00, 0.00, 0.00], algo:2.0, flag :0
2026-04-13 20:19:59.280  4772-5773  AI_FusionLightNextGen   system_server                        D  LECENT_AI::RunArith AVG_RGB:/52/54/57
2026-04-13 20:19:59.280  4772-5773  AI_FusionLightNextGen   system_server                        D  LECENT_AI::RunArith RGB:/6/8/12
2026-04-13 20:19:59.280  4772-4954  PowerManagerService     system_server                        D  userActivityNoUpdateLocked: groupId=0, eventTime=158869822, event=touch, flags=0x0, uid=1000
2026-04-13 20:19:59.280  4772-4954  PowerManagerService     system_server                        D  userActivityNoUpdateLocked: groupId=0, eventTime=158869822, event=touch, flags=0x0, uid=1000
2026-04-13 20:19:59.283  4772-5773  FusionLightNextGen      system_server                        D  calculate_silibals_compensation_value: comped_ir_ratio =  0.096486 comped_lux = 1.38008
2026-04-13 20:19:59.283  4772-5773  FusionLightNextGen      system_server                        D  LECENT_AI::raw_lux -1.0, raw_cct -1.0, r/g/b/c: 775.0/504.4/207.8/1227.8, compensate r/g/b/c: 116.46/33.31/34.43/154.41 bri 583.0, lux: 0.000000, cct: -1.0, comped_lux:0.000 comped_cct:-1 ir: 0.096486, cnt: 0
2026-04-13 20:19:59.283  4772-5773  CwbClient               system_server                        I  setCWBDisplayType set mFeatureID = CWB_RGB_VALUE
2026-04-13 20:19:59.327  4772-5803  CwbClient               system_server                        D  LECENT_AI::CwbClient::RGB||6||8||12, timestamp=567843355547705
2026-04-13 20:19:59.383  4772-4954  PowerManagerService     system_server                        D  userActivityNoUpdateLocked: groupId=0, eventTime=158869926, event=touch, flags=0x0, uid=1000
2026-04-13 20:19:59.383  4772-4954  PowerManagerService     system_server                        D  userActivityNoUpdateLocked: groupId=0, eventTime=158869926, event=touch, flags=0x0, uid=1000
2026-04-13 20:19:59.401  4772-5803  CwbClient               system_server                        D  LECENT_AI::CwbClient::RGB||6||8||12, timestamp=567843430054476
2026-04-13 20:19:59.423 28915-28934 SmartSideb...ValueProxy com.coloros.smartsidebar:ui          D  (main)getOverlayShowVideoAssistant edge_panel_video_assistant =-1
2026-04-13 20:19:59.423  4772-7308  FlexibleTaskController  system_server                        D  check task which not have enough child, isInSingleWhiteList:false isCloneTask:false
2026-04-13 20:19:59.424 28915-28915 VideoAssistantUtils     com.coloros.smartsidebar:ui          D  isInSplitScreenMode  === :false
2026-04-13 20:19:59.424  4772-7308  FlexibleTaskController  system_server                        D  check task which not have enough child, isInSingleWhiteList:false isCloneTask:false
2026-04-13 20:19:59.424 28915-28934 SmartSideb...PanelUtils com.coloros.smartsidebar:ui          D  (main)getTopAppInfo() result: ApplicationInfo{57b1119 com.max.aiassistant}
2026-04-13 20:19:59.424 28915-28934 SmartSideb...PanelUtils com.coloros.smartsidebar:ui          D  (main)getTopPkg() pkg: com.*****.aiassistant
2026-04-13 20:19:59.425  4772-7308  ContentService          system_server                        W  Observer is already registered. Pid is 28915
2026-04-13 20:19:59.425 28915-28934 SmartSideb...tPanelView com.coloros.smartsidebar:ui          D  (main)Registered app status observer for: com.max.aiassistant
2026-04-13 20:19:59.425 28915-28934 SmartSideb...tusManager com.coloros.smartsidebar:ui          D  (main)isAppEnabled: com.max.aiassistant = true
2026-04-13 20:19:59.476  4772-5803  CwbClient               system_server                        D  LECENT_AI::CwbClient::RGB||6||8||12, timestamp=567843504834788
2026-04-13 20:19:59.486  2885-5756  sensors-hal             and...ware.sensors-service.multihal  I  handle_oplus_wise_rgb_event:191, wise_rgb: (r, g, b, c)[775.00, 504.35, 207.78, 1227.78],(r2,g2,b2,c2)[[0.00, 0.00, 0.00, 0.00], algo:2.0, flag :0
2026-04-13 20:19:59.486  4772-4954  PowerManagerService     system_server                        D  userActivityNoUpdateLocked: groupId=0, eventTime=158870030, event=touch, flags=0x0, uid=1000
2026-04-13 20:19:59.486  4772-4954  PowerManagerService     system_server                        D  userActivityNoUpdateLocked: groupId=0, eventTime=158870030, event=touch, flags=0x0, uid=1000
2026-04-13 20:19:59.552  4772-5803  CwbClient               system_server                        D  LECENT_AI::CwbClient::RGB||6||8||12, timestamp=567843581010309
2026-04-13 20:19:59.590  4772-4954  PowerManagerService     system_server                        D  userActivityNoUpdateLocked: groupId=0, eventTime=158870134, event=touch, flags=0x0, uid=1000
2026-04-13 20:19:59.590  4772-4954  PowerManagerService     system_server                        D  userActivityNoUpdateLocked: groupId=0, eventTime=158870134, event=touch, flags=0x0, uid=1000
2026-04-13 20:19:59.614  4037-4037  OplusTouchDaemon        touchDaemon                          E  [touchEvent][ts_report_touch_data][660]:Touchpanel id 0 :Down[17761 11813   22    0    0    0    0]K0 A0 D0
2026-04-13 20:19:59.636  4772-5803  CwbClient               system_server                        D  LECENT_AI::CwbClient::RGB||6||8||12, timestamp=567843664187288
2026-04-13 20:19:59.670  4037-4037  OplusTouchDaemon        touchDaemon                          E  [prevent][curved_large_handle_V2][3082]: up id(0) status: 1, 1, 1, 0.
2026-04-13 20:19:59.671  4772-6489  UAH-UahAdaptHelper      system_server                        D  adaptSetNotification identity = OplusUAwareInputHelpersrc = 1000 , type 1 ,p1 = -1 ,p2 = -1 ,p3 = -1 ,p4 =
2026-04-13 20:19:59.671  4772-6489  [UAH_CLIENT]            system_server                        I  uahRuleCtl, ruleId:1000, status:1
2026-04-13 20:19:59.671  7575-7575  DynamicFra...peedAware] com.max.aiassistant                  I  onEventHandled: info: InputEventInfo: mX = 0, mY = 0, mAction = 1, mVsyncTime = 158870216, mIsMoving = false, mUpdated = true
2026-04-13 20:19:59.671  7575-7575  VelocityTracker         com.max.aiassistant                  I  LSQ2 speed rezero
2026-04-13 20:19:59.671  4772-6489  VelocityTracker         system_server                        I  LSQ2 speed rezero
2026-04-13 20:19:59.671  4772-6489  [UAH_CLIENT]            system_server                        I  UahRelease, handle:125322
2026-04-13 20:19:59.685  7575-7575  OplusCusto...ionManager com.max.aiassistant                  E  sInstance is null, start a new sInstance
2026-04-13 20:19:59.687  7575-7575  CompatChangeReporter    com.max.aiassistant                  D  Compat change id reported: 63938206; UID 10518; state: ENABLED
2026-04-13 20:19:59.692  7575-7575  LocalFloat...pupExtImpl com.max.aiassistant                  E  
2026-04-13 20:19:59.693  2885-5756  sensors-hal             and...ware.sensors-service.multihal  I  handle_oplus_wise_rgb_event:191, wise_rgb: (r, g, b, c)[775.00, 504.35, 207.78, 1227.78],(r2,g2,b2,c2)[[0.00, 0.00, 0.00, 0.00], algo:2.0, flag :0
2026-04-13 20:19:59.693  4772-5773  AI_FusionLightNextGen   system_server                        D  LECENT_AI::RunArith AVG_RGB:/52/54/57
2026-04-13 20:19:59.693  4772-5773  AI_FusionLightNextGen   system_server                        D  LECENT_AI::RunArith RGB:/6/8/12
2026-04-13 20:19:59.695  4772-5773  FusionLightNextGen      system_server                        D  calculate_silibals_compensation_value: comped_ir_ratio =  0.096486 comped_lux = 1.38008
2026-04-13 20:19:59.695  4772-5773  FusionLightNextGen      system_server                        D  LECENT_AI::raw_lux -1.0, raw_cct -1.0, r/g/b/c: 775.0/504.4/207.8/1227.8, compensate r/g/b/c: 116.46/33.31/34.43/154.41 bri 583.0, lux: 0.000000, cct: -1.0, comped_lux:0.000 comped_cct:-1 ir: 0.096486, cnt: 0
2026-04-13 20:19:59.695  4772-5773  CwbClient               system_server                        I  setCWBDisplayType set mFeatureID = CWB_RGB_VALUE
2026-04-13 20:19:59.696  7575-7575  WindowManager           com.max.aiassistant                  D  Add to mViews: android.widget.PopupWindow$PopupDecorView{c3b1700 V.E...... R.....I. 0,0-0,0 alpha=1.0 viewInfo = },pkg= com.max.aiassistant
2026-04-13 20:19:59.696  7575-7676  skia                    com.max.aiassistant                  D  setRusSupported enable 1
2026-04-13 20:19:59.697  4772-7308  WindowManager           system_server                        I  addWindow: New client android.os.BinderProxy@232a4fc : window=Window{4bd3785 u0 PopupWindow:2ab1832}
2026-04-13 20:19:59.698  7575-7575  ViewRootImplExtImpl     com.max.aiassistant                  D  onDisplayChanged -1 for VRI android.view.ViewRootImpl@caf6adf
2026-04-13 20:19:59.699  7575-7575  ViewRootImplExtImpl     com.max.aiassistant                  D  the up motion event handled by client, just return
2026-04-13 20:19:59.708  7575-7575  OplusBracketLog         com.max.aiassistant                  E  [OplusViewMirrorManager] updateHostViewRootIfNeeded, not support android.view.ViewRootImpl@caf6adf
2026-04-13 20:19:59.708  7575-7575  WindowOnBackDispatcher  com.max.aiassistant                  D   predictive settings is disabled for com.max.aiassistant
2026-04-13 20:19:59.708  7575-7575  WindowOnBackDispatcher  com.max.aiassistant                  D   predictive settings is disabled for com.max.aiassistant
2026-04-13 20:19:59.708  7575-7575  WindowOnBackDispatcher  com.max.aiassistant                  D   predictive settings is disabled for com.max.aiassistant
2026-04-13 20:19:59.708  4772-7308  CoreBackPreview         system_server                        D  Window{4bd3785 u0 PopupWindow:2ab1832}: Setting back callback OnBackInvokedCallbackInfo{mCallback=android.window.IOnBackInvokedCallback$Stub$Proxy@507de0b, mPriority=0, mIsAnimationCallback=false, mOverrideBehavior=0}
2026-04-13 20:19:59.709  4772-7308  WindowManager           system_server                        V  Relayout Window{4bd3785 u0 PopupWindow:2ab1832}: viewVisibility=0, oldvis=0, req=232x132 , apr = 0, vsysui=, x=408, y=336
2026-04-13 20:19:59.709  4772-7308  WindowManager           system_server                        I  Window{4bd3785 u0 PopupWindow:2ab1832} state from NO_SURFACE to DRAW_PENDING; reason: resetDrawState
2026-04-13 20:19:59.709  4772-4923  SmartWindowScene        system_server                        W  updateWindowState fail! invalid window type: -1
2026-04-13 20:19:59.709  4772-4923  SmartWindowScene        system_server                        W  updateWindowState fail! invalid window type: -1
2026-04-13 20:19:59.711  4772-7308  WindowManager           system_server                        D  NFW_findFocusedWindowIfNeeded:Window{6f50016 u0 com.max.aiassistant/com.max.aiassistant.MainActivity} mCurrentFocus:Window{6f50016 u0 com.max.aiassistant/com.max.aiassistant.MainActivity}
2026-04-13 20:19:59.712  7575-7575  BufferQueueConsumer     com.max.aiassistant                  D  [](id:1d9700000004,api:0,p:-1,c:7575) connect: controlledByApp=false
2026-04-13 20:19:59.712  7575-7575  BufferQueueConsumer     com.max.aiassistant                  D  [VRI[PopupWindow:2ab1832]#4(BLAST Consumer)4](id:1d9700000004,api:0,p:-1,c:7575) setMaxAcquiredBufferCount: 2
2026-04-13 20:19:59.712  7575-7676  BufferQueueProducer     com.max.aiassistant                  D  [VRI[PopupWindow:2ab1832]#4(BLAST Consumer)4](id:1d9700000004,api:1,p:7575,c:7575) connect: api=1 producerControlledByApp=true
2026-04-13 20:19:59.714  7575-7575  SurfaceControl          com.max.aiassistant                  I   setExtendedRangeBrightness sc=Surface(name=PopupWindow:2ab1832)/@0xa4c2bc4,currentBufferRatio=1.0,desiredRatio=1.0
2026-04-13 20:19:59.715  7575-7676  BLASTBufferQueue        com.max.aiassistant                  D  [VRI[PopupWindow:2ab1832]#4](f:0,a:1) acquireNextBufferLocked size=712x612 mFrameNumber=1 applyTransaction=true mTimestamp=158870260157675(auto) mPendingTransactions.size=0 graphicBufferId=32534377267219 transform=0
2026-04-13 20:19:59.715  7575-7676  VRI[PopupW...w:2ab1832] com.max.aiassistant                  D  Received frameCommittedCallback lastAttemptedDrawFrameNum=1 didProduceBuffer=true syncBuffer=false
2026-04-13 20:19:59.715  7575-7575  VRI[PopupW...w:2ab1832] com.max.aiassistant                  D  draw finished. seqId=0
2026-04-13 20:19:59.715  4772-7308  WindowManager           system_server                        I  Window{4bd3785 u0 PopupWindow:2ab1832} state from DRAW_PENDING to COMMIT_DRAW_PENDING; reason: finishDrawingLocked
2026-04-13 20:19:59.716  4772-4898  WindowManager           system_server                        I  Window{4bd3785 u0 PopupWindow:2ab1832} state from COMMIT_DRAW_PENDING to READY_TO_SHOW; reason: commitFinishDrawingLocked
2026-04-13 20:19:59.716  4772-4898  CoreBackPreview         system_server                        D   return markWindowHasDrawn mComposed: false  mWaitTransition: false
2026-04-13 20:19:59.716  4772-4898  ActivityTaskManager     system_server                        D  Clearing startingData for activity=ActivityRecord{77495093 u0 com.max.aiassistant/.MainActivity t5068} mStartingData=null mStartingSurface=null
2026-04-13 20:19:59.716  4772-4898  WindowManager           system_server                        I  Window{4bd3785 u0 PopupWindow:2ab1832} state from READY_TO_SHOW to HAS_DRAWN; reason: performShowLocked
2026-04-13 20:19:59.718  4772-4898  CoreBackPreview         system_server                        D   return markWindowHasDrawn mComposed: false  mWaitTransition: false
2026-04-13 20:19:59.724 29473-29587 APS_ALOG                com.oplus.camera                     I  flushRoutine g_immediateFlush=0 g_pendingCount=0 g_oobCount=0
2026-04-13 20:19:59.725 28915-28934 SmartSideb...ValueProxy com.coloros.smartsidebar:ui          D  (main)getOverlayShowVideoAssistant edge_panel_video_assistant =-1
2026-04-13 20:19:59.725  4772-7308  FlexibleTaskController  system_server                        D  check task which not have enough child, isInSingleWhiteList:false isCloneTask:false
2026-04-13 20:19:59.726 28915-28915 VideoAssistantUtils     com.coloros.smartsidebar:ui          D  isInSplitScreenMode  === :false
2026-04-13 20:19:59.726  4772-7308  FlexibleTaskController  system_server                        D  check task which not have enough child, isInSingleWhiteList:false isCloneTask:false
2026-04-13 20:19:59.726 28915-28934 SmartSideb...PanelUtils com.coloros.smartsidebar:ui          D  (main)getTopAppInfo() result: ApplicationInfo{6f215de com.max.aiassistant}
2026-04-13 20:19:59.726 28915-28934 SmartSideb...PanelUtils com.coloros.smartsidebar:ui          D  (main)getTopPkg() pkg: com.*****.aiassistant
2026-04-13 20:19:59.726  4772-7308  ContentService          system_server                        W  Observer is already registered. Pid is 28915
2026-04-13 20:19:59.726 28915-28934 SmartSideb...tPanelView com.coloros.smartsidebar:ui          D  (main)Registered app status observer for: com.max.aiassistant
2026-04-13 20:19:59.726 28915-28934 SmartSideb...tusManager com.coloros.smartsidebar:ui          D  (main)isAppEnabled: com.max.aiassistant = true
2026-04-13 20:19:59.728  4772-5803  CwbClient               system_server                        D  LECENT_AI::CwbClient::RGB||6||8||12, timestamp=567843756625153
2026-04-13 20:19:59.731  7575-7676  VRI[PopupW...w:2ab1832] com.max.aiassistant                  D  Received frameCommittedCallback lastAttemptedDrawFrameNum=3 didProduceBuffer=true syncBuffer=false
2026-04-13 20:19:59.731  7575-7575  VRI[PopupW...w:2ab1832] com.max.aiassistant                  D  draw finished. seqId=0
2026-04-13 20:19:59.777  6930-6930  VendorWifiService       com.oplus.subsys                     D  onEvent event:9,action:1
2026-04-13 20:19:59.779  4772-6188  ScorerUtils             system_server                        D  isLowTraffic: txTputKBps=0, rxTputKBps=0
2026-04-13 20:19:59.779  4772-6188  OplusWifiP...ggerCenter system_server                        D  mComponentCallback: wifistat
2026-04-13 20:19:59.802  4772-5803  CwbClient               system_server                        D  LECENT_AI::CwbClient::RGB||6||8||12, timestamp=567843830078434
2026-04-13 20:19:59.815  7578-7583  kloadclassifier         com.qualcomm.qti.workloadclassifier  W  userfaultfd: MOVE ioctl seems unsupported: Connection timed out
2026-04-13 20:19:59.855  6930-9360  CommonApp-164-10518     com.oplus.subsys                     D  transport layer data is invalid
2026-04-13 20:19:59.855  6930-9360  ScorePolicy             com.oplus.subsys                     D  handleScoreChanged: []
2026-04-13 20:19:59.855  6930-9360  ScorePolicy             com.oplus.subsys                     D  handleScoreChanged: []
2026-04-13 20:19:59.855  6930-9360  ScorePolicy             com.oplus.subsys                     D  handleScoreChanged: []
2026-04-13 20:19:59.876  4772-5803  CwbClient               system_server                        D  LECENT_AI::CwbClient::RGB||6||8||12, timestamp=567843904650882
2026-04-13 20:19:59.901  2885-5756  sensors-hal             and...ware.sensors-service.multihal  I  handle_oplus_wise_rgb_event:191, wise_rgb: (r, g, b, c)[775.00, 504.35, 207.78, 1227.78],(r2,g2,b2,c2)[[0.00, 0.00, 0.00, 0.00], algo:2.0, flag :0
2026-04-13 20:19:59.932  7575-7575  OplusScrollToTopManager com.max.aiassistant                  D  PopupWindow:2ab1832,is not FullScreenRoot : window is sub type
2026-04-13 20:19:59.951  4772-5803  CwbClient               system_server                        D  LECENT_AI::CwbClient::RGB||6||8||12, timestamp=567843979829997
2026-04-13 20:19:59.972  4037-4037  synaLib                 touchDaemon                          I  tcm: STATUS: Enter DOZE mode
2026-04-13 20:19:59.996  2888-3927  WifiHAL                 android.hardware.wifi-service        I  event received NL80211_CMD_VENDOR, vendor_id = 0x1374, subcmd = 0xb6
2026-04-13 20:19:59.996  3850-3850  cnss-daemon             cnss-daemon                          I  nl80211 response handler invoked
2026-04-13 20:19:59.996  3850-3850  cnss-daemon             cnss-daemon                          I  nl80211_response_handler: cmd 103, vendorID 4980, subcmd 182  received
2026-04-13 20:20:00.000  4772-5780  AlarmManager            system_server                        V  sending alarm Alarm{80339a6 type 3 origWhen 567844028 whenElapsed 567844028 android} uid 1000 whenElapsed 567844028 windowLength 0 maxWhenElapsed 567844028 repeatInterval 0 action null component null tag TIME_TICK flags 0x9 procName system_server
2026-04-13 20:20:00.001  6596-6596  SystemUi--SystemUi--    com.android.systemui                 I  Clock-->smallTime: 20:20
2026-04-13 20:20:00.001  6596-6596  SystemUi--SystemUi--    com.android.systemui                 I  Clock-->smallTime: 20:20
2026-04-13 20:20:00.001  6596-6596  SystemUi--SystemUi--    com.android.systemui                 I  Clock-->smallTime: 20:20
2026-04-13 20:20:00.002  6596-6596  SystemUi--SystemUi--    com.android.systemui                 I  Clock-->smallTime: 20:20
2026-04-13 20:20:00.004  4772-4959  OplusDispl...stReceiver system_server                        D  onReceive action = android.intent.action.TIME_TICK , listeners = [com.android.server.display.feature.marvels.module.ORBrightnessMarvelsDataCollector$ScreenStateReceiver@dc11d42, com.android.server.display.color.eyeprotect.manager.AiCurveManager$RhythmBroadcastReceiver@5ff6673]
2026-04-13 20:20:00.005  6930-6930  SubsysBroadcastManager  com.oplus.subsys                     D  onReceive action:android.intent.action.TIME_TICK
2026-04-13 20:20:00.005  6763-7599  AMC                     com.oplus.nas                        D  [TriggerSystem] handleLoopTick trigger:vowifihandover phoneId:0 voWifiHandoverCount:0
2026-04-13 20:20:00.005  2888-3927  WifiHAL                 android.hardware.wifi-service        I  event received NL80211_CMD_VENDOR, vendor_id = 0x1374, subcmd = 0xd
2026-04-13 20:20:00.005  6763-7599  AMC                     com.oplus.nas                        D  [TriggerSystem] handleLoopTick trigger:vowifihandover phoneId:1 voWifiHandoverCount:0
2026-04-13 20:20:00.006  3850-3850  cnss-daemon             cnss-daemon                          I  nl80211 response handler invoked
2026-04-13 20:20:00.006  3850-3850  cnss-daemon             cnss-daemon                          I  nl80211_response_handler: cmd 103, vendorID 4980, subcmd 13  received
2026-04-13 20:20:00.007  6596-6596  SystemUi--Notification  com.android.systemui                 I  SimpleQsClock-->textWidth:99.0, mPaddingEnd 18, dynamicWidth 136, systemFontScale 1.0
2026-04-13 20:20:00.013  7407-28216 PhoneUsageTime          com.oplus.battery                    D  lastChargeFullTime=1776104340004 LastChargeFullDurationTime=1367349844
2026-04-13 20:20:00.026  4772-5803  CwbClient               system_server                        D  LECENT_AI::CwbClient::RGB||6||8||12, timestamp=567844054247080
2026-04-13 20:20:00.026  2992-3084  BatteryChargeControl    ven....hardware.charger-V10-service  D  bcc get no support from charging protocol
2026-04-13 20:20:00.027 28915-28934 SmartSideb...ValueProxy com.coloros.smartsidebar:ui          D  (main)getOverlayShowVideoAssistant edge_panel_video_assistant =-1
2026-04-13 20:20:00.027  4772-7312  FlexibleTaskController  system_server                        D  check task which not have enough child, isInSingleWhiteList:false isCloneTask:false
2026-04-13 20:20:00.028 28915-28915 VideoAssistantUtils     com.coloros.smartsidebar:ui          D  isInSplitScreenMode  === :false
2026-04-13 20:20:00.028  4772-7312  FlexibleTaskController  system_server                        D  check task which not have enough child, isInSingleWhiteList:false isCloneTask:false
2026-04-13 20:20:00.028 28915-28934 SmartSideb...PanelUtils com.coloros.smartsidebar:ui          D  (main)getTopAppInfo() result: ApplicationInfo{f7123bf com.max.aiassistant}
2026-04-13 20:20:00.028 28915-28934 SmartSideb...PanelUtils com.coloros.smartsidebar:ui          D  (main)getTopPkg() pkg: com.*****.aiassistant
2026-04-13 20:20:00.029  4772-7312  ContentService          system_server                        W  Observer is already registered. Pid is 28915
2026-04-13 20:20:00.029 28915-28934 SmartSideb...tPanelView com.coloros.smartsidebar:ui          D  (main)Registered app status observer for: com.max.aiassistant
2026-04-13 20:20:00.029 28915-28934 SmartSideb...tusManager com.coloros.smartsidebar:ui          D  (main)isAppEnabled: com.max.aiassistant = true
2026-04-13 20:20:00.063  7575-7575  HWUI                    com.max.aiassistant                  D  RenderProxy::destroy: this=0xb40000729ab27200, mContext=0xb400007292c84880
2026-04-13 20:20:00.064  7575-7676  HWUI                    com.max.aiassistant                  D  SkiaVulkanPipeline::setSurface: this=0xb400007292cd7d80, surface=NULL
2026-04-13 20:20:00.065  7575-7676  BufferQueueProducer     com.max.aiassistant                  D  [magnifier surface#1(BLAST Consumer)1](id:1d9700000001,api:1,p:7575,c:7575) disconnect: api 1
2026-04-13 20:20:00.079  7575-7614  BLASTBufferQueue        com.max.aiassistant                  D  [magnifier surface#1](f:0,a:1) destructor()
2026-04-13 20:20:00.079  7575-7614  BufferQueueConsumer     com.max.aiassistant                  D  [magnifier surface#1(BLAST Consumer)1](id:1d9700000001,api:0,p:-1,c:7575) disconnect
2026-04-13 20:20:00.079  3131-3373  SurfaceFlinger          surfaceflinger                       I  [SF client] REMOVE (0xb4000073f9eb8560) for (7575:com.max.aiassistant)
2026-04-13 20:20:00.101  4772-5803  CwbClient               system_server                        D  LECENT_AI::CwbClient::RGB||6||8||12, timestamp=567844129639372
2026-04-13 20:20:00.108  2885-5756  sensors-hal             and...ware.sensors-service.multihal  I  handle_oplus_wise_rgb_event:191, wise_rgb: (r, g, b, c)[801.73, 504.35, 178.10, 1227.78],(r2,g2,b2,c2)[[0.00, 0.00, 0.00, 0.00], algo:2.0, flag :0
2026-04-13 20:20:00.108  4772-5773  AI_FusionLightNextGen   system_server                        D  LECENT_AI::RunArith AVG_RGB:/52/54/57
2026-04-13 20:20:00.108  4772-5773  AI_FusionLightNextGen   system_server                        D  LECENT_AI::RunArith RGB:/6/8/12
2026-04-13 20:20:00.111  4772-5773  FusionLightNextGen      system_server                        D  calculate_silibals_compensation_value: comped_ir_ratio =  0.086772 comped_lux = 0.76270
2026-04-13 20:20:00.111  4772-5773  FusionLightNextGen      system_server                        D  LECENT_AI::raw_lux -1.0, raw_cct -1.0, r/g/b/c: 801.7/504.4/178.1/1227.8, compensate r/g/b/c: 142.46/33.31/5.43/154.41 bri 583.0, lux: 0.000000, cct: -1.0, comped_lux:0.000 comped_cct:-1 ir: 0.086772, cnt: 0
2026-04-13 20:20:00.111  4772-5773  CwbClient               system_server                        I  setCWBDisplayType set mFeatureID = CWB_RGB_VALUE
2026-04-13 20:20:00.149  2992-3077  vendor.opl...10-service ven....hardware.charger-V10-service  D  ret_value:127, read content:,319,319,4136,4135,-69,69,71,1,1,0,500,5077,71,1,4530,300,500,0,7,11000,7,0,1,0,2,0,0,0,1,6944,98,11332,4482,6510,0,0,0,0,0,71
2026-04-13 20:20:00.149  2992-3077  vendor.opl...10-service ven....hardware.charger-V10-service  D  gmtime: 2026-04-13-20-20-00
2026-04-13 20:20:00.149  2992-3077  vendor.opl...10-service ven....hardware.charger-V10-service  D  usb_online:1, ac_online:-2147483648, wireless_online:0
2026-04-13 20:20:00.176  4772-5803  CwbClient               system_server                        D  LECENT_AI::CwbClient::RGB||6||8||12, timestamp=567844204689267
2026-04-13 20:20:00.250  4772-5803  CwbClient               system_server                        D  LECENT_AI::CwbClient::RGB||6||8||12, timestamp=567844278926663
2026-04-13 20:20:00.315  2885-5756  sensors-hal             and...ware.sensors-service.multihal  I  handle_oplus_wise_rgb_event:191, wise_rgb: (r, g, b, c)[801.73, 504.35, 207.78, 1227.78],(r2,g2,b2,c2)[[0.00, 0.00, 0.00, 0.00], algo:2.0, flag :0
2026-04-13 20:20:00.326  4772-5803  CwbClient               system_server                        D  LECENT_AI::CwbClient::RGB||6||8||12, timestamp=567844354375882
2026-04-13 20:20:00.330 28915-28934 SmartSideb...ValueProxy com.coloros.smartsidebar:ui          D  (main)getOverlayShowVideoAssistant edge_panel_video_assistant =-1
2026-04-13 20:20:00.330  4772-7312  FlexibleTaskController  system_server                        D  check task which not have enough child, isInSingleWhiteList:false isCloneTask:false
2026-04-13 20:20:00.331 28915-28915 VideoAssistantUtils     com.coloros.smartsidebar:ui          D  isInSplitScreenMode  === :false
2026-04-13 20:20:00.331  4772-7312  FlexibleTaskController  system_server                        D  check task which not have enough child, isInSingleWhiteList:false isCloneTask:false
2026-04-13 20:20:00.332 28915-28934 SmartSideb...PanelUtils com.coloros.smartsidebar:ui          D  (main)getTopAppInfo() result: ApplicationInfo{ca9a8c com.max.aiassistant}
2026-04-13 20:20:00.332 28915-28934 SmartSideb...PanelUtils com.coloros.smartsidebar:ui          D  (main)getTopPkg() pkg: com.*****.aiassistant
2026-04-13 20:20:00.332  4772-7312  ContentService          system_server                        W  Observer is already registered. Pid is 28915
2026-04-13 20:20:00.332 28915-28934 SmartSideb...tPanelView com.coloros.smartsidebar:ui          D  (main)Registered app status observer for: com.max.aiassistant
2026-04-13 20:20:00.333 28915-28934 SmartSideb...tusManager com.coloros.smartsidebar:ui          D  (main)isAppEnabled: com.max.aiassistant = true
2026-04-13 20:20:00.401  4772-5803  CwbClient               system_server                        D  LECENT_AI::CwbClient::RGB||6||8||12, timestamp=567844429410101
2026-04-13 20:20:00.503  4037-4037  synaLib                 touchDaemon                          I  tcm: STATUS: Exit DOZE mode
2026-04-13 20:20:00.504  4037-4037  OplusTouchDaemon        touchDaemon                          E  [prevent][curved_large_handle_V2][3008]: id:0 pos:1 center_down:1 (11086 8871)(0 0 0 0) 
2026-04-13 20:20:00.504  4037-4037  OplusTouchDaemon        touchDaemon                          E  [touchEvent][ts_report_touch_data][649]: first touch point id 0 [11086 8871    8    0    0    0    0]
2026-04-13 20:20:00.505  7575-7575  DynamicFra...peedAware] com.max.aiassistant                  I  onEventHandled: info: InputEventInfo: mX = 0, mY = 0, mAction = 0, mVsyncTime = 158871050, mIsMoving = true, mUpdated = true
2026-04-13 20:20:00.505  7575-7575  IJankManager            com.max.aiassistant                  E  slideSceneEnd unknown scene 1000 mScene:-1
2026-04-13 20:20:00.505  4772-4954  PowerManagerService     system_server                        D  userActivityNoUpdateLocked: groupId=0, eventTime=158871047, event=touch, flags=0x0, uid=1000
2026-04-13 20:20:00.505  4772-6489  [UAH_CLIENT]            system_server                        I  UahEventAcquire, cmdid:37, pkg:none, identity:OplusUAwareInputHelper
2026-04-13 20:20:00.505  7575-7575  AutofillManager         com.max.aiassistant                  V  requestHideFillUi(null): anchor = null
2026-04-13 20:20:00.505  4772-4954  PowerManagerService     system_server                        D  userActivityNoUpdateLocked: groupId=0, eventTime=158871047, event=touch, flags=0x0, uid=1000
2026-04-13 20:20:00.506  4772-6213  GestureLog...erDetector system_server                        D  onTouchEvent------>start, mCurNumPointers=1, mCurrStatus=0 mIsDownIntervalTimeout=true, action=0 downTime=158871047 deviceId=6
2026-04-13 20:20:00.522  2885-5756  sensors-hal             and...ware.sensors-service.multihal  I  handle_oplus_wise_rgb_event:191, wise_rgb: (r, g, b, c)[828.45, 532.37, 237.46, 1255.06],(r2,g2,b2,c2)[[0.00, 0.00, 0.00, 0.00], algo:2.0, flag :0
2026-04-13 20:20:00.523  4772-5773  AI_FusionLightNextGen   system_server                        D  LECENT_AI::RunArith AVG_RGB:/52/54/57
2026-04-13 20:20:00.523  4772-5773  AI_FusionLightNextGen   system_server                        D  LECENT_AI::RunArith RGB:/6/8/12
2026-04-13 20:20:00.526  4772-5773  FusionLightNextGen      system_server                        D  calculate_silibals_compensation_value: comped_ir_ratio =  0.309191 comped_lux = 0.23318
2026-04-13 20:20:00.526  4772-5773  FusionLightNextGen      system_server                        D  LECENT_AI::raw_lux -1.0, raw_cct -1.0, r/g/b/c: 828.5/532.4/237.5/1255.1, compensate r/g/b/c: 169.46/61.31/64.43/182.41 bri 583.0, lux: 0.000000, cct: -1.0, comped_lux:0.000 comped_cct:-1 ir: 0.309191, cnt: 0
2026-04-13 20:20:00.526  4772-5773  CwbClient               system_server                        I  setCWBDisplayType set mFeatureID = CWB_RGB_VALUE
2026-04-13 20:20:00.551  4772-5803  CwbClient               system_server                        D  LECENT_AI::CwbClient::RGB||6||8||12, timestamp=567844579528173
2026-04-13 20:20:00.574  4037-4037  OplusTouchDaemon        touchDaemon                          E  [prevent][curved_large_handle_V2][3082]: up id(0) status: 1, 1, 1, 0.
2026-04-13 20:20:00.575  7575-7575  DynamicFra...peedAware] com.max.aiassistant                  I  onEventHandled: info: InputEventInfo: mX = 0, mY = 0, mAction = 1, mVsyncTime = 158871120, mIsMoving = false, mUpdated = true
2026-04-13 20:20:00.575  4772-6489  UAH-UahAdaptHelper      system_server                        D  adaptSetNotification identity = OplusUAwareInputHelpersrc = 1000 , type 1 ,p1 = -1 ,p2 = -1 ,p3 = -1 ,p4 =
2026-04-13 20:20:00.575  4772-6489  [UAH_CLIENT]            system_server                        I  uahRuleCtl, ruleId:1000, status:1
2026-04-13 20:20:00.575  7575-7575  OplusViewD...ViewHelper com.max.aiassistant                  D  dispatchTouchView action = 1
2026-04-13 20:20:00.576  7575-7575  ViewRootImplExtImpl     com.max.aiassistant                  D  the up motion event handled by client, just return
2026-04-13 20:20:00.579  7575-7575  OplusClipboardManager   com.max.aiassistant                  D  get clip extension: android.os.BinderProxy@1740df4
2026-04-13 20:20:00.580  4772-7312  ClipboardService        system_server                        D  clipboardAccessAllowed: op=30 result=true callingPackage=com.max.aiassistant
2026-04-13 20:20:00.580  4772-7312  androidtc               system_server                        D  Initializing SystemTextClassifier, type = System
2026-04-13 20:20:00.581  4772-7312  ClipboardService        system_server                        E  op = 29 Denying clipboard access to com.baracodamedia.android.rtl, application is not in focus nor is it a system service for user 0
2026-04-13 20:20:00.581  4772-7312  ClipboardService        system_server                        D  clipboardAccessAllowed: op=29 result=true callingPackage=com.google.android.as
2026-04-13 20:20:00.581  4772-7312  ClipboardService        system_server                        D  clipboardAccessAllowed: op=29 result=true callingPackage=com.oplus.appplatform
2026-04-13 20:20:00.581  4772-7312  ClipboardService        system_server                        D  clipboardAccessAllowed: op=29 result=true callingPackage=com.google.android.inputmethod.latin
2026-04-13 20:20:00.581  4772-7312  ClipboardService        system_server                        E  op = 29 Denying clipboard access to com.google.android.gms, application is not in focus nor is it a system service for user 0
2026-04-13 20:20:00.581  4772-7312  ClipboardService        system_server                        E  op = 29 Denying clipboard access to com.google.android.googlequicksearchbox, application is not in focus nor is it a system service for user 0
2026-04-13 20:20:00.581  4772-7312  ClipboardService        system_server                        E  op = 29 Denying clipboard access to com.google.android.gm, application is not in focus nor is it a system service for user 0
2026-04-13 20:20:00.581  4772-7312  ClipboardService        system_server                        E  op = 29 Denying clipboard access to com.android.chrome, application is not in focus nor is it a system service for user 0
2026-04-13 20:20:00.581  4772-7312  ClipboardService        system_server                        E  op = 29 Denying clipboard access to tv.twitch.android.app, application is not in focus nor is it a system service for user 0
2026-04-13 20:20:00.581  4772-7312  ClipboardService        system_server                        D  clipboardAccessAllowed: op=29 result=true callingPackage=com.android.systemui
2026-04-13 20:20:00.581 31901-31901 AiAiTextClassifier      com.google.android.as                I  onCreateTextClassificationSession = TextClassificationSessionId {ec6065d8-ba8f-4664-9aa5-37f6d77ed4ab}
2026-04-13 20:20:00.581  4772-7312  ClipboardService        system_server                        W  getClipboardLocked called with not running userId 10
2026-04-13 20:20:00.582  4772-7312  ClipboardService        system_server                        D  clipboardAccessAllowed: op=29 result=true callingPackage=com.google.android.as
2026-04-13 20:20:00.582  7575-7575  DecorView[]             com.max.aiassistant                  E  Destroying unexpected ActionMode instance of TYPE_FLOATING; com.android.internal.view.FloatingActionMode@962791d was not the current floating action mode! Expected null
2026-04-13 20:20:00.582  4772-7308  ClipboardService        system_server                        D  clipboardAccessAllowed: op=29 result=true callingPackage=com.google.android.inputmethod.latin
2026-04-13 20:20:00.582  4772-6359  ClipboardService        system_server                        D  clipboardAccessAllowed: op=29 result=true callingPackage=com.android.systemui
2026-04-13 20:20:00.582  4772-7308  ClipboardService        system_server                        D  clipboardAccessAllowed: op=29 result=true callingPackage=com.google.android.inputmethod.latin
2026-04-13 20:20:00.583 31901-32000 AiAiTextClassifier      com.google.android.as                I  Initialize textClassifierLib, privileged changed = [true], TC null = [false]
2026-04-13 20:20:00.583  4772-6359  ClipboardService        system_server                        D  clipboardAccessAllowed: op=29 result=true callingPackage=com.android.systemui
2026-04-13 20:20:00.583 31143-31221 metis_v2_C...dCollector com.oplus.metis                      I  removeClipListener  [Metis|com.oplus.metis|2.0.20-aa39d14]
2026-04-13 20:20:00.583  4772-6359  ClipboardService        system_server                        D  clipboardAccessAllowed: op=29 result=true callingPackage=com.android.systemui
2026-04-13 20:20:00.584  6490-6490  LoggingInterceptor      com.oplus.appplatform                D  CallerPackage:com.oplus.metis ,componentName:android.content.ClipboardManager ,actionName:removePrimaryClipChangedListener
2026-04-13 20:20:00.585  6596-6596  ndroid.systemui         com.android.systemui                 I  AssetManager2(0xb4000071afb3bc28) locale list changing from [] to [fr-FR]
2026-04-13 20:20:00.585  6596-6596  WindowContextController com.android.systemui                 D  attachToDisplayArea  type = 2036 ,displayId = 0 ,options = null ,mToken = android.window.WindowTokenClient@797af26
2026-04-13 20:20:00.586  6596-6596  WindowContextController com.android.systemui                 D  attachToDisplayArea  type = 2036 ,displayId = 0 ,options = null ,mToken = android.window.WindowTokenClient@27bc914
2026-04-13 20:20:00.589 10807-5424  androidtc               com...gle.android.inputmethod.latin  D  Initializing SystemTextClassifier, type = System
2026-04-13 20:20:00.590  7575-7575  OplusScrollToTopManager com.max.aiassistant                  D  Fenêtre pop-up,window dying
2026-04-13 20:20:00.590  7575-7575  OplusScrollToTopManager com.max.aiassistant                  D  Fenêtre pop-up,unregisterSystemUIBroadcastReceiver 
2026-04-13 20:20:00.590  7575-7575  OplusScrollToTopManager com.max.aiassistant                  D  Fenêtre pop-up, unregisterSystemUIBroadcastReceiver failed java.lang.IllegalArgumentException: Receiver not registered: android.view.OplusScrollToTopManager$2@9429792
2026-04-13 20:20:00.590  7575-7575  WindowOnBackDispatcher  com.max.aiassistant                  W  sendCancelIfRunning: isInProgress=false callback=android.view.ViewRootImpl$$ExternalSyntheticLambda13@9e36606
2026-04-13 20:20:00.590  4772-6359  CoreBackPreview         system_server                        D  Window{b1af21e u0 Fenêtre pop-up}: Setting back callback null
2026-04-13 20:20:00.591  6596-6596  WindowContextController com.android.systemui                 D  attachToDisplayArea  type = 2036 ,displayId = 0 ,options = null ,mToken = android.window.WindowTokenClient@80e0198
2026-04-13 20:20:00.592  6596-6596  WindowContextController com.android.systemui                 D  attachToDisplayArea  type = 2036 ,displayId = 0 ,options = null ,mToken = android.window.WindowTokenClient@c02dd6
2026-04-13 20:20:00.592  7575-7575  HWUI                    com.max.aiassistant                  D  RenderProxy::destroy: this=0xb40000729ab26c00, mContext=0xb400007292c73a00
2026-04-13 20:20:00.592  7575-7676  HWUI                    com.max.aiassistant                  D  SkiaVulkanPipeline::setSurface: this=0xb40000729ae53c40, surface=NULL
2026-04-13 20:20:00.592  6596-6596  androidtc               com.android.systemui                 D  Initializing SystemTextClassifier, type = System
2026-04-13 20:20:00.592  7575-7676  BufferQueueProducer     com.max.aiassistant                  D  [VRI[Fenêtre pop-up]#3(BLAST Consumer)3](id:1d9700000003,api:1,p:7575,c:7575) disconnect: api 1
2026-04-13 20:20:00.593  7575-7575  BLASTBufferQueue        com.max.aiassistant                  D  [VRI[Fenêtre pop-up]#3](f:0,a:1) destructor()
2026-04-13 20:20:00.593 31901-32000 AiAiTextClassifier      com.google.android.as                I  GenerateLinks did not find valid links, returning empty result
2026-04-13 20:20:00.593  7575-7575  BufferQueueConsumer     com.max.aiassistant                  D  [VRI[Fenêtre pop-up]#3(BLAST Consumer)3](id:1d9700000003,api:0,p:-1,c:7575) disconnect
2026-04-13 20:20:00.593  4772-6159  ClipboardService        system_server                        E  op = 29 Denying clipboard access to com.baracodamedia.android.rtl, application is not in focus nor is it a system service for user 0
2026-04-13 20:20:00.593  6596-6596  WindowManager           com.android.systemui                 D  Add to mViews: com.android.internal.policy.DecorView{8c88b4f V.E...... R.....I. 0,0-0,0 alpha=1.0 viewInfo = }[],pkg= null
2026-04-13 20:20:00.593  4772-6359  WindowManager           system_server                        I  Window{b1af21e u0 Fenêtre pop-up} state from HAS_DRAWN to NO_SURFACE; reason: destroySurface
2026-04-13 20:20:00.593  4772-4923  SmartWindowScene        system_server                        W  updateWindowState fail! invalid window type: -1
